Hit Ctrl-C to quit
EVENT: (16777216) (2:1772394907,764019) DIAGNOSTIC: (cmdDisp) OpCodeRegistered : Opcode 0x1000000 registered to port 0 slot 0
EVENT: (16777216) (2:1772394907,764061) DIAGNOSTIC: (cmdDisp) OpCodeRegistered : Opcode 0x1000001 registered to port 0 slot 1
EVENT: (16777216) (2:1772394907,764068) DIAGNOSTIC: (cmdDisp) OpCodeRegistered : Opcode 0x1000002 registered to port 0 slot 2
EVENT: (16777216) (2:1772394907,764073) DIAGNOSTIC: (cmdDisp) OpCodeRegistered : Opcode 0x1000003 registered to port 0 slot 3
EVENT: (16777216) (2:1772394907,764077) DIAGNOSTIC: (cmdDisp) OpCodeRegistered : Opcode 0x1001000 registered to port 1 slot 4
EVENT: (16777216) (2:1772394907,764081) DIAGNOSTIC: (cmdDisp) OpCodeRegistered : Opcode 0x1001002 registered to port 1 slot 5
EVENT: (16777216) (2:1772394907,764085) DIAGNOSTIC: (cmdDisp) OpCodeRegistered : Opcode 0x1001003 registered to port 1 slot 6
EVENT: (16777216) (2:1772394907,764089) DIAGNOSTIC: (cmdDisp) OpCodeRegistered : Opcode 0x1002000 registered to port 2 slot 7
EVENT: (16777216) (2:1772394907,764093) DIAGNOSTIC: (cmdDisp) OpCodeRegistered : Opcode 0x1002001 registered to port 2 slot 8
EVENT: (16777216) (2:1772394907,764097) DIAGNOSTIC: (cmdDisp) OpCodeRegistered : Opcode 0x1002002 registered to port 2 slot 9
EVENT: (16777216) (2:1772394907,764101) DIAGNOSTIC: (cmdDisp) OpCodeRegistered : Opcode 0x1003000 registered to port 3 slot 10
EVENT: (16777216) (2:1772394907,764105) DIAGNOSTIC: (cmdDisp) OpCodeRegistered : Opcode 0x1003001 registered to port 3 slot 11
EVENT: (16777216) (2:1772394907,764109) DIAGNOSTIC: (cmdDisp) OpCodeRegistered : Opcode 0x4000000 registered to port 4 slot 12
EVENT: (16777216) (2:1772394907,764113) DIAGNOSTIC: (cmdDisp) OpCodeRegistered : Opcode 0x4000001 registered to port 4 slot 13
EVENT: (16777216) (2:1772394907,764116) DIAGNOSTIC: (cmdDisp) OpCodeRegistered : Opcode 0x4000002 registered to port 4 slot 14
EVENT: (16777216) (2:1772394907,764120) DIAGNOSTIC: (cmdDisp) OpCodeRegistered : Opcode 0x4000003 registered to port 4 slot 15
EVENT: (16777216) (2:1772394907,764124) DIAGNOSTIC: (cmdDisp) OpCodeRegistered : Opcode 0x4001000 registered to port 5 slot 16
EVENT: (16777216) (2:1772394907,764128) DIAGNOSTIC: (cmdDisp) OpCodeRegistered : Opcode 0x4002000 registered to port 6 slot 17
EVENT: (16777216) (2:1772394907,764132) DIAGNOSTIC: (cmdDisp) OpCodeRegistered : Opcode 0x5001000 registered to port 7 slot 18
EVENT: (16777216) (2:1772394907,764135) DIAGNOSTIC: (cmdDisp) OpCodeRegistered : Opcode 0x5001001 registered to port 7 slot 19
EVENT: (16777216) (2:1772394907,764139) DIAGNOSTIC: (cmdDisp) OpCodeRegistered : Opcode 0x5001002 registered to port 7 slot 20
EVENT: (16777216) (2:1772394907,764143) DIAGNOSTIC: (cmdDisp) OpCodeRegistered : Opcode 0x5002000 registered to port 8 slot 21
EVENT: (16777216) (2:1772394907,764147) DIAGNOSTIC: (cmdDisp) OpCodeRegistered : Opcode 0x5002001 registered to port 8 slot 22
EVENT: (16777216) (2:1772394907,764150) DIAGNOSTIC: (cmdDisp) OpCodeRegistered : Opcode 0x5002002 registered to port 8 slot 23
EVENT: (16777216) (2:1772394907,764154) DIAGNOSTIC: (cmdDisp) OpCodeRegistered : Opcode 0x5002003 registered to port 8 slot 24
EVENT: (16777216) (2:1772394907,764158) DIAGNOSTIC: (cmdDisp) OpCodeRegistered : Opcode 0x5002004 registered to port 8 slot 25
EVENT: (16777216) (2:1772394907,764162) DIAGNOSTIC: (cmdDisp) OpCodeRegistered : Opcode 0x5002005 registered to port 8 slot 26
EVENT: (16777216) (2:1772394907,764165) DIAGNOSTIC: (cmdDisp) OpCodeRegistered : Opcode 0x5002006 registered to port 8 slot 27
EVENT: (16777216) (2:1772394907,764169) DIAGNOSTIC: (cmdDisp) OpCodeRegistered : Opcode 0x5002007 registered to port 8 slot 28
EVENT: (16777216) (2:1772394907,764173) DIAGNOSTIC: (cmdDisp) OpCodeRegistered : Opcode 0x5003000 registered to port 9 slot 29
EVENT: (16777216) (2:1772394907,764176) DIAGNOSTIC: (cmdDisp) OpCodeRegistered : Opcode 0x5003001 registered to port 9 slot 30
EVENT: (16777216) (2:1772394907,764180) DIAGNOSTIC: (cmdDisp) OpCodeRegistered : Opcode 0x5003002 registered to port 9 slot 31
EVENT: (16777216) (2:1772394907,764184) DIAGNOSTIC: (cmdDisp) OpCodeRegistered : Opcode 0x10004000 registered to port 10 slot 32
EVENT: (16777216) (2:1772394907,764192) DIAGNOSTIC: (cmdDisp) OpCodeRegistered : Opcode 0x10004001 registered to port 10 slot 33
EVENT: (16777216) (2:1772394907,764195) DIAGNOSTIC: (cmdDisp) OpCodeRegistered : Opcode 0x10004002 registered to port 10 slot 34
EVENT: (16777216) (2:1772394907,764198) DIAGNOSTIC: (cmdDisp) OpCodeRegistered : Opcode 0x10004003 registered to port 10 slot 35
EVENT: (16777216) (2:1772394907,764202) DIAGNOSTIC: (cmdDisp) OpCodeRegistered : Opcode 0x10004004 registered to port 10 slot 36
EVENT: (16777216) (2:1772394907,764205) DIAGNOSTIC: (cmdDisp) OpCodeRegistered : Opcode 0x10004005 registered to port 10 slot 37
EVENT: (16777216) (2:1772394907,764208) DIAGNOSTIC: (cmdDisp) OpCodeRegistered : Opcode 0x10004006 registered to port 10 slot 38
EVENT: (16777216) (2:1772394907,764211) DIAGNOSTIC: (cmdDisp) OpCodeRegistered : Opcode 0x10004007 registered to port 10 slot 39
EVENT: (16777216) (2:1772394907,764214) DIAGNOSTIC: (cmdDisp) OpCodeRegistered : Opcode 0x10012000 registered to port 12 slot 40
EVENT: (16789504) (2:1772394907,764218) ACTIVITY_LO: (version) FrameworkVersion : Framework Version: [v4.1.1]
EVENT: (16789505) (2:1772394907,764224) ACTIVITY_LO: (version) ProjectVersion : Project Version: [ef106fd-dirty]
[WARNING] proximityDriver high task priority of 49 clamped to 47
EVENT: (268439552) (2:1772394907,764382) DIAGNOSTIC: (rateGroup1) RateGroupStarted : Rate group started.
EVENT: (268443648) (2:1772394907,764388) DIAGNOSTIC: (rateGroup2) RateGroupStarted : Rate group started.
EVENT: (268447744) (2:1772394907,764394) DIAGNOSTIC: (rateGroup3) RateGroupStarted : Rate group started.
Connected to 127.0.0.1:50000 as a tcp client
[WARNING] ReceiveTask failed to recv from port with status -8 and errno 0
Exiting...
