2026-03-01T14:35:22.963839,(2(0)-1772393722:963839),CdhCore.version.FrameworkVersion,16789504,v4.1.1
2026-03-01T14:35:22.963845,(2(0)-1772393722:963845),CdhCore.version.ProjectVersion,16789505,ef106fd-dirty
2026-03-01T14:35:23.968026,(2(0)-1772393723:968026),GncDeployment.rateGroup2.RgMaxTime,268443648,36 us
2026-03-01T14:35:23.968059,(2(0)-1772393723:968059),GncDeployment.systemResources.CPU_00,268509189,21.77 percent
2026-03-01T14:35:23.968070,(2(0)-1772393723:968070),GncDeployment.systemResources.CPU_01,268509190,20.32 percent
2026-03-01T14:35:23.968080,(2(0)-1772393723:968080),GncDeployment.systemResources.CPU_02,268509191,17.19 percent
2026-03-01T14:35:23.968089,(2(0)-1772393723:968089),GncDeployment.systemResources.CPU_03,268509192,14.99 percent
2026-03-01T14:35:23.968099,(2(0)-1772393723:968099),GncDeployment.systemResources.CPU_04,268509193,10.25 percent
2026-03-01T14:35:23.968107,(2(0)-1772393723:968107),GncDeployment.systemResources.CPU_05,268509194,8.19 percent
2026-03-01T14:35:23.968117,(2(0)-1772393723:968117),GncDeployment.systemResources.CPU_06,268509195,4.89 percent
2026-03-01T14:35:23.968124,(2(0)-1772393723:968124),ComCcsds.commsBufferManager.HiBuffs,33562626,1
2026-03-01T14:35:23.968128,(2(0)-1772393723:968128),ComCcsds.commsBufferManager.CurrBuffs,33562625,1
2026-03-01T14:35:23.968128,(2(0)-1772393723:968128),GncDeployment.systemResources.CPU_07,268509196,3.70 percent
2026-03-01T14:35:23.968129,(2(0)-1772393723:968129),ComCcsds.commsBufferManager.TotalBuffs,33562624,50
2026-03-01T14:35:23.968129,(2(0)-1772393723:968129),GncDeployment.systemResources.CPU,268509188,12.66 percent
2026-03-01T14:35:23.968129,(2(0)-1772393723:968129),ComCcsds.commsBufferManager.NoBuffs,33562627,0
2026-03-01T14:35:23.968130,(2(0)-1772393723:968130),ComCcsds.commsBufferManager.EmptyBuffs,33562628,0
2026-03-01T14:35:23.968131,(2(0)-1772393723:968131),DataProducts.dpBufferManager.HiBuffs,67121154,0
2026-03-01T14:35:23.968132,(2(0)-1772393723:968132),DataProducts.dpBufferManager.CurrBuffs,67121153,0
2026-03-01T14:35:23.968132,(2(0)-1772393723:968132),DataProducts.dpBufferManager.TotalBuffs,67121152,10
2026-03-01T14:35:23.968133,(2(0)-1772393723:968133),DataProducts.dpBufferManager.NoBuffs,67121155,0
2026-03-01T14:35:23.968133,(2(0)-1772393723:968133),DataProducts.dpBufferManager.EmptyBuffs,67121156,0
2026-03-01T14:35:23.968136,(2(0)-1772393723:968136),GncDeployment.systemResources.MEMORY_TOTAL,268509184,4250032 KB
2026-03-01T14:35:23.968137,(2(0)-1772393723:968137),GncDeployment.systemResources.MEMORY_USED,268509185,4110528 KB
2026-03-01T14:35:23.968147,(2(0)-1772393723:968147),GncDeployment.rateGroup3.RgMaxTime,268447744,164 us
2026-03-01T14:35:23.968148,(2(0)-1772393723:968148),GncDeployment.systemResources.NON_VOLATILE_FREE,268509187,136098068 KB
2026-03-01T14:35:23.968149,(2(0)-1772393723:968149),GncDeployment.systemResources.NON_VOLATILE_TOTAL,268509186,239362496 KB
2026-03-01T14:35:23.968154,(2(0)-1772393723:968154),DataProducts.dpMgr.NumSuccessfulAllocations,67112960,0
2026-03-01T14:35:23.968155,(2(0)-1772393723:968155),DataProducts.dpMgr.NumFailedAllocations,67112961,0
2026-03-01T14:35:23.968156,(2(0)-1772393723:968156),DataProducts.dpMgr.NumDataProducts,67112962,0
2026-03-01T14:35:23.968156,(2(0)-1772393723:968156),DataProducts.dpMgr.NumBytes,67112963,0
2026-03-01T14:35:23.968164,(2(0)-1772393723:968164),GncDeployment.rateGroup1.RgMaxTime,268439552,180 us
2026-03-01T14:35:23.968165,(2(0)-1772393723:968165),ComCcsds.comQueue.comQueueDepth,33554432,['2', '0']
2026-03-01T14:35:23.968216,(2(0)-1772393723:968216),ComCcsds.comQueue.buffQueueDepth,33554433,['0']
2026-03-01T14:35:23.968186,(2(0)-1772393723:968186),DataProducts.dpWriter.NumBuffersReceived,67117056,0
2026-03-01T14:35:23.968227,(2(0)-1772393723:968227),DataProducts.dpWriter.NumBytesWritten,67117057,0
2026-03-01T14:35:23.968227,(2(0)-1772393723:968227),DataProducts.dpWriter.NumSuccessfulWrites,67117058,0
2026-03-01T14:35:23.968228,(2(0)-1772393723:968228),DataProducts.dpWriter.NumFailedWrites,67117059,0
2026-03-01T14:35:23.968229,(2(0)-1772393723:968229),DataProducts.dpWriter.NumErrors,67117060,0
2026-03-01T14:35:25.978072,(2(0)-1772393725:978072),GncDeployment.rateGroup2.RgMaxTime,268443648,72 us
2026-03-01T14:35:25.978059,(2(0)-1772393725:978059),GncDeployment.systemResources.CPU_00,268509189,57.58 percent
2026-03-01T14:35:25.978098,(2(0)-1772393725:978098),GncDeployment.systemResources.CPU_01,268509190,56.44 percent
2026-03-01T14:35:24.973095,(2(0)-1772393724:973095),GncDeployment.systemResources.CPU_02,268509191,25.00 percent
2026-03-01T14:35:24.973103,(2(0)-1772393724:973103),GncDeployment.systemResources.CPU_03,268509192,19.80 percent
2026-03-01T14:35:24.973111,(2(0)-1772393724:973111),GncDeployment.systemResources.CPU_04,268509193,43.00 percent
2026-03-01T14:35:24.973119,(2(0)-1772393724:973119),GncDeployment.systemResources.CPU_05,268509194,30.00 percent
2026-03-01T14:35:24.973126,(2(0)-1772393724:973126),GncDeployment.systemResources.CPU_06,268509195,33.66 percent
2026-03-01T14:35:24.973134,(2(0)-1772393724:973134),GncDeployment.systemResources.CPU_07,268509196,13.86 percent
2026-03-01T14:35:24.973134,(2(0)-1772393724:973134),GncDeployment.systemResources.CPU,268509188,28.24 percent
2026-03-01T14:35:24.973139,(2(0)-1772393724:973139),GncDeployment.systemResources.MEMORY_TOTAL,268509184,4259888 KB
2026-03-01T14:35:24.973140,(2(0)-1772393724:973140),GncDeployment.systemResources.MEMORY_USED,268509185,4122192 KB
2026-03-01T14:35:24.973152,(2(0)-1772393724:973152),GncDeployment.systemResources.NON_VOLATILE_FREE,268509187,136098072 KB
2026-03-01T14:35:24.973153,(2(0)-1772393724:973153),GncDeployment.systemResources.NON_VOLATILE_TOTAL,268509186,239362496 KB
2026-03-01T14:35:24.973168,(2(0)-1772393724:973168),ComCcsds.comQueue.comQueueDepth,33554432,['0', '1']
2026-03-01T14:35:24.973170,(2(0)-1772393724:973170),ComCcsds.comQueue.buffQueueDepth,33554433,['0']
2026-03-01T14:35:25.978409,(2(0)-1772393725:978409),GncDeployment.rateGroup1.RgMaxTime,268439552,411 us
2026-03-01T14:35:25.978513,(2(0)-1772393725:978513),ComCcsds.comQueue.comQueueDepth,33554432,['0', '1']
2026-03-01T14:35:25.978514,(2(0)-1772393725:978514),ComCcsds.comQueue.buffQueueDepth,33554433,['0']
2026-03-01T14:35:25.978132,(2(0)-1772393725:978132),GncDeployment.systemResources.CPU_02,268509191,51.00 percent
2026-03-01T14:35:25.978159,(2(0)-1772393725:978159),GncDeployment.systemResources.CPU_03,268509192,49.49 percent
2026-03-01T14:35:25.978171,(2(0)-1772393725:978171),GncDeployment.systemResources.CPU_04,268509193,46.00 percent
2026-03-01T14:35:25.978179,(2(0)-1772393725:978179),GncDeployment.systemResources.CPU_05,268509194,42.00 percent
2026-03-01T14:35:25.978329,(2(0)-1772393725:978329),GncDeployment.systemResources.CPU_06,268509195,32.32 percent
2026-03-01T14:35:25.978340,(2(0)-1772393725:978340),GncDeployment.systemResources.CPU_07,268509196,24.24 percent
2026-03-01T14:35:25.978340,(2(0)-1772393725:978340),GncDeployment.systemResources.CPU,268509188,44.88 percent
2026-03-01T14:35:25.978345,(2(0)-1772393725:978345),GncDeployment.systemResources.MEMORY_TOTAL,268509184,4136592 KB
2026-03-01T14:35:25.978345,(2(0)-1772393725:978345),GncDeployment.systemResources.MEMORY_USED,268509185,3971760 KB
2026-03-01T14:35:25.978401,(2(0)-1772393725:978401),GncDeployment.systemResources.NON_VOLATILE_FREE,268509187,136097008 KB
2026-03-01T14:35:25.978402,(2(0)-1772393725:978402),GncDeployment.systemResources.NON_VOLATILE_TOTAL,268509186,239362496 KB
2026-03-01T14:35:27.988167,(2(0)-1772393727:988167),GncDeployment.systemResources.CPU_00,268509189,37.37 percent
2026-03-01T14:35:27.988185,(2(0)-1772393727:988185),GncDeployment.systemResources.CPU_01,268509190,31.00 percent
2026-03-01T14:35:26.983218,(2(0)-1772393726:983218),GncDeployment.systemResources.CPU_02,268509191,29.29 percent
2026-03-01T14:35:26.983231,(2(0)-1772393726:983231),GncDeployment.systemResources.CPU_03,268509192,27.72 percent
2026-03-01T14:35:26.983244,(2(0)-1772393726:983244),GncDeployment.systemResources.CPU_04,268509193,43.43 percent
2026-03-01T14:35:26.983255,(2(0)-1772393726:983255),GncDeployment.systemResources.CPU_05,268509194,40.00 percent
2026-03-01T14:35:26.983270,(2(0)-1772393726:983270),GncDeployment.systemResources.CPU_06,268509195,32.00 percent
2026-03-01T14:35:26.983281,(2(0)-1772393726:983281),GncDeployment.systemResources.CPU_07,268509196,26.73 percent
2026-03-01T14:35:26.983282,(2(0)-1772393726:983282),GncDeployment.systemResources.CPU,268509188,33.36 percent
2026-03-01T14:35:26.983290,(2(0)-1772393726:983290),GncDeployment.systemResources.MEMORY_TOTAL,268509184,4176400 KB
2026-03-01T14:35:26.983291,(2(0)-1772393726:983291),GncDeployment.systemResources.MEMORY_USED,268509185,4004016 KB
2026-03-01T14:35:26.983304,(2(0)-1772393726:983304),GncDeployment.systemResources.NON_VOLATILE_FREE,268509187,136096804 KB
2026-03-01T14:35:26.983304,(2(0)-1772393726:983304),GncDeployment.systemResources.NON_VOLATILE_TOTAL,268509186,239362496 KB
2026-03-01T14:35:26.983322,(2(0)-1772393726:983322),ComCcsds.comQueue.comQueueDepth,33554432,['0', '1']
2026-03-01T14:35:26.983323,(2(0)-1772393726:983323),ComCcsds.comQueue.buffQueueDepth,33554433,['0']
2026-03-01T14:35:27.988452,(2(0)-1772393727:988452),ComCcsds.comQueue.comQueueDepth,33554432,['0', '1']
2026-03-01T14:35:27.988454,(2(0)-1772393727:988454),ComCcsds.comQueue.buffQueueDepth,33554433,['0']
2026-03-01T14:35:27.988297,(2(0)-1772393727:988297),GncDeployment.systemResources.CPU_02,268509191,28.71 percent
2026-03-01T14:35:27.988347,(2(0)-1772393727:988347),GncDeployment.systemResources.CPU_03,268509192,25.25 percent
2026-03-01T14:35:27.988368,(2(0)-1772393727:988368),GncDeployment.systemResources.CPU_04,268509193,37.00 percent
2026-03-01T14:35:27.988381,(2(0)-1772393727:988381),GncDeployment.systemResources.CPU_05,268509194,25.00 percent
2026-03-01T14:35:27.988392,(2(0)-1772393727:988392),GncDeployment.systemResources.CPU_06,268509195,19.80 percent
2026-03-01T14:35:27.988404,(2(0)-1772393727:988404),GncDeployment.systemResources.CPU_07,268509196,13.00 percent
2026-03-01T14:35:27.988405,(2(0)-1772393727:988405),GncDeployment.systemResources.CPU,268509188,27.14 percent
2026-03-01T14:35:27.988413,(2(0)-1772393727:988413),GncDeployment.systemResources.MEMORY_TOTAL,268509184,4166960 KB
2026-03-01T14:35:27.988414,(2(0)-1772393727:988414),GncDeployment.systemResources.MEMORY_USED,268509185,3986672 KB
2026-03-01T14:35:27.988434,(2(0)-1772393727:988434),GncDeployment.systemResources.NON_VOLATILE_FREE,268509187,136096732 KB
2026-03-01T14:35:27.988435,(2(0)-1772393727:988435),GncDeployment.systemResources.NON_VOLATILE_TOTAL,268509186,239362496 KB
2026-03-01T14:35:27.988318,(2(0)-1772393727:988318),ComCcsds.commsBufferManager.HiBuffs,33562626,2
2026-03-01T14:35:27.988350,(2(0)-1772393727:988350),GncDeployment.rateGroup3.RgMaxTime,268447744,270 us
2026-03-01T14:35:28.993256,(2(0)-1772393728:993256),GncDeployment.systemResources.CPU_00,268509189,26.00 percent
2026-03-01T14:35:28.993275,(2(0)-1772393728:993275),GncDeployment.systemResources.CPU_01,268509190,26.26 percent
2026-03-01T14:35:28.993291,(2(0)-1772393728:993291),GncDeployment.systemResources.CPU_02,268509191,20.41 percent
2026-03-01T14:35:28.993304,(2(0)-1772393728:993304),GncDeployment.systemResources.CPU_03,268509192,19.80 percent
2026-03-01T14:35:28.993322,(2(0)-1772393728:993322),GncDeployment.systemResources.CPU_04,268509193,29.00 percent
2026-03-01T14:35:28.993336,(2(0)-1772393728:993336),GncDeployment.systemResources.CPU_05,268509194,16.00 percent
2026-03-01T14:35:28.993351,(2(0)-1772393728:993351),GncDeployment.systemResources.CPU_06,268509195,9.00 percent
2026-03-01T14:35:28.993367,(2(0)-1772393728:993367),GncDeployment.systemResources.CPU_07,268509196,6.00 percent
2026-03-01T14:35:28.993369,(2(0)-1772393728:993369),GncDeployment.systemResources.CPU,268509188,19.06 percent
2026-03-01T14:35:28.993380,(2(0)-1772393728:993380),GncDeployment.systemResources.MEMORY_TOTAL,268509184,4180736 KB
2026-03-01T14:35:28.993381,(2(0)-1772393728:993381),GncDeployment.systemResources.MEMORY_USED,268509185,4008512 KB
2026-03-01T14:35:28.993401,(2(0)-1772393728:993401),GncDeployment.systemResources.NON_VOLATILE_FREE,268509187,136096672 KB
2026-03-01T14:35:28.993402,(2(0)-1772393728:993402),GncDeployment.systemResources.NON_VOLATILE_TOTAL,268509186,239362496 KB
2026-03-01T14:35:28.993426,(2(0)-1772393728:993426),ComCcsds.comQueue.comQueueDepth,33554432,['0', '1']
2026-03-01T14:35:28.993427,(2(0)-1772393728:993427),ComCcsds.comQueue.buffQueueDepth,33554433,['0']
2026-03-01T14:35:29.998806,(2(0)-1772393729:998806),GncDeployment.rateGroup1.RgMaxTime,268439552,652 us
2026-03-01T14:35:29.998913,(2(0)-1772393729:998913),ComCcsds.comQueue.comQueueDepth,33554432,['0', '1']
2026-03-01T14:35:29.998915,(2(0)-1772393729:998915),ComCcsds.comQueue.buffQueueDepth,33554433,['0']
2026-03-01T14:35:29.998401,(2(0)-1772393729:998401),GncDeployment.systemResources.CPU_02,268509191,39.60 percent
2026-03-01T14:35:29.998420,(2(0)-1772393729:998420),GncDeployment.systemResources.CPU_03,268509192,37.37 percent
2026-03-01T14:35:29.998436,(2(0)-1772393729:998436),GncDeployment.systemResources.CPU_04,268509193,45.45 percent
2026-03-01T14:35:29.998494,(2(0)-1772393729:998494),GncDeployment.systemResources.CPU_05,268509194,48.51 percent
2026-03-01T14:35:29.998553,(2(0)-1772393729:998553),GncDeployment.systemResources.CPU_06,268509195,33.00 percent
2026-03-01T14:35:29.998743,(2(0)-1772393729:998743),GncDeployment.systemResources.CPU_07,268509196,28.00 percent
2026-03-01T14:35:29.998746,(2(0)-1772393729:998746),GncDeployment.systemResources.CPU,268509188,39.37 percent
2026-03-01T14:35:29.998758,(2(0)-1772393729:998758),GncDeployment.systemResources.MEMORY_TOTAL,268509184,4293712 KB
2026-03-01T14:35:29.998759,(2(0)-1772393729:998759),GncDeployment.systemResources.MEMORY_USED,268509185,4121712 KB
2026-03-01T14:35:29.998776,(2(0)-1772393729:998776),GncDeployment.systemResources.NON_VOLATILE_FREE,268509187,136096636 KB
2026-03-01T14:35:29.998777,(2(0)-1772393729:998777),GncDeployment.systemResources.NON_VOLATILE_TOTAL,268509186,239362496 KB
2026-03-01T14:35:29.998303,(2(0)-1772393729:998303),GncDeployment.systemResources.CPU_00,268509189,43.00 percent
2026-03-01T14:35:29.998375,(2(0)-1772393729:998375),GncDeployment.systemResources.CPU_01,268509190,40.00 percent
2026-03-01T14:35:32.006713,(2(0)-1772393732:6713),GncDeployment.systemResources.CPU_00,268509189,33.33 percent
2026-03-01T14:35:32.006836,(2(0)-1772393732:6836),GncDeployment.systemResources.CPU_01,268509190,29.29 percent
2026-03-01T14:35:31.003408,(2(0)-1772393731:3408),GncDeployment.systemResources.CPU_02,268509191,32.32 percent
2026-03-01T14:35:31.003440,(2(0)-1772393731:3440),GncDeployment.systemResources.CPU_03,268509192,24.75 percent
2026-03-01T14:35:31.003468,(2(0)-1772393731:3468),GncDeployment.systemResources.CPU_04,268509193,33.66 percent
2026-03-01T14:35:31.003487,(2(0)-1772393731:3487),GncDeployment.systemResources.CPU_05,268509194,20.20 percent
2026-03-01T14:35:31.003505,(2(0)-1772393731:3505),GncDeployment.systemResources.CPU_06,268509195,12.12 percent
2026-03-01T14:35:31.003525,(2(0)-1772393731:3525),GncDeployment.systemResources.CPU_07,268509196,7.92 percent
2026-03-01T14:35:31.003527,(2(0)-1772393731:3527),GncDeployment.systemResources.CPU,268509188,24.54 percent
2026-03-01T14:35:31.003539,(2(0)-1772393731:3539),GncDeployment.systemResources.MEMORY_TOTAL,268509184,4256896 KB
2026-03-01T14:35:31.003540,(2(0)-1772393731:3540),GncDeployment.systemResources.MEMORY_USED,268509185,4108992 KB
2026-03-01T14:35:31.003554,(2(0)-1772393731:3554),GncDeployment.systemResources.NON_VOLATILE_FREE,268509187,136096548 KB
2026-03-01T14:35:31.003555,(2(0)-1772393731:3555),GncDeployment.systemResources.NON_VOLATILE_TOTAL,268509186,239362496 KB
2026-03-01T14:35:31.003580,(2(0)-1772393731:3580),ComCcsds.comQueue.comQueueDepth,33554432,['0', '1']
2026-03-01T14:35:31.003582,(2(0)-1772393731:3582),ComCcsds.comQueue.buffQueueDepth,33554433,['0']
2026-03-01T14:35:32.007226,(2(0)-1772393732:7226),ComCcsds.comQueue.comQueueDepth,33554432,['0', '0']
2026-03-01T14:35:32.007229,(2(0)-1772393732:7229),ComCcsds.comQueue.buffQueueDepth,33554433,['0']
2026-03-01T14:35:32.006917,(2(0)-1772393732:6917),GncDeployment.systemResources.CPU_02,268509191,25.00 percent
2026-03-01T14:35:32.006937,(2(0)-1772393732:6937),GncDeployment.systemResources.CPU_03,268509192,22.22 percent
2026-03-01T14:35:32.006964,(2(0)-1772393732:6964),GncDeployment.systemResources.CPU_04,268509193,23.23 percent
2026-03-01T14:35:32.006982,(2(0)-1772393732:6982),GncDeployment.systemResources.CPU_05,268509194,15.00 percent
2026-03-01T14:35:32.007030,(2(0)-1772393732:7030),GncDeployment.systemResources.CPU_06,268509195,8.82 percent
2026-03-01T14:35:32.007047,(2(0)-1772393732:7047),GncDeployment.systemResources.CPU_07,268509196,3.03 percent
2026-03-01T14:35:32.007048,(2(0)-1772393732:7048),GncDeployment.systemResources.CPU,268509188,19.99 percent
2026-03-01T14:35:32.007056,(2(0)-1772393732:7056),GncDeployment.systemResources.MEMORY_TOTAL,268509184,4249200 KB
2026-03-01T14:35:32.007058,(2(0)-1772393732:7058),GncDeployment.systemResources.MEMORY_USED,268509185,4156640 KB
2026-03-01T14:35:32.007080,(2(0)-1772393732:7080),GncDeployment.systemResources.NON_VOLATILE_FREE,268509187,136096524 KB
2026-03-01T14:35:32.007081,(2(0)-1772393732:7081),GncDeployment.systemResources.NON_VOLATILE_TOTAL,268509186,239362496 KB
2026-03-01T14:35:34.016814,(2(0)-1772393734:16814),GncDeployment.rateGroup2.RgMaxTime,268443648,74 us
2026-03-01T14:35:33.011848,(2(0)-1772393733:11848),GncDeployment.systemResources.CPU_00,268509189,26.73 percent
2026-03-01T14:35:33.011873,(2(0)-1772393733:11873),GncDeployment.systemResources.CPU_01,268509190,23.00 percent
2026-03-01T14:35:33.011891,(2(0)-1772393733:11891),GncDeployment.systemResources.CPU_02,268509191,25.00 percent
2026-03-01T14:35:33.011907,(2(0)-1772393733:11907),GncDeployment.systemResources.CPU_03,268509192,21.00 percent
2026-03-01T14:35:33.011921,(2(0)-1772393733:11921),GncDeployment.systemResources.CPU_04,268509193,20.79 percent
2026-03-01T14:35:33.011938,(2(0)-1772393733:11938),GncDeployment.systemResources.CPU_05,268509194,12.00 percent
2026-03-01T14:35:33.011955,(2(0)-1772393733:11955),GncDeployment.systemResources.CPU_06,268509195,7.07 percent
2026-03-01T14:35:33.011971,(2(0)-1772393733:11971),GncDeployment.systemResources.CPU_07,268509196,4.90 percent
2026-03-01T14:35:33.011973,(2(0)-1772393733:11973),GncDeployment.systemResources.CPU,268509188,17.56 percent
2026-03-01T14:35:33.011989,(2(0)-1772393733:11989),GncDeployment.systemResources.MEMORY_TOTAL,268509184,4287168 KB
2026-03-01T14:35:33.011990,(2(0)-1772393733:11990),GncDeployment.systemResources.MEMORY_USED,268509185,4187696 KB
2026-03-01T14:35:33.012012,(2(0)-1772393733:12012),GncDeployment.systemResources.NON_VOLATILE_FREE,268509187,136096964 KB
2026-03-01T14:35:33.012013,(2(0)-1772393733:12013),GncDeployment.systemResources.NON_VOLATILE_TOTAL,268509186,239362496 KB
2026-03-01T14:35:33.012035,(2(0)-1772393733:12035),ComCcsds.comQueue.comQueueDepth,33554432,['0', '1']
2026-03-01T14:35:33.012038,(2(0)-1772393733:12038),ComCcsds.comQueue.buffQueueDepth,33554433,['0']
2026-03-01T14:35:34.017121,(2(0)-1772393734:17121),ComCcsds.comQueue.comQueueDepth,33554432,['0', '1']
2026-03-01T14:35:34.017124,(2(0)-1772393734:17124),ComCcsds.comQueue.buffQueueDepth,33554433,['0']
2026-03-01T14:35:34.016937,(2(0)-1772393734:16937),GncDeployment.systemResources.CPU_02,268509191,32.67 percent
2026-03-01T14:35:34.016955,(2(0)-1772393734:16955),GncDeployment.systemResources.CPU_03,268509192,30.00 percent
2026-03-01T14:35:34.016976,(2(0)-1772393734:16976),GncDeployment.systemResources.CPU_04,268509193,9.09 percent
2026-03-01T14:35:34.016994,(2(0)-1772393734:16994),GncDeployment.systemResources.CPU_05,268509194,5.94 percent
2026-03-01T14:35:34.017018,(2(0)-1772393734:17018),GncDeployment.systemResources.CPU_06,268509195,3.96 percent
2026-03-01T14:35:34.017040,(2(0)-1772393734:17040),GncDeployment.systemResources.CPU_07,268509196,1.00 percent
2026-03-01T14:35:34.017043,(2(0)-1772393734:17043),GncDeployment.systemResources.CPU,268509188,19.58 percent
2026-03-01T14:35:34.017058,(2(0)-1772393734:17058),GncDeployment.systemResources.MEMORY_TOTAL,268509184,4302240 KB
2026-03-01T14:35:34.017060,(2(0)-1772393734:17060),GncDeployment.systemResources.MEMORY_USED,268509185,4195152 KB
2026-03-01T14:35:34.017102,(2(0)-1772393734:17102),GncDeployment.systemResources.NON_VOLATILE_FREE,268509187,136096892 KB
2026-03-01T14:35:34.017103,(2(0)-1772393734:17103),GncDeployment.systemResources.NON_VOLATILE_TOTAL,268509186,239362496 KB
2026-03-01T14:35:34.016886,(2(0)-1772393734:16886),GncDeployment.systemResources.CPU_00,268509189,37.37 percent
2026-03-01T14:35:34.016908,(2(0)-1772393734:16908),GncDeployment.systemResources.CPU_01,268509190,36.63 percent
2026-03-01T14:35:36.023604,(2(0)-1772393736:23604),GncDeployment.systemResources.CPU_00,268509189,25.25 percent
2026-03-01T14:35:36.023637,(2(0)-1772393736:23637),GncDeployment.systemResources.CPU_01,268509190,24.24 percent
2026-03-01T14:35:35.021915,(2(0)-1772393735:21915),GncDeployment.systemResources.CPU_02,268509191,24.24 percent
2026-03-01T14:35:35.021934,(2(0)-1772393735:21934),GncDeployment.systemResources.CPU_03,268509192,31.00 percent
2026-03-01T14:35:35.021948,(2(0)-1772393735:21948),GncDeployment.systemResources.CPU_04,268509193,11.88 percent
2026-03-01T14:35:35.021963,(2(0)-1772393735:21963),GncDeployment.systemResources.CPU_05,268509194,5.94 percent
2026-03-01T14:35:35.021977,(2(0)-1772393735:21977),GncDeployment.systemResources.CPU_06,268509195,3.00 percent
2026-03-01T14:35:35.021990,(2(0)-1772393735:21990),GncDeployment.systemResources.CPU_07,268509196,3.96 percent
2026-03-01T14:35:35.021992,(2(0)-1772393735:21992),GncDeployment.systemResources.CPU,268509188,18.16 percent
2026-03-01T14:35:35.022003,(2(0)-1772393735:22003),GncDeployment.systemResources.MEMORY_TOTAL,268509184,4301072 KB
2026-03-01T14:35:35.022004,(2(0)-1772393735:22004),GncDeployment.systemResources.MEMORY_USED,268509185,4215488 KB
2026-03-01T14:35:35.022025,(2(0)-1772393735:22025),GncDeployment.systemResources.NON_VOLATILE_FREE,268509187,136096880 KB
2026-03-01T14:35:35.022026,(2(0)-1772393735:22026),GncDeployment.systemResources.NON_VOLATILE_TOTAL,268509186,239362496 KB
2026-03-01T14:35:35.022049,(2(0)-1772393735:22049),ComCcsds.comQueue.comQueueDepth,33554432,['0', '1']
2026-03-01T14:35:35.022052,(2(0)-1772393735:22052),ComCcsds.comQueue.buffQueueDepth,33554433,['0']
2026-03-01T14:35:36.023875,(2(0)-1772393736:23875),ComCcsds.comQueue.comQueueDepth,33554432,['0', '1']
2026-03-01T14:35:36.023879,(2(0)-1772393736:23879),ComCcsds.comQueue.buffQueueDepth,33554433,['0']
2026-03-01T14:35:36.023669,(2(0)-1772393736:23669),GncDeployment.systemResources.CPU_02,268509191,21.00 percent
2026-03-01T14:35:36.023696,(2(0)-1772393736:23696),GncDeployment.systemResources.CPU_03,268509192,21.00 percent
2026-03-01T14:35:36.023719,(2(0)-1772393736:23719),GncDeployment.systemResources.CPU_04,268509193,15.15 percent
2026-03-01T14:35:36.023746,(2(0)-1772393736:23746),GncDeployment.systemResources.CPU_05,268509194,5.10 percent
2026-03-01T14:35:36.023768,(2(0)-1772393736:23768),GncDeployment.systemResources.CPU_06,268509195,3.96 percent
2026-03-01T14:35:36.023798,(2(0)-1772393736:23798),GncDeployment.systemResources.CPU_07,268509196,1.01 percent
2026-03-01T14:35:36.023801,(2(0)-1772393736:23801),GncDeployment.systemResources.CPU,268509188,14.59 percent
2026-03-01T14:35:36.023818,(2(0)-1772393736:23818),GncDeployment.systemResources.MEMORY_TOTAL,268509184,4314320 KB
2026-03-01T14:35:36.023821,(2(0)-1772393736:23821),GncDeployment.systemResources.MEMORY_USED,268509185,4226128 KB
2026-03-01T14:35:36.023853,(2(0)-1772393736:23853),GncDeployment.systemResources.NON_VOLATILE_FREE,268509187,136097568 KB
2026-03-01T14:35:36.023855,(2(0)-1772393736:23855),GncDeployment.systemResources.NON_VOLATILE_TOTAL,268509186,239362496 KB
2026-03-01T14:35:38.029449,(2(0)-1772393738:29449),GncDeployment.rateGroup2.RgMaxTime,268443648,144 us
2026-03-01T14:35:38.029437,(2(0)-1772393738:29437),GncDeployment.systemResources.CPU_00,268509189,30.30 percent
2026-03-01T14:35:38.029466,(2(0)-1772393738:29466),GncDeployment.systemResources.CPU_01,268509190,26.53 percent
2026-03-01T14:35:38.029486,(2(0)-1772393738:29486),GncDeployment.systemResources.CPU_02,268509191,24.24 percent
2026-03-01T14:35:38.029507,(2(0)-1772393738:29507),GncDeployment.systemResources.CPU_03,268509192,25.00 percent
2026-03-01T14:35:38.029526,(2(0)-1772393738:29526),GncDeployment.systemResources.CPU_04,268509193,17.00 percent
2026-03-01T14:35:38.029544,(2(0)-1772393738:29544),GncDeployment.systemResources.CPU_05,268509194,7.92 percent
2026-03-01T14:35:38.029562,(2(0)-1772393738:29562),GncDeployment.systemResources.CPU_06,268509195,3.96 percent
2026-03-01T14:35:38.029580,(2(0)-1772393738:29580),GncDeployment.systemResources.CPU_07,268509196,1.01 percent
2026-03-01T14:35:38.029583,(2(0)-1772393738:29583),GncDeployment.systemResources.CPU,268509188,17.00 percent
2026-03-01T14:35:38.029597,(2(0)-1772393738:29597),GncDeployment.systemResources.MEMORY_TOTAL,268509184,4357712 KB
2026-03-01T14:35:38.029600,(2(0)-1772393738:29600),GncDeployment.systemResources.MEMORY_USED,268509185,4281616 KB
2026-03-01T14:35:38.029624,(2(0)-1772393738:29624),GncDeployment.systemResources.NON_VOLATILE_FREE,268509187,136097360 KB
2026-03-01T14:35:38.029625,(2(0)-1772393738:29625),GncDeployment.systemResources.NON_VOLATILE_TOTAL,268509186,239362496 KB
2026-03-01T14:35:38.029693,(2(0)-1772393738:29693),ComCcsds.comQueue.comQueueDepth,33554432,['0', '0']
2026-03-01T14:35:38.029697,(2(0)-1772393738:29697),ComCcsds.comQueue.buffQueueDepth,33554433,['0']
2026-03-01T14:35:39.032261,(2(0)-1772393739:32261),GncDeployment.systemResources.CPU_00,268509189,27.00 percent
2026-03-01T14:35:39.032307,(2(0)-1772393739:32307),GncDeployment.systemResources.CPU_01,268509190,31.31 percent
2026-03-01T14:35:39.032341,(2(0)-1772393739:32341),GncDeployment.systemResources.CPU_02,268509191,24.00 percent
2026-03-01T14:35:39.032376,(2(0)-1772393739:32376),GncDeployment.systemResources.CPU_03,268509192,22.00 percent
2026-03-01T14:35:39.032409,(2(0)-1772393739:32409),GncDeployment.systemResources.CPU_04,268509193,6.00 percent
2026-03-01T14:35:39.032442,(2(0)-1772393739:32442),GncDeployment.systemResources.CPU_05,268509194,2.00 percent
2026-03-01T14:35:39.032481,(2(0)-1772393739:32481),GncDeployment.systemResources.CPU_06,268509195,0.00 percent
2026-03-01T14:35:39.032531,(2(0)-1772393739:32531),GncDeployment.systemResources.CPU_07,268509196,0.00 percent
2026-03-01T14:35:39.032533,(2(0)-1772393739:32533),GncDeployment.systemResources.CPU,268509188,14.04 percent
2026-03-01T14:35:39.032543,(2(0)-1772393739:32543),GncDeployment.systemResources.MEMORY_TOTAL,268509184,4371488 KB
2026-03-01T14:35:39.032545,(2(0)-1772393739:32545),GncDeployment.systemResources.MEMORY_USED,268509185,4294224 KB
2026-03-01T14:35:39.032563,(2(0)-1772393739:32563),GncDeployment.systemResources.NON_VOLATILE_FREE,268509187,136097348 KB
2026-03-01T14:35:39.032564,(2(0)-1772393739:32564),GncDeployment.systemResources.NON_VOLATILE_TOTAL,268509186,239362496 KB
2026-03-01T14:35:39.032675,(2(0)-1772393739:32675),ComCcsds.comQueue.comQueueDepth,33554432,['0', '1']
2026-03-01T14:35:39.032804,(2(0)-1772393739:32804),ComCcsds.comQueue.buffQueueDepth,33554433,['0']
2026-03-01T14:35:40.033774,(2(0)-1772393740:33774),ComCcsds.comQueue.comQueueDepth,33554432,['0', '1']
2026-03-01T14:35:40.033776,(2(0)-1772393740:33776),ComCcsds.comQueue.buffQueueDepth,33554433,['0']
2026-03-01T14:35:40.033700,(2(0)-1772393740:33700),GncDeployment.systemResources.CPU_02,268509191,44.44 percent
2026-03-01T14:35:40.033709,(2(0)-1772393740:33709),GncDeployment.systemResources.CPU_03,268509192,41.84 percent
2026-03-01T14:35:40.033718,(2(0)-1772393740:33718),GncDeployment.systemResources.CPU_04,268509193,35.35 percent
2026-03-01T14:35:40.033725,(2(0)-1772393740:33725),GncDeployment.systemResources.CPU_05,268509194,33.33 percent
2026-03-01T14:35:40.033732,(2(0)-1772393740:33732),GncDeployment.systemResources.CPU_06,268509195,11.00 percent
2026-03-01T14:35:40.033745,(2(0)-1772393740:33745),GncDeployment.systemResources.CPU_07,268509196,5.00 percent
2026-03-01T14:35:40.033746,(2(0)-1772393740:33746),GncDeployment.systemResources.CPU,268509188,34.31 percent
2026-03-01T14:35:40.033751,(2(0)-1772393740:33751),GncDeployment.systemResources.MEMORY_TOTAL,268509184,4146976 KB
2026-03-01T14:35:40.033751,(2(0)-1772393740:33751),GncDeployment.systemResources.MEMORY_USED,268509185,4001280 KB
2026-03-01T14:35:40.033761,(2(0)-1772393740:33761),GncDeployment.systemResources.NON_VOLATILE_FREE,268509187,136097304 KB
2026-03-01T14:35:40.033762,(2(0)-1772393740:33762),GncDeployment.systemResources.NON_VOLATILE_TOTAL,268509186,239362496 KB
2026-03-01T14:35:40.033679,(2(0)-1772393740:33679),GncDeployment.systemResources.CPU_00,268509189,51.52 percent
2026-03-01T14:35:40.033690,(2(0)-1772393740:33690),GncDeployment.systemResources.CPU_01,268509190,52.00 percent
2026-03-01T14:35:41.036969,(2(0)-1772393741:36969),GncDeployment.systemResources.CPU_00,268509189,31.31 percent
2026-03-01T14:35:41.037040,(2(0)-1772393741:37040),GncDeployment.systemResources.CPU_01,268509190,28.00 percent
2026-03-01T14:35:41.037144,(2(0)-1772393741:37144),GncDeployment.systemResources.CPU_02,268509191,27.00 percent
2026-03-01T14:35:41.037175,(2(0)-1772393741:37175),GncDeployment.systemResources.CPU_03,268509192,22.77 percent
2026-03-01T14:35:41.037193,(2(0)-1772393741:37193),GncDeployment.systemResources.CPU_04,268509193,19.19 percent
2026-03-01T14:35:41.037209,(2(0)-1772393741:37209),GncDeployment.systemResources.CPU_05,268509194,12.87 percent
2026-03-01T14:35:41.037227,(2(0)-1772393741:37227),GncDeployment.systemResources.CPU_06,268509195,7.00 percent
2026-03-01T14:35:41.037244,(2(0)-1772393741:37244),GncDeployment.systemResources.CPU_07,268509196,3.00 percent
2026-03-01T14:35:41.037246,(2(0)-1772393741:37246),GncDeployment.systemResources.CPU,268509188,18.89 percent
2026-03-01T14:35:41.037260,(2(0)-1772393741:37260),GncDeployment.systemResources.MEMORY_TOTAL,268509184,4130080 KB
2026-03-01T14:35:41.037262,(2(0)-1772393741:37262),GncDeployment.systemResources.MEMORY_USED,268509185,3982400 KB
2026-03-01T14:35:41.037293,(2(0)-1772393741:37293),GncDeployment.systemResources.NON_VOLATILE_FREE,268509187,136097296 KB
2026-03-01T14:35:41.037295,(2(0)-1772393741:37295),GncDeployment.systemResources.NON_VOLATILE_TOTAL,268509186,239362496 KB
2026-03-01T14:35:41.037454,(2(0)-1772393741:37454),ComCcsds.comQueue.comQueueDepth,33554432,['0', '0']
2026-03-01T14:35:41.037458,(2(0)-1772393741:37458),ComCcsds.comQueue.buffQueueDepth,33554433,['0']
2026-03-01T14:35:42.038515,(2(0)-1772393742:38515),ComCcsds.comQueue.comQueueDepth,33554432,['0', '1']
2026-03-01T14:35:42.038516,(2(0)-1772393742:38516),ComCcsds.comQueue.buffQueueDepth,33554433,['0']
2026-03-01T14:35:42.038459,(2(0)-1772393742:38459),GncDeployment.systemResources.CPU_02,268509191,30.00 percent
2026-03-01T14:35:42.038467,(2(0)-1772393742:38467),GncDeployment.systemResources.CPU_03,268509192,25.51 percent
2026-03-01T14:35:42.038474,(2(0)-1772393742:38474),GncDeployment.systemResources.CPU_04,268509193,26.00 percent
2026-03-01T14:35:42.038480,(2(0)-1772393742:38480),GncDeployment.systemResources.CPU_05,268509194,17.00 percent
2026-03-01T14:35:42.038487,(2(0)-1772393742:38487),GncDeployment.systemResources.CPU_06,268509195,6.06 percent
2026-03-01T14:35:42.038494,(2(0)-1772393742:38494),GncDeployment.systemResources.CPU_07,268509196,4.95 percent
2026-03-01T14:35:42.038495,(2(0)-1772393742:38495),GncDeployment.systemResources.CPU,268509188,22.48 percent
2026-03-01T14:35:42.038500,(2(0)-1772393742:38500),GncDeployment.systemResources.MEMORY_TOTAL,268509184,4138048 KB
2026-03-01T14:35:42.038501,(2(0)-1772393742:38501),GncDeployment.systemResources.MEMORY_USED,268509185,3976608 KB
2026-03-01T14:35:42.038509,(2(0)-1772393742:38509),GncDeployment.systemResources.NON_VOLATILE_FREE,268509187,136096056 KB
2026-03-01T14:35:42.038510,(2(0)-1772393742:38510),GncDeployment.systemResources.NON_VOLATILE_TOTAL,268509186,239362496 KB
2026-03-01T14:35:42.038441,(2(0)-1772393742:38441),GncDeployment.systemResources.CPU_00,268509189,35.00 percent
2026-03-01T14:35:42.038450,(2(0)-1772393742:38450),GncDeployment.systemResources.CPU_01,268509190,35.35 percent
2026-03-01T14:35:43.039249,(2(0)-1772393743:39249),GncDeployment.systemResources.CPU_00,268509189,40.40 percent
2026-03-01T14:35:43.039268,(2(0)-1772393743:39268),GncDeployment.systemResources.CPU_01,268509190,40.40 percent
2026-03-01T14:35:43.039282,(2(0)-1772393743:39282),GncDeployment.systemResources.CPU_02,268509191,30.61 percent
2026-03-01T14:35:43.039297,(2(0)-1772393743:39297),GncDeployment.systemResources.CPU_03,268509192,30.69 percent
2026-03-01T14:35:43.039312,(2(0)-1772393743:39312),GncDeployment.systemResources.CPU_04,268509193,20.00 percent
2026-03-01T14:35:43.039325,(2(0)-1772393743:39325),GncDeployment.systemResources.CPU_05,268509194,15.15 percent
2026-03-01T14:35:43.039338,(2(0)-1772393743:39338),GncDeployment.systemResources.CPU_06,268509195,9.90 percent
2026-03-01T14:35:43.039351,(2(0)-1772393743:39351),GncDeployment.systemResources.CPU_07,268509196,3.03 percent
2026-03-01T14:35:43.039352,(2(0)-1772393743:39352),GncDeployment.systemResources.CPU,268509188,23.77 percent
2026-03-01T14:35:43.039361,(2(0)-1772393743:39361),GncDeployment.systemResources.MEMORY_TOTAL,268509184,4137216 KB
2026-03-01T14:35:43.039362,(2(0)-1772393743:39362),GncDeployment.systemResources.MEMORY_USED,268509185,3951296 KB
2026-03-01T14:35:43.039381,(2(0)-1772393743:39381),GncDeployment.systemResources.NON_VOLATILE_FREE,268509187,136095656 KB
2026-03-01T14:35:43.039382,(2(0)-1772393743:39382),GncDeployment.systemResources.NON_VOLATILE_TOTAL,268509186,239362496 KB
2026-03-01T14:35:43.039395,(2(0)-1772393743:39395),ComCcsds.comQueue.comQueueDepth,33554432,['0', '1']
2026-03-01T14:35:43.039398,(2(0)-1772393743:39398),ComCcsds.comQueue.buffQueueDepth,33554433,['0']
2026-03-01T14:35:44.044641,(2(0)-1772393744:44641),ComCcsds.comQueue.comQueueDepth,33554432,['0', '1']
2026-03-01T14:35:44.044644,(2(0)-1772393744:44644),ComCcsds.comQueue.buffQueueDepth,33554433,['0']
2026-03-01T14:35:44.044440,(2(0)-1772393744:44440),GncDeployment.systemResources.CPU_02,268509191,25.00 percent
2026-03-01T14:35:44.044465,(2(0)-1772393744:44465),GncDeployment.systemResources.CPU_03,268509192,23.00 percent
2026-03-01T14:35:44.044483,(2(0)-1772393744:44483),GncDeployment.systemResources.CPU_04,268509193,19.80 percent
2026-03-01T14:35:44.044503,(2(0)-1772393744:44503),GncDeployment.systemResources.CPU_05,268509194,12.00 percent
2026-03-01T14:35:44.044525,(2(0)-1772393744:44525),GncDeployment.systemResources.CPU_06,268509195,5.00 percent
2026-03-01T14:35:44.044553,(2(0)-1772393744:44553),GncDeployment.systemResources.CPU_07,268509196,3.96 percent
2026-03-01T14:35:44.044556,(2(0)-1772393744:44556),GncDeployment.systemResources.CPU,268509188,18.33 percent
2026-03-01T14:35:44.044581,(2(0)-1772393744:44581),GncDeployment.systemResources.MEMORY_TOTAL,268509184,4144336 KB
2026-03-01T14:35:44.044583,(2(0)-1772393744:44583),GncDeployment.systemResources.MEMORY_USED,268509185,3967840 KB
2026-03-01T14:35:44.044619,(2(0)-1772393744:44619),GncDeployment.systemResources.NON_VOLATILE_FREE,268509187,136095724 KB
2026-03-01T14:35:44.044621,(2(0)-1772393744:44621),GncDeployment.systemResources.NON_VOLATILE_TOTAL,268509186,239362496 KB
2026-03-01T14:35:44.044388,(2(0)-1772393744:44388),GncDeployment.systemResources.CPU_00,268509189,30.61 percent
2026-03-01T14:35:44.044418,(2(0)-1772393744:44418),GncDeployment.systemResources.CPU_01,268509190,27.27 percent
2026-03-01T14:35:45.044700,(2(0)-1772393745:44700),GncDeployment.systemResources.CPU_00,268509189,39.00 percent
2026-03-01T14:35:45.044725,(2(0)-1772393745:44725),GncDeployment.systemResources.CPU_01,268509190,36.00 percent
2026-03-01T14:35:45.044743,(2(0)-1772393745:44743),GncDeployment.systemResources.CPU_02,268509191,32.00 percent
2026-03-01T14:35:45.044762,(2(0)-1772393745:44762),GncDeployment.systemResources.CPU_03,268509192,28.28 percent
2026-03-01T14:35:45.044775,(2(0)-1772393745:44775),GncDeployment.systemResources.CPU_04,268509193,29.59 percent
2026-03-01T14:35:45.044789,(2(0)-1772393745:44789),GncDeployment.systemResources.CPU_05,268509194,18.00 percent
2026-03-01T14:35:45.044806,(2(0)-1772393745:44806),GncDeployment.systemResources.CPU_06,268509195,14.00 percent
2026-03-01T14:35:45.044819,(2(0)-1772393745:44819),GncDeployment.systemResources.CPU_07,268509196,10.10 percent
2026-03-01T14:35:45.044821,(2(0)-1772393745:44821),GncDeployment.systemResources.CPU,268509188,25.87 percent
2026-03-01T14:35:45.044834,(2(0)-1772393745:44834),GncDeployment.systemResources.MEMORY_TOTAL,268509184,4194976 KB
2026-03-01T14:35:45.044835,(2(0)-1772393745:44835),GncDeployment.systemResources.MEMORY_USED,268509185,4092016 KB
2026-03-01T14:35:45.044870,(2(0)-1772393745:44870),GncDeployment.systemResources.NON_VOLATILE_FREE,268509187,136094576 KB
2026-03-01T14:35:45.044871,(2(0)-1772393745:44871),GncDeployment.systemResources.NON_VOLATILE_TOTAL,268509186,239362496 KB
2026-03-01T14:35:45.044891,(2(0)-1772393745:44891),ComCcsds.comQueue.comQueueDepth,33554432,['0', '1']
2026-03-01T14:35:45.044894,(2(0)-1772393745:44894),ComCcsds.comQueue.buffQueueDepth,33554433,['0']
2026-03-01T14:35:46.046768,(2(0)-1772393746:46768),ComCcsds.comQueue.comQueueDepth,33554432,['0', '1']
2026-03-01T14:35:46.046771,(2(0)-1772393746:46771),ComCcsds.comQueue.buffQueueDepth,33554433,['0']
2026-03-01T14:35:46.046609,(2(0)-1772393746:46609),GncDeployment.systemResources.CPU_02,268509191,26.53 percent
2026-03-01T14:35:46.046630,(2(0)-1772393746:46630),GncDeployment.systemResources.CPU_03,268509192,23.23 percent
2026-03-01T14:35:46.046650,(2(0)-1772393746:46650),GncDeployment.systemResources.CPU_04,268509193,27.00 percent
2026-03-01T14:35:46.046671,(2(0)-1772393746:46671),GncDeployment.systemResources.CPU_05,268509194,17.17 percent
2026-03-01T14:35:46.046689,(2(0)-1772393746:46689),GncDeployment.systemResources.CPU_06,268509195,10.00 percent
2026-03-01T14:35:46.046706,(2(0)-1772393746:46706),GncDeployment.systemResources.CPU_07,268509196,6.93 percent
2026-03-01T14:35:46.046708,(2(0)-1772393746:46708),GncDeployment.systemResources.CPU,268509188,22.82 percent
2026-03-01T14:35:46.046719,(2(0)-1772393746:46719),GncDeployment.systemResources.MEMORY_TOTAL,268509184,4163872 KB
2026-03-01T14:35:46.046720,(2(0)-1772393746:46720),GncDeployment.systemResources.MEMORY_USED,268509185,4036368 KB
2026-03-01T14:35:46.046747,(2(0)-1772393746:46747),GncDeployment.systemResources.NON_VOLATILE_FREE,268509187,136094564 KB
2026-03-01T14:35:46.046748,(2(0)-1772393746:46748),GncDeployment.systemResources.NON_VOLATILE_TOTAL,268509186,239362496 KB
2026-03-01T14:35:46.046563,(2(0)-1772393746:46563),GncDeployment.systemResources.CPU_00,268509189,37.37 percent
2026-03-01T14:35:46.046590,(2(0)-1772393746:46590),GncDeployment.systemResources.CPU_01,268509190,34.34 percent
2026-03-01T14:35:47.050724,(2(0)-1772393747:50724),GncDeployment.systemResources.CPU_00,268509189,29.00 percent
2026-03-01T14:35:47.050748,(2(0)-1772393747:50748),GncDeployment.systemResources.CPU_01,268509190,21.21 percent
2026-03-01T14:35:47.050768,(2(0)-1772393747:50768),GncDeployment.systemResources.CPU_02,268509191,20.00 percent
2026-03-01T14:35:47.050783,(2(0)-1772393747:50783),GncDeployment.systemResources.CPU_03,268509192,16.16 percent
2026-03-01T14:35:47.050798,(2(0)-1772393747:50798),GncDeployment.systemResources.CPU_04,268509193,27.00 percent
2026-03-01T14:35:47.050815,(2(0)-1772393747:50815),GncDeployment.systemResources.CPU_05,268509194,18.81 percent
2026-03-01T14:35:47.050832,(2(0)-1772393747:50832),GncDeployment.systemResources.CPU_06,268509195,11.11 percent
2026-03-01T14:35:47.050851,(2(0)-1772393747:50851),GncDeployment.systemResources.CPU_07,268509196,6.00 percent
2026-03-01T14:35:47.050853,(2(0)-1772393747:50853),GncDeployment.systemResources.CPU,268509188,18.66 percent
2026-03-01T14:35:47.050867,(2(0)-1772393747:50867),GncDeployment.systemResources.MEMORY_TOTAL,268509184,4160048 KB
2026-03-01T14:35:47.050869,(2(0)-1772393747:50869),GncDeployment.systemResources.MEMORY_USED,268509185,4055152 KB
2026-03-01T14:35:47.050898,(2(0)-1772393747:50898),GncDeployment.systemResources.NON_VOLATILE_FREE,268509187,136094556 KB
2026-03-01T14:35:47.050899,(2(0)-1772393747:50899),GncDeployment.systemResources.NON_VOLATILE_TOTAL,268509186,239362496 KB
2026-03-01T14:35:47.050918,(2(0)-1772393747:50918),ComCcsds.comQueue.comQueueDepth,33554432,['0', '1']
2026-03-01T14:35:47.050920,(2(0)-1772393747:50920),ComCcsds.comQueue.buffQueueDepth,33554433,['0']
2026-03-01T14:35:48.056018,(2(0)-1772393748:56018),ComCcsds.comQueue.comQueueDepth,33554432,['0', '1']
2026-03-01T14:35:48.056021,(2(0)-1772393748:56021),ComCcsds.comQueue.buffQueueDepth,33554433,['0']
2026-03-01T14:35:48.055836,(2(0)-1772393748:55836),GncDeployment.systemResources.CPU_02,268509191,23.00 percent
2026-03-01T14:35:48.055857,(2(0)-1772393748:55857),GncDeployment.systemResources.CPU_03,268509192,25.49 percent
2026-03-01T14:35:48.055879,(2(0)-1772393748:55879),GncDeployment.systemResources.CPU_04,268509193,37.00 percent
2026-03-01T14:35:48.055898,(2(0)-1772393748:55898),GncDeployment.systemResources.CPU_05,268509194,31.00 percent
2026-03-01T14:35:48.055915,(2(0)-1772393748:55915),GncDeployment.systemResources.CPU_06,268509195,20.79 percent
2026-03-01T14:35:48.055934,(2(0)-1772393748:55934),GncDeployment.systemResources.CPU_07,268509196,15.00 percent
2026-03-01T14:35:48.055936,(2(0)-1772393748:55936),GncDeployment.systemResources.CPU,268509188,26.45 percent
2026-03-01T14:35:48.055962,(2(0)-1772393748:55962),GncDeployment.systemResources.MEMORY_TOTAL,268509184,4232688 KB
2026-03-01T14:35:48.055964,(2(0)-1772393748:55964),GncDeployment.systemResources.MEMORY_USED,268509185,4139520 KB
2026-03-01T14:35:48.056001,(2(0)-1772393748:56001),GncDeployment.systemResources.NON_VOLATILE_FREE,268509187,136094552 KB
2026-03-01T14:35:48.056002,(2(0)-1772393748:56002),GncDeployment.systemResources.NON_VOLATILE_TOTAL,268509186,239362496 KB
2026-03-01T14:35:48.055910,(2(0)-1772393748:55910),GncDeployment.rateGroup3.RgMaxTime,268447744,299 us
2026-03-01T14:35:48.055774,(2(0)-1772393748:55774),GncDeployment.systemResources.CPU_00,268509189,29.29 percent
2026-03-01T14:35:48.055819,(2(0)-1772393748:55819),GncDeployment.systemResources.CPU_01,268509190,30.00 percent
2026-03-01T14:35:48.055878,(2(0)-1772393748:55878),ComCcsds.commsBufferManager.CurrBuffs,33562625,2
2026-03-01T14:35:49.057530,(2(0)-1772393749:57530),GncDeployment.systemResources.CPU_00,268509189,29.00 percent
2026-03-01T14:35:49.057559,(2(0)-1772393749:57559),GncDeployment.systemResources.CPU_01,268509190,25.00 percent
2026-03-01T14:35:49.057577,(2(0)-1772393749:57577),GncDeployment.systemResources.CPU_02,268509191,22.00 percent
2026-03-01T14:35:49.057594,(2(0)-1772393749:57594),GncDeployment.systemResources.CPU_03,268509192,14.29 percent
2026-03-01T14:35:49.057610,(2(0)-1772393749:57610),GncDeployment.systemResources.CPU_04,268509193,15.84 percent
2026-03-01T14:35:49.057626,(2(0)-1772393749:57626),GncDeployment.systemResources.CPU_05,268509194,8.08 percent
2026-03-01T14:35:49.057642,(2(0)-1772393749:57642),GncDeployment.systemResources.CPU_06,268509195,5.94 percent
2026-03-01T14:35:49.057657,(2(0)-1772393749:57657),GncDeployment.systemResources.CPU_07,268509196,2.97 percent
2026-03-01T14:35:49.057658,(2(0)-1772393749:57658),GncDeployment.systemResources.CPU,268509188,15.39 percent
2026-03-01T14:35:49.057675,(2(0)-1772393749:57675),GncDeployment.systemResources.MEMORY_TOTAL,268509184,4254224 KB
2026-03-01T14:35:49.057676,(2(0)-1772393749:57676),GncDeployment.systemResources.MEMORY_USED,268509185,4170176 KB
2026-03-01T14:35:49.057708,(2(0)-1772393749:57708),GncDeployment.systemResources.NON_VOLATILE_FREE,268509187,136094552 KB
2026-03-01T14:35:49.057709,(2(0)-1772393749:57709),GncDeployment.systemResources.NON_VOLATILE_TOTAL,268509186,239362496 KB
2026-03-01T14:35:49.057758,(2(0)-1772393749:57758),ComCcsds.comQueue.comQueueDepth,33554432,['0', '1']
2026-03-01T14:35:49.057761,(2(0)-1772393749:57761),ComCcsds.comQueue.buffQueueDepth,33554433,['0']
2026-03-01T14:35:50.061862,(2(0)-1772393750:61862),ComCcsds.comQueue.comQueueDepth,33554432,['0', '1']
2026-03-01T14:35:50.061865,(2(0)-1772393750:61865),ComCcsds.comQueue.buffQueueDepth,33554433,['0']
2026-03-01T14:35:50.061679,(2(0)-1772393750:61679),GncDeployment.systemResources.CPU_02,268509191,18.00 percent
2026-03-01T14:35:50.061698,(2(0)-1772393750:61698),GncDeployment.systemResources.CPU_03,268509192,13.86 percent
2026-03-01T14:35:50.061718,(2(0)-1772393750:61718),GncDeployment.systemResources.CPU_04,268509193,30.30 percent
2026-03-01T14:35:50.061737,(2(0)-1772393750:61737),GncDeployment.systemResources.CPU_05,268509194,22.77 percent
2026-03-01T14:35:50.061756,(2(0)-1772393750:61756),GncDeployment.systemResources.CPU_06,268509195,13.13 percent
2026-03-01T14:35:50.061775,(2(0)-1772393750:61775),GncDeployment.systemResources.CPU_07,268509196,8.00 percent
2026-03-01T14:35:50.061791,(2(0)-1772393750:61791),GncDeployment.systemResources.CPU,268509188,19.07 percent
2026-03-01T14:35:50.061804,(2(0)-1772393750:61804),GncDeployment.systemResources.MEMORY_TOTAL,268509184,4251888 KB
2026-03-01T14:35:50.061806,(2(0)-1772393750:61806),GncDeployment.systemResources.MEMORY_USED,268509185,4154704 KB
2026-03-01T14:35:50.061838,(2(0)-1772393750:61838),GncDeployment.systemResources.NON_VOLATILE_FREE,268509187,136094516 KB
2026-03-01T14:35:50.061839,(2(0)-1772393750:61839),GncDeployment.systemResources.NON_VOLATILE_TOTAL,268509186,239362496 KB
2026-03-01T14:35:50.061622,(2(0)-1772393750:61622),GncDeployment.systemResources.CPU_00,268509189,25.25 percent
2026-03-01T14:35:50.061646,(2(0)-1772393750:61646),GncDeployment.systemResources.CPU_01,268509190,21.21 percent
2026-03-01T14:35:52.070475,(2(0)-1772393752:70475),GncDeployment.systemResources.CPU_00,268509189,35.64 percent
2026-03-01T14:35:51.066599,(2(0)-1772393751:66599),GncDeployment.systemResources.CPU_01,268509190,26.73 percent
2026-03-01T14:35:51.066610,(2(0)-1772393751:66610),GncDeployment.systemResources.CPU_02,268509191,22.00 percent
2026-03-01T14:35:51.066619,(2(0)-1772393751:66619),GncDeployment.systemResources.CPU_03,268509192,22.00 percent
2026-03-01T14:35:51.066628,(2(0)-1772393751:66628),GncDeployment.systemResources.CPU_04,268509193,20.00 percent
2026-03-01T14:35:51.066637,(2(0)-1772393751:66637),GncDeployment.systemResources.CPU_05,268509194,15.00 percent
2026-03-01T14:35:51.066645,(2(0)-1772393751:66645),GncDeployment.systemResources.CPU_06,268509195,7.00 percent
2026-03-01T14:35:51.066656,(2(0)-1772393751:66656),GncDeployment.systemResources.CPU_07,268509196,3.00 percent
2026-03-01T14:35:51.066657,(2(0)-1772393751:66657),GncDeployment.systemResources.CPU,268509188,18.34 percent
2026-03-01T14:35:51.066662,(2(0)-1772393751:66662),GncDeployment.systemResources.MEMORY_TOTAL,268509184,4293744 KB
2026-03-01T14:35:51.066663,(2(0)-1772393751:66663),GncDeployment.systemResources.MEMORY_USED,268509185,4213040 KB
2026-03-01T14:35:51.066680,(2(0)-1772393751:66680),GncDeployment.systemResources.NON_VOLATILE_FREE,268509187,136094680 KB
2026-03-01T14:35:51.066681,(2(0)-1772393751:66681),GncDeployment.systemResources.NON_VOLATILE_TOTAL,268509186,239362496 KB
2026-03-01T14:35:51.066698,(2(0)-1772393751:66698),ComCcsds.comQueue.comQueueDepth,33554432,['0', '1']
2026-03-01T14:35:51.066700,(2(0)-1772393751:66700),ComCcsds.comQueue.buffQueueDepth,33554433,['0']
2026-03-01T14:35:52.070689,(2(0)-1772393752:70689),ComCcsds.comQueue.comQueueDepth,33554432,['0', '1']
2026-03-01T14:35:52.070691,(2(0)-1772393752:70691),ComCcsds.comQueue.buffQueueDepth,33554433,['0']
2026-03-01T14:35:52.070561,(2(0)-1772393752:70561),GncDeployment.systemResources.CPU_02,268509191,31.00 percent
2026-03-01T14:35:52.070575,(2(0)-1772393752:70575),GncDeployment.systemResources.CPU_03,268509192,27.00 percent
2026-03-01T14:35:52.070588,(2(0)-1772393752:70588),GncDeployment.systemResources.CPU_04,268509193,27.27 percent
2026-03-01T14:35:52.070601,(2(0)-1772393752:70601),GncDeployment.systemResources.CPU_05,268509194,18.18 percent
2026-03-01T14:35:52.070614,(2(0)-1772393752:70614),GncDeployment.systemResources.CPU_06,268509195,12.00 percent
2026-03-01T14:35:52.070628,(2(0)-1772393752:70628),GncDeployment.systemResources.CPU_07,268509196,6.00 percent
2026-03-01T14:35:52.070629,(2(0)-1772393752:70629),GncDeployment.systemResources.CPU,268509188,23.68 percent
2026-03-01T14:35:52.070638,(2(0)-1772393752:70638),GncDeployment.systemResources.MEMORY_TOTAL,268509184,4307088 KB
2026-03-01T14:35:52.070640,(2(0)-1772393752:70640),GncDeployment.systemResources.MEMORY_USED,268509185,4230816 KB
2026-03-01T14:35:52.070657,(2(0)-1772393752:70657),GncDeployment.systemResources.NON_VOLATILE_FREE,268509187,136093648 KB
2026-03-01T14:35:52.070658,(2(0)-1772393752:70658),GncDeployment.systemResources.NON_VOLATILE_TOTAL,268509186,239362496 KB
2026-03-01T14:35:52.070500,(2(0)-1772393752:70500),GncDeployment.systemResources.CPU_01,268509190,32.32 percent
2026-03-01T14:35:52.070562,(2(0)-1772393752:70562),ComCcsds.commsBufferManager.CurrBuffs,33562625,1
2026-03-01T14:35:54.079243,(2(0)-1772393754:79243),GncDeployment.systemResources.CPU_00,268509189,40.40 percent
2026-03-01T14:35:54.079258,(2(0)-1772393754:79258),GncDeployment.systemResources.CPU_01,268509190,33.67 percent
2026-03-01T14:35:54.079272,(2(0)-1772393754:79272),GncDeployment.systemResources.CPU_02,268509191,35.00 percent
2026-03-01T14:35:53.075836,(2(0)-1772393753:75836),GncDeployment.systemResources.CPU_03,268509192,26.26 percent
2026-03-01T14:35:53.075859,(2(0)-1772393753:75859),GncDeployment.systemResources.CPU_04,268509193,23.76 percent
2026-03-01T14:35:53.075885,(2(0)-1772393753:75885),GncDeployment.systemResources.CPU_05,268509194,14.85 percent
2026-03-01T14:35:53.075912,(2(0)-1772393753:75912),GncDeployment.systemResources.CPU_06,268509195,6.93 percent
2026-03-01T14:35:53.075937,(2(0)-1772393753:75937),GncDeployment.systemResources.CPU_07,268509196,5.00 percent
2026-03-01T14:35:53.075939,(2(0)-1772393753:75939),GncDeployment.systemResources.CPU,268509188,22.60 percent
2026-03-01T14:35:53.075960,(2(0)-1772393753:75960),GncDeployment.systemResources.MEMORY_TOTAL,268509184,4313536 KB
2026-03-01T14:35:53.075963,(2(0)-1772393753:75963),GncDeployment.systemResources.MEMORY_USED,268509185,4211184 KB
2026-03-01T14:35:53.076003,(2(0)-1772393753:76003),GncDeployment.systemResources.NON_VOLATILE_FREE,268509187,136093760 KB
2026-03-01T14:35:53.076005,(2(0)-1772393753:76005),GncDeployment.systemResources.NON_VOLATILE_TOTAL,268509186,239362496 KB
2026-03-01T14:35:53.076027,(2(0)-1772393753:76027),ComCcsds.comQueue.comQueueDepth,33554432,['0', '1']
2026-03-01T14:35:53.076032,(2(0)-1772393753:76032),ComCcsds.comQueue.buffQueueDepth,33554433,['0']
2026-03-01T14:35:54.079455,(2(0)-1772393754:79455),ComCcsds.comQueue.comQueueDepth,33554432,['0', '1']
2026-03-01T14:35:54.079457,(2(0)-1772393754:79457),ComCcsds.comQueue.buffQueueDepth,33554433,['0']
2026-03-01T14:35:54.079285,(2(0)-1772393754:79285),GncDeployment.systemResources.CPU_03,268509192,33.00 percent
2026-03-01T14:35:54.079352,(2(0)-1772393754:79352),GncDeployment.systemResources.CPU_04,268509193,30.30 percent
2026-03-01T14:35:54.079367,(2(0)-1772393754:79367),GncDeployment.systemResources.CPU_05,268509194,22.00 percent
2026-03-01T14:35:54.079381,(2(0)-1772393754:79381),GncDeployment.systemResources.CPU_06,268509195,16.00 percent
2026-03-01T14:35:54.079396,(2(0)-1772393754:79396),GncDeployment.systemResources.CPU_07,268509196,13.00 percent
2026-03-01T14:35:54.079397,(2(0)-1772393754:79397),GncDeployment.systemResources.CPU,268509188,27.92 percent
2026-03-01T14:35:54.079405,(2(0)-1772393754:79405),GncDeployment.systemResources.MEMORY_TOTAL,268509184,4368272 KB
2026-03-01T14:35:54.079405,(2(0)-1772393754:79405),GncDeployment.systemResources.MEMORY_USED,268509185,4285152 KB
2026-03-01T14:35:54.079418,(2(0)-1772393754:79418),GncDeployment.systemResources.NON_VOLATILE_FREE,268509187,136093640 KB
2026-03-01T14:35:54.079419,(2(0)-1772393754:79419),GncDeployment.systemResources.NON_VOLATILE_TOTAL,268509186,239362496 KB
2026-03-01T14:35:56.089413,(2(0)-1772393756:89413),GncDeployment.systemResources.CPU_00,268509189,27.27 percent
2026-03-01T14:35:56.089439,(2(0)-1772393756:89439),GncDeployment.systemResources.CPU_01,268509190,25.00 percent
2026-03-01T14:35:56.089456,(2(0)-1772393756:89456),GncDeployment.systemResources.CPU_02,268509191,16.83 percent
2026-03-01T14:35:56.089474,(2(0)-1772393756:89474),GncDeployment.systemResources.CPU_03,268509192,15.00 percent
2026-03-01T14:35:55.084488,(2(0)-1772393755:84488),GncDeployment.systemResources.CPU_04,268509193,8.91 percent
2026-03-01T14:35:55.084508,(2(0)-1772393755:84508),GncDeployment.systemResources.CPU_05,268509194,4.00 percent
2026-03-01T14:35:55.084529,(2(0)-1772393755:84529),GncDeployment.systemResources.CPU_06,268509195,2.97 percent
2026-03-01T14:35:55.084551,(2(0)-1772393755:84551),GncDeployment.systemResources.CPU_07,268509196,1.96 percent
2026-03-01T14:35:55.084553,(2(0)-1772393755:84553),GncDeployment.systemResources.CPU,268509188,12.61 percent
2026-03-01T14:35:55.084574,(2(0)-1772393755:84574),GncDeployment.systemResources.MEMORY_TOTAL,268509184,4376384 KB
2026-03-01T14:35:55.084576,(2(0)-1772393755:84576),GncDeployment.systemResources.MEMORY_USED,268509185,4292848 KB
2026-03-01T14:35:55.084620,(2(0)-1772393755:84620),GncDeployment.systemResources.NON_VOLATILE_FREE,268509187,136093628 KB
2026-03-01T14:35:55.084621,(2(0)-1772393755:84621),GncDeployment.systemResources.NON_VOLATILE_TOTAL,268509186,239362496 KB
2026-03-01T14:35:55.084658,(2(0)-1772393755:84658),ComCcsds.comQueue.comQueueDepth,33554432,['0', '1']
2026-03-01T14:35:55.084661,(2(0)-1772393755:84661),ComCcsds.comQueue.buffQueueDepth,33554433,['0']
2026-03-01T14:35:56.089631,(2(0)-1772393756:89631),ComCcsds.comQueue.comQueueDepth,33554432,['0', '1']
2026-03-01T14:35:56.089634,(2(0)-1772393756:89634),ComCcsds.comQueue.buffQueueDepth,33554433,['0']
2026-03-01T14:35:56.089490,(2(0)-1772393756:89490),GncDeployment.systemResources.CPU_04,268509193,10.10 percent
2026-03-01T14:35:56.089534,(2(0)-1772393756:89534),GncDeployment.systemResources.CPU_05,268509194,10.89 percent
2026-03-01T14:35:56.089554,(2(0)-1772393756:89554),GncDeployment.systemResources.CPU_06,268509195,2.00 percent
2026-03-01T14:35:56.089572,(2(0)-1772393756:89572),GncDeployment.systemResources.CPU_07,268509196,2.00 percent
2026-03-01T14:35:56.089574,(2(0)-1772393756:89574),GncDeployment.systemResources.CPU,268509188,13.64 percent
2026-03-01T14:35:56.089586,(2(0)-1772393756:89586),GncDeployment.systemResources.MEMORY_TOTAL,268509184,4369424 KB
2026-03-01T14:35:56.089588,(2(0)-1772393756:89588),GncDeployment.systemResources.MEMORY_USED,268509185,4283568 KB
2026-03-01T14:35:56.089618,(2(0)-1772393756:89618),GncDeployment.systemResources.NON_VOLATILE_FREE,268509187,136093620 KB
2026-03-01T14:35:56.089620,(2(0)-1772393756:89620),GncDeployment.systemResources.NON_VOLATILE_TOTAL,268509186,239362496 KB
2026-03-01T14:35:58.095162,(2(0)-1772393758:95162),GncDeployment.systemResources.CPU_00,268509189,32.00 percent
2026-03-01T14:35:57.090140,(2(0)-1772393757:90140),GncDeployment.systemResources.CPU_01,268509190,32.00 percent
2026-03-01T14:35:57.090164,(2(0)-1772393757:90164),GncDeployment.systemResources.CPU_02,268509191,24.49 percent
2026-03-01T14:35:57.090185,(2(0)-1772393757:90185),GncDeployment.systemResources.CPU_03,268509192,24.24 percent
2026-03-01T14:35:57.090208,(2(0)-1772393757:90208),GncDeployment.systemResources.CPU_04,268509193,10.89 percent
2026-03-01T14:35:57.090231,(2(0)-1772393757:90231),GncDeployment.systemResources.CPU_05,268509194,7.00 percent
2026-03-01T14:35:57.090260,(2(0)-1772393757:90260),GncDeployment.systemResources.CPU_06,268509195,4.00 percent
2026-03-01T14:35:57.090285,(2(0)-1772393757:90285),GncDeployment.systemResources.CPU_07,268509196,1.00 percent
2026-03-01T14:35:57.090287,(2(0)-1772393757:90287),GncDeployment.systemResources.CPU,268509188,17.20 percent
2026-03-01T14:35:57.090309,(2(0)-1772393757:90309),GncDeployment.systemResources.MEMORY_TOTAL,268509184,4364016 KB
2026-03-01T14:35:57.090311,(2(0)-1772393757:90311),GncDeployment.systemResources.MEMORY_USED,268509185,4279504 KB
2026-03-01T14:35:57.090350,(2(0)-1772393757:90350),GncDeployment.systemResources.NON_VOLATILE_FREE,268509187,136093608 KB
2026-03-01T14:35:57.090352,(2(0)-1772393757:90352),GncDeployment.systemResources.NON_VOLATILE_TOTAL,268509186,239362496 KB
2026-03-01T14:35:57.090368,(2(0)-1772393757:90368),ComCcsds.comQueue.comQueueDepth,33554432,['0', '1']
2026-03-01T14:35:57.090371,(2(0)-1772393757:90371),ComCcsds.comQueue.buffQueueDepth,33554433,['0']
2026-03-01T14:35:58.095515,(2(0)-1772393758:95515),ComCcsds.comQueue.comQueueDepth,33554432,['0', '1']
2026-03-01T14:35:58.095520,(2(0)-1772393758:95520),ComCcsds.comQueue.buffQueueDepth,33554433,['0']
2026-03-01T14:35:58.095275,(2(0)-1772393758:95275),GncDeployment.systemResources.CPU_02,268509191,25.74 percent
2026-03-01T14:35:58.095317,(2(0)-1772393758:95317),GncDeployment.systemResources.CPU_03,268509192,24.00 percent
2026-03-01T14:35:58.095346,(2(0)-1772393758:95346),GncDeployment.systemResources.CPU_04,268509193,2.00 percent
2026-03-01T14:35:58.095376,(2(0)-1772393758:95376),GncDeployment.systemResources.CPU_05,268509194,1.98 percent
2026-03-01T14:35:58.095403,(2(0)-1772393758:95403),GncDeployment.systemResources.CPU_06,268509195,0.00 percent
2026-03-01T14:35:58.095429,(2(0)-1772393758:95429),GncDeployment.systemResources.CPU_07,268509196,0.00 percent
2026-03-01T14:35:58.095432,(2(0)-1772393758:95432),GncDeployment.systemResources.CPU,268509188,14.34 percent
2026-03-01T14:35:58.095452,(2(0)-1772393758:95452),GncDeployment.systemResources.MEMORY_TOTAL,268509184,4372992 KB
2026-03-01T14:35:58.095456,(2(0)-1772393758:95456),GncDeployment.systemResources.MEMORY_USED,268509185,4297184 KB
2026-03-01T14:35:58.095489,(2(0)-1772393758:95489),GncDeployment.systemResources.NON_VOLATILE_FREE,268509187,136093584 KB
2026-03-01T14:35:58.095491,(2(0)-1772393758:95491),GncDeployment.systemResources.NON_VOLATILE_TOTAL,268509186,239362496 KB
2026-03-01T14:35:58.095200,(2(0)-1772393758:95200),GncDeployment.systemResources.CPU_01,268509190,29.00 percent
2026-03-01T14:35:59.096384,(2(0)-1772393759:96384),GncDeployment.systemResources.CPU_00,268509189,32.65 percent
2026-03-01T14:35:59.096421,(2(0)-1772393759:96421),GncDeployment.systemResources.CPU_01,268509190,31.31 percent
2026-03-01T14:35:59.096443,(2(0)-1772393759:96443),GncDeployment.systemResources.CPU_02,268509191,29.29 percent
2026-03-01T14:35:59.096465,(2(0)-1772393759:96465),GncDeployment.systemResources.CPU_03,268509192,23.00 percent
2026-03-01T14:35:59.096490,(2(0)-1772393759:96490),GncDeployment.systemResources.CPU_04,268509193,14.00 percent
2026-03-01T14:35:59.096512,(2(0)-1772393759:96512),GncDeployment.systemResources.CPU_05,268509194,8.08 percent
2026-03-01T14:35:59.096540,(2(0)-1772393759:96540),GncDeployment.systemResources.CPU_06,268509195,4.00 percent
2026-03-01T14:35:59.096561,(2(0)-1772393759:96561),GncDeployment.systemResources.CPU_07,268509196,2.00 percent
2026-03-01T14:35:59.096563,(2(0)-1772393759:96563),GncDeployment.systemResources.CPU,268509188,18.04 percent
2026-03-01T14:35:59.096584,(2(0)-1772393759:96584),GncDeployment.systemResources.MEMORY_TOTAL,268509184,4357424 KB
2026-03-01T14:35:59.096586,(2(0)-1772393759:96586),GncDeployment.systemResources.MEMORY_USED,268509185,4271264 KB
2026-03-01T14:35:59.096625,(2(0)-1772393759:96625),GncDeployment.systemResources.NON_VOLATILE_FREE,268509187,136093568 KB
2026-03-01T14:35:59.096627,(2(0)-1772393759:96627),GncDeployment.systemResources.NON_VOLATILE_TOTAL,268509186,239362496 KB
2026-03-01T14:35:59.096648,(2(0)-1772393759:96648),ComCcsds.comQueue.comQueueDepth,33554432,['0', '1']
2026-03-01T14:35:59.096652,(2(0)-1772393759:96652),ComCcsds.comQueue.buffQueueDepth,33554433,['0']
2026-03-01T14:36:00.101352,(2(0)-1772393760:101352),ComCcsds.comQueue.comQueueDepth,33554432,['0', '1']
2026-03-01T14:36:00.101354,(2(0)-1772393760:101354),ComCcsds.comQueue.buffQueueDepth,33554433,['0']
2026-03-01T14:36:00.101173,(2(0)-1772393760:101173),GncDeployment.systemResources.CPU_02,268509191,24.00 percent
2026-03-01T14:36:00.101193,(2(0)-1772393760:101193),GncDeployment.systemResources.CPU_03,268509192,20.00 percent
2026-03-01T14:36:00.101213,(2(0)-1772393760:101213),GncDeployment.systemResources.CPU_04,268509193,11.00 percent
2026-03-01T14:36:00.101229,(2(0)-1772393760:101229),GncDeployment.systemResources.CPU_05,268509194,6.93 percent
2026-03-01T14:36:00.101251,(2(0)-1772393760:101251),GncDeployment.systemResources.CPU_06,268509195,3.00 percent
2026-03-01T14:36:00.101268,(2(0)-1772393760:101268),GncDeployment.systemResources.CPU_07,268509196,2.97 percent
2026-03-01T14:36:00.101270,(2(0)-1772393760:101270),GncDeployment.systemResources.CPU,268509188,15.70 percent
2026-03-01T14:36:00.101286,(2(0)-1772393760:101286),GncDeployment.systemResources.MEMORY_TOTAL,268509184,4363552 KB
2026-03-01T14:36:00.101288,(2(0)-1772393760:101288),GncDeployment.systemResources.MEMORY_USED,268509185,4293888 KB
2026-03-01T14:36:00.101321,(2(0)-1772393760:101321),GncDeployment.systemResources.NON_VOLATILE_FREE,268509187,136093548 KB
2026-03-01T14:36:00.101322,(2(0)-1772393760:101322),GncDeployment.systemResources.NON_VOLATILE_TOTAL,268509186,239362496 KB
2026-03-01T14:36:00.101132,(2(0)-1772393760:101132),GncDeployment.systemResources.CPU_00,268509189,29.70 percent
2026-03-01T14:36:00.101156,(2(0)-1772393760:101156),GncDeployment.systemResources.CPU_01,268509190,28.00 percent
2026-03-01T14:36:01.101758,(2(0)-1772393761:101758),GncDeployment.systemResources.CPU_00,268509189,31.31 percent
2026-03-01T14:36:01.101771,(2(0)-1772393761:101771),GncDeployment.systemResources.CPU_01,268509190,29.29 percent
2026-03-01T14:36:01.101782,(2(0)-1772393761:101782),GncDeployment.systemResources.CPU_02,268509191,27.00 percent
2026-03-01T14:36:01.101791,(2(0)-1772393761:101791),GncDeployment.systemResources.CPU_03,268509192,22.22 percent
2026-03-01T14:36:01.101800,(2(0)-1772393761:101800),GncDeployment.systemResources.CPU_04,268509193,7.07 percent
2026-03-01T14:36:01.101809,(2(0)-1772393761:101809),GncDeployment.systemResources.CPU_05,268509194,9.09 percent
2026-03-01T14:36:01.101817,(2(0)-1772393761:101817),GncDeployment.systemResources.CPU_06,268509195,1.00 percent
2026-03-01T14:36:01.101827,(2(0)-1772393761:101827),GncDeployment.systemResources.CPU_07,268509196,0.00 percent
2026-03-01T14:36:01.101828,(2(0)-1772393761:101828),GncDeployment.systemResources.CPU,268509188,15.87 percent
2026-03-01T14:36:01.101837,(2(0)-1772393761:101837),GncDeployment.systemResources.MEMORY_TOTAL,268509184,4366176 KB
2026-03-01T14:36:01.101838,(2(0)-1772393761:101838),GncDeployment.systemResources.MEMORY_USED,268509185,4289248 KB
2026-03-01T14:36:01.101851,(2(0)-1772393761:101851),GncDeployment.systemResources.NON_VOLATILE_FREE,268509187,136093548 KB
2026-03-01T14:36:01.101852,(2(0)-1772393761:101852),GncDeployment.systemResources.NON_VOLATILE_TOTAL,268509186,239362496 KB
2026-03-01T14:36:01.101869,(2(0)-1772393761:101869),ComCcsds.comQueue.comQueueDepth,33554432,['0', '1']
2026-03-01T14:36:01.101871,(2(0)-1772393761:101871),ComCcsds.comQueue.buffQueueDepth,33554433,['0']
2026-03-01T14:36:02.107048,(2(0)-1772393762:107048),ComCcsds.comQueue.comQueueDepth,33554432,['0', '1']
2026-03-01T14:36:02.107051,(2(0)-1772393762:107051),ComCcsds.comQueue.buffQueueDepth,33554433,['0']
2026-03-01T14:36:02.106869,(2(0)-1772393762:106869),GncDeployment.systemResources.CPU_02,268509191,22.22 percent
2026-03-01T14:36:02.106903,(2(0)-1772393762:106903),GncDeployment.systemResources.CPU_03,268509192,20.79 percent
2026-03-01T14:36:02.106925,(2(0)-1772393762:106925),GncDeployment.systemResources.CPU_04,268509193,31.68 percent
2026-03-01T14:36:02.106941,(2(0)-1772393762:106941),GncDeployment.systemResources.CPU_05,268509194,18.81 percent
2026-03-01T14:36:02.106958,(2(0)-1772393762:106958),GncDeployment.systemResources.CPU_06,268509195,13.86 percent
2026-03-01T14:36:02.106974,(2(0)-1772393762:106974),GncDeployment.systemResources.CPU_07,268509196,9.90 percent
2026-03-01T14:36:02.106976,(2(0)-1772393762:106976),GncDeployment.systemResources.CPU,268509188,22.03 percent
2026-03-01T14:36:02.106990,(2(0)-1772393762:106990),GncDeployment.systemResources.MEMORY_TOTAL,268509184,4354128 KB
2026-03-01T14:36:02.106992,(2(0)-1772393762:106992),GncDeployment.systemResources.MEMORY_USED,268509185,4280128 KB
2026-03-01T14:36:02.107032,(2(0)-1772393762:107032),GncDeployment.systemResources.NON_VOLATILE_FREE,268509187,136092676 KB
2026-03-01T14:36:02.107034,(2(0)-1772393762:107034),GncDeployment.systemResources.NON_VOLATILE_TOTAL,268509186,239362496 KB
2026-03-01T14:36:02.106819,(2(0)-1772393762:106819),GncDeployment.systemResources.CPU_00,268509189,29.00 percent
2026-03-01T14:36:02.106849,(2(0)-1772393762:106849),GncDeployment.systemResources.CPU_01,268509190,30.00 percent
2026-03-01T14:36:04.111930,(2(0)-1772393764:111930),GncDeployment.systemResources.CPU_00,268509189,35.00 percent
2026-03-01T14:36:04.111958,(2(0)-1772393764:111958),GncDeployment.systemResources.CPU_01,268509190,33.33 percent
2026-03-01T14:36:04.111979,(2(0)-1772393764:111979),GncDeployment.systemResources.CPU_02,268509191,27.55 percent
2026-03-01T14:36:03.111897,(2(0)-1772393763:111897),GncDeployment.systemResources.CPU_03,268509192,20.00 percent
2026-03-01T14:36:03.111918,(2(0)-1772393763:111918),GncDeployment.systemResources.CPU_04,268509193,38.61 percent
2026-03-01T14:36:03.111940,(2(0)-1772393763:111940),GncDeployment.systemResources.CPU_05,268509194,30.00 percent
2026-03-01T14:36:03.111968,(2(0)-1772393763:111968),GncDeployment.systemResources.CPU_06,268509195,20.00 percent
2026-03-01T14:36:03.111991,(2(0)-1772393763:111991),GncDeployment.systemResources.CPU_07,268509196,16.00 percent
2026-03-01T14:36:03.111995,(2(0)-1772393763:111995),GncDeployment.systemResources.CPU,268509188,24.70 percent
2026-03-01T14:36:03.112031,(2(0)-1772393763:112031),GncDeployment.systemResources.MEMORY_TOTAL,268509184,4370288 KB
2026-03-01T14:36:03.112033,(2(0)-1772393763:112033),GncDeployment.systemResources.MEMORY_USED,268509185,4303264 KB
2026-03-01T14:36:03.112062,(2(0)-1772393763:112062),GncDeployment.systemResources.NON_VOLATILE_FREE,268509187,136092668 KB
2026-03-01T14:36:03.112064,(2(0)-1772393763:112064),GncDeployment.systemResources.NON_VOLATILE_TOTAL,268509186,239362496 KB
2026-03-01T14:36:03.112089,(2(0)-1772393763:112089),ComCcsds.comQueue.comQueueDepth,33554432,['0', '1']
2026-03-01T14:36:03.112093,(2(0)-1772393763:112093),ComCcsds.comQueue.buffQueueDepth,33554433,['0']
2026-03-01T14:36:04.112252,(2(0)-1772393764:112252),ComCcsds.comQueue.comQueueDepth,33554432,['0', '1']
2026-03-01T14:36:04.112255,(2(0)-1772393764:112255),ComCcsds.comQueue.buffQueueDepth,33554433,['0']
2026-03-01T14:36:04.111998,(2(0)-1772393764:111998),GncDeployment.systemResources.CPU_03,268509192,24.49 percent
2026-03-01T14:36:04.112086,(2(0)-1772393764:112086),GncDeployment.systemResources.CPU_04,268509193,30.61 percent
2026-03-01T14:36:04.112106,(2(0)-1772393764:112106),GncDeployment.systemResources.CPU_05,268509194,16.16 percent
2026-03-01T14:36:04.112125,(2(0)-1772393764:112125),GncDeployment.systemResources.CPU_06,268509195,10.00 percent
2026-03-01T14:36:04.112144,(2(0)-1772393764:112144),GncDeployment.systemResources.CPU_07,268509196,5.00 percent
2026-03-01T14:36:04.112146,(2(0)-1772393764:112146),GncDeployment.systemResources.CPU,268509188,22.77 percent
2026-03-01T14:36:04.112160,(2(0)-1772393764:112160),GncDeployment.systemResources.MEMORY_TOTAL,268509184,4309568 KB
2026-03-01T14:36:04.112162,(2(0)-1772393764:112162),GncDeployment.systemResources.MEMORY_USED,268509185,4238544 KB
2026-03-01T14:36:04.112195,(2(0)-1772393764:112195),GncDeployment.systemResources.NON_VOLATILE_FREE,268509187,136092412 KB
2026-03-01T14:36:04.112196,(2(0)-1772393764:112196),GncDeployment.systemResources.NON_VOLATILE_TOTAL,268509186,239362496 KB
2026-03-01T14:36:05.113657,(2(0)-1772393765:113657),GncDeployment.systemResources.CPU_00,268509189,32.00 percent
2026-03-01T14:36:05.113685,(2(0)-1772393765:113685),GncDeployment.systemResources.CPU_01,268509190,29.29 percent
2026-03-01T14:36:05.113703,(2(0)-1772393765:113703),GncDeployment.systemResources.CPU_02,268509191,26.00 percent
2026-03-01T14:36:05.113721,(2(0)-1772393765:113721),GncDeployment.systemResources.CPU_03,268509192,23.00 percent
2026-03-01T14:36:05.113740,(2(0)-1772393765:113740),GncDeployment.systemResources.CPU_04,268509193,16.00 percent
2026-03-01T14:36:05.113763,(2(0)-1772393765:113763),GncDeployment.systemResources.CPU_05,268509194,9.00 percent
2026-03-01T14:36:05.113786,(2(0)-1772393765:113786),GncDeployment.systemResources.CPU_06,268509195,5.00 percent
2026-03-01T14:36:05.113805,(2(0)-1772393765:113805),GncDeployment.systemResources.CPU_07,268509196,2.97 percent
2026-03-01T14:36:05.113807,(2(0)-1772393765:113807),GncDeployment.systemResources.CPU,268509188,17.91 percent
2026-03-01T14:36:05.113821,(2(0)-1772393765:113821),GncDeployment.systemResources.MEMORY_TOTAL,268509184,4316848 KB
2026-03-01T14:36:05.113823,(2(0)-1772393765:113823),GncDeployment.systemResources.MEMORY_USED,268509185,4245248 KB
2026-03-01T14:36:05.113860,(2(0)-1772393765:113860),GncDeployment.systemResources.NON_VOLATILE_FREE,268509187,136092404 KB
2026-03-01T14:36:05.113862,(2(0)-1772393765:113862),GncDeployment.systemResources.NON_VOLATILE_TOTAL,268509186,239362496 KB
2026-03-01T14:36:05.113951,(2(0)-1772393765:113951),ComCcsds.comQueue.comQueueDepth,33554432,['0', '1']
2026-03-01T14:36:05.113954,(2(0)-1772393765:113954),ComCcsds.comQueue.buffQueueDepth,33554433,['0']
2026-03-01T14:36:06.117861,(2(0)-1772393766:117861),ComCcsds.comQueue.comQueueDepth,33554432,['0', '1']
2026-03-01T14:36:06.117863,(2(0)-1772393766:117863),ComCcsds.comQueue.buffQueueDepth,33554433,['0']
2026-03-01T14:36:06.117778,(2(0)-1772393766:117778),GncDeployment.systemResources.CPU_02,268509191,28.00 percent
2026-03-01T14:36:06.117786,(2(0)-1772393766:117786),GncDeployment.systemResources.CPU_03,268509192,20.00 percent
2026-03-01T14:36:06.117794,(2(0)-1772393766:117794),GncDeployment.systemResources.CPU_04,268509193,25.00 percent
2026-03-01T14:36:06.117807,(2(0)-1772393766:117807),GncDeployment.systemResources.CPU_05,268509194,17.17 percent
2026-03-01T14:36:06.117816,(2(0)-1772393766:117816),GncDeployment.systemResources.CPU_06,268509195,16.00 percent
2026-03-01T14:36:06.117825,(2(0)-1772393766:117825),GncDeployment.systemResources.CPU_07,268509196,12.12 percent
2026-03-01T14:36:06.117825,(2(0)-1772393766:117825),GncDeployment.systemResources.CPU,268509188,22.53 percent
2026-03-01T14:36:06.117833,(2(0)-1772393766:117833),GncDeployment.systemResources.MEMORY_TOTAL,268509184,4293104 KB
2026-03-01T14:36:06.117834,(2(0)-1772393766:117834),GncDeployment.systemResources.MEMORY_USED,268509185,4222512 KB
2026-03-01T14:36:06.117845,(2(0)-1772393766:117845),GncDeployment.systemResources.NON_VOLATILE_FREE,268509187,136092284 KB
2026-03-01T14:36:06.117846,(2(0)-1772393766:117846),GncDeployment.systemResources.NON_VOLATILE_TOTAL,268509186,239362496 KB
2026-03-01T14:36:06.117753,(2(0)-1772393766:117753),GncDeployment.systemResources.CPU_00,268509189,29.59 percent
2026-03-01T14:36:06.117770,(2(0)-1772393766:117770),GncDeployment.systemResources.CPU_01,268509190,32.32 percent
2026-03-01T14:36:08.123356,(2(0)-1772393768:123356),GncDeployment.systemResources.CPU_00,268509189,32.65 percent
2026-03-01T14:36:08.123379,(2(0)-1772393768:123379),GncDeployment.systemResources.CPU_01,268509190,32.00 percent
2026-03-01T14:36:08.123396,(2(0)-1772393768:123396),GncDeployment.systemResources.CPU_02,268509191,27.27 percent
2026-03-01T14:36:07.122587,(2(0)-1772393767:122587),GncDeployment.systemResources.CPU_03,268509192,17.00 percent
2026-03-01T14:36:07.122616,(2(0)-1772393767:122616),GncDeployment.systemResources.CPU_04,268509193,10.89 percent
2026-03-01T14:36:07.122636,(2(0)-1772393767:122636),GncDeployment.systemResources.CPU_05,268509194,7.84 percent
2026-03-01T14:36:07.122674,(2(0)-1772393767:122674),GncDeployment.systemResources.CPU_06,268509195,3.00 percent
2026-03-01T14:36:07.122700,(2(0)-1772393767:122700),GncDeployment.systemResources.CPU_07,268509196,2.00 percent
2026-03-01T14:36:07.122702,(2(0)-1772393767:122702),GncDeployment.systemResources.CPU,268509188,15.59 percent
2026-03-01T14:36:07.122723,(2(0)-1772393767:122723),GncDeployment.systemResources.MEMORY_TOTAL,268509184,4286784 KB
2026-03-01T14:36:07.122725,(2(0)-1772393767:122725),GncDeployment.systemResources.MEMORY_USED,268509185,4212704 KB
2026-03-01T14:36:07.122768,(2(0)-1772393767:122768),GncDeployment.systemResources.NON_VOLATILE_FREE,268509187,136092136 KB
2026-03-01T14:36:07.122769,(2(0)-1772393767:122769),GncDeployment.systemResources.NON_VOLATILE_TOTAL,268509186,239362496 KB
2026-03-01T14:36:07.122790,(2(0)-1772393767:122790),ComCcsds.comQueue.comQueueDepth,33554432,['0', '1']
2026-03-01T14:36:07.122794,(2(0)-1772393767:122794),ComCcsds.comQueue.buffQueueDepth,33554433,['0']
2026-03-01T14:36:08.123656,(2(0)-1772393768:123656),ComCcsds.comQueue.comQueueDepth,33554432,['0', '1']
2026-03-01T14:36:08.123659,(2(0)-1772393768:123659),ComCcsds.comQueue.buffQueueDepth,33554433,['0']
2026-03-01T14:36:08.123413,(2(0)-1772393768:123413),GncDeployment.systemResources.CPU_03,268509192,24.00 percent
2026-03-01T14:36:08.123540,(2(0)-1772393768:123540),GncDeployment.systemResources.CPU_04,268509193,26.53 percent
2026-03-01T14:36:08.123570,(2(0)-1772393768:123570),GncDeployment.systemResources.CPU_05,268509194,20.20 percent
2026-03-01T14:36:08.123586,(2(0)-1772393768:123586),GncDeployment.systemResources.CPU_06,268509195,13.86 percent
2026-03-01T14:36:08.123602,(2(0)-1772393768:123602),GncDeployment.systemResources.CPU_07,268509196,11.88 percent
2026-03-01T14:36:08.123603,(2(0)-1772393768:123603),GncDeployment.systemResources.CPU,268509188,23.55 percent
2026-03-01T14:36:08.123612,(2(0)-1772393768:123612),GncDeployment.systemResources.MEMORY_TOTAL,268509184,4284080 KB
2026-03-01T14:36:08.123613,(2(0)-1772393768:123613),GncDeployment.systemResources.MEMORY_USED,268509185,4215184 KB
2026-03-01T14:36:08.123631,(2(0)-1772393768:123631),GncDeployment.systemResources.NON_VOLATILE_FREE,268509187,136092128 KB
2026-03-01T14:36:08.123632,(2(0)-1772393768:123632),GncDeployment.systemResources.NON_VOLATILE_TOTAL,268509186,239362496 KB
2026-03-01T14:36:09.128405,(2(0)-1772393769:128405),GncDeployment.systemResources.CPU_00,268509189,31.00 percent
2026-03-01T14:36:09.128449,(2(0)-1772393769:128449),GncDeployment.systemResources.CPU_01,268509190,26.26 percent
2026-03-01T14:36:09.128483,(2(0)-1772393769:128483),GncDeployment.systemResources.CPU_02,268509191,21.78 percent
2026-03-01T14:36:09.128515,(2(0)-1772393769:128515),GncDeployment.systemResources.CPU_03,268509192,20.00 percent
2026-03-01T14:36:09.128549,(2(0)-1772393769:128549),GncDeployment.systemResources.CPU_04,268509193,13.86 percent
2026-03-01T14:36:09.128580,(2(0)-1772393769:128580),GncDeployment.systemResources.CPU_05,268509194,8.91 percent
2026-03-01T14:36:09.128609,(2(0)-1772393769:128609),GncDeployment.systemResources.CPU_06,268509195,5.00 percent
2026-03-01T14:36:09.128637,(2(0)-1772393769:128637),GncDeployment.systemResources.CPU_07,268509196,3.00 percent
2026-03-01T14:36:09.128640,(2(0)-1772393769:128640),GncDeployment.systemResources.CPU,268509188,16.23 percent
2026-03-01T14:36:09.128660,(2(0)-1772393769:128660),GncDeployment.systemResources.MEMORY_TOTAL,268509184,4284544 KB
2026-03-01T14:36:09.128662,(2(0)-1772393769:128662),GncDeployment.systemResources.MEMORY_USED,268509185,4212400 KB
2026-03-01T14:36:09.128700,(2(0)-1772393769:128700),GncDeployment.systemResources.NON_VOLATILE_FREE,268509187,136092128 KB
2026-03-01T14:36:09.128703,(2(0)-1772393769:128703),GncDeployment.systemResources.NON_VOLATILE_TOTAL,268509186,239362496 KB
2026-03-01T14:36:09.128732,(2(0)-1772393769:128732),ComCcsds.comQueue.comQueueDepth,33554432,['0', '1']
2026-03-01T14:36:09.128736,(2(0)-1772393769:128736),ComCcsds.comQueue.buffQueueDepth,33554433,['0']
2026-03-01T14:36:10.133646,(2(0)-1772393770:133646),ComCcsds.comQueue.comQueueDepth,33554432,['0', '1']
2026-03-01T14:36:10.133649,(2(0)-1772393770:133649),ComCcsds.comQueue.buffQueueDepth,33554433,['0']
2026-03-01T14:36:10.133469,(2(0)-1772393770:133469),GncDeployment.systemResources.CPU_02,268509191,21.43 percent
2026-03-01T14:36:10.133491,(2(0)-1772393770:133491),GncDeployment.systemResources.CPU_03,268509192,21.21 percent
2026-03-01T14:36:10.133508,(2(0)-1772393770:133508),GncDeployment.systemResources.CPU_04,268509193,19.80 percent
2026-03-01T14:36:10.133526,(2(0)-1772393770:133526),GncDeployment.systemResources.CPU_05,268509194,7.00 percent
2026-03-01T14:36:10.133545,(2(0)-1772393770:133545),GncDeployment.systemResources.CPU_06,268509195,4.00 percent
2026-03-01T14:36:10.133568,(2(0)-1772393770:133568),GncDeployment.systemResources.CPU_07,268509196,0.99 percent
2026-03-01T14:36:10.133570,(2(0)-1772393770:133570),GncDeployment.systemResources.CPU,268509188,16.80 percent
2026-03-01T14:36:10.133587,(2(0)-1772393770:133587),GncDeployment.systemResources.MEMORY_TOTAL,268509184,4287568 KB
2026-03-01T14:36:10.133589,(2(0)-1772393770:133589),GncDeployment.systemResources.MEMORY_USED,268509185,4205136 KB
2026-03-01T14:36:10.133621,(2(0)-1772393770:133621),GncDeployment.systemResources.NON_VOLATILE_FREE,268509187,136092108 KB
2026-03-01T14:36:10.133623,(2(0)-1772393770:133623),GncDeployment.systemResources.NON_VOLATILE_TOTAL,268509186,239362496 KB
2026-03-01T14:36:10.133422,(2(0)-1772393770:133422),GncDeployment.systemResources.CPU_00,268509189,31.00 percent
2026-03-01T14:36:10.133450,(2(0)-1772393770:133450),GncDeployment.systemResources.CPU_01,268509190,29.00 percent
2026-03-01T14:36:11.137739,(2(0)-1772393771:137739),GncDeployment.systemResources.CPU_00,268509189,35.64 percent
2026-03-01T14:36:11.137832,(2(0)-1772393771:137832),GncDeployment.systemResources.CPU_01,268509190,34.00 percent
2026-03-01T14:36:11.137864,(2(0)-1772393771:137864),GncDeployment.systemResources.CPU_02,268509191,28.00 percent
2026-03-01T14:36:11.137892,(2(0)-1772393771:137892),GncDeployment.systemResources.CPU_03,268509192,28.00 percent
2026-03-01T14:36:11.137921,(2(0)-1772393771:137921),GncDeployment.systemResources.CPU_04,268509193,30.61 percent
2026-03-01T14:36:11.137960,(2(0)-1772393771:137960),GncDeployment.systemResources.CPU_05,268509194,23.00 percent
2026-03-01T14:36:11.137990,(2(0)-1772393771:137990),GncDeployment.systemResources.CPU_06,268509195,15.00 percent
2026-03-01T14:36:11.138026,(2(0)-1772393771:138026),GncDeployment.systemResources.CPU_07,268509196,11.88 percent
2026-03-01T14:36:11.138046,(2(0)-1772393771:138046),GncDeployment.systemResources.CPU,268509188,25.77 percent
2026-03-01T14:36:11.138066,(2(0)-1772393771:138066),GncDeployment.systemResources.MEMORY_TOTAL,268509184,4260768 KB
2026-03-01T14:36:11.138069,(2(0)-1772393771:138069),GncDeployment.systemResources.MEMORY_USED,268509185,4173072 KB
2026-03-01T14:36:11.138099,(2(0)-1772393771:138099),GncDeployment.systemResources.NON_VOLATILE_FREE,268509187,136092100 KB
2026-03-01T14:36:11.138101,(2(0)-1772393771:138101),GncDeployment.systemResources.NON_VOLATILE_TOTAL,268509186,239362496 KB
2026-03-01T14:36:11.138127,(2(0)-1772393771:138127),ComCcsds.comQueue.comQueueDepth,33554432,['0', '1']
2026-03-01T14:36:11.138132,(2(0)-1772393771:138132),ComCcsds.comQueue.buffQueueDepth,33554433,['0']
2026-03-01T14:36:12.142755,(2(0)-1772393772:142755),ComCcsds.comQueue.comQueueDepth,33554432,['0', '1']
2026-03-01T14:36:12.142756,(2(0)-1772393772:142756),ComCcsds.comQueue.buffQueueDepth,33554433,['0']
2026-03-01T14:36:12.142680,(2(0)-1772393772:142680),GncDeployment.systemResources.CPU_02,268509191,38.61 percent
2026-03-01T14:36:12.142690,(2(0)-1772393772:142690),GncDeployment.systemResources.CPU_03,268509192,35.64 percent
2026-03-01T14:36:12.142701,(2(0)-1772393772:142701),GncDeployment.systemResources.CPU_04,268509193,35.64 percent
2026-03-01T14:36:12.142710,(2(0)-1772393772:142710),GncDeployment.systemResources.CPU_05,268509194,25.00 percent
2026-03-01T14:36:12.142717,(2(0)-1772393772:142717),GncDeployment.systemResources.CPU_06,268509195,16.83 percent
2026-03-01T14:36:12.142726,(2(0)-1772393772:142726),GncDeployment.systemResources.CPU_07,268509196,14.14 percent
2026-03-01T14:36:12.142726,(2(0)-1772393772:142726),GncDeployment.systemResources.CPU,268509188,31.47 percent
2026-03-01T14:36:12.142731,(2(0)-1772393772:142731),GncDeployment.systemResources.MEMORY_TOTAL,268509184,4245120 KB
2026-03-01T14:36:12.142732,(2(0)-1772393772:142732),GncDeployment.systemResources.MEMORY_USED,268509185,4171504 KB
2026-03-01T14:36:12.142745,(2(0)-1772393772:142745),GncDeployment.systemResources.NON_VOLATILE_FREE,268509187,136092092 KB
2026-03-01T14:36:12.142745,(2(0)-1772393772:142745),GncDeployment.systemResources.NON_VOLATILE_TOTAL,268509186,239362496 KB
2026-03-01T14:36:12.142655,(2(0)-1772393772:142655),GncDeployment.systemResources.CPU_00,268509189,43.43 percent
2026-03-01T14:36:12.142665,(2(0)-1772393772:142665),GncDeployment.systemResources.CPU_01,268509190,42.42 percent
2026-03-01T14:36:12.142708,(2(0)-1772393772:142708),ComCcsds.commsBufferManager.CurrBuffs,33562625,2
2026-03-01T14:36:13.147801,(2(0)-1772393773:147801),GncDeployment.systemResources.CPU_00,268509189,33.00 percent
2026-03-01T14:36:13.147831,(2(0)-1772393773:147831),GncDeployment.systemResources.CPU_01,268509190,33.00 percent
2026-03-01T14:36:13.147853,(2(0)-1772393773:147853),GncDeployment.systemResources.CPU_02,268509191,25.00 percent
2026-03-01T14:36:13.147881,(2(0)-1772393773:147881),GncDeployment.systemResources.CPU_03,268509192,25.00 percent
2026-03-01T14:36:13.147903,(2(0)-1772393773:147903),GncDeployment.systemResources.CPU_04,268509193,14.00 percent
2026-03-01T14:36:13.147922,(2(0)-1772393773:147922),GncDeployment.systemResources.CPU_05,268509194,7.00 percent
2026-03-01T14:36:13.147939,(2(0)-1772393773:147939),GncDeployment.systemResources.CPU_06,268509195,4.00 percent
2026-03-01T14:36:13.147955,(2(0)-1772393773:147955),GncDeployment.systemResources.CPU_07,268509196,1.98 percent
2026-03-01T14:36:13.147956,(2(0)-1772393773:147956),GncDeployment.systemResources.CPU,268509188,17.87 percent
2026-03-01T14:36:13.147969,(2(0)-1772393773:147969),GncDeployment.systemResources.MEMORY_TOTAL,268509184,4232176 KB
2026-03-01T14:36:13.147970,(2(0)-1772393773:147970),GncDeployment.systemResources.MEMORY_USED,268509185,4153152 KB
2026-03-01T14:36:13.148000,(2(0)-1772393773:148000),GncDeployment.systemResources.NON_VOLATILE_FREE,268509187,136091064 KB
2026-03-01T14:36:13.148002,(2(0)-1772393773:148002),GncDeployment.systemResources.NON_VOLATILE_TOTAL,268509186,239362496 KB
2026-03-01T14:36:13.148022,(2(0)-1772393773:148022),ComCcsds.comQueue.comQueueDepth,33554432,['0', '1']
2026-03-01T14:36:13.148025,(2(0)-1772393773:148025),ComCcsds.comQueue.buffQueueDepth,33554433,['0']
2026-03-01T14:36:14.149550,(2(0)-1772393774:149550),ComCcsds.comQueue.comQueueDepth,33554432,['0', '1']
2026-03-01T14:36:14.149553,(2(0)-1772393774:149553),ComCcsds.comQueue.buffQueueDepth,33554433,['0']
2026-03-01T14:36:14.149371,(2(0)-1772393774:149371),GncDeployment.systemResources.CPU_02,268509191,27.27 percent
2026-03-01T14:36:14.149392,(2(0)-1772393774:149392),GncDeployment.systemResources.CPU_03,268509192,24.24 percent
2026-03-01T14:36:14.149416,(2(0)-1772393774:149416),GncDeployment.systemResources.CPU_04,268509193,4.00 percent
2026-03-01T14:36:14.149433,(2(0)-1772393774:149433),GncDeployment.systemResources.CPU_05,268509194,1.00 percent
2026-03-01T14:36:14.149452,(2(0)-1772393774:149452),GncDeployment.systemResources.CPU_06,268509195,0.00 percent
2026-03-01T14:36:14.149469,(2(0)-1772393774:149469),GncDeployment.systemResources.CPU_07,268509196,0.00 percent
2026-03-01T14:36:14.149470,(2(0)-1772393774:149470),GncDeployment.systemResources.CPU,268509188,14.23 percent
2026-03-01T14:36:14.149490,(2(0)-1772393774:149490),GncDeployment.systemResources.MEMORY_TOTAL,268509184,4245664 KB
2026-03-01T14:36:14.149491,(2(0)-1772393774:149491),GncDeployment.systemResources.MEMORY_USED,268509185,4160336 KB
2026-03-01T14:36:14.149534,(2(0)-1772393774:149534),GncDeployment.systemResources.NON_VOLATILE_FREE,268509187,136091312 KB
2026-03-01T14:36:14.149536,(2(0)-1772393774:149536),GncDeployment.systemResources.NON_VOLATILE_TOTAL,268509186,239362496 KB
2026-03-01T14:36:14.149327,(2(0)-1772393774:149327),GncDeployment.systemResources.CPU_00,268509189,29.29 percent
2026-03-01T14:36:14.149353,(2(0)-1772393774:149353),GncDeployment.systemResources.CPU_01,268509190,28.00 percent
2026-03-01T14:36:15.153690,(2(0)-1772393775:153690),GncDeployment.systemResources.CPU_00,268509189,27.27 percent
2026-03-01T14:36:15.153720,(2(0)-1772393775:153720),GncDeployment.systemResources.CPU_01,268509190,27.00 percent
2026-03-01T14:36:15.153740,(2(0)-1772393775:153740),GncDeployment.systemResources.CPU_02,268509191,21.00 percent
2026-03-01T14:36:15.153769,(2(0)-1772393775:153769),GncDeployment.systemResources.CPU_03,268509192,17.00 percent
2026-03-01T14:36:15.153791,(2(0)-1772393775:153791),GncDeployment.systemResources.CPU_04,268509193,5.00 percent
2026-03-01T14:36:15.153809,(2(0)-1772393775:153809),GncDeployment.systemResources.CPU_05,268509194,2.00 percent
2026-03-01T14:36:15.153829,(2(0)-1772393775:153829),GncDeployment.systemResources.CPU_06,268509195,1.00 percent
2026-03-01T14:36:15.153846,(2(0)-1772393775:153846),GncDeployment.systemResources.CPU_07,268509196,0.99 percent
2026-03-01T14:36:15.153849,(2(0)-1772393775:153849),GncDeployment.systemResources.CPU,268509188,12.66 percent
2026-03-01T14:36:15.153864,(2(0)-1772393775:153864),GncDeployment.systemResources.MEMORY_TOTAL,268509184,4259168 KB
2026-03-01T14:36:15.153866,(2(0)-1772393775:153866),GncDeployment.systemResources.MEMORY_USED,268509185,4173024 KB
2026-03-01T14:36:15.153895,(2(0)-1772393775:153895),GncDeployment.systemResources.NON_VOLATILE_FREE,268509187,136091296 KB
2026-03-01T14:36:15.153897,(2(0)-1772393775:153897),GncDeployment.systemResources.NON_VOLATILE_TOTAL,268509186,239362496 KB
2026-03-01T14:36:15.153924,(2(0)-1772393775:153924),ComCcsds.comQueue.comQueueDepth,33554432,['0', '1']
2026-03-01T14:36:15.153927,(2(0)-1772393775:153927),ComCcsds.comQueue.buffQueueDepth,33554433,['0']
2026-03-01T14:36:16.153902,(2(0)-1772393776:153902),ComCcsds.comQueue.comQueueDepth,33554432,['0', '1']
2026-03-01T14:36:16.153906,(2(0)-1772393776:153906),ComCcsds.comQueue.buffQueueDepth,33554433,['0']
2026-03-01T14:36:16.153748,(2(0)-1772393776:153748),GncDeployment.systemResources.CPU_02,268509191,29.00 percent
2026-03-01T14:36:16.153767,(2(0)-1772393776:153767),GncDeployment.systemResources.CPU_03,268509192,24.00 percent
2026-03-01T14:36:16.153788,(2(0)-1772393776:153788),GncDeployment.systemResources.CPU_04,268509193,14.85 percent
2026-03-01T14:36:16.153804,(2(0)-1772393776:153804),GncDeployment.systemResources.CPU_05,268509194,10.89 percent
2026-03-01T14:36:16.153821,(2(0)-1772393776:153821),GncDeployment.systemResources.CPU_06,268509195,6.00 percent
2026-03-01T14:36:16.153836,(2(0)-1772393776:153836),GncDeployment.systemResources.CPU_07,268509196,5.00 percent
2026-03-01T14:36:16.153838,(2(0)-1772393776:153838),GncDeployment.systemResources.CPU,268509188,19.88 percent
2026-03-01T14:36:16.153849,(2(0)-1772393776:153849),GncDeployment.systemResources.MEMORY_TOTAL,268509184,4290592 KB
2026-03-01T14:36:16.153851,(2(0)-1772393776:153851),GncDeployment.systemResources.MEMORY_USED,268509185,4189616 KB
2026-03-01T14:36:16.153868,(2(0)-1772393776:153868),GncDeployment.systemResources.NON_VOLATILE_FREE,268509187,136091448 KB
2026-03-01T14:36:16.153869,(2(0)-1772393776:153869),GncDeployment.systemResources.NON_VOLATILE_TOTAL,268509186,239362496 KB
2026-03-01T14:36:16.153704,(2(0)-1772393776:153704),GncDeployment.systemResources.CPU_00,268509189,37.00 percent
2026-03-01T14:36:16.153728,(2(0)-1772393776:153728),GncDeployment.systemResources.CPU_01,268509190,32.32 percent
2026-03-01T14:36:16.153740,(2(0)-1772393776:153740),ComCcsds.commsBufferManager.CurrBuffs,33562625,1
2026-03-01T14:36:17.158764,(2(0)-1772393777:158764),GncDeployment.systemResources.CPU_00,268509189,28.00 percent
2026-03-01T14:36:17.158798,(2(0)-1772393777:158798),GncDeployment.systemResources.CPU_01,268509190,25.00 percent
2026-03-01T14:36:17.158824,(2(0)-1772393777:158824),GncDeployment.systemResources.CPU_02,268509191,22.22 percent
2026-03-01T14:36:17.158846,(2(0)-1772393777:158846),GncDeployment.systemResources.CPU_03,268509192,19.00 percent
2026-03-01T14:36:17.158870,(2(0)-1772393777:158870),GncDeployment.systemResources.CPU_04,268509193,6.00 percent
2026-03-01T14:36:17.158891,(2(0)-1772393777:158891),GncDeployment.systemResources.CPU_05,268509194,4.00 percent
2026-03-01T14:36:17.158919,(2(0)-1772393777:158919),GncDeployment.systemResources.CPU_06,268509195,1.00 percent
2026-03-01T14:36:17.158948,(2(0)-1772393777:158948),GncDeployment.systemResources.CPU_07,268509196,0.00 percent
2026-03-01T14:36:17.158951,(2(0)-1772393777:158951),GncDeployment.systemResources.CPU,268509188,13.15 percent
2026-03-01T14:36:17.158971,(2(0)-1772393777:158971),GncDeployment.systemResources.MEMORY_TOTAL,268509184,4292432 KB
2026-03-01T14:36:17.158973,(2(0)-1772393777:158973),GncDeployment.systemResources.MEMORY_USED,268509185,4189264 KB
2026-03-01T14:36:17.159003,(2(0)-1772393777:159003),GncDeployment.systemResources.NON_VOLATILE_FREE,268509187,136091408 KB
2026-03-01T14:36:17.159004,(2(0)-1772393777:159004),GncDeployment.systemResources.NON_VOLATILE_TOTAL,268509186,239362496 KB
2026-03-01T14:36:17.159025,(2(0)-1772393777:159025),ComCcsds.comQueue.comQueueDepth,33554432,['0', '1']
2026-03-01T14:36:17.159029,(2(0)-1772393777:159029),ComCcsds.comQueue.buffQueueDepth,33554433,['0']
