2026-03-01T14:37:57.221903,(2(0)-1772393877:221903),CdhCore.version.FrameworkVersion,16789504,v4.1.1
2026-03-01T14:37:57.221908,(2(0)-1772393877:221908),CdhCore.version.ProjectVersion,16789505,ef106fd-dirty
2026-03-01T14:37:58.222185,(2(0)-1772393878:222185),GncDeployment.rateGroup2.RgMaxTime,268443648,36 us
2026-03-01T14:37:58.222214,(2(0)-1772393878:222214),GncDeployment.systemResources.CPU_00,268509189,21.78 percent
2026-03-01T14:37:58.222225,(2(0)-1772393878:222225),GncDeployment.systemResources.CPU_01,268509190,20.32 percent
2026-03-01T14:37:58.222235,(2(0)-1772393878:222235),GncDeployment.systemResources.CPU_02,268509191,17.19 percent
2026-03-01T14:37:58.222245,(2(0)-1772393878:222245),GncDeployment.systemResources.CPU_03,268509192,14.99 percent
2026-03-01T14:37:58.222254,(2(0)-1772393878:222254),GncDeployment.systemResources.CPU_04,268509193,10.25 percent
2026-03-01T14:37:58.222263,(2(0)-1772393878:222263),GncDeployment.systemResources.CPU_05,268509194,8.20 percent
2026-03-01T14:37:58.222272,(2(0)-1772393878:222272),GncDeployment.systemResources.CPU_06,268509195,4.89 percent
2026-03-01T14:37:58.222280,(2(0)-1772393878:222280),GncDeployment.systemResources.CPU_07,268509196,3.70 percent
2026-03-01T14:37:58.222282,(2(0)-1772393878:222282),GncDeployment.systemResources.CPU,268509188,12.67 percent
2026-03-01T14:37:58.222289,(2(0)-1772393878:222289),GncDeployment.systemResources.MEMORY_TOTAL,268509184,4509216 KB
2026-03-01T14:37:58.222289,(2(0)-1772393878:222289),GncDeployment.systemResources.MEMORY_USED,268509185,4406528 KB
2026-03-01T14:37:58.222301,(2(0)-1772393878:222301),GncDeployment.systemResources.NON_VOLATILE_FREE,268509187,136103696 KB
2026-03-01T14:37:58.222302,(2(0)-1772393878:222302),GncDeployment.systemResources.NON_VOLATILE_TOTAL,268509186,239362496 KB
2026-03-01T14:37:58.222316,(2(0)-1772393878:222316),GncDeployment.rateGroup1.RgMaxTime,268439552,172 us
2026-03-01T14:37:58.222322,(2(0)-1772393878:222322),ComCcsds.commsBufferManager.HiBuffs,33562626,1
2026-03-01T14:37:58.222323,(2(0)-1772393878:222323),ComCcsds.commsBufferManager.CurrBuffs,33562625,1
2026-03-01T14:37:58.222324,(2(0)-1772393878:222324),ComCcsds.commsBufferManager.TotalBuffs,33562624,50
2026-03-01T14:37:58.222325,(2(0)-1772393878:222325),ComCcsds.commsBufferManager.NoBuffs,33562627,0
2026-03-01T14:37:58.222326,(2(0)-1772393878:222326),ComCcsds.commsBufferManager.EmptyBuffs,33562628,0
2026-03-01T14:37:58.222326,(2(0)-1772393878:222326),DataProducts.dpBufferManager.HiBuffs,67121154,0
2026-03-01T14:37:58.222327,(2(0)-1772393878:222327),DataProducts.dpBufferManager.CurrBuffs,67121153,0
2026-03-01T14:37:58.222328,(2(0)-1772393878:222328),DataProducts.dpBufferManager.TotalBuffs,67121152,10
2026-03-01T14:37:58.222328,(2(0)-1772393878:222328),DataProducts.dpBufferManager.NoBuffs,67121155,0
2026-03-01T14:37:58.222329,(2(0)-1772393878:222329),DataProducts.dpBufferManager.EmptyBuffs,67121156,0
2026-03-01T14:37:58.222337,(2(0)-1772393878:222337),ComCcsds.comQueue.comQueueDepth,33554432,['1', '0']
2026-03-01T14:37:58.222345,(2(0)-1772393878:222345),ComCcsds.comQueue.buffQueueDepth,33554433,['0']
2026-03-01T14:37:58.222338,(2(0)-1772393878:222338),GncDeployment.rateGroup3.RgMaxTime,268447744,193 us
2026-03-01T14:37:58.222359,(2(0)-1772393878:222359),DataProducts.dpMgr.NumSuccessfulAllocations,67112960,0
2026-03-01T14:37:58.222359,(2(0)-1772393878:222359),DataProducts.dpMgr.NumFailedAllocations,67112961,0
2026-03-01T14:37:58.222370,(2(0)-1772393878:222370),DataProducts.dpMgr.NumDataProducts,67112962,0
2026-03-01T14:37:58.222370,(2(0)-1772393878:222370),DataProducts.dpMgr.NumBytes,67112963,0
2026-03-01T14:37:58.222375,(2(0)-1772393878:222375),DataProducts.dpWriter.NumBuffersReceived,67117056,0
2026-03-01T14:37:58.222375,(2(0)-1772393878:222375),DataProducts.dpWriter.NumBytesWritten,67117057,0
2026-03-01T14:37:58.222376,(2(0)-1772393878:222376),DataProducts.dpWriter.NumSuccessfulWrites,67117058,0
2026-03-01T14:37:58.222377,(2(0)-1772393878:222377),DataProducts.dpWriter.NumFailedWrites,67117059,0
2026-03-01T14:37:58.222377,(2(0)-1772393878:222377),DataProducts.dpWriter.NumErrors,67117060,0
2026-03-01T14:38:00.229161,(2(0)-1772393880:229161),GncDeployment.rateGroup2.RgMaxTime,268443648,426 us
2026-03-01T14:38:00.228867,(2(0)-1772393880:228867),GncDeployment.systemResources.CPU_00,268509189,40.40 percent
2026-03-01T14:38:00.228897,(2(0)-1772393880:228897),GncDeployment.systemResources.CPU_01,268509190,38.38 percent
2026-03-01T14:38:00.228920,(2(0)-1772393880:228920),GncDeployment.systemResources.CPU_02,268509191,31.63 percent
2026-03-01T14:38:00.228942,(2(0)-1772393880:228942),GncDeployment.systemResources.CPU_03,268509192,27.84 percent
2026-03-01T14:38:00.228964,(2(0)-1772393880:228964),GncDeployment.systemResources.CPU_04,268509193,15.84 percent
2026-03-01T14:38:00.228982,(2(0)-1772393880:228982),GncDeployment.systemResources.CPU_05,268509194,3.00 percent
2026-03-01T14:38:00.229001,(2(0)-1772393880:229001),GncDeployment.systemResources.CPU_06,268509195,5.05 percent
2026-03-01T14:38:00.229019,(2(0)-1772393880:229019),GncDeployment.systemResources.CPU_07,268509196,4.95 percent
2026-03-01T14:38:00.229021,(2(0)-1772393880:229021),GncDeployment.systemResources.CPU,268509188,20.89 percent
2026-03-01T14:38:00.229035,(2(0)-1772393880:229035),GncDeployment.systemResources.MEMORY_TOTAL,268509184,4462144 KB
2026-03-01T14:38:00.229037,(2(0)-1772393880:229037),GncDeployment.systemResources.MEMORY_USED,268509185,4358816 KB
2026-03-01T14:38:00.229069,(2(0)-1772393880:229069),GncDeployment.systemResources.NON_VOLATILE_FREE,268509187,136103288 KB
2026-03-01T14:38:00.229070,(2(0)-1772393880:229070),GncDeployment.systemResources.NON_VOLATILE_TOTAL,268509186,239362496 KB
2026-03-01T14:37:59.227601,(2(0)-1772393879:227601),GncDeployment.rateGroup1.RgMaxTime,268439552,376 us
2026-03-01T14:38:00.229627,(2(0)-1772393880:229627),ComCcsds.comQueue.comQueueDepth,33554432,['0', '0']
2026-03-01T14:38:00.229632,(2(0)-1772393880:229632),ComCcsds.comQueue.buffQueueDepth,33554433,['0']
2026-03-01T14:38:01.229930,(2(0)-1772393881:229930),GncDeployment.systemResources.CPU_00,268509189,65.66 percent
2026-03-01T14:38:01.229994,(2(0)-1772393881:229994),GncDeployment.systemResources.CPU_01,268509190,59.60 percent
2026-03-01T14:38:01.230018,(2(0)-1772393881:230018),GncDeployment.systemResources.CPU_02,268509191,57.00 percent
2026-03-01T14:38:01.230044,(2(0)-1772393881:230044),GncDeployment.systemResources.CPU_03,268509192,54.00 percent
2026-03-01T14:38:01.230066,(2(0)-1772393881:230066),GncDeployment.systemResources.CPU_04,268509193,61.62 percent
2026-03-01T14:38:01.230146,(2(0)-1772393881:230146),GncDeployment.systemResources.CPU_05,268509194,63.64 percent
2026-03-01T14:38:01.230167,(2(0)-1772393881:230167),GncDeployment.systemResources.CPU_06,268509195,50.51 percent
2026-03-01T14:38:01.230188,(2(0)-1772393881:230188),GncDeployment.systemResources.CPU_07,268509196,45.45 percent
2026-03-01T14:38:01.230191,(2(0)-1772393881:230191),GncDeployment.systemResources.CPU,268509188,57.18 percent
2026-03-01T14:38:01.230203,(2(0)-1772393881:230203),GncDeployment.systemResources.MEMORY_TOTAL,268509184,4131088 KB
2026-03-01T14:38:01.230206,(2(0)-1772393881:230206),GncDeployment.systemResources.MEMORY_USED,268509185,3956816 KB
2026-03-01T14:38:01.230233,(2(0)-1772393881:230233),GncDeployment.systemResources.NON_VOLATILE_FREE,268509187,136102676 KB
2026-03-01T14:38:01.230235,(2(0)-1772393881:230235),GncDeployment.systemResources.NON_VOLATILE_TOTAL,268509186,239362496 KB
2026-03-01T14:38:01.230246,(2(0)-1772393881:230246),GncDeployment.rateGroup1.RgMaxTime,268439552,469 us
2026-03-01T14:38:01.230251,(2(0)-1772393881:230251),ComCcsds.comQueue.comQueueDepth,33554432,['0', '1']
2026-03-01T14:38:01.230254,(2(0)-1772393881:230254),ComCcsds.comQueue.buffQueueDepth,33554433,['0']
2026-03-01T14:38:02.234948,(2(0)-1772393882:234948),GncDeployment.systemResources.CPU_00,268509189,42.42 percent
2026-03-01T14:38:02.234978,(2(0)-1772393882:234978),GncDeployment.systemResources.CPU_01,268509190,41.00 percent
2026-03-01T14:38:02.234998,(2(0)-1772393882:234998),GncDeployment.systemResources.CPU_02,268509191,36.36 percent
2026-03-01T14:38:02.235016,(2(0)-1772393882:235016),GncDeployment.systemResources.CPU_03,268509192,34.00 percent
2026-03-01T14:38:02.235035,(2(0)-1772393882:235035),GncDeployment.systemResources.CPU_04,268509193,9.90 percent
2026-03-01T14:38:02.235053,(2(0)-1772393882:235053),ComCcsds.commsBufferManager.HiBuffs,33562626,2
2026-03-01T14:38:02.235056,(2(0)-1772393882:235056),GncDeployment.systemResources.CPU_05,268509194,12.00 percent
2026-03-01T14:38:02.235082,(2(0)-1772393882:235082),GncDeployment.systemResources.CPU_06,268509195,4.95 percent
2026-03-01T14:38:02.235096,(2(0)-1772393882:235096),GncDeployment.rateGroup3.RgMaxTime,268447744,291 us
2026-03-01T14:38:02.235110,(2(0)-1772393882:235110),GncDeployment.systemResources.CPU_07,268509196,1.98 percent
2026-03-01T14:38:02.235112,(2(0)-1772393882:235112),GncDeployment.systemResources.CPU,268509188,22.83 percent
2026-03-01T14:38:02.235129,(2(0)-1772393882:235129),GncDeployment.systemResources.MEMORY_TOTAL,268509184,4122256 KB
2026-03-01T14:38:02.235131,(2(0)-1772393882:235131),GncDeployment.systemResources.MEMORY_USED,268509185,3944832 KB
2026-03-01T14:38:02.235166,(2(0)-1772393882:235166),GncDeployment.systemResources.NON_VOLATILE_FREE,268509187,136102612 KB
2026-03-01T14:38:02.235168,(2(0)-1772393882:235168),GncDeployment.systemResources.NON_VOLATILE_TOTAL,268509186,239362496 KB
2026-03-01T14:38:02.235187,(2(0)-1772393882:235187),ComCcsds.comQueue.comQueueDepth,33554432,['0', '1']
2026-03-01T14:38:02.235191,(2(0)-1772393882:235191),ComCcsds.comQueue.buffQueueDepth,33554433,['0']
2026-03-01T14:38:03.237671,(2(0)-1772393883:237671),GncDeployment.systemResources.CPU_00,268509189,38.00 percent
2026-03-01T14:38:03.237703,(2(0)-1772393883:237703),GncDeployment.systemResources.CPU_01,268509190,35.35 percent
2026-03-01T14:38:03.237714,(2(0)-1772393883:237714),GncDeployment.systemResources.CPU_02,268509191,30.00 percent
2026-03-01T14:38:03.237744,(2(0)-1772393883:237744),GncDeployment.systemResources.CPU_03,268509192,23.00 percent
2026-03-01T14:38:03.237752,(2(0)-1772393883:237752),GncDeployment.systemResources.CPU_04,268509193,8.08 percent
2026-03-01T14:38:03.237763,(2(0)-1772393883:237763),GncDeployment.systemResources.CPU_05,268509194,5.88 percent
2026-03-01T14:38:03.237816,(2(0)-1772393883:237816),GncDeployment.systemResources.CPU_06,268509195,2.97 percent
2026-03-01T14:38:03.237863,(2(0)-1772393883:237863),GncDeployment.systemResources.CPU_07,268509196,1.98 percent
2026-03-01T14:38:03.237864,(2(0)-1772393883:237864),GncDeployment.systemResources.CPU,268509188,18.16 percent
2026-03-01T14:38:03.237870,(2(0)-1772393883:237870),GncDeployment.systemResources.MEMORY_TOTAL,268509184,4134656 KB
2026-03-01T14:38:03.237871,(2(0)-1772393883:237871),GncDeployment.systemResources.MEMORY_USED,268509185,3957472 KB
2026-03-01T14:38:03.237883,(2(0)-1772393883:237883),GncDeployment.systemResources.NON_VOLATILE_FREE,268509187,136102612 KB
2026-03-01T14:38:03.237884,(2(0)-1772393883:237884),GncDeployment.systemResources.NON_VOLATILE_TOTAL,268509186,239362496 KB
2026-03-01T14:38:03.237900,(2(0)-1772393883:237900),ComCcsds.comQueue.comQueueDepth,33554432,['0', '1']
2026-03-01T14:38:03.237902,(2(0)-1772393883:237902),ComCcsds.comQueue.buffQueueDepth,33554433,['0']
2026-03-01T14:38:04.237755,(2(0)-1772393884:237755),GncDeployment.systemResources.CPU_00,268509189,31.31 percent
2026-03-01T14:38:04.237788,(2(0)-1772393884:237788),GncDeployment.systemResources.CPU_01,268509190,32.00 percent
2026-03-01T14:38:04.237827,(2(0)-1772393884:237827),GncDeployment.systemResources.CPU_02,268509191,26.26 percent
2026-03-01T14:38:04.237868,(2(0)-1772393884:237868),GncDeployment.systemResources.CPU_03,268509192,20.00 percent
2026-03-01T14:38:04.237921,(2(0)-1772393884:237921),GncDeployment.systemResources.CPU_04,268509193,15.15 percent
2026-03-01T14:38:04.237947,(2(0)-1772393884:237947),GncDeployment.systemResources.CPU_05,268509194,16.33 percent
2026-03-01T14:38:04.237960,(2(0)-1772393884:237960),GncDeployment.systemResources.CPU_06,268509195,4.04 percent
2026-03-01T14:38:04.237985,(2(0)-1772393884:237985),GncDeployment.systemResources.CPU_07,268509196,2.02 percent
2026-03-01T14:38:04.237986,(2(0)-1772393884:237986),GncDeployment.systemResources.CPU,268509188,18.39 percent
2026-03-01T14:38:04.237993,(2(0)-1772393884:237993),GncDeployment.systemResources.MEMORY_TOTAL,268509184,4175216 KB
2026-03-01T14:38:04.237994,(2(0)-1772393884:237994),GncDeployment.systemResources.MEMORY_USED,268509185,3998928 KB
2026-03-01T14:38:04.238010,(2(0)-1772393884:238010),GncDeployment.systemResources.NON_VOLATILE_FREE,268509187,136102604 KB
2026-03-01T14:38:04.238011,(2(0)-1772393884:238011),GncDeployment.systemResources.NON_VOLATILE_TOTAL,268509186,239362496 KB
2026-03-01T14:38:04.238031,(2(0)-1772393884:238031),ComCcsds.comQueue.comQueueDepth,33554432,['0', '1']
2026-03-01T14:38:04.238034,(2(0)-1772393884:238034),ComCcsds.comQueue.buffQueueDepth,33554433,['0']
2026-03-01T14:38:05.242790,(2(0)-1772393885:242790),GncDeployment.systemResources.CPU_00,268509189,36.36 percent
2026-03-01T14:38:05.242807,(2(0)-1772393885:242807),GncDeployment.systemResources.CPU_01,268509190,33.33 percent
2026-03-01T14:38:05.242820,(2(0)-1772393885:242820),GncDeployment.systemResources.CPU_02,268509191,28.00 percent
2026-03-01T14:38:05.242832,(2(0)-1772393885:242832),GncDeployment.systemResources.CPU_03,268509192,26.26 percent
2026-03-01T14:38:05.242846,(2(0)-1772393885:242846),GncDeployment.systemResources.CPU_04,268509193,22.77 percent
2026-03-01T14:38:05.242856,(2(0)-1772393885:242856),GncDeployment.systemResources.CPU_05,268509194,12.87 percent
2026-03-01T14:38:05.242867,(2(0)-1772393885:242867),GncDeployment.systemResources.CPU_06,268509195,10.89 percent
2026-03-01T14:38:05.242877,(2(0)-1772393885:242877),GncDeployment.systemResources.CPU_07,268509196,6.00 percent
2026-03-01T14:38:05.242879,(2(0)-1772393885:242879),GncDeployment.systemResources.CPU,268509188,22.06 percent
2026-03-01T14:38:05.242890,(2(0)-1772393885:242890),GncDeployment.systemResources.MEMORY_TOTAL,268509184,4207504 KB
2026-03-01T14:38:05.242891,(2(0)-1772393885:242891),GncDeployment.systemResources.MEMORY_USED,268509185,4023824 KB
2026-03-01T14:38:05.242910,(2(0)-1772393885:242910),GncDeployment.systemResources.NON_VOLATILE_FREE,268509187,136102600 KB
2026-03-01T14:38:05.242911,(2(0)-1772393885:242911),GncDeployment.systemResources.NON_VOLATILE_TOTAL,268509186,239362496 KB
2026-03-01T14:38:05.242931,(2(0)-1772393885:242931),ComCcsds.comQueue.comQueueDepth,33554432,['0', '1']
2026-03-01T14:38:05.242933,(2(0)-1772393885:242933),ComCcsds.comQueue.buffQueueDepth,33554433,['0']
2026-03-01T14:38:06.247805,(2(0)-1772393886:247805),GncDeployment.systemResources.CPU_00,268509189,41.00 percent
2026-03-01T14:38:06.247828,(2(0)-1772393886:247828),GncDeployment.systemResources.CPU_01,268509190,37.37 percent
2026-03-01T14:38:06.247848,(2(0)-1772393886:247848),GncDeployment.systemResources.CPU_02,268509191,31.31 percent
2026-03-01T14:38:06.247864,(2(0)-1772393886:247864),GncDeployment.systemResources.CPU_03,268509192,27.72 percent
2026-03-01T14:38:06.247884,(2(0)-1772393886:247884),GncDeployment.systemResources.CPU_04,268509193,23.00 percent
2026-03-01T14:38:06.247901,(2(0)-1772393886:247901),GncDeployment.systemResources.CPU_05,268509194,20.00 percent
2026-03-01T14:38:06.247919,(2(0)-1772393886:247919),GncDeployment.systemResources.CPU_06,268509195,8.00 percent
2026-03-01T14:38:06.247941,(2(0)-1772393886:247941),GncDeployment.systemResources.CPU_07,268509196,4.95 percent
2026-03-01T14:38:06.247943,(2(0)-1772393886:247943),GncDeployment.systemResources.CPU,268509188,24.17 percent
2026-03-01T14:38:06.247955,(2(0)-1772393886:247955),GncDeployment.systemResources.MEMORY_TOTAL,268509184,4244848 KB
2026-03-01T14:38:06.247957,(2(0)-1772393886:247957),GncDeployment.systemResources.MEMORY_USED,268509185,4127920 KB
2026-03-01T14:38:06.247978,(2(0)-1772393886:247978),GncDeployment.systemResources.NON_VOLATILE_FREE,268509187,136102340 KB
2026-03-01T14:38:06.247979,(2(0)-1772393886:247979),GncDeployment.systemResources.NON_VOLATILE_TOTAL,268509186,239362496 KB
2026-03-01T14:38:06.247989,(2(0)-1772393886:247989),ComCcsds.comQueue.comQueueDepth,33554432,['0', '1']
2026-03-01T14:38:06.247993,(2(0)-1772393886:247993),ComCcsds.comQueue.buffQueueDepth,33554433,['0']
2026-03-01T14:38:07.252871,(2(0)-1772393887:252871),GncDeployment.systemResources.CPU_00,268509189,54.00 percent
2026-03-01T14:38:07.252905,(2(0)-1772393887:252905),GncDeployment.systemResources.CPU_01,268509190,52.48 percent
2026-03-01T14:38:07.252926,(2(0)-1772393887:252926),GncDeployment.systemResources.CPU_02,268509191,49.50 percent
2026-03-01T14:38:07.252945,(2(0)-1772393887:252945),GncDeployment.systemResources.CPU_03,268509192,49.00 percent
2026-03-01T14:38:07.252965,(2(0)-1772393887:252965),GncDeployment.systemResources.CPU_04,268509193,14.00 percent
2026-03-01T14:38:07.252983,(2(0)-1772393887:252983),GncDeployment.systemResources.CPU_05,268509194,9.00 percent
2026-03-01T14:38:07.253003,(2(0)-1772393887:253003),GncDeployment.systemResources.CPU_06,268509195,5.00 percent
2026-03-01T14:38:07.253021,(2(0)-1772393887:253021),GncDeployment.systemResources.CPU_07,268509196,2.00 percent
2026-03-01T14:38:07.253022,(2(0)-1772393887:253022),GncDeployment.systemResources.CPU,268509188,29.37 percent
2026-03-01T14:38:07.253039,(2(0)-1772393887:253039),GncDeployment.systemResources.MEMORY_TOTAL,268509184,4205424 KB
2026-03-01T14:38:07.253041,(2(0)-1772393887:253041),GncDeployment.systemResources.MEMORY_USED,268509185,4090368 KB
2026-03-01T14:38:07.253075,(2(0)-1772393887:253075),GncDeployment.systemResources.NON_VOLATILE_FREE,268509187,136102336 KB
2026-03-01T14:38:07.253076,(2(0)-1772393887:253076),GncDeployment.systemResources.NON_VOLATILE_TOTAL,268509186,239362496 KB
2026-03-01T14:38:07.253094,(2(0)-1772393887:253094),ComCcsds.comQueue.comQueueDepth,33554432,['0', '1']
2026-03-01T14:38:07.253098,(2(0)-1772393887:253098),ComCcsds.comQueue.buffQueueDepth,33554433,['0']
2026-03-01T14:38:08.256167,(2(0)-1772393888:256167),GncDeployment.systemResources.CPU_00,268509189,64.00 percent
2026-03-01T14:38:08.256188,(2(0)-1772393888:256188),GncDeployment.systemResources.CPU_01,268509190,60.61 percent
2026-03-01T14:38:08.256203,(2(0)-1772393888:256203),GncDeployment.systemResources.CPU_02,268509191,58.59 percent
2026-03-01T14:38:08.256218,(2(0)-1772393888:256218),GncDeployment.systemResources.CPU_03,268509192,51.52 percent
2026-03-01T14:38:08.256246,(2(0)-1772393888:256246),GncDeployment.systemResources.CPU_04,268509193,7.00 percent
2026-03-01T14:38:08.256262,(2(0)-1772393888:256262),GncDeployment.systemResources.CPU_05,268509194,2.97 percent
2026-03-01T14:38:08.256277,(2(0)-1772393888:256277),GncDeployment.systemResources.CPU_06,268509195,0.99 percent
2026-03-01T14:38:08.256304,(2(0)-1772393888:256304),GncDeployment.systemResources.CPU_07,268509196,1.00 percent
2026-03-01T14:38:08.256307,(2(0)-1772393888:256307),GncDeployment.systemResources.CPU,268509188,30.83 percent
2026-03-01T14:38:08.256323,(2(0)-1772393888:256323),GncDeployment.systemResources.MEMORY_TOTAL,268509184,4217776 KB
2026-03-01T14:38:08.256325,(2(0)-1772393888:256325),GncDeployment.systemResources.MEMORY_USED,268509185,4121600 KB
2026-03-01T14:38:08.256352,(2(0)-1772393888:256352),GncDeployment.systemResources.NON_VOLATILE_FREE,268509187,136102776 KB
2026-03-01T14:38:08.256354,(2(0)-1772393888:256354),GncDeployment.systemResources.NON_VOLATILE_TOTAL,268509186,239362496 KB
2026-03-01T14:38:08.256378,(2(0)-1772393888:256378),ComCcsds.comQueue.comQueueDepth,33554432,['0', '1']
2026-03-01T14:38:08.256381,(2(0)-1772393888:256381),ComCcsds.comQueue.buffQueueDepth,33554433,['0']
2026-03-01T14:38:10.262208,(2(0)-1772393890:262208),GncDeployment.systemResources.CPU_00,268509189,32.65 percent
2026-03-01T14:38:10.262239,(2(0)-1772393890:262239),GncDeployment.systemResources.CPU_01,268509190,31.31 percent
2026-03-01T14:38:10.262261,(2(0)-1772393890:262261),GncDeployment.systemResources.CPU_02,268509191,26.26 percent
2026-03-01T14:38:10.262282,(2(0)-1772393890:262282),GncDeployment.systemResources.CPU_03,268509192,24.24 percent
2026-03-01T14:38:10.262304,(2(0)-1772393890:262304),GncDeployment.systemResources.CPU_04,268509193,6.00 percent
2026-03-01T14:38:10.262326,(2(0)-1772393890:262326),GncDeployment.systemResources.CPU_05,268509194,5.00 percent
2026-03-01T14:38:10.262343,(2(0)-1772393890:262343),GncDeployment.systemResources.CPU_06,268509195,1.98 percent
2026-03-01T14:38:10.262363,(2(0)-1772393890:262363),GncDeployment.systemResources.CPU_07,268509196,1.00 percent
2026-03-01T14:38:10.262365,(2(0)-1772393890:262365),GncDeployment.systemResources.CPU,268509188,16.06 percent
2026-03-01T14:38:09.261464,(2(0)-1772393889:261464),GncDeployment.systemResources.MEMORY_TOTAL,268509184,4205680 KB
2026-03-01T14:38:09.261465,(2(0)-1772393889:261465),GncDeployment.systemResources.MEMORY_USED,268509185,4104480 KB
2026-03-01T14:38:09.261498,(2(0)-1772393889:261498),GncDeployment.systemResources.NON_VOLATILE_FREE,268509187,136102796 KB
2026-03-01T14:38:09.261500,(2(0)-1772393889:261500),GncDeployment.systemResources.NON_VOLATILE_TOTAL,268509186,239362496 KB
2026-03-01T14:38:09.261526,(2(0)-1772393889:261526),ComCcsds.comQueue.comQueueDepth,33554432,['0', '1']
2026-03-01T14:38:09.261528,(2(0)-1772393889:261528),ComCcsds.comQueue.buffQueueDepth,33554433,['0']
2026-03-01T14:38:10.262380,(2(0)-1772393890:262380),GncDeployment.systemResources.MEMORY_TOTAL,268509184,4207792 KB
2026-03-01T14:38:10.262388,(2(0)-1772393890:262388),GncDeployment.systemResources.MEMORY_USED,268509185,4099920 KB
2026-03-01T14:38:10.262424,(2(0)-1772393890:262424),GncDeployment.systemResources.NON_VOLATILE_FREE,268509187,136102760 KB
2026-03-01T14:38:10.262426,(2(0)-1772393890:262426),GncDeployment.systemResources.NON_VOLATILE_TOTAL,268509186,239362496 KB
2026-03-01T14:38:10.262454,(2(0)-1772393890:262454),ComCcsds.comQueue.comQueueDepth,33554432,['0', '0']
2026-03-01T14:38:10.262458,(2(0)-1772393890:262458),ComCcsds.comQueue.buffQueueDepth,33554433,['0']
2026-03-01T14:38:11.266316,(2(0)-1772393891:266316),GncDeployment.systemResources.CPU_00,268509189,37.62 percent
2026-03-01T14:38:11.266348,(2(0)-1772393891:266348),GncDeployment.systemResources.CPU_01,268509190,34.65 percent
2026-03-01T14:38:11.266368,(2(0)-1772393891:266368),GncDeployment.systemResources.CPU_02,268509191,29.29 percent
2026-03-01T14:38:11.266391,(2(0)-1772393891:266391),GncDeployment.systemResources.CPU_03,268509192,26.00 percent
2026-03-01T14:38:11.266419,(2(0)-1772393891:266419),GncDeployment.systemResources.CPU_04,268509193,4.04 percent
2026-03-01T14:38:11.266445,(2(0)-1772393891:266445),GncDeployment.systemResources.CPU_05,268509194,2.00 percent
2026-03-01T14:38:11.266470,(2(0)-1772393891:266470),GncDeployment.systemResources.CPU_06,268509195,1.00 percent
2026-03-01T14:38:11.266497,(2(0)-1772393891:266497),GncDeployment.systemResources.CPU_07,268509196,1.00 percent
2026-03-01T14:38:11.266499,(2(0)-1772393891:266499),GncDeployment.systemResources.CPU,268509188,16.95 percent
2026-03-01T14:38:11.266523,(2(0)-1772393891:266523),GncDeployment.systemResources.MEMORY_TOTAL,268509184,4215792 KB
2026-03-01T14:38:11.266525,(2(0)-1772393891:266525),GncDeployment.systemResources.MEMORY_USED,268509185,4118480 KB
2026-03-01T14:38:11.266561,(2(0)-1772393891:266561),GncDeployment.systemResources.NON_VOLATILE_FREE,268509187,136103304 KB
2026-03-01T14:38:11.266562,(2(0)-1772393891:266562),GncDeployment.systemResources.NON_VOLATILE_TOTAL,268509186,239362496 KB
2026-03-01T14:38:11.266581,(2(0)-1772393891:266581),ComCcsds.comQueue.comQueueDepth,33554432,['0', '1']
2026-03-01T14:38:11.266584,(2(0)-1772393891:266584),ComCcsds.comQueue.buffQueueDepth,33554433,['0']
2026-03-01T14:38:12.271317,(2(0)-1772393892:271317),GncDeployment.systemResources.CPU_00,268509189,40.40 percent
2026-03-01T14:38:12.271340,(2(0)-1772393892:271340),GncDeployment.systemResources.CPU_01,268509190,32.32 percent
2026-03-01T14:38:12.271356,(2(0)-1772393892:271356),GncDeployment.systemResources.CPU_02,268509191,30.69 percent
2026-03-01T14:38:12.271373,(2(0)-1772393892:271373),GncDeployment.systemResources.CPU_03,268509192,26.26 percent
2026-03-01T14:38:12.271388,(2(0)-1772393892:271388),GncDeployment.systemResources.CPU_04,268509193,16.67 percent
2026-03-01T14:38:12.271403,(2(0)-1772393892:271403),GncDeployment.systemResources.CPU_05,268509194,8.91 percent
2026-03-01T14:38:12.271419,(2(0)-1772393892:271419),GncDeployment.systemResources.CPU_06,268509195,5.00 percent
2026-03-01T14:38:12.271438,(2(0)-1772393892:271438),GncDeployment.systemResources.CPU_07,268509196,3.00 percent
2026-03-01T14:38:12.271440,(2(0)-1772393892:271440),GncDeployment.systemResources.CPU,268509188,20.41 percent
2026-03-01T14:38:12.271454,(2(0)-1772393892:271454),GncDeployment.systemResources.MEMORY_TOTAL,268509184,4226240 KB
2026-03-01T14:38:12.271455,(2(0)-1772393892:271455),GncDeployment.systemResources.MEMORY_USED,268509185,4142992 KB
2026-03-01T14:38:12.271485,(2(0)-1772393892:271485),GncDeployment.systemResources.NON_VOLATILE_FREE,268509187,136103216 KB
2026-03-01T14:38:12.271486,(2(0)-1772393892:271486),GncDeployment.systemResources.NON_VOLATILE_TOTAL,268509186,239362496 KB
2026-03-01T14:38:12.271504,(2(0)-1772393892:271504),ComCcsds.comQueue.comQueueDepth,33554432,['0', '1']
2026-03-01T14:38:12.271507,(2(0)-1772393892:271507),ComCcsds.comQueue.buffQueueDepth,33554433,['0']
2026-03-01T14:38:14.278740,(2(0)-1772393894:278740),GncDeployment.systemResources.CPU_00,268509189,32.32 percent
2026-03-01T14:38:14.278773,(2(0)-1772393894:278773),GncDeployment.systemResources.CPU_01,268509190,26.26 percent
2026-03-01T14:38:14.278805,(2(0)-1772393894:278805),GncDeployment.systemResources.CPU_02,268509191,24.00 percent
2026-03-01T14:38:14.278827,(2(0)-1772393894:278827),GncDeployment.systemResources.CPU_03,268509192,18.18 percent
2026-03-01T14:38:14.278849,(2(0)-1772393894:278849),GncDeployment.systemResources.CPU_04,268509193,19.19 percent
2026-03-01T14:38:14.278867,(2(0)-1772393894:278867),GncDeployment.systemResources.CPU_05,268509194,11.00 percent
2026-03-01T14:38:14.278884,(2(0)-1772393894:278884),GncDeployment.systemResources.CPU_06,268509195,5.05 percent
2026-03-01T14:38:14.278900,(2(0)-1772393894:278900),GncDeployment.systemResources.CPU_07,268509196,3.96 percent
2026-03-01T14:38:14.278902,(2(0)-1772393894:278902),GncDeployment.systemResources.CPU,268509188,17.50 percent
2026-03-01T14:38:14.278918,(2(0)-1772393894:278918),GncDeployment.systemResources.MEMORY_TOTAL,268509184,4211312 KB
2026-03-01T14:38:14.278920,(2(0)-1772393894:278920),GncDeployment.systemResources.MEMORY_USED,268509185,4147664 KB
2026-03-01T14:38:14.278955,(2(0)-1772393894:278955),GncDeployment.systemResources.NON_VOLATILE_FREE,268509187,136103000 KB
2026-03-01T14:38:14.278957,(2(0)-1772393894:278957),GncDeployment.systemResources.NON_VOLATILE_TOTAL,268509186,239362496 KB
2026-03-01T14:38:14.278995,(2(0)-1772393894:278995),ComCcsds.comQueue.comQueueDepth,33554432,['0', '0']
2026-03-01T14:38:14.278999,(2(0)-1772393894:278999),ComCcsds.comQueue.buffQueueDepth,33554433,['0']
2026-03-01T14:38:14.278897,(2(0)-1772393894:278897),GncDeployment.rateGroup3.RgMaxTime,268447744,296 us
2026-03-01T14:38:15.282866,(2(0)-1772393895:282866),GncDeployment.systemResources.CPU_00,268509189,27.27 percent
2026-03-01T14:38:15.282900,(2(0)-1772393895:282900),GncDeployment.systemResources.CPU_01,268509190,26.26 percent
2026-03-01T14:38:15.282919,(2(0)-1772393895:282919),GncDeployment.systemResources.CPU_02,268509191,23.76 percent
2026-03-01T14:38:15.282943,(2(0)-1772393895:282943),GncDeployment.systemResources.CPU_03,268509192,19.80 percent
2026-03-01T14:38:15.282962,(2(0)-1772393895:282962),GncDeployment.systemResources.CPU_04,268509193,16.00 percent
2026-03-01T14:38:15.282985,(2(0)-1772393895:282985),GncDeployment.systemResources.CPU_05,268509194,6.06 percent
2026-03-01T14:38:15.283006,(2(0)-1772393895:283006),GncDeployment.systemResources.CPU_06,268509195,4.00 percent
2026-03-01T14:38:15.283025,(2(0)-1772393895:283025),GncDeployment.systemResources.CPU_07,268509196,2.97 percent
2026-03-01T14:38:15.283027,(2(0)-1772393895:283027),GncDeployment.systemResources.CPU,268509188,15.77 percent
2026-03-01T14:38:15.283049,(2(0)-1772393895:283049),GncDeployment.systemResources.MEMORY_TOTAL,268509184,4176784 KB
2026-03-01T14:38:15.283052,(2(0)-1772393895:283052),GncDeployment.systemResources.MEMORY_USED,268509185,4094560 KB
2026-03-01T14:38:15.283084,(2(0)-1772393895:283084),GncDeployment.systemResources.NON_VOLATILE_FREE,268509187,136102864 KB
2026-03-01T14:38:15.283086,(2(0)-1772393895:283086),GncDeployment.systemResources.NON_VOLATILE_TOTAL,268509186,239362496 KB
2026-03-01T14:38:15.283116,(2(0)-1772393895:283116),ComCcsds.comQueue.comQueueDepth,33554432,['0', '1']
2026-03-01T14:38:15.283120,(2(0)-1772393895:283120),ComCcsds.comQueue.buffQueueDepth,33554433,['0']
2026-03-01T14:38:16.282881,(2(0)-1772393896:282881),GncDeployment.systemResources.CPU_00,268509189,26.00 percent
2026-03-01T14:38:16.282907,(2(0)-1772393896:282907),GncDeployment.systemResources.CPU_01,268509190,29.00 percent
2026-03-01T14:38:16.282926,(2(0)-1772393896:282926),GncDeployment.systemResources.CPU_02,268509191,21.43 percent
2026-03-01T14:38:16.282950,(2(0)-1772393896:282950),GncDeployment.systemResources.CPU_03,268509192,18.37 percent
2026-03-01T14:38:16.282967,(2(0)-1772393896:282967),GncDeployment.systemResources.CPU_04,268509193,15.00 percent
2026-03-01T14:38:16.282985,(2(0)-1772393896:282985),GncDeployment.systemResources.CPU_05,268509194,8.91 percent
2026-03-01T14:38:16.283004,(2(0)-1772393896:283004),GncDeployment.systemResources.CPU_06,268509195,2.00 percent
2026-03-01T14:38:16.283021,(2(0)-1772393896:283021),GncDeployment.systemResources.CPU_07,268509196,2.02 percent
2026-03-01T14:38:16.283024,(2(0)-1772393896:283024),GncDeployment.systemResources.CPU,268509188,15.34 percent
2026-03-01T14:38:16.283044,(2(0)-1772393896:283044),GncDeployment.systemResources.MEMORY_TOTAL,268509184,4177856 KB
2026-03-01T14:38:16.283047,(2(0)-1772393896:283047),GncDeployment.systemResources.MEMORY_USED,268509185,4107008 KB
2026-03-01T14:38:16.283085,(2(0)-1772393896:283085),GncDeployment.systemResources.NON_VOLATILE_FREE,268509187,136102708 KB
2026-03-01T14:38:16.283086,(2(0)-1772393896:283086),GncDeployment.systemResources.NON_VOLATILE_TOTAL,268509186,239362496 KB
2026-03-01T14:38:16.283105,(2(0)-1772393896:283105),ComCcsds.comQueue.comQueueDepth,33554432,['0', '1']
2026-03-01T14:38:16.283109,(2(0)-1772393896:283109),ComCcsds.comQueue.buffQueueDepth,33554433,['0']
2026-03-01T14:38:18.289625,(2(0)-1772393898:289625),GncDeployment.systemResources.CPU_00,268509189,22.22 percent
2026-03-01T14:38:17.284635,(2(0)-1772393897:284635),GncDeployment.systemResources.CPU_01,268509190,23.23 percent
2026-03-01T14:38:17.284658,(2(0)-1772393897:284658),GncDeployment.systemResources.CPU_02,268509191,21.78 percent
2026-03-01T14:38:17.284680,(2(0)-1772393897:284680),GncDeployment.systemResources.CPU_03,268509192,16.83 percent
2026-03-01T14:38:17.284703,(2(0)-1772393897:284703),GncDeployment.systemResources.CPU_04,268509193,12.00 percent
2026-03-01T14:38:17.284724,(2(0)-1772393897:284724),GncDeployment.systemResources.CPU_05,268509194,5.05 percent
2026-03-01T14:38:17.284750,(2(0)-1772393897:284750),GncDeployment.systemResources.CPU_06,268509195,2.97 percent
2026-03-01T14:38:17.284778,(2(0)-1772393897:284778),GncDeployment.systemResources.CPU_07,268509196,0.00 percent
2026-03-01T14:38:17.284780,(2(0)-1772393897:284780),GncDeployment.systemResources.CPU,268509188,13.48 percent
2026-03-01T14:38:17.284796,(2(0)-1772393897:284796),GncDeployment.systemResources.MEMORY_TOTAL,268509184,4182768 KB
2026-03-01T14:38:17.284799,(2(0)-1772393897:284799),GncDeployment.systemResources.MEMORY_USED,268509185,4116880 KB
2026-03-01T14:38:17.284836,(2(0)-1772393897:284836),GncDeployment.systemResources.NON_VOLATILE_FREE,268509187,136102692 KB
2026-03-01T14:38:17.284837,(2(0)-1772393897:284837),GncDeployment.systemResources.NON_VOLATILE_TOTAL,268509186,239362496 KB
2026-03-01T14:38:17.284859,(2(0)-1772393897:284859),ComCcsds.comQueue.comQueueDepth,33554432,['0', '1']
2026-03-01T14:38:17.284862,(2(0)-1772393897:284862),ComCcsds.comQueue.buffQueueDepth,33554433,['0']
2026-03-01T14:38:19.294267,(2(0)-1772393899:294267),GncDeployment.systemResources.CPU_00,268509189,37.00 percent
2026-03-01T14:38:19.294287,(2(0)-1772393899:294287),GncDeployment.systemResources.CPU_01,268509190,35.00 percent
2026-03-01T14:38:19.294302,(2(0)-1772393899:294302),GncDeployment.systemResources.CPU_02,268509191,31.31 percent
2026-03-01T14:38:19.294319,(2(0)-1772393899:294319),GncDeployment.systemResources.CPU_03,268509192,29.00 percent
2026-03-01T14:38:19.294334,(2(0)-1772393899:294334),GncDeployment.systemResources.CPU_04,268509193,27.27 percent
2026-03-01T14:38:19.294347,(2(0)-1772393899:294347),GncDeployment.systemResources.CPU_05,268509194,17.82 percent
2026-03-01T14:38:19.294361,(2(0)-1772393899:294361),GncDeployment.systemResources.CPU_06,268509195,15.84 percent
2026-03-01T14:38:19.294380,(2(0)-1772393899:294380),GncDeployment.systemResources.CPU_07,268509196,13.00 percent
2026-03-01T14:38:19.294381,(2(0)-1772393899:294381),GncDeployment.systemResources.CPU,268509188,25.78 percent
2026-03-01T14:38:19.294393,(2(0)-1772393899:294393),GncDeployment.systemResources.MEMORY_TOTAL,268509184,4332272 KB
2026-03-01T14:38:19.294394,(2(0)-1772393899:294394),GncDeployment.systemResources.MEMORY_USED,268509185,4269120 KB
2026-03-01T14:38:19.294420,(2(0)-1772393899:294420),GncDeployment.systemResources.NON_VOLATILE_FREE,268509187,136102688 KB
2026-03-01T14:38:19.294421,(2(0)-1772393899:294421),GncDeployment.systemResources.NON_VOLATILE_TOTAL,268509186,239362496 KB
2026-03-01T14:38:19.300072,(2(0)-1772393899:300072),ComCcsds.comQueue.comQueueDepth,33554432,['0', '1']
2026-03-01T14:38:19.300079,(2(0)-1772393899:300079),ComCcsds.comQueue.buffQueueDepth,33554433,['0']
2026-03-01T14:38:20.295412,(2(0)-1772393900:295412),GncDeployment.systemResources.CPU_00,268509189,30.61 percent
2026-03-01T14:38:21.297374,(2(0)-1772393901:297374),GncDeployment.systemResources.CPU_00,268509189,48.00 percent
2026-03-01T14:38:20.295454,(2(0)-1772393900:295454),GncDeployment.systemResources.CPU_01,268509190,31.00 percent
2026-03-01T14:38:20.295511,(2(0)-1772393900:295511),GncDeployment.systemResources.CPU_02,268509191,23.23 percent
2026-03-01T14:38:20.295560,(2(0)-1772393900:295560),GncDeployment.systemResources.CPU_03,268509192,22.22 percent
2026-03-01T14:38:20.295591,(2(0)-1772393900:295591),GncDeployment.systemResources.CPU_04,268509193,5.94 percent
2026-03-01T14:38:20.295624,(2(0)-1772393900:295624),GncDeployment.systemResources.CPU_05,268509194,3.03 percent
2026-03-01T14:38:20.295656,(2(0)-1772393900:295656),GncDeployment.systemResources.CPU_06,268509195,2.02 percent
2026-03-01T14:38:20.295692,(2(0)-1772393900:295692),GncDeployment.systemResources.CPU_07,268509196,2.00 percent
2026-03-01T14:38:20.295695,(2(0)-1772393900:295695),GncDeployment.systemResources.CPU,268509188,15.01 percent
2026-03-01T14:38:20.295720,(2(0)-1772393900:295720),GncDeployment.systemResources.MEMORY_TOTAL,268509184,4328256 KB
2026-03-01T14:38:20.295723,(2(0)-1772393900:295723),GncDeployment.systemResources.MEMORY_USED,268509185,4262480 KB
2026-03-01T14:38:20.295761,(2(0)-1772393900:295761),GncDeployment.systemResources.NON_VOLATILE_FREE,268509187,136102684 KB
2026-03-01T14:38:20.295763,(2(0)-1772393900:295763),GncDeployment.systemResources.NON_VOLATILE_TOTAL,268509186,239362496 KB
2026-03-01T14:38:20.295791,(2(0)-1772393900:295791),ComCcsds.comQueue.comQueueDepth,33554432,['0', '1']
2026-03-01T14:38:20.295796,(2(0)-1772393900:295796),ComCcsds.comQueue.buffQueueDepth,33554433,['0']
2026-03-01T14:38:20.295786,(2(0)-1772393900:295786),GncDeployment.rateGroup1.RgMaxTime,268439552,601 us
2026-03-01T14:38:21.297384,(2(0)-1772393901:297384),GncDeployment.systemResources.CPU_01,268509190,43.43 percent
2026-03-01T14:38:21.297390,(2(0)-1772393901:297390),GncDeployment.systemResources.CPU_02,268509191,36.63 percent
2026-03-01T14:38:21.297395,(2(0)-1772393901:297395),GncDeployment.systemResources.CPU_03,268509192,35.64 percent
2026-03-01T14:38:21.297400,(2(0)-1772393901:297400),GncDeployment.systemResources.CPU_04,268509193,23.00 percent
2026-03-01T14:38:21.297405,(2(0)-1772393901:297405),GncDeployment.systemResources.CPU_05,268509194,25.74 percent
2026-03-01T14:38:21.297410,(2(0)-1772393901:297410),GncDeployment.systemResources.CPU_06,268509195,8.08 percent
2026-03-01T14:38:21.297416,(2(0)-1772393901:297416),GncDeployment.systemResources.CPU_07,268509196,7.00 percent
2026-03-01T14:38:21.297416,(2(0)-1772393901:297416),GncDeployment.systemResources.CPU,268509188,28.44 percent
2026-03-01T14:38:21.297420,(2(0)-1772393901:297420),GncDeployment.systemResources.MEMORY_TOTAL,268509184,4192960 KB
2026-03-01T14:38:21.297421,(2(0)-1772393901:297421),GncDeployment.systemResources.MEMORY_USED,268509185,4087264 KB
2026-03-01T14:38:21.297430,(2(0)-1772393901:297430),GncDeployment.systemResources.NON_VOLATILE_FREE,268509187,136102468 KB
2026-03-01T14:38:21.297430,(2(0)-1772393901:297430),GncDeployment.systemResources.NON_VOLATILE_TOTAL,268509186,239362496 KB
2026-03-01T14:38:21.297458,(2(0)-1772393901:297458),ComCcsds.comQueue.comQueueDepth,33554432,['0', '1']
2026-03-01T14:38:21.297459,(2(0)-1772393901:297459),ComCcsds.comQueue.buffQueueDepth,33554433,['0']
2026-03-01T14:38:23.303629,(2(0)-1772393903:303629),GncDeployment.systemResources.CPU_00,268509189,39.39 percent
2026-03-01T14:38:23.303661,(2(0)-1772393903:303661),GncDeployment.systemResources.CPU_01,268509190,38.00 percent
2026-03-01T14:38:23.303683,(2(0)-1772393903:303683),GncDeployment.systemResources.CPU_02,268509191,32.32 percent
2026-03-01T14:38:23.303702,(2(0)-1772393903:303702),GncDeployment.systemResources.CPU_03,268509192,29.00 percent
2026-03-01T14:38:23.303721,(2(0)-1772393903:303721),GncDeployment.systemResources.CPU_04,268509193,29.00 percent
2026-03-01T14:38:23.303741,(2(0)-1772393903:303741),GncDeployment.systemResources.CPU_05,268509194,21.00 percent
2026-03-01T14:38:23.303761,(2(0)-1772393903:303761),GncDeployment.systemResources.CPU_06,268509195,9.09 percent
2026-03-01T14:38:23.303779,(2(0)-1772393903:303779),GncDeployment.systemResources.CPU_07,268509196,6.00 percent
2026-03-01T14:38:23.303782,(2(0)-1772393903:303782),GncDeployment.systemResources.CPU,268509188,25.48 percent
2026-03-01T14:38:23.303797,(2(0)-1772393903:303797),GncDeployment.systemResources.MEMORY_TOTAL,268509184,4208848 KB
2026-03-01T14:38:23.303800,(2(0)-1772393903:303800),GncDeployment.systemResources.MEMORY_USED,268509185,4083152 KB
2026-03-01T14:38:23.303835,(2(0)-1772393903:303835),GncDeployment.systemResources.NON_VOLATILE_FREE,268509187,136100840 KB
2026-03-01T14:38:23.303836,(2(0)-1772393903:303836),GncDeployment.systemResources.NON_VOLATILE_TOTAL,268509186,239362496 KB
2026-03-01T14:38:23.304040,(2(0)-1772393903:304040),ComCcsds.comQueue.comQueueDepth,33554432,['0', '0']
2026-03-01T14:38:23.304043,(2(0)-1772393903:304043),ComCcsds.comQueue.buffQueueDepth,33554433,['0']
2026-03-01T14:38:24.308016,(2(0)-1772393904:308016),GncDeployment.systemResources.CPU_00,268509189,32.00 percent
2026-03-01T14:38:24.308045,(2(0)-1772393904:308045),GncDeployment.systemResources.CPU_01,268509190,30.00 percent
2026-03-01T14:38:24.308065,(2(0)-1772393904:308065),GncDeployment.systemResources.CPU_02,268509191,24.00 percent
2026-03-01T14:38:24.308091,(2(0)-1772393904:308091),GncDeployment.systemResources.CPU_03,268509192,22.00 percent
2026-03-01T14:38:24.308126,(2(0)-1772393904:308126),GncDeployment.systemResources.CPU_04,268509193,21.00 percent
2026-03-01T14:38:24.308149,(2(0)-1772393904:308149),GncDeployment.systemResources.CPU_05,268509194,13.13 percent
2026-03-01T14:38:24.308177,(2(0)-1772393904:308177),GncDeployment.systemResources.CPU_06,268509195,8.91 percent
2026-03-01T14:38:24.308205,(2(0)-1772393904:308205),GncDeployment.systemResources.CPU_07,268509196,4.00 percent
2026-03-01T14:38:24.308208,(2(0)-1772393904:308208),GncDeployment.systemResources.CPU,268509188,19.38 percent
2026-03-01T14:38:24.308235,(2(0)-1772393904:308235),GncDeployment.systemResources.MEMORY_TOTAL,268509184,4204960 KB
2026-03-01T14:38:24.308238,(2(0)-1772393904:308238),GncDeployment.systemResources.MEMORY_USED,268509185,4082352 KB
2026-03-01T14:38:24.308271,(2(0)-1772393904:308271),GncDeployment.systemResources.NON_VOLATILE_FREE,268509187,136100800 KB
2026-03-01T14:38:24.308272,(2(0)-1772393904:308272),GncDeployment.systemResources.NON_VOLATILE_TOTAL,268509186,239362496 KB
2026-03-01T14:38:24.308301,(2(0)-1772393904:308301),ComCcsds.comQueue.comQueueDepth,33554432,['0', '1']
2026-03-01T14:38:24.308306,(2(0)-1772393904:308306),ComCcsds.comQueue.buffQueueDepth,33554433,['0']
2026-03-01T14:38:26.312110,(2(0)-1772393906:312110),GncDeployment.systemResources.CPU_00,268509189,25.25 percent
2026-03-01T14:38:26.312154,(2(0)-1772393906:312154),GncDeployment.systemResources.CPU_01,268509190,22.22 percent
2026-03-01T14:38:26.312183,(2(0)-1772393906:312183),GncDeployment.systemResources.CPU_02,268509191,16.00 percent
2026-03-01T14:38:26.312214,(2(0)-1772393906:312214),GncDeployment.systemResources.CPU_03,268509192,14.00 percent
2026-03-01T14:38:26.312245,(2(0)-1772393906:312245),GncDeployment.systemResources.CPU_04,268509193,6.00 percent
2026-03-01T14:38:26.312276,(2(0)-1772393906:312276),GncDeployment.systemResources.CPU_05,268509194,3.96 percent
2026-03-01T14:38:26.312303,(2(0)-1772393906:312303),GncDeployment.systemResources.CPU_06,268509195,1.00 percent
2026-03-01T14:38:26.312329,(2(0)-1772393906:312329),GncDeployment.systemResources.CPU_07,268509196,0.00 percent
2026-03-01T14:38:26.312332,(2(0)-1772393906:312332),GncDeployment.systemResources.CPU,268509188,11.05 percent
2026-03-01T14:38:26.312356,(2(0)-1772393906:312356),GncDeployment.systemResources.MEMORY_TOTAL,268509184,4225520 KB
2026-03-01T14:38:26.312360,(2(0)-1772393906:312360),GncDeployment.systemResources.MEMORY_USED,268509185,4100656 KB
2026-03-01T14:38:26.312390,(2(0)-1772393906:312390),GncDeployment.systemResources.NON_VOLATILE_FREE,268509187,136100792 KB
2026-03-01T14:38:26.312392,(2(0)-1772393906:312392),GncDeployment.systemResources.NON_VOLATILE_TOTAL,268509186,239362496 KB
2026-03-01T14:38:26.312444,(2(0)-1772393906:312444),ComCcsds.comQueue.comQueueDepth,33554432,['0', '0']
2026-03-01T14:38:26.312448,(2(0)-1772393906:312448),ComCcsds.comQueue.buffQueueDepth,33554433,['0']
2026-03-01T14:38:26.312242,(2(0)-1772393906:312242),GncDeployment.rateGroup3.RgMaxTime,268447744,397 us
2026-03-01T14:38:27.312795,(2(0)-1772393907:312795),GncDeployment.systemResources.CPU_00,268509189,22.22 percent
2026-03-01T14:38:27.312837,(2(0)-1772393907:312837),GncDeployment.systemResources.CPU_01,268509190,24.00 percent
2026-03-01T14:38:27.312866,(2(0)-1772393907:312866),GncDeployment.systemResources.CPU_02,268509191,14.14 percent
2026-03-01T14:38:27.312914,(2(0)-1772393907:312914),GncDeployment.systemResources.CPU_03,268509192,16.00 percent
2026-03-01T14:38:27.312947,(2(0)-1772393907:312947),GncDeployment.systemResources.CPU_04,268509193,1.98 percent
2026-03-01T14:38:27.312979,(2(0)-1772393907:312979),GncDeployment.systemResources.CPU_05,268509194,1.00 percent
2026-03-01T14:38:27.313006,(2(0)-1772393907:313006),GncDeployment.systemResources.CPU_06,268509195,1.00 percent
2026-03-01T14:38:27.313037,(2(0)-1772393907:313037),GncDeployment.systemResources.CPU_07,268509196,0.00 percent
2026-03-01T14:38:27.313040,(2(0)-1772393907:313040),GncDeployment.systemResources.CPU,268509188,10.04 percent
2026-03-01T14:38:27.313063,(2(0)-1772393907:313063),GncDeployment.systemResources.MEMORY_TOTAL,268509184,4226048 KB
2026-03-01T14:38:27.313067,(2(0)-1772393907:313067),GncDeployment.systemResources.MEMORY_USED,268509185,4085168 KB
2026-03-01T14:38:27.313105,(2(0)-1772393907:313105),GncDeployment.systemResources.NON_VOLATILE_FREE,268509187,136100792 KB
2026-03-01T14:38:27.313107,(2(0)-1772393907:313107),GncDeployment.systemResources.NON_VOLATILE_TOTAL,268509186,239362496 KB
2026-03-01T14:38:27.313146,(2(0)-1772393907:313146),ComCcsds.comQueue.comQueueDepth,33554432,['0', '1']
2026-03-01T14:38:27.313152,(2(0)-1772393907:313152),ComCcsds.comQueue.buffQueueDepth,33554433,['0']
2026-03-01T14:38:28.317757,(2(0)-1772393908:317757),GncDeployment.systemResources.CPU_00,268509189,24.75 percent
2026-03-01T14:38:28.317785,(2(0)-1772393908:317785),GncDeployment.systemResources.CPU_01,268509190,19.00 percent
2026-03-01T14:38:28.317815,(2(0)-1772393908:317815),GncDeployment.systemResources.CPU_02,268509191,18.00 percent
2026-03-01T14:38:28.317840,(2(0)-1772393908:317840),GncDeployment.systemResources.CPU_03,268509192,17.00 percent
2026-03-01T14:38:28.317864,(2(0)-1772393908:317864),GncDeployment.systemResources.CPU_04,268509193,3.96 percent
2026-03-01T14:38:28.317895,(2(0)-1772393908:317895),GncDeployment.systemResources.CPU_05,268509194,2.00 percent
2026-03-01T14:38:28.317917,(2(0)-1772393908:317917),GncDeployment.systemResources.CPU_06,268509195,1.98 percent
2026-03-01T14:38:28.317938,(2(0)-1772393908:317938),GncDeployment.systemResources.CPU_07,268509196,0.99 percent
2026-03-01T14:38:28.317941,(2(0)-1772393908:317941),GncDeployment.systemResources.CPU,268509188,10.96 percent
2026-03-01T14:38:28.317961,(2(0)-1772393908:317961),GncDeployment.systemResources.MEMORY_TOTAL,268509184,4228272 KB
2026-03-01T14:38:28.317964,(2(0)-1772393908:317964),GncDeployment.systemResources.MEMORY_USED,268509185,4094144 KB
2026-03-01T14:38:28.318001,(2(0)-1772393908:318001),GncDeployment.systemResources.NON_VOLATILE_FREE,268509187,136100788 KB
2026-03-01T14:38:28.318003,(2(0)-1772393908:318003),GncDeployment.systemResources.NON_VOLATILE_TOTAL,268509186,239362496 KB
2026-03-01T14:38:28.318021,(2(0)-1772393908:318021),ComCcsds.comQueue.comQueueDepth,33554432,['0', '1']
2026-03-01T14:38:28.318026,(2(0)-1772393908:318026),ComCcsds.comQueue.buffQueueDepth,33554433,['0']
2026-03-01T14:38:30.326196,(2(0)-1772393910:326196),GncDeployment.systemResources.CPU_00,268509189,23.00 percent
2026-03-01T14:38:30.326239,(2(0)-1772393910:326239),GncDeployment.systemResources.CPU_01,268509190,17.00 percent
2026-03-01T14:38:29.322148,(2(0)-1772393909:322148),GncDeployment.systemResources.CPU_02,268509191,15.00 percent
2026-03-01T14:38:29.322176,(2(0)-1772393909:322176),GncDeployment.systemResources.CPU_03,268509192,15.00 percent
2026-03-01T14:38:29.322196,(2(0)-1772393909:322196),GncDeployment.systemResources.CPU_04,268509193,3.03 percent
2026-03-01T14:38:29.322223,(2(0)-1772393909:322223),GncDeployment.systemResources.CPU_05,268509194,2.97 percent
2026-03-01T14:38:29.322244,(2(0)-1772393909:322244),GncDeployment.systemResources.CPU_06,268509195,1.00 percent
2026-03-01T14:38:29.322263,(2(0)-1772393909:322263),GncDeployment.systemResources.CPU_07,268509196,1.00 percent
2026-03-01T14:38:29.322264,(2(0)-1772393909:322264),GncDeployment.systemResources.CPU,268509188,10.15 percent
2026-03-01T14:38:29.322282,(2(0)-1772393909:322282),GncDeployment.systemResources.MEMORY_TOTAL,268509184,4230944 KB
2026-03-01T14:38:29.322284,(2(0)-1772393909:322284),GncDeployment.systemResources.MEMORY_USED,268509185,4099632 KB
2026-03-01T14:38:29.322325,(2(0)-1772393909:322325),GncDeployment.systemResources.NON_VOLATILE_FREE,268509187,136100780 KB
2026-03-01T14:38:29.322327,(2(0)-1772393909:322327),GncDeployment.systemResources.NON_VOLATILE_TOTAL,268509186,239362496 KB
2026-03-01T14:38:29.322345,(2(0)-1772393909:322345),ComCcsds.comQueue.comQueueDepth,33554432,['0', '1']
2026-03-01T14:38:29.322349,(2(0)-1772393909:322349),ComCcsds.comQueue.buffQueueDepth,33554433,['0']
2026-03-01T14:38:30.326274,(2(0)-1772393910:326274),GncDeployment.systemResources.CPU_02,268509191,14.00 percent
2026-03-01T14:38:30.326355,(2(0)-1772393910:326355),GncDeployment.systemResources.CPU_03,268509192,14.00 percent
2026-03-01T14:38:30.326396,(2(0)-1772393910:326396),GncDeployment.systemResources.CPU_04,268509193,3.96 percent
2026-03-01T14:38:30.326431,(2(0)-1772393910:326431),GncDeployment.systemResources.CPU_05,268509194,2.00 percent
2026-03-01T14:38:30.326463,(2(0)-1772393910:326463),GncDeployment.systemResources.CPU_06,268509195,0.00 percent
2026-03-01T14:38:30.326496,(2(0)-1772393910:326496),GncDeployment.systemResources.CPU_07,268509196,0.00 percent
2026-03-01T14:38:30.326500,(2(0)-1772393910:326500),GncDeployment.systemResources.CPU,268509188,9.25 percent
2026-03-01T14:38:30.326525,(2(0)-1772393910:326525),GncDeployment.systemResources.MEMORY_TOTAL,268509184,4235888 KB
2026-03-01T14:38:30.326528,(2(0)-1772393910:326528),GncDeployment.systemResources.MEMORY_USED,268509185,4111408 KB
2026-03-01T14:38:30.326573,(2(0)-1772393910:326573),GncDeployment.systemResources.NON_VOLATILE_FREE,268509187,136100776 KB
2026-03-01T14:38:30.326576,(2(0)-1772393910:326576),GncDeployment.systemResources.NON_VOLATILE_TOTAL,268509186,239362496 KB
2026-03-01T14:38:30.326604,(2(0)-1772393910:326604),ComCcsds.comQueue.comQueueDepth,33554432,['0', '1']
2026-03-01T14:38:30.326609,(2(0)-1772393910:326609),ComCcsds.comQueue.buffQueueDepth,33554433,['0']
2026-03-01T14:38:32.333650,(2(0)-1772393912:333650),GncDeployment.systemResources.CPU_00,268509189,25.25 percent
2026-03-01T14:38:32.333722,(2(0)-1772393912:333722),GncDeployment.systemResources.CPU_01,268509190,24.24 percent
2026-03-01T14:38:32.333755,(2(0)-1772393912:333755),GncDeployment.systemResources.CPU_02,268509191,23.00 percent
2026-03-01T14:38:32.333780,(2(0)-1772393912:333780),GncDeployment.systemResources.CPU_03,268509192,17.00 percent
2026-03-01T14:38:32.333815,(2(0)-1772393912:333815),GncDeployment.systemResources.CPU_04,268509193,15.15 percent
2026-03-01T14:38:32.333841,(2(0)-1772393912:333841),GncDeployment.systemResources.CPU_05,268509194,7.00 percent
2026-03-01T14:38:31.328845,(2(0)-1772393911:328845),GncDeployment.systemResources.CPU_06,268509195,4.04 percent
2026-03-01T14:38:31.328875,(2(0)-1772393911:328875),GncDeployment.systemResources.CPU_07,268509196,1.98 percent
2026-03-01T14:38:31.328878,(2(0)-1772393911:328878),GncDeployment.systemResources.CPU,268509188,16.13 percent
2026-03-01T14:38:31.328901,(2(0)-1772393911:328901),GncDeployment.systemResources.MEMORY_TOTAL,268509184,4254304 KB
2026-03-01T14:38:31.328903,(2(0)-1772393911:328903),GncDeployment.systemResources.MEMORY_USED,268509185,4166976 KB
2026-03-01T14:38:31.328944,(2(0)-1772393911:328944),GncDeployment.systemResources.NON_VOLATILE_FREE,268509187,136100756 KB
2026-03-01T14:38:31.328946,(2(0)-1772393911:328946),GncDeployment.systemResources.NON_VOLATILE_TOTAL,268509186,239362496 KB
2026-03-01T14:38:31.328974,(2(0)-1772393911:328974),ComCcsds.comQueue.comQueueDepth,33554432,['0', '1']
2026-03-01T14:38:31.328979,(2(0)-1772393911:328979),ComCcsds.comQueue.buffQueueDepth,33554433,['0']
2026-03-01T14:38:32.333865,(2(0)-1772393912:333865),GncDeployment.systemResources.CPU_06,268509195,3.96 percent
2026-03-01T14:38:32.333932,(2(0)-1772393912:333932),GncDeployment.systemResources.CPU_07,268509196,2.00 percent
2026-03-01T14:38:32.333934,(2(0)-1772393912:333934),GncDeployment.systemResources.CPU,268509188,14.70 percent
2026-03-01T14:38:32.333953,(2(0)-1772393912:333953),GncDeployment.systemResources.MEMORY_TOTAL,268509184,4240176 KB
2026-03-01T14:38:32.333957,(2(0)-1772393912:333957),GncDeployment.systemResources.MEMORY_USED,268509185,4180400 KB
2026-03-01T14:38:32.333994,(2(0)-1772393912:333994),GncDeployment.systemResources.NON_VOLATILE_FREE,268509187,136100744 KB
2026-03-01T14:38:32.333996,(2(0)-1772393912:333996),GncDeployment.systemResources.NON_VOLATILE_TOTAL,268509186,239362496 KB
2026-03-01T14:38:32.334029,(2(0)-1772393912:334029),ComCcsds.comQueue.comQueueDepth,33554432,['0', '1']
2026-03-01T14:38:32.334032,(2(0)-1772393912:334032),ComCcsds.comQueue.buffQueueDepth,33554433,['0']
2026-03-01T14:38:34.338654,(2(0)-1772393914:338654),GncDeployment.systemResources.CPU_00,268509189,27.00 percent
2026-03-01T14:38:34.338680,(2(0)-1772393914:338680),GncDeployment.systemResources.CPU_01,268509190,25.00 percent
2026-03-01T14:38:34.338698,(2(0)-1772393914:338698),GncDeployment.systemResources.CPU_02,268509191,21.00 percent
2026-03-01T14:38:33.336531,(2(0)-1772393913:336531),GncDeployment.systemResources.CPU_03,268509192,17.00 percent
2026-03-01T14:38:33.336554,(2(0)-1772393913:336554),GncDeployment.systemResources.CPU_04,268509193,17.82 percent
2026-03-01T14:38:33.336572,(2(0)-1772393913:336572),GncDeployment.systemResources.CPU_05,268509194,8.00 percent
2026-03-01T14:38:33.336590,(2(0)-1772393913:336590),GncDeployment.systemResources.CPU_06,268509195,4.95 percent
2026-03-01T14:38:33.336610,(2(0)-1772393913:336610),GncDeployment.systemResources.CPU_07,268509196,2.00 percent
2026-03-01T14:38:33.336612,(2(0)-1772393913:336612),GncDeployment.systemResources.CPU,268509188,16.47 percent
2026-03-01T14:38:33.336630,(2(0)-1772393913:336630),GncDeployment.systemResources.MEMORY_TOTAL,268509184,4195280 KB
2026-03-01T14:38:33.336632,(2(0)-1772393913:336632),GncDeployment.systemResources.MEMORY_USED,268509185,4125712 KB
2026-03-01T14:38:33.336673,(2(0)-1772393913:336673),GncDeployment.systemResources.NON_VOLATILE_FREE,268509187,136100444 KB
2026-03-01T14:38:33.336675,(2(0)-1772393913:336675),GncDeployment.systemResources.NON_VOLATILE_TOTAL,268509186,239362496 KB
2026-03-01T14:38:33.336703,(2(0)-1772393913:336703),ComCcsds.comQueue.comQueueDepth,33554432,['0', '1']
2026-03-01T14:38:33.336706,(2(0)-1772393913:336706),ComCcsds.comQueue.buffQueueDepth,33554433,['0']
2026-03-01T14:38:34.338733,(2(0)-1772393914:338733),GncDeployment.systemResources.CPU_03,268509192,18.00 percent
2026-03-01T14:38:34.338784,(2(0)-1772393914:338784),GncDeployment.systemResources.CPU_04,268509193,9.00 percent
2026-03-01T14:38:34.338800,(2(0)-1772393914:338800),GncDeployment.systemResources.CPU_05,268509194,5.94 percent
2026-03-01T14:38:34.338817,(2(0)-1772393914:338817),GncDeployment.systemResources.CPU_06,268509195,3.00 percent
2026-03-01T14:38:34.338836,(2(0)-1772393914:338836),GncDeployment.systemResources.CPU_07,268509196,3.00 percent
2026-03-01T14:38:34.338838,(2(0)-1772393914:338838),GncDeployment.systemResources.CPU,268509188,13.99 percent
2026-03-01T14:38:34.338856,(2(0)-1772393914:338856),GncDeployment.systemResources.MEMORY_TOTAL,268509184,4194208 KB
2026-03-01T14:38:34.338859,(2(0)-1772393914:338859),GncDeployment.systemResources.MEMORY_USED,268509185,4110160 KB
2026-03-01T14:38:34.338893,(2(0)-1772393914:338893),GncDeployment.systemResources.NON_VOLATILE_FREE,268509187,136100444 KB
2026-03-01T14:38:34.338894,(2(0)-1772393914:338894),GncDeployment.systemResources.NON_VOLATILE_TOTAL,268509186,239362496 KB
2026-03-01T14:38:34.338911,(2(0)-1772393914:338911),ComCcsds.comQueue.comQueueDepth,33554432,['0', '1']
2026-03-01T14:38:34.338915,(2(0)-1772393914:338915),ComCcsds.comQueue.buffQueueDepth,33554433,['0']
2026-03-01T14:38:35.342485,(2(0)-1772393915:342485),GncDeployment.systemResources.CPU_00,268509189,24.24 percent
2026-03-01T14:38:35.342516,(2(0)-1772393915:342516),GncDeployment.systemResources.CPU_01,268509190,19.19 percent
2026-03-01T14:38:35.342539,(2(0)-1772393915:342539),GncDeployment.systemResources.CPU_02,268509191,16.16 percent
2026-03-01T14:38:35.342559,(2(0)-1772393915:342559),GncDeployment.systemResources.CPU_03,268509192,16.00 percent
2026-03-01T14:38:35.342582,(2(0)-1772393915:342582),GncDeployment.systemResources.CPU_04,268509193,18.00 percent
2026-03-01T14:38:35.342600,(2(0)-1772393915:342600),GncDeployment.systemResources.CPU_05,268509194,11.00 percent
2026-03-01T14:38:35.342626,(2(0)-1772393915:342626),GncDeployment.systemResources.CPU_06,268509195,5.00 percent
2026-03-01T14:38:35.342653,(2(0)-1772393915:342653),GncDeployment.systemResources.CPU_07,268509196,3.96 percent
2026-03-01T14:38:35.342654,(2(0)-1772393915:342654),GncDeployment.systemResources.CPU,268509188,14.19 percent
2026-03-01T14:38:35.342672,(2(0)-1772393915:342672),GncDeployment.systemResources.MEMORY_TOTAL,268509184,4195856 KB
2026-03-01T14:38:35.342674,(2(0)-1772393915:342674),GncDeployment.systemResources.MEMORY_USED,268509185,4083792 KB
2026-03-01T14:38:35.342699,(2(0)-1772393915:342699),GncDeployment.systemResources.NON_VOLATILE_FREE,268509187,136100436 KB
2026-03-01T14:38:35.342700,(2(0)-1772393915:342700),GncDeployment.systemResources.NON_VOLATILE_TOTAL,268509186,239362496 KB
2026-03-01T14:38:35.342729,(2(0)-1772393915:342729),ComCcsds.comQueue.comQueueDepth,33554432,['0', '1']
2026-03-01T14:38:35.342732,(2(0)-1772393915:342732),ComCcsds.comQueue.buffQueueDepth,33554433,['0']
2026-03-01T14:38:36.345291,(2(0)-1772393916:345291),GncDeployment.systemResources.CPU_00,268509189,28.00 percent
2026-03-01T14:38:36.345340,(2(0)-1772393916:345340),GncDeployment.systemResources.CPU_01,268509190,22.22 percent
2026-03-01T14:38:36.345355,(2(0)-1772393916:345355),GncDeployment.systemResources.CPU_02,268509191,23.00 percent
2026-03-01T14:38:36.345374,(2(0)-1772393916:345374),GncDeployment.systemResources.CPU_03,268509192,18.18 percent
2026-03-01T14:38:36.345393,(2(0)-1772393916:345393),GncDeployment.systemResources.CPU_04,268509193,18.18 percent
2026-03-01T14:38:36.345408,(2(0)-1772393916:345408),GncDeployment.systemResources.CPU_05,268509194,8.08 percent
2026-03-01T14:38:36.345426,(2(0)-1772393916:345426),GncDeployment.systemResources.CPU_06,268509195,4.04 percent
2026-03-01T14:38:36.345440,(2(0)-1772393916:345440),GncDeployment.systemResources.CPU_07,268509196,1.01 percent
2026-03-01T14:38:36.345442,(2(0)-1772393916:345442),GncDeployment.systemResources.CPU,268509188,15.34 percent
2026-03-01T14:38:36.345456,(2(0)-1772393916:345456),GncDeployment.systemResources.MEMORY_TOTAL,268509184,4200560 KB
2026-03-01T14:38:36.345457,(2(0)-1772393916:345457),GncDeployment.systemResources.MEMORY_USED,268509185,4099088 KB
2026-03-01T14:38:36.345490,(2(0)-1772393916:345490),GncDeployment.systemResources.NON_VOLATILE_FREE,268509187,136100436 KB
2026-03-01T14:38:36.345491,(2(0)-1772393916:345491),GncDeployment.systemResources.NON_VOLATILE_TOTAL,268509186,239362496 KB
2026-03-01T14:38:36.345537,(2(0)-1772393916:345537),ComCcsds.comQueue.comQueueDepth,33554432,['0', '1']
2026-03-01T14:38:36.345540,(2(0)-1772393916:345540),ComCcsds.comQueue.buffQueueDepth,33554433,['0']
2026-03-01T14:38:38.355441,(2(0)-1772393918:355441),GncDeployment.systemResources.CPU_00,268509189,30.00 percent
2026-03-01T14:38:38.355734,(2(0)-1772393918:355734),GncDeployment.systemResources.CPU_01,268509190,30.00 percent
2026-03-01T14:38:38.355776,(2(0)-1772393918:355776),GncDeployment.systemResources.CPU_02,268509191,23.23 percent
2026-03-01T14:38:37.350423,(2(0)-1772393917:350423),GncDeployment.systemResources.CPU_03,268509192,34.00 percent
2026-03-01T14:38:37.350436,(2(0)-1772393917:350436),GncDeployment.systemResources.CPU_04,268509193,31.00 percent
2026-03-01T14:38:37.350449,(2(0)-1772393917:350449),GncDeployment.systemResources.CPU_05,268509194,27.72 percent
2026-03-01T14:38:37.350463,(2(0)-1772393917:350463),GncDeployment.systemResources.CPU_06,268509195,20.59 percent
2026-03-01T14:38:37.350476,(2(0)-1772393917:350476),GncDeployment.systemResources.CPU_07,268509196,17.00 percent
2026-03-01T14:38:37.350477,(2(0)-1772393917:350477),GncDeployment.systemResources.CPU,268509188,31.22 percent
2026-03-01T14:38:37.350486,(2(0)-1772393917:350486),GncDeployment.systemResources.MEMORY_TOTAL,268509184,4250464 KB
2026-03-01T14:38:37.350487,(2(0)-1772393917:350487),GncDeployment.systemResources.MEMORY_USED,268509185,4169040 KB
2026-03-01T14:38:37.350504,(2(0)-1772393917:350504),GncDeployment.systemResources.NON_VOLATILE_FREE,268509187,136100284 KB
2026-03-01T14:38:37.350505,(2(0)-1772393917:350505),GncDeployment.systemResources.NON_VOLATILE_TOTAL,268509186,239362496 KB
2026-03-01T14:38:37.350519,(2(0)-1772393917:350519),ComCcsds.comQueue.comQueueDepth,33554432,['0', '1']
2026-03-01T14:38:37.350522,(2(0)-1772393917:350522),ComCcsds.comQueue.buffQueueDepth,33554433,['0']
2026-03-01T14:38:38.355683,(2(0)-1772393918:355683),GncDeployment.rateGroup3.RgMaxTime,268447744,416 us
2026-03-01T14:38:38.355821,(2(0)-1772393918:355821),GncDeployment.systemResources.CPU_03,268509192,19.00 percent
2026-03-01T14:38:38.355900,(2(0)-1772393918:355900),GncDeployment.systemResources.CPU_04,268509193,4.95 percent
2026-03-01T14:38:38.355934,(2(0)-1772393918:355934),GncDeployment.systemResources.CPU_05,268509194,2.97 percent
2026-03-01T14:38:38.355967,(2(0)-1772393918:355967),GncDeployment.systemResources.CPU_06,268509195,1.00 percent
2026-03-01T14:38:38.355996,(2(0)-1772393918:355996),GncDeployment.systemResources.CPU_07,268509196,0.98 percent
2026-03-01T14:38:38.355999,(2(0)-1772393918:355999),GncDeployment.systemResources.CPU,268509188,14.02 percent
2026-03-01T14:38:38.356019,(2(0)-1772393918:356019),GncDeployment.systemResources.MEMORY_TOTAL,268509184,4253520 KB
2026-03-01T14:38:38.356022,(2(0)-1772393918:356022),GncDeployment.systemResources.MEMORY_USED,268509185,4180864 KB
2026-03-01T14:38:38.356059,(2(0)-1772393918:356059),GncDeployment.systemResources.NON_VOLATILE_FREE,268509187,136100280 KB
2026-03-01T14:38:38.356061,(2(0)-1772393918:356061),GncDeployment.systemResources.NON_VOLATILE_TOTAL,268509186,239362496 KB
2026-03-01T14:38:38.356105,(2(0)-1772393918:356105),ComCcsds.comQueue.comQueueDepth,33554432,['0', '1']
2026-03-01T14:38:38.356108,(2(0)-1772393918:356108),ComCcsds.comQueue.buffQueueDepth,33554433,['0']
2026-03-01T14:38:38.356084,(2(0)-1772393918:356084),GncDeployment.rateGroup1.RgMaxTime,268439552,816 us
