2026-03-01T14:43:39.825099,(2(0)-1772394219:825099),CdhCore.version.FrameworkVersion,16789504,v4.1.1
2026-03-01T14:43:39.825111,(2(0)-1772394219:825111),CdhCore.version.ProjectVersion,16789505,ef106fd-dirty
2026-03-01T14:43:40.830789,(2(0)-1772394220:830789),GncDeployment.systemResources.CPU_00,268509189,21.80 percent
2026-03-01T14:43:40.830802,(2(0)-1772394220:830802),GncDeployment.rateGroup2.RgMaxTime,268443648,107 us
2026-03-01T14:43:40.830810,(2(0)-1772394220:830810),GncDeployment.systemResources.CPU_01,268509190,20.34 percent
2026-03-01T14:43:40.830824,(2(0)-1772394220:830824),GncDeployment.systemResources.CPU_02,268509191,17.21 percent
2026-03-01T14:43:40.830839,(2(0)-1772394220:830839),GncDeployment.systemResources.CPU_03,268509192,15.01 percent
2026-03-01T14:43:40.830854,(2(0)-1772394220:830854),GncDeployment.systemResources.CPU_04,268509193,10.27 percent
2026-03-01T14:43:40.830867,(2(0)-1772394220:830867),GncDeployment.systemResources.CPU_05,268509194,8.21 percent
2026-03-01T14:43:40.830891,(2(0)-1772394220:830891),GncDeployment.systemResources.CPU_06,268509195,4.90 percent
2026-03-01T14:43:40.830894,(2(0)-1772394220:830894),ComCcsds.commsBufferManager.HiBuffs,33562626,1
2026-03-01T14:43:40.830900,(2(0)-1772394220:830900),ComCcsds.commsBufferManager.CurrBuffs,33562625,1
2026-03-01T14:43:40.830904,(2(0)-1772394220:830904),ComCcsds.commsBufferManager.TotalBuffs,33562624,50
2026-03-01T14:43:40.830905,(2(0)-1772394220:830905),ComCcsds.commsBufferManager.NoBuffs,33562627,0
2026-03-01T14:43:40.830905,(2(0)-1772394220:830905),GncDeployment.systemResources.CPU_07,268509196,3.70 percent
2026-03-01T14:43:40.830906,(2(0)-1772394220:830906),ComCcsds.commsBufferManager.EmptyBuffs,33562628,0
2026-03-01T14:43:40.830907,(2(0)-1772394220:830907),GncDeployment.systemResources.CPU,268509188,12.68 percent
2026-03-01T14:43:40.830908,(2(0)-1772394220:830908),DataProducts.dpBufferManager.HiBuffs,67121154,0
2026-03-01T14:43:40.830910,(2(0)-1772394220:830910),DataProducts.dpBufferManager.CurrBuffs,67121153,0
2026-03-01T14:43:40.830911,(2(0)-1772394220:830911),DataProducts.dpBufferManager.TotalBuffs,67121152,10
2026-03-01T14:43:40.830912,(2(0)-1772394220:830912),DataProducts.dpBufferManager.NoBuffs,67121155,0
2026-03-01T14:43:40.830913,(2(0)-1772394220:830913),DataProducts.dpBufferManager.EmptyBuffs,67121156,0
2026-03-01T14:43:40.830917,(2(0)-1772394220:830917),GncDeployment.systemResources.MEMORY_TOTAL,268509184,4434848 KB
2026-03-01T14:43:40.830919,(2(0)-1772394220:830919),GncDeployment.systemResources.MEMORY_USED,268509185,4360800 KB
2026-03-01T14:43:40.830932,(2(0)-1772394220:830932),GncDeployment.systemResources.NON_VOLATILE_FREE,268509187,136000140 KB
2026-03-01T14:43:40.830934,(2(0)-1772394220:830934),GncDeployment.systemResources.NON_VOLATILE_TOTAL,268509186,239362496 KB
2026-03-01T14:43:40.830936,(2(0)-1772394220:830936),GncDeployment.rateGroup3.RgMaxTime,268447744,242 us
2026-03-01T14:43:40.830958,(2(0)-1772394220:830958),GncDeployment.rateGroup1.RgMaxTime,268439552,265 us
2026-03-01T14:43:40.830962,(2(0)-1772394220:830962),ComCcsds.comQueue.comQueueDepth,33554432,['2', '0']
2026-03-01T14:43:40.830965,(2(0)-1772394220:830965),ComCcsds.comQueue.buffQueueDepth,33554433,['0']
2026-03-01T14:43:40.830991,(2(0)-1772394220:830991),DataProducts.dpMgr.NumSuccessfulAllocations,67112960,0
2026-03-01T14:43:40.830993,(2(0)-1772394220:830993),DataProducts.dpMgr.NumFailedAllocations,67112961,0
2026-03-01T14:43:40.830994,(2(0)-1772394220:830994),DataProducts.dpMgr.NumDataProducts,67112962,0
2026-03-01T14:43:40.830995,(2(0)-1772394220:830995),DataProducts.dpMgr.NumBytes,67112963,0
2026-03-01T14:43:40.831011,(2(0)-1772394220:831011),DataProducts.dpWriter.NumBuffersReceived,67117056,0
2026-03-01T14:43:40.831012,(2(0)-1772394220:831012),DataProducts.dpWriter.NumBytesWritten,67117057,0
2026-03-01T14:43:40.831013,(2(0)-1772394220:831013),DataProducts.dpWriter.NumSuccessfulWrites,67117058,0
2026-03-01T14:43:40.831014,(2(0)-1772394220:831014),DataProducts.dpWriter.NumFailedWrites,67117059,0
2026-03-01T14:43:40.831015,(2(0)-1772394220:831015),DataProducts.dpWriter.NumErrors,67117060,0
2026-03-01T14:43:42.839178,(2(0)-1772394222:839178),GncDeployment.systemResources.CPU_00,268509189,34.00 percent
2026-03-01T14:43:41.835565,(2(0)-1772394221:835565),GncDeployment.systemResources.CPU_01,268509190,33.33 percent
2026-03-01T14:43:41.835596,(2(0)-1772394221:835596),GncDeployment.systemResources.CPU_02,268509191,32.32 percent
2026-03-01T14:43:41.835628,(2(0)-1772394221:835628),GncDeployment.systemResources.CPU_03,268509192,26.00 percent
2026-03-01T14:43:41.835654,(2(0)-1772394221:835654),GncDeployment.systemResources.CPU_04,268509193,20.79 percent
2026-03-01T14:43:41.835689,(2(0)-1772394221:835689),GncDeployment.systemResources.CPU_05,268509194,22.00 percent
2026-03-01T14:43:41.835718,(2(0)-1772394221:835718),GncDeployment.systemResources.CPU_06,268509195,15.84 percent
2026-03-01T14:43:41.835996,(2(0)-1772394221:835996),GncDeployment.systemResources.CPU_07,268509196,9.00 percent
2026-03-01T14:43:41.836001,(2(0)-1772394221:836001),GncDeployment.systemResources.CPU,268509188,24.66 percent
2026-03-01T14:43:41.836024,(2(0)-1772394221:836024),GncDeployment.systemResources.MEMORY_TOTAL,268509184,4413088 KB
2026-03-01T14:43:41.836027,(2(0)-1772394221:836027),GncDeployment.systemResources.MEMORY_USED,268509185,4329104 KB
2026-03-01T14:43:41.836069,(2(0)-1772394221:836069),GncDeployment.systemResources.NON_VOLATILE_FREE,268509187,135999876 KB
2026-03-01T14:43:41.836072,(2(0)-1772394221:836072),GncDeployment.systemResources.NON_VOLATILE_TOTAL,268509186,239362496 KB
2026-03-01T14:43:41.836098,(2(0)-1772394221:836098),GncDeployment.rateGroup1.RgMaxTime,268439552,797 us
2026-03-01T14:43:41.836100,(2(0)-1772394221:836100),ComCcsds.comQueue.comQueueDepth,33554432,['0', '1']
2026-03-01T14:43:41.836106,(2(0)-1772394221:836106),ComCcsds.comQueue.buffQueueDepth,33554433,['0']
2026-03-01T14:43:42.839197,(2(0)-1772394222:839197),GncDeployment.systemResources.CPU_01,268509190,33.00 percent
2026-03-01T14:43:42.839214,(2(0)-1772394222:839214),GncDeployment.systemResources.CPU_02,268509191,28.28 percent
2026-03-01T14:43:42.839227,(2(0)-1772394222:839227),GncDeployment.systemResources.CPU_03,268509192,25.00 percent
2026-03-01T14:43:42.839242,(2(0)-1772394222:839242),GncDeployment.systemResources.CPU_04,268509193,13.13 percent
2026-03-01T14:43:42.839255,(2(0)-1772394222:839255),GncDeployment.systemResources.CPU_05,268509194,12.00 percent
2026-03-01T14:43:42.839267,(2(0)-1772394222:839267),GncDeployment.systemResources.CPU_06,268509195,2.00 percent
2026-03-01T14:43:42.839280,(2(0)-1772394222:839280),GncDeployment.systemResources.CPU_07,268509196,0.99 percent
2026-03-01T14:43:42.839281,(2(0)-1772394222:839281),GncDeployment.systemResources.CPU,268509188,18.55 percent
2026-03-01T14:43:42.839290,(2(0)-1772394222:839290),GncDeployment.systemResources.MEMORY_TOTAL,268509184,4419136 KB
2026-03-01T14:43:42.839291,(2(0)-1772394222:839291),GncDeployment.systemResources.MEMORY_USED,268509185,4344448 KB
2026-03-01T14:43:42.839303,(2(0)-1772394222:839303),GncDeployment.systemResources.NON_VOLATILE_FREE,268509187,135999844 KB
2026-03-01T14:43:42.839303,(2(0)-1772394222:839303),GncDeployment.systemResources.NON_VOLATILE_TOTAL,268509186,239362496 KB
2026-03-01T14:43:42.839325,(2(0)-1772394222:839325),ComCcsds.comQueue.comQueueDepth,33554432,['0', '1']
2026-03-01T14:43:42.839327,(2(0)-1772394222:839327),ComCcsds.comQueue.buffQueueDepth,33554433,['0']
2026-03-01T14:43:44.849231,(2(0)-1772394224:849231),GncDeployment.systemResources.CPU_00,268509189,40.00 percent
2026-03-01T14:43:43.844295,(2(0)-1772394223:844295),GncDeployment.systemResources.CPU_01,268509190,41.41 percent
2026-03-01T14:43:43.844317,(2(0)-1772394223:844317),GncDeployment.systemResources.CPU_02,268509191,41.00 percent
2026-03-01T14:43:43.844340,(2(0)-1772394223:844340),GncDeployment.systemResources.CPU_03,268509192,36.36 percent
2026-03-01T14:43:43.844360,(2(0)-1772394223:844360),GncDeployment.systemResources.CPU_04,268509193,41.00 percent
2026-03-01T14:43:43.844383,(2(0)-1772394223:844383),GncDeployment.systemResources.CPU_05,268509194,34.00 percent
2026-03-01T14:43:43.844402,(2(0)-1772394223:844402),GncDeployment.systemResources.CPU_06,268509195,26.00 percent
2026-03-01T14:43:43.844423,(2(0)-1772394223:844423),GncDeployment.systemResources.CPU_07,268509196,21.00 percent
2026-03-01T14:43:43.844425,(2(0)-1772394223:844425),GncDeployment.systemResources.CPU,268509188,35.91 percent
2026-03-01T14:43:43.844439,(2(0)-1772394223:844439),GncDeployment.systemResources.MEMORY_TOTAL,268509184,4270976 KB
2026-03-01T14:43:43.844441,(2(0)-1772394223:844441),GncDeployment.systemResources.MEMORY_USED,268509185,4180864 KB
2026-03-01T14:43:43.844479,(2(0)-1772394223:844479),GncDeployment.systemResources.NON_VOLATILE_FREE,268509187,135998452 KB
2026-03-01T14:43:43.844480,(2(0)-1772394223:844480),GncDeployment.systemResources.NON_VOLATILE_TOTAL,268509186,239362496 KB
2026-03-01T14:43:43.844497,(2(0)-1772394223:844497),ComCcsds.comQueue.comQueueDepth,33554432,['0', '1']
2026-03-01T14:43:43.844500,(2(0)-1772394223:844500),ComCcsds.comQueue.buffQueueDepth,33554433,['0']
2026-03-01T14:43:44.849242,(2(0)-1772394224:849242),GncDeployment.systemResources.CPU_01,268509190,38.00 percent
2026-03-01T14:43:44.849288,(2(0)-1772394224:849288),GncDeployment.systemResources.CPU_02,268509191,35.00 percent
2026-03-01T14:43:44.849299,(2(0)-1772394224:849299),GncDeployment.systemResources.CPU_03,268509192,29.00 percent
2026-03-01T14:43:44.849306,(2(0)-1772394224:849306),GncDeployment.systemResources.CPU_04,268509193,28.71 percent
2026-03-01T14:43:44.849313,(2(0)-1772394224:849313),GncDeployment.systemResources.CPU_05,268509194,18.00 percent
2026-03-01T14:43:44.849320,(2(0)-1772394224:849320),GncDeployment.systemResources.CPU_06,268509195,11.88 percent
2026-03-01T14:43:44.849291,(2(0)-1772394224:849291),ComCcsds.commsBufferManager.HiBuffs,33562626,2
2026-03-01T14:43:44.849326,(2(0)-1772394224:849326),GncDeployment.systemResources.CPU_07,268509196,7.92 percent
2026-03-01T14:43:44.849327,(2(0)-1772394224:849327),GncDeployment.systemResources.CPU,268509188,26.06 percent
2026-03-01T14:43:44.849331,(2(0)-1772394224:849331),GncDeployment.systemResources.MEMORY_TOTAL,268509184,4175504 KB
2026-03-01T14:43:44.849332,(2(0)-1772394224:849332),GncDeployment.systemResources.MEMORY_USED,268509185,4079408 KB
2026-03-01T14:43:44.849343,(2(0)-1772394224:849343),GncDeployment.systemResources.NON_VOLATILE_FREE,268509187,135997248 KB
2026-03-01T14:43:44.849343,(2(0)-1772394224:849343),GncDeployment.systemResources.NON_VOLATILE_TOTAL,268509186,239362496 KB
2026-03-01T14:43:44.849353,(2(0)-1772394224:849353),ComCcsds.comQueue.comQueueDepth,33554432,['0', '1']
2026-03-01T14:43:44.849354,(2(0)-1772394224:849354),ComCcsds.comQueue.buffQueueDepth,33554433,['0']
2026-03-01T14:43:45.849379,(2(0)-1772394225:849379),GncDeployment.systemResources.CPU_00,268509189,28.28 percent
2026-03-01T14:43:45.849393,(2(0)-1772394225:849393),GncDeployment.systemResources.CPU_01,268509190,22.22 percent
2026-03-01T14:43:45.849405,(2(0)-1772394225:849405),GncDeployment.systemResources.CPU_02,268509191,23.23 percent
2026-03-01T14:43:45.849415,(2(0)-1772394225:849415),GncDeployment.systemResources.CPU_03,268509192,20.00 percent
2026-03-01T14:43:45.849424,(2(0)-1772394225:849424),GncDeployment.systemResources.CPU_04,268509193,34.69 percent
2026-03-01T14:43:45.849433,(2(0)-1772394225:849433),GncDeployment.systemResources.CPU_05,268509194,23.23 percent
2026-03-01T14:43:45.849443,(2(0)-1772394225:849443),GncDeployment.systemResources.CPU_06,268509195,15.31 percent
2026-03-01T14:43:45.849452,(2(0)-1772394225:849452),GncDeployment.systemResources.CPU_07,268509196,7.14 percent
2026-03-01T14:43:45.849452,(2(0)-1772394225:849452),GncDeployment.systemResources.CPU,268509188,21.76 percent
2026-03-01T14:43:45.849458,(2(0)-1772394225:849458),GncDeployment.systemResources.MEMORY_TOTAL,268509184,4195728 KB
2026-03-01T14:43:45.849459,(2(0)-1772394225:849459),GncDeployment.systemResources.MEMORY_USED,268509185,4098416 KB
2026-03-01T14:43:45.849473,(2(0)-1772394225:849473),GncDeployment.systemResources.NON_VOLATILE_FREE,268509187,135998248 KB
2026-03-01T14:43:45.849473,(2(0)-1772394225:849473),GncDeployment.systemResources.NON_VOLATILE_TOTAL,268509186,239362496 KB
2026-03-01T14:43:45.849492,(2(0)-1772394225:849492),ComCcsds.comQueue.comQueueDepth,33554432,['0', '1']
2026-03-01T14:43:45.849494,(2(0)-1772394225:849494),ComCcsds.comQueue.buffQueueDepth,33554433,['0']
2026-03-01T14:43:46.850319,(2(0)-1772394226:850319),GncDeployment.systemResources.CPU_00,268509189,24.24 percent
2026-03-01T14:43:46.850332,(2(0)-1772394226:850332),GncDeployment.systemResources.CPU_01,268509190,20.00 percent
2026-03-01T14:43:46.850342,(2(0)-1772394226:850342),GncDeployment.systemResources.CPU_02,268509191,12.12 percent
2026-03-01T14:43:46.850351,(2(0)-1772394226:850351),GncDeployment.systemResources.CPU_03,268509192,9.00 percent
2026-03-01T14:43:46.850362,(2(0)-1772394226:850362),GncDeployment.systemResources.CPU_04,268509193,39.00 percent
2026-03-01T14:43:46.850372,(2(0)-1772394226:850372),GncDeployment.systemResources.CPU_05,268509194,25.74 percent
2026-03-01T14:43:46.850381,(2(0)-1772394226:850381),GncDeployment.systemResources.CPU_06,268509195,19.00 percent
2026-03-01T14:43:46.850389,(2(0)-1772394226:850389),GncDeployment.systemResources.CPU_07,268509196,14.85 percent
2026-03-01T14:43:46.850390,(2(0)-1772394226:850390),GncDeployment.systemResources.CPU,268509188,20.49 percent
2026-03-01T14:43:46.850399,(2(0)-1772394226:850399),GncDeployment.systemResources.MEMORY_TOTAL,268509184,4197488 KB
2026-03-01T14:43:46.850400,(2(0)-1772394226:850400),GncDeployment.systemResources.MEMORY_USED,268509185,4103872 KB
2026-03-01T14:43:46.850414,(2(0)-1772394226:850414),GncDeployment.systemResources.NON_VOLATILE_FREE,268509187,135998204 KB
2026-03-01T14:43:46.850415,(2(0)-1772394226:850415),GncDeployment.systemResources.NON_VOLATILE_TOTAL,268509186,239362496 KB
2026-03-01T14:43:46.850432,(2(0)-1772394226:850432),ComCcsds.comQueue.comQueueDepth,33554432,['0', '1']
2026-03-01T14:43:46.850435,(2(0)-1772394226:850435),ComCcsds.comQueue.buffQueueDepth,33554433,['0']
2026-03-01T14:43:47.855566,(2(0)-1772394227:855566),GncDeployment.systemResources.CPU_00,268509189,28.28 percent
2026-03-01T14:43:47.855591,(2(0)-1772394227:855591),GncDeployment.systemResources.CPU_01,268509190,25.25 percent
2026-03-01T14:43:47.855606,(2(0)-1772394227:855606),GncDeployment.systemResources.CPU_02,268509191,22.77 percent
2026-03-01T14:43:47.855620,(2(0)-1772394227:855620),GncDeployment.systemResources.CPU_03,268509192,18.18 percent
2026-03-01T14:43:47.855633,(2(0)-1772394227:855633),GncDeployment.systemResources.CPU_04,268509193,33.00 percent
2026-03-01T14:43:47.855647,(2(0)-1772394227:855647),GncDeployment.systemResources.CPU_05,268509194,25.00 percent
2026-03-01T14:43:47.855661,(2(0)-1772394227:855661),GncDeployment.systemResources.CPU_06,268509195,12.87 percent
2026-03-01T14:43:47.855675,(2(0)-1772394227:855675),GncDeployment.systemResources.CPU_07,268509196,7.00 percent
2026-03-01T14:43:47.855676,(2(0)-1772394227:855676),GncDeployment.systemResources.CPU,268509188,21.55 percent
2026-03-01T14:43:47.855686,(2(0)-1772394227:855686),GncDeployment.systemResources.MEMORY_TOTAL,268509184,4164432 KB
2026-03-01T14:43:47.855687,(2(0)-1772394227:855687),GncDeployment.systemResources.MEMORY_USED,268509185,4066576 KB
2026-03-01T14:43:47.855705,(2(0)-1772394227:855705),GncDeployment.systemResources.NON_VOLATILE_FREE,268509187,135997128 KB
2026-03-01T14:43:47.855706,(2(0)-1772394227:855706),GncDeployment.systemResources.NON_VOLATILE_TOTAL,268509186,239362496 KB
2026-03-01T14:43:47.855719,(2(0)-1772394227:855719),GncDeployment.rateGroup1.RgMaxTime,268439552,1434 us
2026-03-01T14:43:47.855957,(2(0)-1772394227:855957),ComCcsds.comQueue.comQueueDepth,33554432,['0', '1']
2026-03-01T14:43:47.855960,(2(0)-1772394227:855960),ComCcsds.comQueue.buffQueueDepth,33554433,['0']
2026-03-01T14:43:48.856906,(2(0)-1772394228:856906),GncDeployment.systemResources.CPU_00,268509189,44.00 percent
2026-03-01T14:43:48.856948,(2(0)-1772394228:856948),GncDeployment.systemResources.CPU_01,268509190,42.00 percent
2026-03-01T14:43:48.856958,(2(0)-1772394228:856958),GncDeployment.systemResources.CPU_02,268509191,38.00 percent
2026-03-01T14:43:48.856966,(2(0)-1772394228:856966),GncDeployment.systemResources.CPU_03,268509192,35.35 percent
2026-03-01T14:43:48.856976,(2(0)-1772394228:856976),GncDeployment.systemResources.CPU_04,268509193,49.00 percent
2026-03-01T14:43:48.856983,(2(0)-1772394228:856983),GncDeployment.systemResources.CPU_05,268509194,33.33 percent
2026-03-01T14:43:48.856990,(2(0)-1772394228:856990),GncDeployment.systemResources.CPU_06,268509195,26.26 percent
2026-03-01T14:43:48.856997,(2(0)-1772394228:856997),GncDeployment.systemResources.CPU_07,268509196,22.00 percent
2026-03-01T14:43:48.856998,(2(0)-1772394228:856998),GncDeployment.systemResources.CPU,268509188,36.24 percent
2026-03-01T14:43:48.857003,(2(0)-1772394228:857003),GncDeployment.systemResources.MEMORY_TOTAL,268509184,4192544 KB
2026-03-01T14:43:48.857004,(2(0)-1772394228:857004),GncDeployment.systemResources.MEMORY_USED,268509185,4080576 KB
2026-03-01T14:43:48.857017,(2(0)-1772394228:857017),GncDeployment.systemResources.NON_VOLATILE_FREE,268509187,135997552 KB
2026-03-01T14:43:48.857018,(2(0)-1772394228:857018),GncDeployment.systemResources.NON_VOLATILE_TOTAL,268509186,239362496 KB
2026-03-01T14:43:48.857028,(2(0)-1772394228:857028),ComCcsds.comQueue.comQueueDepth,33554432,['0', '1']
2026-03-01T14:43:48.857029,(2(0)-1772394228:857029),ComCcsds.comQueue.buffQueueDepth,33554433,['0']
2026-03-01T14:43:49.859259,(2(0)-1772394229:859259),GncDeployment.systemResources.CPU_00,268509189,31.31 percent
2026-03-01T14:43:49.859277,(2(0)-1772394229:859277),GncDeployment.systemResources.CPU_01,268509190,29.29 percent
2026-03-01T14:43:49.859290,(2(0)-1772394229:859290),GncDeployment.systemResources.CPU_02,268509191,27.27 percent
2026-03-01T14:43:49.859303,(2(0)-1772394229:859303),GncDeployment.systemResources.CPU_03,268509192,25.74 percent
2026-03-01T14:43:49.859315,(2(0)-1772394229:859315),GncDeployment.systemResources.CPU_04,268509193,29.00 percent
2026-03-01T14:43:49.859328,(2(0)-1772394229:859328),GncDeployment.systemResources.CPU_05,268509194,19.80 percent
2026-03-01T14:43:49.859341,(2(0)-1772394229:859341),GncDeployment.systemResources.CPU_06,268509195,13.86 percent
2026-03-01T14:43:49.859353,(2(0)-1772394229:859353),GncDeployment.systemResources.CPU_07,268509196,11.00 percent
2026-03-01T14:43:49.859354,(2(0)-1772394229:859354),GncDeployment.systemResources.CPU,268509188,23.41 percent
2026-03-01T14:43:49.859362,(2(0)-1772394229:859362),GncDeployment.systemResources.MEMORY_TOTAL,268509184,4256208 KB
2026-03-01T14:43:49.859363,(2(0)-1772394229:859363),GncDeployment.systemResources.MEMORY_USED,268509185,4145312 KB
2026-03-01T14:43:49.859379,(2(0)-1772394229:859379),GncDeployment.systemResources.NON_VOLATILE_FREE,268509187,135997532 KB
2026-03-01T14:43:49.859380,(2(0)-1772394229:859380),GncDeployment.systemResources.NON_VOLATILE_TOTAL,268509186,239362496 KB
2026-03-01T14:43:49.859393,(2(0)-1772394229:859393),ComCcsds.comQueue.comQueueDepth,33554432,['0', '1']
2026-03-01T14:43:49.859396,(2(0)-1772394229:859396),ComCcsds.comQueue.buffQueueDepth,33554433,['0']
2026-03-01T14:43:50.864401,(2(0)-1772394230:864401),GncDeployment.systemResources.CPU_00,268509189,43.00 percent
2026-03-01T14:43:50.864425,(2(0)-1772394230:864425),GncDeployment.systemResources.CPU_01,268509190,42.00 percent
2026-03-01T14:43:50.864441,(2(0)-1772394230:864441),GncDeployment.systemResources.CPU_02,268509191,37.00 percent
2026-03-01T14:43:50.864458,(2(0)-1772394230:864458),GncDeployment.systemResources.CPU_03,268509192,32.32 percent
2026-03-01T14:43:50.864477,(2(0)-1772394230:864477),GncDeployment.systemResources.CPU_04,268509193,35.00 percent
2026-03-01T14:43:50.864493,(2(0)-1772394230:864493),GncDeployment.systemResources.CPU_05,268509194,22.22 percent
2026-03-01T14:43:50.864508,(2(0)-1772394230:864508),GncDeployment.systemResources.CPU_06,268509195,19.00 percent
2026-03-01T14:43:50.864527,(2(0)-1772394230:864527),GncDeployment.systemResources.CPU_07,268509196,15.84 percent
2026-03-01T14:43:50.864529,(2(0)-1772394230:864529),GncDeployment.systemResources.CPU,268509188,30.80 percent
2026-03-01T14:43:50.864542,(2(0)-1772394230:864542),GncDeployment.systemResources.MEMORY_TOTAL,268509184,4238000 KB
2026-03-01T14:43:50.864543,(2(0)-1772394230:864543),GncDeployment.systemResources.MEMORY_USED,268509185,4131776 KB
2026-03-01T14:43:50.864579,(2(0)-1772394230:864579),GncDeployment.systemResources.NON_VOLATILE_FREE,268509187,135997812 KB
2026-03-01T14:43:50.864581,(2(0)-1772394230:864581),GncDeployment.systemResources.NON_VOLATILE_TOTAL,268509186,239362496 KB
2026-03-01T14:43:50.864605,(2(0)-1772394230:864605),ComCcsds.comQueue.comQueueDepth,33554432,['0', '1']
2026-03-01T14:43:50.864608,(2(0)-1772394230:864608),ComCcsds.comQueue.buffQueueDepth,33554433,['0']
2026-03-01T14:43:52.867549,(2(0)-1772394232:867549),GncDeployment.systemResources.CPU_00,268509189,36.36 percent
2026-03-01T14:43:52.867589,(2(0)-1772394232:867589),GncDeployment.systemResources.CPU_01,268509190,31.31 percent
2026-03-01T14:43:51.866149,(2(0)-1772394231:866149),GncDeployment.systemResources.CPU_02,268509191,19.19 percent
2026-03-01T14:43:51.866168,(2(0)-1772394231:866168),GncDeployment.systemResources.CPU_03,268509192,20.79 percent
2026-03-01T14:43:51.866187,(2(0)-1772394231:866187),GncDeployment.systemResources.CPU_04,268509193,12.12 percent
2026-03-01T14:43:51.866211,(2(0)-1772394231:866211),GncDeployment.systemResources.CPU_05,268509194,12.87 percent
2026-03-01T14:43:51.866234,(2(0)-1772394231:866234),GncDeployment.systemResources.CPU_06,268509195,3.00 percent
2026-03-01T14:43:51.866279,(2(0)-1772394231:866279),GncDeployment.systemResources.CPU_07,268509196,2.02 percent
2026-03-01T14:43:51.866281,(2(0)-1772394231:866281),GncDeployment.systemResources.CPU,268509188,15.91 percent
2026-03-01T14:43:51.866296,(2(0)-1772394231:866296),GncDeployment.systemResources.MEMORY_TOTAL,268509184,4245104 KB
2026-03-01T14:43:51.866298,(2(0)-1772394231:866298),GncDeployment.systemResources.MEMORY_USED,268509185,4147104 KB
2026-03-01T14:43:51.866332,(2(0)-1772394231:866332),GncDeployment.systemResources.NON_VOLATILE_FREE,268509187,135997804 KB
2026-03-01T14:43:51.866334,(2(0)-1772394231:866334),GncDeployment.systemResources.NON_VOLATILE_TOTAL,268509186,239362496 KB
2026-03-01T14:43:51.866345,(2(0)-1772394231:866345),ComCcsds.comQueue.comQueueDepth,33554432,['0', '1']
2026-03-01T14:43:51.866348,(2(0)-1772394231:866348),ComCcsds.comQueue.buffQueueDepth,33554433,['0']
2026-03-01T14:43:52.867587,(2(0)-1772394232:867587),GncDeployment.rateGroup3.RgMaxTime,268447744,243 us
2026-03-01T14:43:52.867629,(2(0)-1772394232:867629),GncDeployment.systemResources.CPU_02,268509191,30.00 percent
2026-03-01T14:43:52.867656,(2(0)-1772394232:867656),GncDeployment.systemResources.CPU_03,268509192,23.23 percent
2026-03-01T14:43:52.867683,(2(0)-1772394232:867683),GncDeployment.systemResources.CPU_04,268509193,17.17 percent
2026-03-01T14:43:52.867715,(2(0)-1772394232:867715),GncDeployment.systemResources.CPU_05,268509194,10.00 percent
2026-03-01T14:43:52.867749,(2(0)-1772394232:867749),GncDeployment.systemResources.CPU_06,268509195,5.00 percent
2026-03-01T14:43:52.867778,(2(0)-1772394232:867778),GncDeployment.systemResources.CPU_07,268509196,1.98 percent
2026-03-01T14:43:52.867782,(2(0)-1772394232:867782),GncDeployment.systemResources.CPU,268509188,19.38 percent
2026-03-01T14:43:52.867804,(2(0)-1772394232:867804),GncDeployment.systemResources.MEMORY_TOTAL,268509184,4252240 KB
2026-03-01T14:43:52.867807,(2(0)-1772394232:867807),GncDeployment.systemResources.MEMORY_USED,268509185,4151440 KB
2026-03-01T14:43:52.867845,(2(0)-1772394232:867845),GncDeployment.systemResources.NON_VOLATILE_FREE,268509187,135997884 KB
2026-03-01T14:43:52.867847,(2(0)-1772394232:867847),GncDeployment.systemResources.NON_VOLATILE_TOTAL,268509186,239362496 KB
2026-03-01T14:43:52.867877,(2(0)-1772394232:867877),ComCcsds.comQueue.comQueueDepth,33554432,['0', '1']
2026-03-01T14:43:52.867883,(2(0)-1772394232:867883),ComCcsds.comQueue.buffQueueDepth,33554433,['0']
2026-03-01T14:43:54.874522,(2(0)-1772394234:874522),GncDeployment.systemResources.CPU_00,268509189,26.00 percent
2026-03-01T14:43:54.874557,(2(0)-1772394234:874557),GncDeployment.systemResources.CPU_01,268509190,21.21 percent
2026-03-01T14:43:54.874669,(2(0)-1772394234:874669),GncDeployment.systemResources.CPU_02,268509191,21.21 percent
2026-03-01T14:43:54.874713,(2(0)-1772394234:874713),GncDeployment.systemResources.CPU_03,268509192,25.00 percent
2026-03-01T14:43:54.874742,(2(0)-1772394234:874742),GncDeployment.systemResources.CPU_04,268509193,7.07 percent
2026-03-01T14:43:54.874768,(2(0)-1772394234:874768),GncDeployment.systemResources.CPU_05,268509194,3.03 percent
2026-03-01T14:43:54.874792,(2(0)-1772394234:874792),GncDeployment.systemResources.CPU_06,268509195,4.95 percent
2026-03-01T14:43:54.874817,(2(0)-1772394234:874817),GncDeployment.systemResources.CPU_07,268509196,3.96 percent
2026-03-01T14:43:54.874820,(2(0)-1772394234:874820),GncDeployment.systemResources.CPU,268509188,14.05 percent
2026-03-01T14:43:54.874837,(2(0)-1772394234:874837),GncDeployment.systemResources.MEMORY_TOTAL,268509184,4278896 KB
2026-03-01T14:43:54.874840,(2(0)-1772394234:874840),GncDeployment.systemResources.MEMORY_USED,268509185,4201056 KB
2026-03-01T14:43:54.874863,(2(0)-1772394234:874863),GncDeployment.systemResources.NON_VOLATILE_FREE,268509187,135998268 KB
2026-03-01T14:43:54.874865,(2(0)-1772394234:874865),GncDeployment.systemResources.NON_VOLATILE_TOTAL,268509186,239362496 KB
2026-03-01T14:43:54.880618,(2(0)-1772394234:880618),ComCcsds.comQueue.comQueueDepth,33554432,['0', '1']
2026-03-01T14:43:54.880627,(2(0)-1772394234:880627),ComCcsds.comQueue.buffQueueDepth,33554433,['0']
2026-03-01T14:43:54.874913,(2(0)-1772394234:874913),GncDeployment.rateGroup2.RgMaxTime,268443648,579 us
2026-03-01T14:43:55.875005,(2(0)-1772394235:875005),GncDeployment.systemResources.CPU_00,268509189,33.00 percent
2026-03-01T14:43:55.875040,(2(0)-1772394235:875040),GncDeployment.systemResources.CPU_01,268509190,31.00 percent
2026-03-01T14:43:55.875059,(2(0)-1772394235:875059),GncDeployment.systemResources.CPU_02,268509191,28.00 percent
2026-03-01T14:43:55.875076,(2(0)-1772394235:875076),GncDeployment.systemResources.CPU_03,268509192,22.22 percent
2026-03-01T14:43:55.875093,(2(0)-1772394235:875093),GncDeployment.systemResources.CPU_04,268509193,5.00 percent
2026-03-01T14:43:55.875109,(2(0)-1772394235:875109),GncDeployment.systemResources.CPU_05,268509194,6.93 percent
2026-03-01T14:43:55.875128,(2(0)-1772394235:875128),GncDeployment.systemResources.CPU_06,268509195,1.00 percent
2026-03-01T14:43:55.875144,(2(0)-1772394235:875144),GncDeployment.systemResources.CPU_07,268509196,0.00 percent
2026-03-01T14:43:55.875155,(2(0)-1772394235:875155),GncDeployment.systemResources.CPU,268509188,15.89 percent
2026-03-01T14:43:55.875170,(2(0)-1772394235:875170),GncDeployment.systemResources.MEMORY_TOTAL,268509184,4286720 KB
2026-03-01T14:43:55.875172,(2(0)-1772394235:875172),GncDeployment.systemResources.MEMORY_USED,268509185,4210400 KB
2026-03-01T14:43:55.875192,(2(0)-1772394235:875192),GncDeployment.systemResources.NON_VOLATILE_FREE,268509187,135998232 KB
2026-03-01T14:43:55.875194,(2(0)-1772394235:875194),GncDeployment.systemResources.NON_VOLATILE_TOTAL,268509186,239362496 KB
2026-03-01T14:43:55.878746,(2(0)-1772394235:878746),ComCcsds.comQueue.comQueueDepth,33554432,['0', '1']
2026-03-01T14:43:55.878786,(2(0)-1772394235:878786),ComCcsds.comQueue.buffQueueDepth,33554433,['0']
2026-03-01T14:43:56.880709,(2(0)-1772394236:880709),GncDeployment.systemResources.CPU_00,268509189,28.28 percent
2026-03-01T14:43:56.880744,(2(0)-1772394236:880744),GncDeployment.systemResources.CPU_01,268509190,27.27 percent
2026-03-01T14:43:56.880768,(2(0)-1772394236:880768),GncDeployment.systemResources.CPU_02,268509191,21.00 percent
2026-03-01T14:43:56.880791,(2(0)-1772394236:880791),GncDeployment.systemResources.CPU_03,268509192,16.00 percent
2026-03-01T14:43:56.880817,(2(0)-1772394236:880817),GncDeployment.systemResources.CPU_04,268509193,11.76 percent
2026-03-01T14:43:56.880873,(2(0)-1772394236:880873),GncDeployment.systemResources.CPU_05,268509194,5.94 percent
2026-03-01T14:43:56.880909,(2(0)-1772394236:880909),GncDeployment.systemResources.CPU_06,268509195,1.00 percent
2026-03-01T14:43:56.880932,(2(0)-1772394236:880932),GncDeployment.systemResources.CPU_07,268509196,1.00 percent
2026-03-01T14:43:56.880934,(2(0)-1772394236:880934),GncDeployment.systemResources.CPU,268509188,14.03 percent
2026-03-01T14:43:56.880952,(2(0)-1772394236:880952),GncDeployment.systemResources.MEMORY_TOTAL,268509184,4291072 KB
2026-03-01T14:43:56.880955,(2(0)-1772394236:880955),GncDeployment.systemResources.MEMORY_USED,268509185,4222912 KB
2026-03-01T14:43:56.880987,(2(0)-1772394236:880987),GncDeployment.systemResources.NON_VOLATILE_FREE,268509187,135998228 KB
2026-03-01T14:43:56.880989,(2(0)-1772394236:880989),GncDeployment.systemResources.NON_VOLATILE_TOTAL,268509186,239362496 KB
2026-03-01T14:43:56.881971,(2(0)-1772394236:881971),ComCcsds.comQueue.comQueueDepth,33554432,['0', '1']
2026-03-01T14:43:56.881976,(2(0)-1772394236:881976),ComCcsds.comQueue.buffQueueDepth,33554433,['0']
2026-03-01T14:43:56.881222,(2(0)-1772394236:881222),GncDeployment.rateGroup3.RgMaxTime,268447744,1009 us
2026-03-01T14:43:56.881034,(2(0)-1772394236:881034),GncDeployment.rateGroup2.RgMaxTime,268443648,820 us
2026-03-01T14:43:57.886436,(2(0)-1772394237:886436),GncDeployment.systemResources.CPU_00,268509189,30.00 percent
2026-03-01T14:43:58.888537,(2(0)-1772394238:888537),GncDeployment.systemResources.CPU_00,268509189,27.27 percent
2026-03-01T14:43:58.888575,(2(0)-1772394238:888575),GncDeployment.systemResources.CPU_01,268509190,24.24 percent
2026-03-01T14:43:58.888607,(2(0)-1772394238:888607),GncDeployment.systemResources.CPU_02,268509191,24.00 percent
2026-03-01T14:43:58.888631,(2(0)-1772394238:888631),GncDeployment.systemResources.CPU_03,268509192,15.84 percent
2026-03-01T14:43:58.888653,(2(0)-1772394238:888653),GncDeployment.systemResources.CPU_04,268509193,3.96 percent
2026-03-01T14:43:58.888679,(2(0)-1772394238:888679),GncDeployment.systemResources.CPU_05,268509194,2.00 percent
2026-03-01T14:43:58.888704,(2(0)-1772394238:888704),GncDeployment.systemResources.CPU_06,268509195,1.00 percent
2026-03-01T14:43:58.888728,(2(0)-1772394238:888728),GncDeployment.systemResources.CPU_07,268509196,0.99 percent
2026-03-01T14:43:58.888731,(2(0)-1772394238:888731),GncDeployment.systemResources.CPU,268509188,12.41 percent
2026-03-01T14:43:58.888766,(2(0)-1772394238:888766),GncDeployment.systemResources.MEMORY_TOTAL,268509184,4328704 KB
2026-03-01T14:43:58.888770,(2(0)-1772394238:888770),GncDeployment.systemResources.MEMORY_USED,268509185,4265008 KB
2026-03-01T14:43:58.888804,(2(0)-1772394238:888804),GncDeployment.systemResources.NON_VOLATILE_FREE,268509187,135998284 KB
2026-03-01T14:43:58.888806,(2(0)-1772394238:888806),GncDeployment.systemResources.NON_VOLATILE_TOTAL,268509186,239362496 KB
2026-03-01T14:43:58.888830,(2(0)-1772394238:888830),ComCcsds.comQueue.comQueueDepth,33554432,['0', '0']
2026-03-01T14:43:58.888857,(2(0)-1772394238:888857),ComCcsds.comQueue.buffQueueDepth,33554433,['0']
2026-03-01T14:43:59.889881,(2(0)-1772394239:889881),GncDeployment.systemResources.CPU_00,268509189,28.71 percent
2026-03-01T14:43:59.889907,(2(0)-1772394239:889907),GncDeployment.systemResources.CPU_01,268509190,28.71 percent
2026-03-01T14:43:59.889924,(2(0)-1772394239:889924),GncDeployment.systemResources.CPU_02,268509191,20.20 percent
2026-03-01T14:43:59.889942,(2(0)-1772394239:889942),GncDeployment.systemResources.CPU_03,268509192,20.00 percent
2026-03-01T14:43:59.889960,(2(0)-1772394239:889960),GncDeployment.systemResources.CPU_04,268509193,11.00 percent
2026-03-01T14:43:59.889978,(2(0)-1772394239:889978),GncDeployment.systemResources.CPU_05,268509194,8.00 percent
2026-03-01T14:43:59.889994,(2(0)-1772394239:889994),GncDeployment.systemResources.CPU_06,268509195,2.00 percent
2026-03-01T14:43:59.890120,(2(0)-1772394239:890120),GncDeployment.systemResources.CPU_07,268509196,0.00 percent
2026-03-01T14:43:59.890122,(2(0)-1772394239:890122),GncDeployment.systemResources.CPU,268509188,14.83 percent
2026-03-01T14:43:59.890137,(2(0)-1772394239:890137),GncDeployment.systemResources.MEMORY_TOTAL,268509184,4326816 KB
2026-03-01T14:43:59.890139,(2(0)-1772394239:890139),GncDeployment.systemResources.MEMORY_USED,268509185,4256256 KB
2026-03-01T14:43:59.890164,(2(0)-1772394239:890164),GncDeployment.systemResources.NON_VOLATILE_FREE,268509187,135998224 KB
2026-03-01T14:43:59.890166,(2(0)-1772394239:890166),GncDeployment.systemResources.NON_VOLATILE_TOTAL,268509186,239362496 KB
2026-03-01T14:43:59.890285,(2(0)-1772394239:890285),ComCcsds.comQueue.comQueueDepth,33554432,['0', '1']
2026-03-01T14:43:59.890289,(2(0)-1772394239:890289),ComCcsds.comQueue.buffQueueDepth,33554433,['0']
2026-03-01T14:44:00.892933,(2(0)-1772394240:892933),GncDeployment.systemResources.CPU_00,268509189,27.55 percent
2026-03-01T14:44:00.892954,(2(0)-1772394240:892954),GncDeployment.systemResources.CPU_01,268509190,26.26 percent
2026-03-01T14:44:00.892971,(2(0)-1772394240:892971),GncDeployment.systemResources.CPU_02,268509191,25.25 percent
2026-03-01T14:44:00.892985,(2(0)-1772394240:892985),GncDeployment.systemResources.CPU_03,268509192,20.20 percent
2026-03-01T14:44:00.893000,(2(0)-1772394240:893000),GncDeployment.systemResources.CPU_04,268509193,1.00 percent
2026-03-01T14:44:00.893044,(2(0)-1772394240:893044),GncDeployment.systemResources.CPU_05,268509194,1.00 percent
2026-03-01T14:44:00.893062,(2(0)-1772394240:893062),GncDeployment.systemResources.CPU_06,268509195,0.00 percent
2026-03-01T14:44:00.893078,(2(0)-1772394240:893078),GncDeployment.systemResources.CPU_07,268509196,0.98 percent
2026-03-01T14:44:00.893080,(2(0)-1772394240:893080),GncDeployment.systemResources.CPU,268509188,12.78 percent
2026-03-01T14:44:00.893095,(2(0)-1772394240:893095),GncDeployment.systemResources.MEMORY_TOTAL,268509184,4320224 KB
2026-03-01T14:44:00.893097,(2(0)-1772394240:893097),GncDeployment.systemResources.MEMORY_USED,268509185,4253568 KB
2026-03-01T14:44:00.893130,(2(0)-1772394240:893130),GncDeployment.systemResources.NON_VOLATILE_FREE,268509187,135998204 KB
2026-03-01T14:44:00.893131,(2(0)-1772394240:893131),GncDeployment.systemResources.NON_VOLATILE_TOTAL,268509186,239362496 KB
2026-03-01T14:44:00.893142,(2(0)-1772394240:893142),ComCcsds.comQueue.comQueueDepth,33554432,['0', '1']
2026-03-01T14:44:00.893145,(2(0)-1772394240:893145),ComCcsds.comQueue.buffQueueDepth,33554433,['0']
2026-03-01T14:44:01.897993,(2(0)-1772394241:897993),GncDeployment.systemResources.CPU_00,268509189,32.67 percent
2026-03-01T14:44:01.898016,(2(0)-1772394241:898016),GncDeployment.systemResources.CPU_01,268509190,25.00 percent
2026-03-01T14:44:01.898031,(2(0)-1772394241:898031),GncDeployment.systemResources.CPU_02,268509191,22.00 percent
2026-03-01T14:44:01.898049,(2(0)-1772394241:898049),GncDeployment.systemResources.CPU_03,268509192,21.00 percent
2026-03-01T14:44:01.898063,(2(0)-1772394241:898063),GncDeployment.systemResources.CPU_04,268509193,16.00 percent
2026-03-01T14:44:01.898077,(2(0)-1772394241:898077),GncDeployment.systemResources.CPU_05,268509194,12.00 percent
2026-03-01T14:44:01.898091,(2(0)-1772394241:898091),GncDeployment.systemResources.CPU_06,268509195,6.93 percent
2026-03-01T14:44:01.898106,(2(0)-1772394241:898106),GncDeployment.systemResources.CPU_07,268509196,4.04 percent
2026-03-01T14:44:01.898108,(2(0)-1772394241:898108),GncDeployment.systemResources.CPU,268509188,17.46 percent
2026-03-01T14:44:01.898118,(2(0)-1772394241:898118),GncDeployment.systemResources.MEMORY_TOTAL,268509184,4304560 KB
2026-03-01T14:44:01.898119,(2(0)-1772394241:898119),GncDeployment.systemResources.MEMORY_USED,268509185,4241488 KB
2026-03-01T14:44:01.898141,(2(0)-1772394241:898141),GncDeployment.systemResources.NON_VOLATILE_FREE,268509187,135998196 KB
2026-03-01T14:44:01.898142,(2(0)-1772394241:898142),GncDeployment.systemResources.NON_VOLATILE_TOTAL,268509186,239362496 KB
2026-03-01T14:44:01.898166,(2(0)-1772394241:898166),ComCcsds.comQueue.comQueueDepth,33554432,['0', '1']
2026-03-01T14:44:01.898169,(2(0)-1772394241:898169),ComCcsds.comQueue.buffQueueDepth,33554433,['0']
2026-03-01T14:44:02.903022,(2(0)-1772394242:903022),GncDeployment.systemResources.CPU_00,268509189,33.33 percent
2026-03-01T14:44:02.903047,(2(0)-1772394242:903047),GncDeployment.systemResources.CPU_01,268509190,27.27 percent
2026-03-01T14:44:02.903065,(2(0)-1772394242:903065),GncDeployment.systemResources.CPU_02,268509191,21.78 percent
2026-03-01T14:44:02.903080,(2(0)-1772394242:903080),GncDeployment.systemResources.CPU_03,268509192,17.82 percent
2026-03-01T14:44:02.903095,(2(0)-1772394242:903095),GncDeployment.systemResources.CPU_04,268509193,2.97 percent
2026-03-01T14:44:02.903109,(2(0)-1772394242:903109),GncDeployment.systemResources.CPU_05,268509194,2.97 percent
2026-03-01T14:44:02.903123,(2(0)-1772394242:903123),GncDeployment.systemResources.CPU_06,268509195,0.99 percent
2026-03-01T14:44:02.903137,(2(0)-1772394242:903137),GncDeployment.systemResources.CPU_07,268509196,0.98 percent
2026-03-01T14:44:02.903138,(2(0)-1772394242:903138),GncDeployment.systemResources.CPU,268509188,13.52 percent
2026-03-01T14:44:02.903149,(2(0)-1772394242:903149),GncDeployment.systemResources.MEMORY_TOTAL,268509184,4303072 KB
2026-03-01T14:44:02.903150,(2(0)-1772394242:903150),GncDeployment.systemResources.MEMORY_USED,268509185,4218528 KB
2026-03-01T14:44:02.903177,(2(0)-1772394242:903177),GncDeployment.systemResources.NON_VOLATILE_FREE,268509187,135998196 KB
2026-03-01T14:44:02.903178,(2(0)-1772394242:903178),GncDeployment.systemResources.NON_VOLATILE_TOTAL,268509186,239362496 KB
2026-03-01T14:44:02.903220,(2(0)-1772394242:903220),ComCcsds.comQueue.comQueueDepth,33554432,['0', '1']
2026-03-01T14:44:02.903222,(2(0)-1772394242:903222),ComCcsds.comQueue.buffQueueDepth,33554433,['0']
