2026-03-01T13:49:00.880485,(2(0)-1772390940:880485),CdhCore.version.FrameworkVersion,16789504,v4.1.1
2026-03-01T13:49:00.880499,(2(0)-1772390940:880499),CdhCore.version.ProjectVersion,16789505,ef106fd-dirty
2026-03-01T13:49:01.886139,(2(0)-1772390941:886139),GncDeployment.rateGroup2.RgMaxTime,268443648,43 us
2026-03-01T13:49:01.886171,(2(0)-1772390941:886171),GncDeployment.systemResources.CPU_00,268509189,21.64 percent
2026-03-01T13:49:01.886180,(2(0)-1772390941:886180),GncDeployment.systemResources.CPU_01,268509190,20.19 percent
2026-03-01T13:49:01.886188,(2(0)-1772390941:886188),GncDeployment.systemResources.CPU_02,268509191,17.07 percent
2026-03-01T13:49:01.886195,(2(0)-1772390941:886195),GncDeployment.systemResources.CPU_03,268509192,14.88 percent
2026-03-01T13:49:01.886198,(2(0)-1772390941:886198),ComCcsds.commsBufferManager.HiBuffs,33562626,1
2026-03-01T13:49:01.886199,(2(0)-1772390941:886199),ComCcsds.commsBufferManager.CurrBuffs,33562625,1
2026-03-01T13:49:01.886199,(2(0)-1772390941:886199),ComCcsds.commsBufferManager.TotalBuffs,33562624,50
2026-03-01T13:49:01.886200,(2(0)-1772390941:886200),ComCcsds.commsBufferManager.NoBuffs,33562627,0
2026-03-01T13:49:01.886202,(2(0)-1772390941:886202),ComCcsds.commsBufferManager.EmptyBuffs,33562628,0
2026-03-01T13:49:01.886202,(2(0)-1772390941:886202),GncDeployment.systemResources.CPU_04,268509193,10.09 percent
2026-03-01T13:49:01.886203,(2(0)-1772390941:886203),DataProducts.dpBufferManager.HiBuffs,67121154,0
2026-03-01T13:49:01.886203,(2(0)-1772390941:886203),DataProducts.dpBufferManager.CurrBuffs,67121153,0
2026-03-01T13:49:01.886204,(2(0)-1772390941:886204),DataProducts.dpBufferManager.TotalBuffs,67121152,10
2026-03-01T13:49:01.886204,(2(0)-1772390941:886204),DataProducts.dpBufferManager.NoBuffs,67121155,0
2026-03-01T13:49:01.886204,(2(0)-1772390941:886204),DataProducts.dpBufferManager.EmptyBuffs,67121156,0
2026-03-01T13:49:01.886211,(2(0)-1772390941:886211),GncDeployment.systemResources.CPU_05,268509194,8.06 percent
2026-03-01T13:49:01.886216,(2(0)-1772390941:886216),DataProducts.dpWriter.NumBuffersReceived,67117056,0
2026-03-01T13:49:01.886218,(2(0)-1772390941:886218),DataProducts.dpWriter.NumBytesWritten,67117057,0
2026-03-01T13:49:01.886216,(2(0)-1772390941:886216),GncDeployment.rateGroup3.RgMaxTime,268447744,126 us
2026-03-01T13:49:01.886220,(2(0)-1772390941:886220),DataProducts.dpWriter.NumSuccessfulWrites,67117058,0
2026-03-01T13:49:01.886224,(2(0)-1772390941:886224),DataProducts.dpWriter.NumFailedWrites,67117059,0
2026-03-01T13:49:01.886254,(2(0)-1772390941:886254),DataProducts.dpWriter.NumErrors,67117060,0
2026-03-01T13:49:01.886218,(2(0)-1772390941:886218),GncDeployment.systemResources.CPU_06,268509195,4.80 percent
2026-03-01T13:49:01.886248,(2(0)-1772390941:886248),DataProducts.dpMgr.NumSuccessfulAllocations,67112960,0
2026-03-01T13:49:01.886258,(2(0)-1772390941:886258),DataProducts.dpMgr.NumFailedAllocations,67112961,0
2026-03-01T13:49:01.886259,(2(0)-1772390941:886259),DataProducts.dpMgr.NumDataProducts,67112962,0
2026-03-01T13:49:01.886259,(2(0)-1772390941:886259),DataProducts.dpMgr.NumBytes,67112963,0
2026-03-01T13:49:01.886266,(2(0)-1772390941:886266),GncDeployment.systemResources.CPU_07,268509196,3.63 percent
2026-03-01T13:49:01.886267,(2(0)-1772390941:886267),GncDeployment.systemResources.CPU,268509188,12.54 percent
2026-03-01T13:49:01.886272,(2(0)-1772390941:886272),GncDeployment.systemResources.MEMORY_TOTAL,268509184,4567936 KB
2026-03-01T13:49:01.886272,(2(0)-1772390941:886272),GncDeployment.systemResources.MEMORY_USED,268509185,4490928 KB
2026-03-01T13:49:01.886282,(2(0)-1772390941:886282),GncDeployment.systemResources.NON_VOLATILE_FREE,268509187,138351324 KB
2026-03-01T13:49:01.886282,(2(0)-1772390941:886282),GncDeployment.systemResources.NON_VOLATILE_TOTAL,268509186,239362496 KB
2026-03-01T13:49:01.886287,(2(0)-1772390941:886287),GncDeployment.rateGroup1.RgMaxTime,268439552,198 us
2026-03-01T13:49:01.886305,(2(0)-1772390941:886305),ComCcsds.comQueue.comQueueDepth,33554432,['2', '1']
2026-03-01T13:49:01.886306,(2(0)-1772390941:886306),ComCcsds.comQueue.buffQueueDepth,33554433,['0']
2026-03-01T13:49:03.895686,(2(0)-1772390943:895686),GncDeployment.systemResources.CPU_00,268509189,24.75 percent
2026-03-01T13:49:02.891345,(2(0)-1772390942:891345),GncDeployment.systemResources.CPU_01,268509190,13.13 percent
2026-03-01T13:49:02.891378,(2(0)-1772390942:891378),GncDeployment.systemResources.CPU_02,268509191,11.00 percent
2026-03-01T13:49:02.891411,(2(0)-1772390942:891411),GncDeployment.systemResources.CPU_03,268509192,7.92 percent
2026-03-01T13:49:02.891442,(2(0)-1772390942:891442),GncDeployment.systemResources.CPU_04,268509193,2.97 percent
2026-03-01T13:49:02.891480,(2(0)-1772390942:891480),GncDeployment.systemResources.CPU_05,268509194,2.02 percent
2026-03-01T13:49:02.891515,(2(0)-1772390942:891515),GncDeployment.systemResources.CPU_06,268509195,1.00 percent
2026-03-01T13:49:02.891547,(2(0)-1772390942:891547),GncDeployment.systemResources.CPU_07,268509196,0.00 percent
2026-03-01T13:49:02.891551,(2(0)-1772390942:891551),GncDeployment.systemResources.CPU,268509188,6.52 percent
2026-03-01T13:49:02.891579,(2(0)-1772390942:891579),GncDeployment.systemResources.MEMORY_TOTAL,268509184,4557120 KB
2026-03-01T13:49:02.891583,(2(0)-1772390942:891583),GncDeployment.systemResources.MEMORY_USED,268509185,4473360 KB
2026-03-01T13:49:02.891610,(2(0)-1772390942:891610),GncDeployment.systemResources.NON_VOLATILE_FREE,268509187,138351316 KB
2026-03-01T13:49:02.891613,(2(0)-1772390942:891613),GncDeployment.systemResources.NON_VOLATILE_TOTAL,268509186,239362496 KB
2026-03-01T13:49:02.891640,(2(0)-1772390942:891640),GncDeployment.rateGroup1.RgMaxTime,268439552,538 us
2026-03-01T13:49:02.891643,(2(0)-1772390942:891643),ComCcsds.comQueue.comQueueDepth,33554432,['0', '1']
2026-03-01T13:49:02.891649,(2(0)-1772390942:891649),ComCcsds.comQueue.buffQueueDepth,33554433,['0']
2026-03-01T13:49:03.895724,(2(0)-1772390943:895724),GncDeployment.systemResources.CPU_06,268509195,7.92 percent
2026-03-01T13:49:03.895728,(2(0)-1772390943:895728),GncDeployment.systemResources.CPU_07,268509196,3.00 percent
2026-03-01T13:49:03.895729,(2(0)-1772390943:895729),GncDeployment.systemResources.CPU,268509188,16.16 percent
2026-03-01T13:49:03.895734,(2(0)-1772390943:895734),GncDeployment.systemResources.MEMORY_TOTAL,268509184,4514496 KB
2026-03-01T13:49:03.895734,(2(0)-1772390943:895734),GncDeployment.systemResources.MEMORY_USED,268509185,4405296 KB
2026-03-01T13:49:03.895739,(2(0)-1772390943:895739),GncDeployment.systemResources.NON_VOLATILE_FREE,268509187,138351296 KB
2026-03-01T13:49:03.895740,(2(0)-1772390943:895740),GncDeployment.systemResources.NON_VOLATILE_TOTAL,268509186,239362496 KB
2026-03-01T13:49:03.895742,(2(0)-1772390943:895742),ComCcsds.comQueue.comQueueDepth,33554432,['0', '1']
2026-03-01T13:49:03.895743,(2(0)-1772390943:895743),ComCcsds.comQueue.buffQueueDepth,33554433,['0']
2026-03-01T13:49:03.895695,(2(0)-1772390943:895695),GncDeployment.systemResources.CPU_01,268509190,22.77 percent
2026-03-01T13:49:03.895701,(2(0)-1772390943:895701),GncDeployment.systemResources.CPU_02,268509191,17.00 percent
2026-03-01T13:49:03.895707,(2(0)-1772390943:895707),GncDeployment.systemResources.CPU_03,268509192,15.00 percent
2026-03-01T13:49:03.895713,(2(0)-1772390943:895713),GncDeployment.systemResources.CPU_04,268509193,22.00 percent
2026-03-01T13:49:03.895718,(2(0)-1772390943:895718),GncDeployment.systemResources.CPU_05,268509194,16.83 percent
2026-03-01T13:49:05.902305,(2(0)-1772390945:902305),GncDeployment.rateGroup2.RgMaxTime,268443648,65 us
2026-03-01T13:49:05.902368,(2(0)-1772390945:902368),GncDeployment.systemResources.CPU_00,268509189,33.33 percent
2026-03-01T13:49:05.902387,(2(0)-1772390945:902387),GncDeployment.systemResources.CPU_01,268509190,29.00 percent
2026-03-01T13:49:05.902403,(2(0)-1772390945:902403),GncDeployment.systemResources.CPU_02,268509191,24.49 percent
2026-03-01T13:49:04.900758,(2(0)-1772390944:900758),GncDeployment.systemResources.CPU_03,268509192,48.48 percent
2026-03-01T13:49:05.902377,(2(0)-1772390945:902377),ComCcsds.commsBufferManager.HiBuffs,33562626,2
2026-03-01T13:49:04.900771,(2(0)-1772390944:900771),GncDeployment.systemResources.CPU_04,268509193,40.00 percent
2026-03-01T13:49:04.900784,(2(0)-1772390944:900784),GncDeployment.systemResources.CPU_05,268509194,47.47 percent
2026-03-01T13:49:05.902403,(2(0)-1772390945:902403),GncDeployment.rateGroup3.RgMaxTime,268447744,174 us
2026-03-01T13:49:04.900797,(2(0)-1772390944:900797),GncDeployment.systemResources.CPU_06,268509195,24.00 percent
2026-03-01T13:49:04.900810,(2(0)-1772390944:900810),GncDeployment.systemResources.CPU_07,268509196,19.00 percent
2026-03-01T13:49:04.900812,(2(0)-1772390944:900812),GncDeployment.systemResources.CPU,268509188,41.51 percent
2026-03-01T13:49:04.900821,(2(0)-1772390944:900821),GncDeployment.systemResources.MEMORY_TOTAL,268509184,4416496 KB
2026-03-01T13:49:04.900823,(2(0)-1772390944:900823),GncDeployment.systemResources.MEMORY_USED,268509185,4260016 KB
2026-03-01T13:49:04.900840,(2(0)-1772390944:900840),GncDeployment.systemResources.NON_VOLATILE_FREE,268509187,138350224 KB
2026-03-01T13:49:04.900842,(2(0)-1772390944:900842),GncDeployment.systemResources.NON_VOLATILE_TOTAL,268509186,239362496 KB
2026-03-01T13:49:04.900852,(2(0)-1772390944:900852),ComCcsds.comQueue.comQueueDepth,33554432,['0', '1']
2026-03-01T13:49:04.900854,(2(0)-1772390944:900854),ComCcsds.comQueue.buffQueueDepth,33554433,['0']
2026-03-01T13:49:05.902502,(2(0)-1772390945:902502),GncDeployment.systemResources.CPU_06,268509195,3.00 percent
2026-03-01T13:49:05.902517,(2(0)-1772390945:902517),GncDeployment.systemResources.CPU_07,268509196,1.98 percent
2026-03-01T13:49:05.902519,(2(0)-1772390945:902519),GncDeployment.systemResources.CPU,268509188,16.10 percent
2026-03-01T13:49:05.902533,(2(0)-1772390945:902533),GncDeployment.systemResources.MEMORY_TOTAL,268509184,4431440 KB
2026-03-01T13:49:05.902535,(2(0)-1772390945:902535),GncDeployment.systemResources.MEMORY_USED,268509185,4266464 KB
2026-03-01T13:49:05.902564,(2(0)-1772390945:902564),GncDeployment.systemResources.NON_VOLATILE_FREE,268509187,138350148 KB
2026-03-01T13:49:05.902565,(2(0)-1772390945:902565),GncDeployment.systemResources.NON_VOLATILE_TOTAL,268509186,239362496 KB
2026-03-01T13:49:05.902578,(2(0)-1772390945:902578),ComCcsds.comQueue.comQueueDepth,33554432,['0', '1']
2026-03-01T13:49:05.902580,(2(0)-1772390945:902580),ComCcsds.comQueue.buffQueueDepth,33554433,['0']
2026-03-01T13:49:05.902426,(2(0)-1772390945:902426),GncDeployment.systemResources.CPU_03,268509192,24.00 percent
2026-03-01T13:49:05.902465,(2(0)-1772390945:902465),GncDeployment.systemResources.CPU_04,268509193,8.08 percent
2026-03-01T13:49:05.902481,(2(0)-1772390945:902481),GncDeployment.systemResources.CPU_05,268509194,4.95 percent
2026-03-01T13:49:07.911987,(2(0)-1772390947:911987),GncDeployment.rateGroup2.RgMaxTime,268443648,77 us
2026-03-01T13:49:06.907016,(2(0)-1772390946:907016),GncDeployment.systemResources.CPU_00,268509189,20.00 percent
2026-03-01T13:49:06.907042,(2(0)-1772390946:907042),GncDeployment.systemResources.CPU_01,268509190,20.00 percent
2026-03-01T13:49:06.907064,(2(0)-1772390946:907064),GncDeployment.systemResources.CPU_02,268509191,13.86 percent
2026-03-01T13:49:06.907086,(2(0)-1772390946:907086),GncDeployment.systemResources.CPU_03,268509192,14.00 percent
2026-03-01T13:49:06.907115,(2(0)-1772390946:907115),GncDeployment.systemResources.CPU_04,268509193,9.00 percent
2026-03-01T13:49:06.907138,(2(0)-1772390946:907138),GncDeployment.systemResources.CPU_05,268509194,4.00 percent
2026-03-01T13:49:06.907158,(2(0)-1772390946:907158),GncDeployment.systemResources.CPU_06,268509195,2.97 percent
2026-03-01T13:49:06.907175,(2(0)-1772390946:907175),GncDeployment.systemResources.CPU_07,268509196,1.00 percent
2026-03-01T13:49:06.907178,(2(0)-1772390946:907178),GncDeployment.systemResources.CPU,268509188,10.60 percent
2026-03-01T13:49:06.907193,(2(0)-1772390946:907193),GncDeployment.systemResources.MEMORY_TOTAL,268509184,4450832 KB
2026-03-01T13:49:06.907195,(2(0)-1772390946:907195),GncDeployment.systemResources.MEMORY_USED,268509185,4278576 KB
2026-03-01T13:49:06.907226,(2(0)-1772390946:907226),GncDeployment.systemResources.NON_VOLATILE_FREE,268509187,138350148 KB
2026-03-01T13:49:06.907227,(2(0)-1772390946:907227),GncDeployment.systemResources.NON_VOLATILE_TOTAL,268509186,239362496 KB
2026-03-01T13:49:06.907290,(2(0)-1772390946:907290),ComCcsds.comQueue.comQueueDepth,33554432,['0', '1']
2026-03-01T13:49:06.907293,(2(0)-1772390946:907293),ComCcsds.comQueue.buffQueueDepth,33554433,['0']
2026-03-01T13:49:07.912246,(2(0)-1772390947:912246),GncDeployment.systemResources.CPU_06,268509195,1.01 percent
2026-03-01T13:49:07.912272,(2(0)-1772390947:912272),GncDeployment.systemResources.CPU_07,268509196,0.00 percent
2026-03-01T13:49:07.912277,(2(0)-1772390947:912277),GncDeployment.systemResources.CPU,268509188,9.86 percent
2026-03-01T13:49:07.912300,(2(0)-1772390947:912300),GncDeployment.systemResources.MEMORY_TOTAL,268509184,4438592 KB
2026-03-01T13:49:07.912302,(2(0)-1772390947:912302),GncDeployment.systemResources.MEMORY_USED,268509185,4265856 KB
2026-03-01T13:49:07.912342,(2(0)-1772390947:912342),GncDeployment.systemResources.NON_VOLATILE_FREE,268509187,138350128 KB
2026-03-01T13:49:07.912345,(2(0)-1772390947:912345),GncDeployment.systemResources.NON_VOLATILE_TOTAL,268509186,239362496 KB
2026-03-01T13:49:07.912371,(2(0)-1772390947:912371),ComCcsds.comQueue.comQueueDepth,33554432,['0', '1']
2026-03-01T13:49:07.912377,(2(0)-1772390947:912377),ComCcsds.comQueue.buffQueueDepth,33554433,['0']
2026-03-01T13:49:07.912100,(2(0)-1772390947:912100),GncDeployment.systemResources.CPU_01,268509190,19.00 percent
2026-03-01T13:49:07.912128,(2(0)-1772390947:912128),GncDeployment.systemResources.CPU_02,268509191,16.16 percent
2026-03-01T13:49:07.912159,(2(0)-1772390947:912159),GncDeployment.systemResources.CPU_03,268509192,13.00 percent
2026-03-01T13:49:07.912189,(2(0)-1772390947:912189),GncDeployment.systemResources.CPU_04,268509193,6.93 percent
2026-03-01T13:49:07.912218,(2(0)-1772390947:912218),GncDeployment.systemResources.CPU_05,268509194,3.00 percent
2026-03-01T13:49:07.912066,(2(0)-1772390947:912066),GncDeployment.systemResources.CPU_00,268509189,19.80 percent
2026-03-01T13:49:08.917168,(2(0)-1772390948:917168),GncDeployment.systemResources.CPU_00,268509189,18.18 percent
2026-03-01T13:49:08.917213,(2(0)-1772390948:917213),GncDeployment.systemResources.CPU_01,268509190,20.00 percent
2026-03-01T13:49:08.917244,(2(0)-1772390948:917244),GncDeployment.systemResources.CPU_02,268509191,14.85 percent
2026-03-01T13:49:08.917277,(2(0)-1772390948:917277),GncDeployment.systemResources.CPU_03,268509192,13.86 percent
2026-03-01T13:49:08.917309,(2(0)-1772390948:917309),GncDeployment.systemResources.CPU_04,268509193,6.00 percent
2026-03-01T13:49:08.917337,(2(0)-1772390948:917337),GncDeployment.systemResources.CPU_05,268509194,1.98 percent
2026-03-01T13:49:08.917368,(2(0)-1772390948:917368),GncDeployment.systemResources.CPU_06,268509195,1.98 percent
2026-03-01T13:49:08.917399,(2(0)-1772390948:917399),GncDeployment.systemResources.CPU_07,268509196,2.94 percent
2026-03-01T13:49:08.917403,(2(0)-1772390948:917403),GncDeployment.systemResources.CPU,268509188,9.97 percent
2026-03-01T13:49:08.917428,(2(0)-1772390948:917428),GncDeployment.systemResources.MEMORY_TOTAL,268509184,4434976 KB
2026-03-01T13:49:08.917431,(2(0)-1772390948:917431),GncDeployment.systemResources.MEMORY_USED,268509185,4261408 KB
2026-03-01T13:49:08.917472,(2(0)-1772390948:917472),GncDeployment.systemResources.NON_VOLATILE_FREE,268509187,138350120 KB
2026-03-01T13:49:08.917474,(2(0)-1772390948:917474),GncDeployment.systemResources.NON_VOLATILE_TOTAL,268509186,239362496 KB
2026-03-01T13:49:08.917502,(2(0)-1772390948:917502),GncDeployment.rateGroup1.RgMaxTime,268439552,541 us
2026-03-01T13:49:08.917503,(2(0)-1772390948:917503),ComCcsds.comQueue.comQueueDepth,33554432,['0', '1']
2026-03-01T13:49:08.917509,(2(0)-1772390948:917509),ComCcsds.comQueue.buffQueueDepth,33554433,['0']
2026-03-01T13:49:09.917275,(2(0)-1772390949:917275),GncDeployment.systemResources.CPU_06,268509195,12.00 percent
2026-03-01T13:49:09.917288,(2(0)-1772390949:917288),GncDeployment.systemResources.CPU_07,268509196,6.00 percent
2026-03-01T13:49:09.917290,(2(0)-1772390949:917290),GncDeployment.systemResources.CPU,268509188,16.80 percent
2026-03-01T13:49:09.917301,(2(0)-1772390949:917301),GncDeployment.systemResources.MEMORY_TOTAL,268509184,4435056 KB
2026-03-01T13:49:09.917302,(2(0)-1772390949:917302),GncDeployment.systemResources.MEMORY_USED,268509185,4245200 KB
2026-03-01T13:49:09.917319,(2(0)-1772390949:917319),GncDeployment.systemResources.NON_VOLATILE_FREE,268509187,138349964 KB
2026-03-01T13:49:09.917320,(2(0)-1772390949:917320),GncDeployment.systemResources.NON_VOLATILE_TOTAL,268509186,239362496 KB
2026-03-01T13:49:09.917333,(2(0)-1772390949:917333),ComCcsds.comQueue.comQueueDepth,33554432,['0', '1']
2026-03-01T13:49:09.917335,(2(0)-1772390949:917335),ComCcsds.comQueue.buffQueueDepth,33554433,['0']
2026-03-01T13:49:09.917187,(2(0)-1772390949:917187),GncDeployment.systemResources.CPU_01,268509190,19.00 percent
2026-03-01T13:49:09.917205,(2(0)-1772390949:917205),GncDeployment.systemResources.CPU_02,268509191,17.00 percent
2026-03-01T13:49:09.917221,(2(0)-1772390949:917221),GncDeployment.systemResources.CPU_03,268509192,11.11 percent
2026-03-01T13:49:09.917243,(2(0)-1772390949:917243),GncDeployment.systemResources.CPU_04,268509193,27.27 percent
2026-03-01T13:49:09.917260,(2(0)-1772390949:917260),GncDeployment.systemResources.CPU_05,268509194,17.00 percent
2026-03-01T13:49:09.917165,(2(0)-1772390949:917165),GncDeployment.systemResources.CPU_00,268509189,25.00 percent
2026-03-01T13:49:09.917240,(2(0)-1772390949:917240),GncDeployment.rateGroup3.RgMaxTime,268447744,183 us
2026-03-01T13:49:10.921427,(2(0)-1772390950:921427),GncDeployment.systemResources.CPU_00,268509189,21.43 percent
2026-03-01T13:49:10.921498,(2(0)-1772390950:921498),GncDeployment.systemResources.CPU_01,268509190,18.18 percent
2026-03-01T13:49:10.921531,(2(0)-1772390950:921531),GncDeployment.systemResources.CPU_02,268509191,15.15 percent
2026-03-01T13:49:10.921561,(2(0)-1772390950:921561),GncDeployment.systemResources.CPU_03,268509192,12.00 percent
2026-03-01T13:49:10.921592,(2(0)-1772390950:921592),GncDeployment.systemResources.CPU_04,268509193,15.84 percent
2026-03-01T13:49:10.921623,(2(0)-1772390950:921623),GncDeployment.systemResources.CPU_05,268509194,5.05 percent
2026-03-01T13:49:10.921653,(2(0)-1772390950:921653),GncDeployment.systemResources.CPU_06,268509195,2.97 percent
2026-03-01T13:49:10.921685,(2(0)-1772390950:921685),GncDeployment.systemResources.CPU_07,268509196,0.00 percent
2026-03-01T13:49:10.921689,(2(0)-1772390950:921689),GncDeployment.systemResources.CPU,268509188,11.33 percent
2026-03-01T13:49:10.921714,(2(0)-1772390950:921714),GncDeployment.systemResources.MEMORY_TOTAL,268509184,4444224 KB
2026-03-01T13:49:10.921718,(2(0)-1772390950:921718),GncDeployment.systemResources.MEMORY_USED,268509185,4278784 KB
2026-03-01T13:49:10.921768,(2(0)-1772390950:921768),GncDeployment.systemResources.NON_VOLATILE_FREE,268509187,138349956 KB
2026-03-01T13:49:10.921771,(2(0)-1772390950:921771),GncDeployment.systemResources.NON_VOLATILE_TOTAL,268509186,239362496 KB
2026-03-01T13:49:10.921820,(2(0)-1772390950:921820),GncDeployment.rateGroup1.RgMaxTime,268439552,574 us
2026-03-01T13:49:10.921828,(2(0)-1772390950:921828),ComCcsds.comQueue.comQueueDepth,33554432,['0', '1']
2026-03-01T13:49:10.921834,(2(0)-1772390950:921834),ComCcsds.comQueue.buffQueueDepth,33554433,['0']
2026-03-01T13:49:11.926585,(2(0)-1772390951:926585),GncDeployment.systemResources.CPU_06,268509195,1.01 percent
2026-03-01T13:49:11.926601,(2(0)-1772390951:926601),GncDeployment.systemResources.CPU_07,268509196,0.99 percent
2026-03-01T13:49:11.926604,(2(0)-1772390951:926604),GncDeployment.systemResources.CPU,268509188,12.78 percent
2026-03-01T13:49:11.926620,(2(0)-1772390951:926620),GncDeployment.systemResources.MEMORY_TOTAL,268509184,4446672 KB
2026-03-01T13:49:11.926622,(2(0)-1772390951:926622),GncDeployment.systemResources.MEMORY_USED,268509185,4287616 KB
2026-03-01T13:49:11.926660,(2(0)-1772390951:926660),GncDeployment.systemResources.NON_VOLATILE_FREE,268509187,138349936 KB
2026-03-01T13:49:11.926662,(2(0)-1772390951:926662),GncDeployment.systemResources.NON_VOLATILE_TOTAL,268509186,239362496 KB
2026-03-01T13:49:11.926680,(2(0)-1772390951:926680),ComCcsds.comQueue.comQueueDepth,33554432,['0', '1']
2026-03-01T13:49:11.926684,(2(0)-1772390951:926684),ComCcsds.comQueue.buffQueueDepth,33554433,['0']
2026-03-01T13:49:11.926479,(2(0)-1772390951:926479),GncDeployment.systemResources.CPU_01,268509190,23.23 percent
2026-03-01T13:49:11.926499,(2(0)-1772390951:926499),GncDeployment.systemResources.CPU_02,268509191,20.00 percent
2026-03-01T13:49:11.926521,(2(0)-1772390951:926521),GncDeployment.systemResources.CPU_03,268509192,20.00 percent
2026-03-01T13:49:11.926541,(2(0)-1772390951:926541),GncDeployment.systemResources.CPU_04,268509193,6.00 percent
2026-03-01T13:49:11.926561,(2(0)-1772390951:926561),GncDeployment.systemResources.CPU_05,268509194,2.00 percent
2026-03-01T13:49:11.926446,(2(0)-1772390951:926446),GncDeployment.systemResources.CPU_00,268509189,29.00 percent
2026-03-01T13:49:13.933970,(2(0)-1772390953:933970),GncDeployment.rateGroup2.RgMaxTime,268443648,113 us
2026-03-01T13:49:12.929048,(2(0)-1772390952:929048),GncDeployment.systemResources.CPU_00,268509189,33.00 percent
2026-03-01T13:49:12.929124,(2(0)-1772390952:929124),GncDeployment.systemResources.CPU_01,268509190,28.00 percent
2026-03-01T13:49:12.929154,(2(0)-1772390952:929154),GncDeployment.systemResources.CPU_02,268509191,26.00 percent
2026-03-01T13:49:12.929208,(2(0)-1772390952:929208),GncDeployment.systemResources.CPU_03,268509192,22.00 percent
2026-03-01T13:49:12.929245,(2(0)-1772390952:929245),GncDeployment.systemResources.CPU_04,268509193,21.00 percent
2026-03-01T13:49:12.929274,(2(0)-1772390952:929274),GncDeployment.systemResources.CPU_05,268509194,13.86 percent
2026-03-01T13:49:12.929313,(2(0)-1772390952:929313),GncDeployment.systemResources.CPU_06,268509195,7.92 percent
2026-03-01T13:49:12.929345,(2(0)-1772390952:929345),GncDeployment.systemResources.CPU_07,268509196,6.00 percent
2026-03-01T13:49:12.929349,(2(0)-1772390952:929349),GncDeployment.systemResources.CPU,268509188,19.72 percent
2026-03-01T13:49:12.929400,(2(0)-1772390952:929400),GncDeployment.systemResources.MEMORY_TOTAL,268509184,4450768 KB
2026-03-01T13:49:12.929403,(2(0)-1772390952:929403),GncDeployment.systemResources.MEMORY_USED,268509185,4359520 KB
2026-03-01T13:49:12.929450,(2(0)-1772390952:929450),GncDeployment.systemResources.NON_VOLATILE_FREE,268509187,138349852 KB
2026-03-01T13:49:12.929453,(2(0)-1772390952:929453),GncDeployment.systemResources.NON_VOLATILE_TOTAL,268509186,239362496 KB
2026-03-01T13:49:12.929478,(2(0)-1772390952:929478),GncDeployment.rateGroup1.RgMaxTime,268439552,679 us
2026-03-01T13:49:12.929483,(2(0)-1772390952:929483),ComCcsds.comQueue.comQueueDepth,33554432,['0', '1']
2026-03-01T13:49:12.929491,(2(0)-1772390952:929491),ComCcsds.comQueue.buffQueueDepth,33554433,['0']
