Hit Ctrl-C to quit
EVENT: (16777216) (2:1772390940,879898) DIAGNOSTIC: (cmdDisp) OpCodeRegistered : Opcode 0x1000000 registered to port 0 slot 0
EVENT: (16777216) (2:1772390940,879984) DIAGNOSTIC: (cmdDisp) OpCodeRegistered : Opcode 0x1000001 registered to port 0 slot 1
EVENT: (16777216) (2:1772390940,880004) DIAGNOSTIC: (cmdDisp) OpCodeRegistered : Opcode 0x1000002 registered to port 0 slot 2
EVENT: (16777216) (2:1772390940,880018) DIAGNOSTIC: (cmdDisp) OpCodeRegistered : Opcode 0x1000003 registered to port 0 slot 3
EVENT: (16777216) (2:1772390940,880031) DIAGNOSTIC: (cmdDisp) OpCodeRegistered : Opcode 0x1001000 registered to port 1 slot 4
EVENT: (16777216) (2:1772390940,880042) DIAGNOSTIC: (cmdDisp) OpCodeRegistered : Opcode 0x1001002 registered to port 1 slot 5
EVENT: (16777216) (2:1772390940,880054) DIAGNOSTIC: (cmdDisp) OpCodeRegistered : Opcode 0x1001003 registered to port 1 slot 6
EVENT: (16777216) (2:1772390940,880066) DIAGNOSTIC: (cmdDisp) OpCodeRegistered : Opcode 0x1002000 registered to port 2 slot 7
EVENT: (16777216) (2:1772390940,880077) DIAGNOSTIC: (cmdDisp) OpCodeRegistered : Opcode 0x1002001 registered to port 2 slot 8
EVENT: (16777216) (2:1772390940,880088) DIAGNOSTIC: (cmdDisp) OpCodeRegistered : Opcode 0x1002002 registered to port 2 slot 9
EVENT: (16777216) (2:1772390940,880099) DIAGNOSTIC: (cmdDisp) OpCodeRegistered : Opcode 0x1003000 registered to port 3 slot 10
EVENT: (16777216) (2:1772390940,880111) DIAGNOSTIC: (cmdDisp) OpCodeRegistered : Opcode 0x1003001 registered to port 3 slot 11
EVENT: (16777216) (2:1772390940,880122) DIAGNOSTIC: (cmdDisp) OpCodeRegistered : Opcode 0x4000000 registered to port 4 slot 12
EVENT: (16777216) (2:1772390940,880133) DIAGNOSTIC: (cmdDisp) OpCodeRegistered : Opcode 0x4000001 registered to port 4 slot 13
EVENT: (16777216) (2:1772390940,880144) DIAGNOSTIC: (cmdDisp) OpCodeRegistered : Opcode 0x4000002 registered to port 4 slot 14
EVENT: (16777216) (2:1772390940,880155) DIAGNOSTIC: (cmdDisp) OpCodeRegistered : Opcode 0x4000003 registered to port 4 slot 15
EVENT: (16777216) (2:1772390940,880166) DIAGNOSTIC: (cmdDisp) OpCodeRegistered : Opcode 0x4001000 registered to port 5 slot 16
EVENT: (16777216) (2:1772390940,880177) DIAGNOSTIC: (cmdDisp) OpCodeRegistered : Opcode 0x4002000 registered to port 6 slot 17
EVENT: (16777216) (2:1772390940,880188) DIAGNOSTIC: (cmdDisp) OpCodeRegistered : Opcode 0x5001000 registered to port 7 slot 18
EVENT: (16777216) (2:1772390940,880199) DIAGNOSTIC: (cmdDisp) OpCodeRegistered : Opcode 0x5001001 registered to port 7 slot 19
EVENT: (16777216) (2:1772390940,880210) DIAGNOSTIC: (cmdDisp) OpCodeRegistered : Opcode 0x5001002 registered to port 7 slot 20
EVENT: (16777216) (2:1772390940,880221) DIAGNOSTIC: (cmdDisp) OpCodeRegistered : Opcode 0x5002000 registered to port 8 slot 21
EVENT: (16777216) (2:1772390940,880232) DIAGNOSTIC: (cmdDisp) OpCodeRegistered : Opcode 0x5002001 registered to port 8 slot 22
EVENT: (16777216) (2:1772390940,880243) DIAGNOSTIC: (cmdDisp) OpCodeRegistered : Opcode 0x5002002 registered to port 8 slot 23
EVENT: (16777216) (2:1772390940,880254) DIAGNOSTIC: (cmdDisp) OpCodeRegistered : Opcode 0x5002003 registered to port 8 slot 24
EVENT: (16777216) (2:1772390940,880265) DIAGNOSTIC: (cmdDisp) OpCodeRegistered : Opcode 0x5002004 registered to port 8 slot 25
EVENT: (16777216) (2:1772390940,880276) DIAGNOSTIC: (cmdDisp) OpCodeRegistered : Opcode 0x5002005 registered to port 8 slot 26
EVENT: (16777216) (2:1772390940,880287) DIAGNOSTIC: (cmdDisp) OpCodeRegistered : Opcode 0x5002006 registered to port 8 slot 27
EVENT: (16777216) (2:1772390940,880298) DIAGNOSTIC: (cmdDisp) OpCodeRegistered : Opcode 0x5002007 registered to port 8 slot 28
EVENT: (16777216) (2:1772390940,880309) DIAGNOSTIC: (cmdDisp) OpCodeRegistered : Opcode 0x5003000 registered to port 9 slot 29
EVENT: (16777216) (2:1772390940,880320) DIAGNOSTIC: (cmdDisp) OpCodeRegistered : Opcode 0x5003001 registered to port 9 slot 30
EVENT: (16777216) (2:1772390940,880331) DIAGNOSTIC: (cmdDisp) OpCodeRegistered : Opcode 0x5003002 registered to port 9 slot 31
EVENT: (16777216) (2:1772390940,880342) DIAGNOSTIC: (cmdDisp) OpCodeRegistered : Opcode 0x10004000 registered to port 10 slot 32
EVENT: (16777216) (2:1772390940,880363) DIAGNOSTIC: (cmdDisp) OpCodeRegistered : Opcode 0x10004001 registered to port 10 slot 33
EVENT: (16777216) (2:1772390940,880374) DIAGNOSTIC: (cmdDisp) OpCodeRegistered : Opcode 0x10004002 registered to port 10 slot 34
EVENT: (16777216) (2:1772390940,880383) DIAGNOSTIC: (cmdDisp) OpCodeRegistered : Opcode 0x10004003 registered to port 10 slot 35
EVENT: (16777216) (2:1772390940,880392) DIAGNOSTIC: (cmdDisp) OpCodeRegistered : Opcode 0x10004004 registered to port 10 slot 36
EVENT: (16777216) (2:1772390940,880401) DIAGNOSTIC: (cmdDisp) OpCodeRegistered : Opcode 0x10004005 registered to port 10 slot 37
EVENT: (16777216) (2:1772390940,880410) DIAGNOSTIC: (cmdDisp) OpCodeRegistered : Opcode 0x10004006 registered to port 10 slot 38
EVENT: (16777216) (2:1772390940,880419) DIAGNOSTIC: (cmdDisp) OpCodeRegistered : Opcode 0x10004007 registered to port 10 slot 39
EVENT: (16777216) (2:1772390940,880429) DIAGNOSTIC: (cmdDisp) OpCodeRegistered : Opcode 0x10012000 registered to port 11 slot 40
EVENT: (16789504) (2:1772390940,880470) ACTIVITY_LO: (version) FrameworkVersion : Framework Version: [v4.1.1]
EVENT: (16789505) (2:1772390940,880488) ACTIVITY_LO: (version) ProjectVersion : Project Version: [ef106fd-dirty]
EVENT: (268439552) (2:1772390940,881025) DIAGNOSTIC: (rateGroup1) RateGroupStarted : Rate group started.
EVENT: (268443648) (2:1772390940,881079) DIAGNOSTIC: (rateGroup2) RateGroupStarted : Rate group started.
EVENT: (268447744) (2:1772390940,881094) DIAGNOSTIC: (rateGroup3) RateGroupStarted : Rate group started.
Connected to 0.0.0.0:50000 as a tcp client
[WARNING] ReceiveTask failed to recv from port with status -8 and errno 0
[WARNING] ReceiveTask failed to open port with status -4 and errno 61
Exiting...
