2026-03-01T14:45:47.556495,(2(0)-1772394347:556495),CdhCore.version.FrameworkVersion,16789504,v4.1.1
2026-03-01T14:45:47.556509,(2(0)-1772394347:556509),CdhCore.version.ProjectVersion,16789505,ef106fd-dirty
2026-03-01T14:45:48.562132,(2(0)-1772394348:562132),GncDeployment.rateGroup2.RgMaxTime,268443648,70 us
2026-03-01T14:45:48.562168,(2(0)-1772394348:562168),GncDeployment.systemResources.CPU_00,268509189,21.80 percent
2026-03-01T14:45:48.562194,(2(0)-1772394348:562194),ComCcsds.commsBufferManager.HiBuffs,33562626,1
2026-03-01T14:45:48.562210,(2(0)-1772394348:562210),ComCcsds.commsBufferManager.CurrBuffs,33562625,1
2026-03-01T14:45:48.562211,(2(0)-1772394348:562211),ComCcsds.commsBufferManager.TotalBuffs,33562624,50
2026-03-01T14:45:48.562212,(2(0)-1772394348:562212),ComCcsds.commsBufferManager.NoBuffs,33562627,0
2026-03-01T14:45:48.562212,(2(0)-1772394348:562212),ComCcsds.commsBufferManager.EmptyBuffs,33562628,0
2026-03-01T14:45:48.562213,(2(0)-1772394348:562213),DataProducts.dpBufferManager.HiBuffs,67121154,0
2026-03-01T14:45:48.562214,(2(0)-1772394348:562214),DataProducts.dpBufferManager.CurrBuffs,67121153,0
2026-03-01T14:45:48.562214,(2(0)-1772394348:562214),DataProducts.dpBufferManager.TotalBuffs,67121152,10
2026-03-01T14:45:48.562215,(2(0)-1772394348:562215),DataProducts.dpBufferManager.NoBuffs,67121155,0
2026-03-01T14:45:48.562215,(2(0)-1772394348:562215),DataProducts.dpBufferManager.EmptyBuffs,67121156,0
2026-03-01T14:45:48.562217,(2(0)-1772394348:562217),GncDeployment.systemResources.CPU_01,268509190,20.34 percent
2026-03-01T14:45:48.562226,(2(0)-1772394348:562226),GncDeployment.systemResources.CPU_02,268509191,17.21 percent
2026-03-01T14:45:48.562226,(2(0)-1772394348:562226),DataProducts.dpWriter.NumBuffersReceived,67117056,0
2026-03-01T14:45:48.562227,(2(0)-1772394348:562227),GncDeployment.rateGroup3.RgMaxTime,268447744,169 us
2026-03-01T14:45:48.562227,(2(0)-1772394348:562227),DataProducts.dpWriter.NumBytesWritten,67117057,0
2026-03-01T14:45:48.562227,(2(0)-1772394348:562227),DataProducts.dpWriter.NumSuccessfulWrites,67117058,0
2026-03-01T14:45:48.562228,(2(0)-1772394348:562228),DataProducts.dpWriter.NumFailedWrites,67117059,0
2026-03-01T14:45:48.562228,(2(0)-1772394348:562228),DataProducts.dpWriter.NumErrors,67117060,0
2026-03-01T14:45:48.562233,(2(0)-1772394348:562233),GncDeployment.systemResources.CPU_03,268509192,15.01 percent
2026-03-01T14:45:48.562237,(2(0)-1772394348:562237),DataProducts.dpMgr.NumSuccessfulAllocations,67112960,0
2026-03-01T14:45:48.562237,(2(0)-1772394348:562237),DataProducts.dpMgr.NumFailedAllocations,67112961,0
2026-03-01T14:45:48.562238,(2(0)-1772394348:562238),DataProducts.dpMgr.NumDataProducts,67112962,0
2026-03-01T14:45:48.562238,(2(0)-1772394348:562238),DataProducts.dpMgr.NumBytes,67112963,0
2026-03-01T14:45:48.562241,(2(0)-1772394348:562241),GncDeployment.systemResources.CPU_04,268509193,10.28 percent
2026-03-01T14:45:48.562249,(2(0)-1772394348:562249),GncDeployment.systemResources.CPU_05,268509194,8.22 percent
2026-03-01T14:45:48.562256,(2(0)-1772394348:562256),GncDeployment.systemResources.CPU_06,268509195,4.90 percent
2026-03-01T14:45:48.562263,(2(0)-1772394348:562263),GncDeployment.systemResources.CPU_07,268509196,3.71 percent
2026-03-01T14:45:48.562264,(2(0)-1772394348:562264),GncDeployment.systemResources.CPU,268509188,12.68 percent
2026-03-01T14:45:48.562268,(2(0)-1772394348:562268),GncDeployment.systemResources.MEMORY_TOTAL,268509184,4499216 KB
2026-03-01T14:45:48.562269,(2(0)-1772394348:562269),GncDeployment.systemResources.MEMORY_USED,268509185,4396656 KB
2026-03-01T14:45:48.562277,(2(0)-1772394348:562277),GncDeployment.systemResources.NON_VOLATILE_FREE,268509187,135997412 KB
2026-03-01T14:45:48.562278,(2(0)-1772394348:562278),GncDeployment.systemResources.NON_VOLATILE_TOTAL,268509186,239362496 KB
2026-03-01T14:45:48.562288,(2(0)-1772394348:562288),ComCcsds.comQueue.comQueueDepth,33554432,['2', '1']
2026-03-01T14:45:48.562289,(2(0)-1772394348:562289),ComCcsds.comQueue.buffQueueDepth,33554433,['0']
2026-03-01T14:45:48.562292,(2(0)-1772394348:562292),GncDeployment.rateGroup1.RgMaxTime,268439552,234 us
2026-03-01T14:45:49.567166,(2(0)-1772394349:567166),GncDeployment.systemResources.CPU_00,268509189,34.00 percent
2026-03-01T14:45:49.567176,(2(0)-1772394349:567176),GncDeployment.systemResources.CPU_01,268509190,39.22 percent
2026-03-01T14:45:49.567183,(2(0)-1772394349:567183),GncDeployment.systemResources.CPU_02,268509191,34.00 percent
2026-03-01T14:45:49.567189,(2(0)-1772394349:567189),GncDeployment.systemResources.CPU_03,268509192,29.29 percent
2026-03-01T14:45:49.567196,(2(0)-1772394349:567196),GncDeployment.systemResources.CPU_04,268509193,8.91 percent
2026-03-01T14:45:49.567202,(2(0)-1772394349:567202),GncDeployment.systemResources.CPU_05,268509194,5.05 percent
2026-03-01T14:45:49.567208,(2(0)-1772394349:567208),GncDeployment.systemResources.CPU_06,268509195,13.86 percent
2026-03-01T14:45:49.567213,(2(0)-1772394349:567213),GncDeployment.systemResources.CPU_07,268509196,2.97 percent
2026-03-01T14:45:49.567214,(2(0)-1772394349:567214),GncDeployment.systemResources.CPU,268509188,20.91 percent
2026-03-01T14:45:49.567218,(2(0)-1772394349:567218),GncDeployment.systemResources.MEMORY_TOTAL,268509184,4479216 KB
2026-03-01T14:45:49.567218,(2(0)-1772394349:567218),GncDeployment.systemResources.MEMORY_USED,268509185,4384144 KB
2026-03-01T14:45:49.567226,(2(0)-1772394349:567226),GncDeployment.systemResources.NON_VOLATILE_FREE,268509187,135997484 KB
2026-03-01T14:45:49.567227,(2(0)-1772394349:567227),GncDeployment.systemResources.NON_VOLATILE_TOTAL,268509186,239362496 KB
2026-03-01T14:45:49.567231,(2(0)-1772394349:567231),ComCcsds.comQueue.comQueueDepth,33554432,['0', '1']
2026-03-01T14:45:49.567233,(2(0)-1772394349:567233),ComCcsds.comQueue.buffQueueDepth,33554433,['0']
2026-03-01T14:45:50.571576,(2(0)-1772394350:571576),GncDeployment.systemResources.CPU_00,268509189,49.49 percent
2026-03-01T14:45:50.571584,(2(0)-1772394350:571584),GncDeployment.systemResources.CPU_01,268509190,43.88 percent
2026-03-01T14:45:50.571590,(2(0)-1772394350:571590),GncDeployment.systemResources.CPU_02,268509191,40.40 percent
2026-03-01T14:45:50.571596,(2(0)-1772394350:571596),GncDeployment.systemResources.CPU_03,268509192,42.00 percent
2026-03-01T14:45:50.571602,(2(0)-1772394350:571602),GncDeployment.systemResources.CPU_04,268509193,24.24 percent
2026-03-01T14:45:50.571607,(2(0)-1772394350:571607),GncDeployment.systemResources.CPU_05,268509194,25.00 percent
2026-03-01T14:45:50.571613,(2(0)-1772394350:571613),GncDeployment.systemResources.CPU_06,268509195,15.15 percent
2026-03-01T14:45:50.571618,(2(0)-1772394350:571618),GncDeployment.systemResources.CPU_07,268509196,12.00 percent
2026-03-01T14:45:50.571619,(2(0)-1772394350:571619),GncDeployment.systemResources.CPU,268509188,31.52 percent
2026-03-01T14:45:50.571623,(2(0)-1772394350:571623),GncDeployment.systemResources.MEMORY_TOTAL,268509184,4447104 KB
2026-03-01T14:45:50.571623,(2(0)-1772394350:571623),GncDeployment.systemResources.MEMORY_USED,268509185,4321760 KB
2026-03-01T14:45:50.571628,(2(0)-1772394350:571628),GncDeployment.systemResources.NON_VOLATILE_FREE,268509187,135996208 KB
2026-03-01T14:45:50.571629,(2(0)-1772394350:571629),GncDeployment.systemResources.NON_VOLATILE_TOTAL,268509186,239362496 KB
2026-03-01T14:45:50.571637,(2(0)-1772394350:571637),ComCcsds.comQueue.comQueueDepth,33554432,['0', '1']
2026-03-01T14:45:50.571637,(2(0)-1772394350:571637),ComCcsds.comQueue.buffQueueDepth,33554433,['0']
2026-03-01T14:45:52.577989,(2(0)-1772394352:577989),GncDeployment.rateGroup2.RgMaxTime,268443648,91 us
2026-03-01T14:45:52.578072,(2(0)-1772394352:578072),GncDeployment.systemResources.CPU_00,268509189,27.27 percent
2026-03-01T14:45:52.578115,(2(0)-1772394352:578115),GncDeployment.systemResources.CPU_01,268509190,25.25 percent
2026-03-01T14:45:52.578149,(2(0)-1772394352:578149),GncDeployment.systemResources.CPU_02,268509191,21.78 percent
2026-03-01T14:45:52.578183,(2(0)-1772394352:578183),GncDeployment.systemResources.CPU_03,268509192,17.17 percent
2026-03-01T14:45:51.572977,(2(0)-1772394351:572977),GncDeployment.systemResources.CPU_04,268509193,17.00 percent
2026-03-01T14:45:51.572985,(2(0)-1772394351:572985),GncDeployment.systemResources.CPU_05,268509194,14.00 percent
2026-03-01T14:45:51.572994,(2(0)-1772394351:572994),GncDeployment.systemResources.CPU_06,268509195,6.00 percent
2026-03-01T14:45:51.573002,(2(0)-1772394351:573002),GncDeployment.systemResources.CPU_07,268509196,3.00 percent
2026-03-01T14:45:51.573002,(2(0)-1772394351:573002),GncDeployment.systemResources.CPU,268509188,19.38 percent
2026-03-01T14:45:51.573008,(2(0)-1772394351:573008),GncDeployment.systemResources.MEMORY_TOTAL,268509184,4430064 KB
2026-03-01T14:45:51.573009,(2(0)-1772394351:573009),GncDeployment.systemResources.MEMORY_USED,268509185,4316752 KB
2026-03-01T14:45:51.573019,(2(0)-1772394351:573019),GncDeployment.systemResources.NON_VOLATILE_FREE,268509187,135996088 KB
2026-03-01T14:45:51.573019,(2(0)-1772394351:573019),GncDeployment.systemResources.NON_VOLATILE_TOTAL,268509186,239362496 KB
2026-03-01T14:45:51.573035,(2(0)-1772394351:573035),ComCcsds.comQueue.comQueueDepth,33554432,['0', '1']
2026-03-01T14:45:51.573037,(2(0)-1772394351:573037),ComCcsds.comQueue.buffQueueDepth,33554433,['0']
2026-03-01T14:45:52.578139,(2(0)-1772394352:578139),ComCcsds.commsBufferManager.HiBuffs,33562626,2
2026-03-01T14:45:52.578170,(2(0)-1772394352:578170),GncDeployment.rateGroup3.RgMaxTime,268447744,283 us
2026-03-01T14:45:52.578226,(2(0)-1772394352:578226),GncDeployment.systemResources.CPU_04,268509193,11.88 percent
2026-03-01T14:45:52.578259,(2(0)-1772394352:578259),GncDeployment.systemResources.CPU_05,268509194,5.94 percent
2026-03-01T14:45:52.578290,(2(0)-1772394352:578290),GncDeployment.systemResources.CPU_06,268509195,1.98 percent
2026-03-01T14:45:52.578323,(2(0)-1772394352:578323),GncDeployment.systemResources.CPU_07,268509196,0.99 percent
2026-03-01T14:45:52.578326,(2(0)-1772394352:578326),GncDeployment.systemResources.CPU,268509188,14.03 percent
2026-03-01T14:45:52.578346,(2(0)-1772394352:578346),GncDeployment.systemResources.MEMORY_TOTAL,268509184,4474368 KB
2026-03-01T14:45:52.578349,(2(0)-1772394352:578349),GncDeployment.systemResources.MEMORY_USED,268509185,4349648 KB
2026-03-01T14:45:52.578386,(2(0)-1772394352:578386),GncDeployment.systemResources.NON_VOLATILE_FREE,268509187,135996088 KB
2026-03-01T14:45:52.578389,(2(0)-1772394352:578389),GncDeployment.systemResources.NON_VOLATILE_TOTAL,268509186,239362496 KB
2026-03-01T14:45:52.578438,(2(0)-1772394352:578438),ComCcsds.comQueue.comQueueDepth,33554432,['0', '1']
2026-03-01T14:45:52.578442,(2(0)-1772394352:578442),ComCcsds.comQueue.buffQueueDepth,33554433,['0']
2026-03-01T14:45:52.578411,(2(0)-1772394352:578411),GncDeployment.rateGroup1.RgMaxTime,268439552,524 us
2026-03-01T14:45:53.578552,(2(0)-1772394353:578552),GncDeployment.systemResources.CPU_00,268509189,32.00 percent
2026-03-01T14:45:53.578570,(2(0)-1772394353:578570),GncDeployment.systemResources.CPU_01,268509190,28.00 percent
2026-03-01T14:45:53.578583,(2(0)-1772394353:578583),GncDeployment.systemResources.CPU_02,268509191,22.45 percent
2026-03-01T14:45:53.578597,(2(0)-1772394353:578597),GncDeployment.systemResources.CPU_03,268509192,20.79 percent
2026-03-01T14:45:53.578608,(2(0)-1772394353:578608),GncDeployment.systemResources.CPU_04,268509193,9.00 percent
2026-03-01T14:45:53.578621,(2(0)-1772394353:578621),GncDeployment.systemResources.CPU_05,268509194,4.00 percent
2026-03-01T14:45:53.578633,(2(0)-1772394353:578633),GncDeployment.systemResources.CPU_06,268509195,2.00 percent
2026-03-01T14:45:53.578645,(2(0)-1772394353:578645),GncDeployment.systemResources.CPU_07,268509196,0.00 percent
2026-03-01T14:45:53.578646,(2(0)-1772394353:578646),GncDeployment.systemResources.CPU,268509188,14.78 percent
2026-03-01T14:45:53.578655,(2(0)-1772394353:578655),GncDeployment.systemResources.MEMORY_TOTAL,268509184,4493488 KB
2026-03-01T14:45:53.578656,(2(0)-1772394353:578656),GncDeployment.systemResources.MEMORY_USED,268509185,4397456 KB
2026-03-01T14:45:53.578669,(2(0)-1772394353:578669),GncDeployment.systemResources.NON_VOLATILE_FREE,268509187,135996084 KB
2026-03-01T14:45:53.578670,(2(0)-1772394353:578670),GncDeployment.systemResources.NON_VOLATILE_TOTAL,268509186,239362496 KB
2026-03-01T14:45:53.578683,(2(0)-1772394353:578683),ComCcsds.comQueue.comQueueDepth,33554432,['0', '1']
2026-03-01T14:45:53.578686,(2(0)-1772394353:578686),ComCcsds.comQueue.buffQueueDepth,33554433,['0']
2026-03-01T14:45:54.583560,(2(0)-1772394354:583560),GncDeployment.systemResources.CPU_00,268509189,31.31 percent
2026-03-01T14:45:54.583579,(2(0)-1772394354:583579),GncDeployment.systemResources.CPU_01,268509190,31.31 percent
2026-03-01T14:45:54.583595,(2(0)-1772394354:583595),GncDeployment.systemResources.CPU_02,268509191,22.00 percent
2026-03-01T14:45:54.583609,(2(0)-1772394354:583609),GncDeployment.systemResources.CPU_03,268509192,23.00 percent
2026-03-01T14:45:54.583624,(2(0)-1772394354:583624),GncDeployment.systemResources.CPU_04,268509193,29.29 percent
2026-03-01T14:45:54.583638,(2(0)-1772394354:583638),GncDeployment.systemResources.CPU_05,268509194,25.25 percent
2026-03-01T14:45:54.583652,(2(0)-1772394354:583652),GncDeployment.systemResources.CPU_06,268509195,10.00 percent
2026-03-01T14:45:54.583668,(2(0)-1772394354:583668),GncDeployment.systemResources.CPU_07,268509196,6.93 percent
2026-03-01T14:45:54.583670,(2(0)-1772394354:583670),GncDeployment.systemResources.CPU,268509188,22.39 percent
2026-03-01T14:45:54.583683,(2(0)-1772394354:583683),GncDeployment.systemResources.MEMORY_TOTAL,268509184,4450832 KB
2026-03-01T14:45:54.583684,(2(0)-1772394354:583684),GncDeployment.systemResources.MEMORY_USED,268509185,4341184 KB
2026-03-01T14:45:54.583705,(2(0)-1772394354:583705),GncDeployment.systemResources.NON_VOLATILE_FREE,268509187,135995984 KB
2026-03-01T14:45:54.583706,(2(0)-1772394354:583706),GncDeployment.systemResources.NON_VOLATILE_TOTAL,268509186,239362496 KB
2026-03-01T14:45:54.583729,(2(0)-1772394354:583729),ComCcsds.comQueue.comQueueDepth,33554432,['0', '1']
2026-03-01T14:45:54.583732,(2(0)-1772394354:583732),ComCcsds.comQueue.buffQueueDepth,33554433,['0']
2026-03-01T14:45:56.593377,(2(0)-1772394356:593377),GncDeployment.systemResources.CPU_00,268509189,48.48 percent
2026-03-01T14:45:56.593396,(2(0)-1772394356:593396),GncDeployment.systemResources.CPU_01,268509190,47.47 percent
2026-03-01T14:45:56.593410,(2(0)-1772394356:593410),GncDeployment.systemResources.CPU_02,268509191,40.40 percent
2026-03-01T14:45:55.588460,(2(0)-1772394355:588460),GncDeployment.systemResources.CPU_03,268509192,22.77 percent
2026-03-01T14:45:55.588490,(2(0)-1772394355:588490),GncDeployment.systemResources.CPU_04,268509193,30.00 percent
2026-03-01T14:45:55.588512,(2(0)-1772394355:588512),GncDeployment.systemResources.CPU_05,268509194,8.00 percent
2026-03-01T14:45:55.588534,(2(0)-1772394355:588534),GncDeployment.systemResources.CPU_06,268509195,3.00 percent
2026-03-01T14:45:55.588557,(2(0)-1772394355:588557),GncDeployment.systemResources.CPU_07,268509196,2.97 percent
2026-03-01T14:45:55.588559,(2(0)-1772394355:588559),GncDeployment.systemResources.CPU,268509188,19.94 percent
2026-03-01T14:45:55.588573,(2(0)-1772394355:588573),GncDeployment.systemResources.MEMORY_TOTAL,268509184,4443152 KB
2026-03-01T14:45:55.588575,(2(0)-1772394355:588575),GncDeployment.systemResources.MEMORY_USED,268509185,4261536 KB
2026-03-01T14:45:55.588602,(2(0)-1772394355:588602),GncDeployment.systemResources.NON_VOLATILE_FREE,268509187,135995712 KB
2026-03-01T14:45:55.588604,(2(0)-1772394355:588604),GncDeployment.systemResources.NON_VOLATILE_TOTAL,268509186,239362496 KB
2026-03-01T14:45:55.588630,(2(0)-1772394355:588630),ComCcsds.comQueue.comQueueDepth,33554432,['0', '1']
2026-03-01T14:45:55.588633,(2(0)-1772394355:588633),ComCcsds.comQueue.buffQueueDepth,33554433,['0']
2026-03-01T14:45:56.593423,(2(0)-1772394356:593423),GncDeployment.systemResources.CPU_03,268509192,35.35 percent
2026-03-01T14:45:56.593485,(2(0)-1772394356:593485),GncDeployment.systemResources.CPU_04,268509193,18.81 percent
2026-03-01T14:45:56.593499,(2(0)-1772394356:593499),GncDeployment.systemResources.CPU_05,268509194,5.94 percent
2026-03-01T14:45:56.593511,(2(0)-1772394356:593511),GncDeployment.systemResources.CPU_06,268509195,1.98 percent
2026-03-01T14:45:56.593524,(2(0)-1772394356:593524),GncDeployment.systemResources.CPU_07,268509196,1.01 percent
2026-03-01T14:45:56.593525,(2(0)-1772394356:593525),GncDeployment.systemResources.CPU,268509188,24.93 percent
2026-03-01T14:45:56.593533,(2(0)-1772394356:593533),GncDeployment.systemResources.MEMORY_TOTAL,268509184,4470848 KB
2026-03-01T14:45:56.593534,(2(0)-1772394356:593534),GncDeployment.systemResources.MEMORY_USED,268509185,4332992 KB
2026-03-01T14:45:56.593549,(2(0)-1772394356:593549),GncDeployment.systemResources.NON_VOLATILE_FREE,268509187,135995196 KB
2026-03-01T14:45:56.593550,(2(0)-1772394356:593550),GncDeployment.systemResources.NON_VOLATILE_TOTAL,268509186,239362496 KB
2026-03-01T14:45:56.593563,(2(0)-1772394356:593563),ComCcsds.comQueue.comQueueDepth,33554432,['0', '1']
2026-03-01T14:45:56.593565,(2(0)-1772394356:593565),ComCcsds.comQueue.buffQueueDepth,33554433,['0']
2026-03-01T14:45:57.598534,(2(0)-1772394357:598534),GncDeployment.systemResources.CPU_00,268509189,56.44 percent
2026-03-01T14:45:57.598562,(2(0)-1772394357:598562),GncDeployment.systemResources.CPU_01,268509190,50.00 percent
2026-03-01T14:45:57.598584,(2(0)-1772394357:598584),GncDeployment.systemResources.CPU_02,268509191,45.00 percent
2026-03-01T14:45:57.598608,(2(0)-1772394357:598608),GncDeployment.systemResources.CPU_03,268509192,45.00 percent
2026-03-01T14:45:57.598631,(2(0)-1772394357:598631),GncDeployment.systemResources.CPU_04,268509193,11.00 percent
2026-03-01T14:45:57.598651,(2(0)-1772394357:598651),GncDeployment.systemResources.CPU_05,268509194,5.94 percent
2026-03-01T14:45:57.598677,(2(0)-1772394357:598677),GncDeployment.systemResources.CPU_06,268509195,2.00 percent
2026-03-01T14:45:57.598699,(2(0)-1772394357:598699),GncDeployment.systemResources.CPU_07,268509196,1.96 percent
2026-03-01T14:45:57.598701,(2(0)-1772394357:598701),GncDeployment.systemResources.CPU,268509188,27.17 percent
2026-03-01T14:45:57.598716,(2(0)-1772394357:598716),GncDeployment.systemResources.MEMORY_TOTAL,268509184,4513552 KB
2026-03-01T14:45:57.598717,(2(0)-1772394357:598717),GncDeployment.systemResources.MEMORY_USED,268509185,4364128 KB
2026-03-01T14:45:57.598748,(2(0)-1772394357:598748),GncDeployment.systemResources.NON_VOLATILE_FREE,268509187,135994612 KB
2026-03-01T14:45:57.598749,(2(0)-1772394357:598749),GncDeployment.systemResources.NON_VOLATILE_TOTAL,268509186,239362496 KB
2026-03-01T14:45:57.598774,(2(0)-1772394357:598774),ComCcsds.comQueue.comQueueDepth,33554432,['0', '1']
2026-03-01T14:45:57.598777,(2(0)-1772394357:598777),ComCcsds.comQueue.buffQueueDepth,33554433,['0']
2026-03-01T14:45:58.603560,(2(0)-1772394358:603560),GncDeployment.systemResources.CPU_00,268509189,48.98 percent
2026-03-01T14:45:58.603594,(2(0)-1772394358:603594),GncDeployment.systemResources.CPU_01,268509190,51.52 percent
2026-03-01T14:45:58.603616,(2(0)-1772394358:603616),GncDeployment.systemResources.CPU_02,268509191,45.00 percent
2026-03-01T14:45:58.603643,(2(0)-1772394358:603643),GncDeployment.systemResources.CPU_03,268509192,42.00 percent
2026-03-01T14:45:58.603669,(2(0)-1772394358:603669),GncDeployment.systemResources.CPU_04,268509193,5.00 percent
2026-03-01T14:45:58.603694,(2(0)-1772394358:603694),GncDeployment.systemResources.CPU_05,268509194,1.98 percent
2026-03-01T14:45:58.603716,(2(0)-1772394358:603716),GncDeployment.systemResources.CPU_06,268509195,0.99 percent
2026-03-01T14:45:58.603738,(2(0)-1772394358:603738),GncDeployment.systemResources.CPU_07,268509196,0.00 percent
2026-03-01T14:45:58.603740,(2(0)-1772394358:603740),GncDeployment.systemResources.CPU,268509188,24.43 percent
2026-03-01T14:45:58.603760,(2(0)-1772394358:603760),GncDeployment.systemResources.MEMORY_TOTAL,268509184,4514048 KB
2026-03-01T14:45:58.603762,(2(0)-1772394358:603762),GncDeployment.systemResources.MEMORY_USED,268509185,4370320 KB
2026-03-01T14:45:58.603786,(2(0)-1772394358:603786),GncDeployment.systemResources.NON_VOLATILE_FREE,268509187,135994724 KB
2026-03-01T14:45:58.603788,(2(0)-1772394358:603788),GncDeployment.systemResources.NON_VOLATILE_TOTAL,268509186,239362496 KB
2026-03-01T14:45:58.603807,(2(0)-1772394358:603807),ComCcsds.comQueue.comQueueDepth,33554432,['0', '1']
2026-03-01T14:45:58.603811,(2(0)-1772394358:603811),ComCcsds.comQueue.buffQueueDepth,33554433,['0']
2026-03-01T14:46:00.609040,(2(0)-1772394360:609040),GncDeployment.systemResources.CPU_00,268509189,31.00 percent
2026-03-01T14:45:59.604109,(2(0)-1772394359:604109),GncDeployment.systemResources.CPU_01,268509190,27.00 percent
2026-03-01T14:45:59.604133,(2(0)-1772394359:604133),GncDeployment.systemResources.CPU_02,268509191,21.00 percent
2026-03-01T14:45:59.604151,(2(0)-1772394359:604151),GncDeployment.systemResources.CPU_03,268509192,21.00 percent
2026-03-01T14:45:59.604166,(2(0)-1772394359:604166),GncDeployment.systemResources.CPU_04,268509193,8.00 percent
2026-03-01T14:45:59.604183,(2(0)-1772394359:604183),GncDeployment.systemResources.CPU_05,268509194,2.02 percent
2026-03-01T14:45:59.604202,(2(0)-1772394359:604202),GncDeployment.systemResources.CPU_06,268509195,1.00 percent
2026-03-01T14:45:59.604220,(2(0)-1772394359:604220),GncDeployment.systemResources.CPU_07,268509196,1.00 percent
2026-03-01T14:45:59.604222,(2(0)-1772394359:604222),GncDeployment.systemResources.CPU,268509188,13.72 percent
2026-03-01T14:45:59.604236,(2(0)-1772394359:604236),GncDeployment.systemResources.MEMORY_TOTAL,268509184,4533056 KB
2026-03-01T14:45:59.604238,(2(0)-1772394359:604238),GncDeployment.systemResources.MEMORY_USED,268509185,4408336 KB
2026-03-01T14:45:59.604258,(2(0)-1772394359:604258),GncDeployment.systemResources.NON_VOLATILE_FREE,268509187,135994684 KB
2026-03-01T14:45:59.604259,(2(0)-1772394359:604259),GncDeployment.systemResources.NON_VOLATILE_TOTAL,268509186,239362496 KB
2026-03-01T14:45:59.604277,(2(0)-1772394359:604277),ComCcsds.comQueue.comQueueDepth,33554432,['0', '1']
2026-03-01T14:45:59.604280,(2(0)-1772394359:604280),ComCcsds.comQueue.buffQueueDepth,33554433,['0']
2026-03-01T14:46:00.609061,(2(0)-1772394360:609061),GncDeployment.systemResources.CPU_01,268509190,28.71 percent
2026-03-01T14:46:00.609108,(2(0)-1772394360:609108),GncDeployment.systemResources.CPU_02,268509191,28.00 percent
2026-03-01T14:46:00.609125,(2(0)-1772394360:609125),GncDeployment.systemResources.CPU_03,268509192,26.00 percent
2026-03-01T14:46:00.609143,(2(0)-1772394360:609143),GncDeployment.systemResources.CPU_04,268509193,14.85 percent
2026-03-01T14:46:00.609160,(2(0)-1772394360:609160),GncDeployment.systemResources.CPU_05,268509194,6.93 percent
2026-03-01T14:46:00.609177,(2(0)-1772394360:609177),GncDeployment.systemResources.CPU_06,268509195,2.00 percent
2026-03-01T14:46:00.609193,(2(0)-1772394360:609193),GncDeployment.systemResources.CPU_07,268509196,1.00 percent
2026-03-01T14:46:00.609194,(2(0)-1772394360:609194),GncDeployment.systemResources.CPU,268509188,17.31 percent
2026-03-01T14:46:00.609205,(2(0)-1772394360:609205),GncDeployment.systemResources.MEMORY_TOTAL,268509184,4539056 KB
2026-03-01T14:46:00.609207,(2(0)-1772394360:609207),GncDeployment.systemResources.MEMORY_USED,268509185,4437488 KB
2026-03-01T14:46:00.609224,(2(0)-1772394360:609224),GncDeployment.systemResources.NON_VOLATILE_FREE,268509187,135996756 KB
2026-03-01T14:46:00.609226,(2(0)-1772394360:609226),GncDeployment.systemResources.NON_VOLATILE_TOTAL,268509186,239362496 KB
2026-03-01T14:46:00.609259,(2(0)-1772394360:609259),ComCcsds.comQueue.comQueueDepth,33554432,['0', '1']
2026-03-01T14:46:00.609261,(2(0)-1772394360:609261),ComCcsds.comQueue.buffQueueDepth,33554433,['0']
2026-03-01T14:46:02.617787,(2(0)-1772394362:617787),GncDeployment.rateGroup2.RgMaxTime,268443648,119 us
2026-03-01T14:46:01.612791,(2(0)-1772394361:612791),GncDeployment.systemResources.CPU_00,268509189,44.44 percent
2026-03-01T14:46:01.612824,(2(0)-1772394361:612824),GncDeployment.systemResources.CPU_01,268509190,47.47 percent
2026-03-01T14:46:01.612850,(2(0)-1772394361:612850),GncDeployment.systemResources.CPU_02,268509191,44.00 percent
2026-03-01T14:46:01.612887,(2(0)-1772394361:612887),GncDeployment.systemResources.CPU_03,268509192,38.00 percent
2026-03-01T14:46:01.612908,(2(0)-1772394361:612908),GncDeployment.systemResources.CPU_04,268509193,16.00 percent
2026-03-01T14:46:01.612934,(2(0)-1772394361:612934),GncDeployment.systemResources.CPU_05,268509194,7.00 percent
2026-03-01T14:46:01.612958,(2(0)-1772394361:612958),GncDeployment.systemResources.CPU_06,268509195,2.97 percent
2026-03-01T14:46:01.612979,(2(0)-1772394361:612979),GncDeployment.systemResources.CPU_07,268509196,0.00 percent
2026-03-01T14:46:01.612981,(2(0)-1772394361:612981),GncDeployment.systemResources.CPU,268509188,24.99 percent
2026-03-01T14:46:01.613000,(2(0)-1772394361:613000),GncDeployment.systemResources.MEMORY_TOTAL,268509184,4525296 KB
2026-03-01T14:46:01.613002,(2(0)-1772394361:613002),GncDeployment.systemResources.MEMORY_USED,268509185,4410400 KB
2026-03-01T14:46:01.613041,(2(0)-1772394361:613041),GncDeployment.systemResources.NON_VOLATILE_FREE,268509187,135996688 KB
2026-03-01T14:46:01.613043,(2(0)-1772394361:613043),GncDeployment.systemResources.NON_VOLATILE_TOTAL,268509186,239362496 KB
2026-03-01T14:46:01.613078,(2(0)-1772394361:613078),ComCcsds.comQueue.comQueueDepth,33554432,['0', '1']
2026-03-01T14:46:01.613082,(2(0)-1772394361:613082),ComCcsds.comQueue.buffQueueDepth,33554433,['0']
2026-03-01T14:46:02.617855,(2(0)-1772394362:617855),GncDeployment.systemResources.CPU_00,268509189,24.00 percent
2026-03-01T14:46:02.617908,(2(0)-1772394362:617908),GncDeployment.systemResources.CPU_01,268509190,25.25 percent
2026-03-01T14:46:02.617939,(2(0)-1772394362:617939),GncDeployment.systemResources.CPU_02,268509191,25.00 percent
2026-03-01T14:46:02.617973,(2(0)-1772394362:617973),GncDeployment.systemResources.CPU_03,268509192,16.00 percent
2026-03-01T14:46:02.618011,(2(0)-1772394362:618011),GncDeployment.systemResources.CPU_04,268509193,1.00 percent
2026-03-01T14:46:02.618041,(2(0)-1772394362:618041),GncDeployment.systemResources.CPU_05,268509194,0.00 percent
2026-03-01T14:46:02.618072,(2(0)-1772394362:618072),GncDeployment.systemResources.CPU_06,268509195,0.00 percent
2026-03-01T14:46:02.618102,(2(0)-1772394362:618102),GncDeployment.systemResources.CPU_07,268509196,0.00 percent
2026-03-01T14:46:02.618106,(2(0)-1772394362:618106),GncDeployment.systemResources.CPU,268509188,11.41 percent
2026-03-01T14:46:02.618137,(2(0)-1772394362:618137),GncDeployment.systemResources.MEMORY_TOTAL,268509184,4527104 KB
2026-03-01T14:46:02.618140,(2(0)-1772394362:618140),GncDeployment.systemResources.MEMORY_USED,268509185,4405872 KB
2026-03-01T14:46:02.618176,(2(0)-1772394362:618176),GncDeployment.systemResources.NON_VOLATILE_FREE,268509187,135996672 KB
2026-03-01T14:46:02.618179,(2(0)-1772394362:618179),GncDeployment.systemResources.NON_VOLATILE_TOTAL,268509186,239362496 KB
2026-03-01T14:46:02.618207,(2(0)-1772394362:618207),ComCcsds.comQueue.comQueueDepth,33554432,['0', '1']
2026-03-01T14:46:02.618211,(2(0)-1772394362:618211),ComCcsds.comQueue.buffQueueDepth,33554433,['0']
2026-03-01T14:46:02.618201,(2(0)-1772394362:618201),GncDeployment.rateGroup1.RgMaxTime,268439552,544 us
2026-03-01T14:46:04.626778,(2(0)-1772394364:626778),GncDeployment.systemResources.CPU_00,268509189,56.00 percent
2026-03-01T14:46:04.626806,(2(0)-1772394364:626806),GncDeployment.systemResources.CPU_01,268509190,48.48 percent
2026-03-01T14:46:03.621794,(2(0)-1772394363:621794),GncDeployment.systemResources.CPU_02,268509191,19.00 percent
2026-03-01T14:46:03.621819,(2(0)-1772394363:621819),GncDeployment.systemResources.CPU_03,268509192,19.00 percent
2026-03-01T14:46:03.621842,(2(0)-1772394363:621842),GncDeployment.systemResources.CPU_04,268509193,7.00 percent
2026-03-01T14:46:03.621869,(2(0)-1772394363:621869),GncDeployment.systemResources.CPU_05,268509194,3.96 percent
2026-03-01T14:46:03.621893,(2(0)-1772394363:621893),GncDeployment.systemResources.CPU_06,268509195,0.99 percent
2026-03-01T14:46:03.621919,(2(0)-1772394363:621919),GncDeployment.systemResources.CPU_07,268509196,0.00 percent
2026-03-01T14:46:03.621922,(2(0)-1772394363:621922),GncDeployment.systemResources.CPU,268509188,13.37 percent
2026-03-01T14:46:03.621939,(2(0)-1772394363:621939),GncDeployment.systemResources.MEMORY_TOTAL,268509184,4540496 KB
2026-03-01T14:46:03.621941,(2(0)-1772394363:621941),GncDeployment.systemResources.MEMORY_USED,268509185,4419088 KB
2026-03-01T14:46:03.621973,(2(0)-1772394363:621973),GncDeployment.systemResources.NON_VOLATILE_FREE,268509187,135996664 KB
2026-03-01T14:46:03.621975,(2(0)-1772394363:621975),GncDeployment.systemResources.NON_VOLATILE_TOTAL,268509186,239362496 KB
2026-03-01T14:46:03.621997,(2(0)-1772394363:621997),ComCcsds.comQueue.comQueueDepth,33554432,['0', '1']
2026-03-01T14:46:03.622001,(2(0)-1772394363:622001),ComCcsds.comQueue.buffQueueDepth,33554433,['0']
2026-03-01T14:46:04.626827,(2(0)-1772394364:626827),GncDeployment.systemResources.CPU_02,268509191,46.46 percent
2026-03-01T14:46:04.626995,(2(0)-1772394364:626995),GncDeployment.systemResources.CPU_03,268509192,39.00 percent
2026-03-01T14:46:04.627013,(2(0)-1772394364:627013),GncDeployment.systemResources.CPU_04,268509193,32.00 percent
2026-03-01T14:46:04.627031,(2(0)-1772394364:627031),GncDeployment.systemResources.CPU_05,268509194,21.00 percent
2026-03-01T14:46:04.627077,(2(0)-1772394364:627077),GncDeployment.systemResources.CPU_06,268509195,15.00 percent
2026-03-01T14:46:04.627106,(2(0)-1772394364:627106),GncDeployment.systemResources.CPU_07,268509196,11.00 percent
2026-03-01T14:46:04.627107,(2(0)-1772394364:627107),GncDeployment.systemResources.CPU,268509188,33.62 percent
2026-03-01T14:46:04.627117,(2(0)-1772394364:627117),GncDeployment.systemResources.MEMORY_TOTAL,268509184,4452416 KB
2026-03-01T14:46:04.627118,(2(0)-1772394364:627118),GncDeployment.systemResources.MEMORY_USED,268509185,4367872 KB
2026-03-01T14:46:04.627137,(2(0)-1772394364:627137),GncDeployment.systemResources.NON_VOLATILE_FREE,268509187,136006840 KB
2026-03-01T14:46:04.627138,(2(0)-1772394364:627138),GncDeployment.systemResources.NON_VOLATILE_TOTAL,268509186,239362496 KB
2026-03-01T14:46:04.627228,(2(0)-1772394364:627228),ComCcsds.comQueue.comQueueDepth,33554432,['0', '1']
2026-03-01T14:46:04.627231,(2(0)-1772394364:627231),ComCcsds.comQueue.buffQueueDepth,33554433,['0']
2026-03-01T14:46:04.627154,(2(0)-1772394364:627154),GncDeployment.rateGroup1.RgMaxTime,268439552,546 us
