2026-03-01T14:40:13.015663,(2(0)-1772394013:15663),CdhCore.version.FrameworkVersion,16789504,v4.1.1
2026-03-01T14:40:13.015669,(2(0)-1772394013:15669),CdhCore.version.ProjectVersion,16789505,ef106fd-dirty
2026-03-01T14:40:14.020935,(2(0)-1772394014:20935),GncDeployment.rateGroup2.RgMaxTime,268443648,52 us
2026-03-01T14:40:14.020975,(2(0)-1772394014:20975),GncDeployment.systemResources.CPU_00,268509189,21.79 percent
2026-03-01T14:40:14.021056,(2(0)-1772394014:21056),GncDeployment.systemResources.CPU_01,268509190,20.33 percent
2026-03-01T14:40:14.021073,(2(0)-1772394014:21073),GncDeployment.systemResources.CPU_02,268509191,17.20 percent
2026-03-01T14:40:14.021074,(2(0)-1772394014:21074),ComCcsds.commsBufferManager.HiBuffs,33562626,1
2026-03-01T14:40:14.021076,(2(0)-1772394014:21076),ComCcsds.commsBufferManager.CurrBuffs,33562625,1
2026-03-01T14:40:14.021078,(2(0)-1772394014:21078),ComCcsds.commsBufferManager.TotalBuffs,33562624,50
2026-03-01T14:40:14.021078,(2(0)-1772394014:21078),ComCcsds.commsBufferManager.NoBuffs,33562627,0
2026-03-01T14:40:14.021080,(2(0)-1772394014:21080),ComCcsds.commsBufferManager.EmptyBuffs,33562628,0
2026-03-01T14:40:14.021081,(2(0)-1772394014:21081),DataProducts.dpBufferManager.HiBuffs,67121154,0
2026-03-01T14:40:14.021082,(2(0)-1772394014:21082),DataProducts.dpBufferManager.CurrBuffs,67121153,0
2026-03-01T14:40:14.021083,(2(0)-1772394014:21083),DataProducts.dpBufferManager.TotalBuffs,67121152,10
2026-03-01T14:40:14.021084,(2(0)-1772394014:21084),DataProducts.dpBufferManager.NoBuffs,67121155,0
2026-03-01T14:40:14.021085,(2(0)-1772394014:21085),DataProducts.dpBufferManager.EmptyBuffs,67121156,0
2026-03-01T14:40:14.021089,(2(0)-1772394014:21089),GncDeployment.systemResources.CPU_03,268509192,15.00 percent
2026-03-01T14:40:14.021101,(2(0)-1772394014:21101),GncDeployment.rateGroup3.RgMaxTime,268447744,223 us
2026-03-01T14:40:14.021103,(2(0)-1772394014:21103),GncDeployment.systemResources.CPU_04,268509193,10.26 percent
2026-03-01T14:40:14.021116,(2(0)-1772394014:21116),DataProducts.dpMgr.NumSuccessfulAllocations,67112960,0
2026-03-01T14:40:14.021116,(2(0)-1772394014:21116),GncDeployment.systemResources.CPU_05,268509194,8.20 percent
2026-03-01T14:40:14.021117,(2(0)-1772394014:21117),DataProducts.dpMgr.NumFailedAllocations,67112961,0
2026-03-01T14:40:14.021118,(2(0)-1772394014:21118),DataProducts.dpMgr.NumDataProducts,67112962,0
2026-03-01T14:40:14.021119,(2(0)-1772394014:21119),DataProducts.dpMgr.NumBytes,67112963,0
2026-03-01T14:40:14.021130,(2(0)-1772394014:21130),GncDeployment.systemResources.CPU_06,268509195,4.89 percent
2026-03-01T14:40:14.021131,(2(0)-1772394014:21131),DataProducts.dpWriter.NumBuffersReceived,67117056,0
2026-03-01T14:40:14.021132,(2(0)-1772394014:21132),DataProducts.dpWriter.NumBytesWritten,67117057,0
2026-03-01T14:40:14.021133,(2(0)-1772394014:21133),DataProducts.dpWriter.NumSuccessfulWrites,67117058,0
2026-03-01T14:40:14.021134,(2(0)-1772394014:21134),DataProducts.dpWriter.NumFailedWrites,67117059,0
2026-03-01T14:40:14.021136,(2(0)-1772394014:21136),DataProducts.dpWriter.NumErrors,67117060,0
2026-03-01T14:40:14.021143,(2(0)-1772394014:21143),GncDeployment.systemResources.CPU_07,268509196,3.70 percent
2026-03-01T14:40:14.021145,(2(0)-1772394014:21145),GncDeployment.systemResources.CPU,268509188,12.67 percent
2026-03-01T14:40:14.021154,(2(0)-1772394014:21154),GncDeployment.systemResources.MEMORY_TOTAL,268509184,4520576 KB
2026-03-01T14:40:14.021155,(2(0)-1772394014:21155),GncDeployment.systemResources.MEMORY_USED,268509185,4389376 KB
2026-03-01T14:40:14.021168,(2(0)-1772394014:21168),GncDeployment.systemResources.NON_VOLATILE_FREE,268509187,136015956 KB
2026-03-01T14:40:14.021169,(2(0)-1772394014:21169),GncDeployment.systemResources.NON_VOLATILE_TOTAL,268509186,239362496 KB
2026-03-01T14:40:14.021187,(2(0)-1772394014:21187),GncDeployment.rateGroup1.RgMaxTime,268439552,309 us
2026-03-01T14:40:14.021209,(2(0)-1772394014:21209),ComCcsds.comQueue.comQueueDepth,33554432,['2', '0']
2026-03-01T14:40:14.021215,(2(0)-1772394014:21215),ComCcsds.comQueue.buffQueueDepth,33554433,['0']
2026-03-01T14:40:16.028160,(2(0)-1772394016:28160),GncDeployment.rateGroup2.RgMaxTime,268443648,119 us
2026-03-01T14:40:16.028150,(2(0)-1772394016:28150),GncDeployment.systemResources.CPU_00,268509189,46.00 percent
2026-03-01T14:40:16.028176,(2(0)-1772394016:28176),GncDeployment.systemResources.CPU_01,268509190,42.42 percent
2026-03-01T14:40:16.028197,(2(0)-1772394016:28197),GncDeployment.systemResources.CPU_02,268509191,38.00 percent
2026-03-01T14:40:15.023429,(2(0)-1772394015:23429),GncDeployment.systemResources.CPU_03,268509192,37.00 percent
2026-03-01T14:40:15.023453,(2(0)-1772394015:23453),GncDeployment.systemResources.CPU_04,268509193,18.18 percent
2026-03-01T14:40:15.023476,(2(0)-1772394015:23476),GncDeployment.systemResources.CPU_05,268509194,15.00 percent
2026-03-01T14:40:15.023500,(2(0)-1772394015:23500),GncDeployment.systemResources.CPU_06,268509195,9.00 percent
2026-03-01T14:40:15.023524,(2(0)-1772394015:23524),GncDeployment.systemResources.CPU_07,268509196,3.00 percent
2026-03-01T14:40:15.023525,(2(0)-1772394015:23525),GncDeployment.systemResources.CPU,268509188,26.07 percent
2026-03-01T14:40:15.023539,(2(0)-1772394015:23539),GncDeployment.systemResources.MEMORY_TOTAL,268509184,4496000 KB
2026-03-01T14:40:15.023541,(2(0)-1772394015:23541),GncDeployment.systemResources.MEMORY_USED,268509185,4366816 KB
2026-03-01T14:40:15.023567,(2(0)-1772394015:23567),GncDeployment.systemResources.NON_VOLATILE_FREE,268509187,136015604 KB
2026-03-01T14:40:15.023568,(2(0)-1772394015:23568),GncDeployment.systemResources.NON_VOLATILE_TOTAL,268509186,239362496 KB
2026-03-01T14:40:15.023581,(2(0)-1772394015:23581),GncDeployment.rateGroup1.RgMaxTime,268439552,425 us
2026-03-01T14:40:15.023593,(2(0)-1772394015:23593),ComCcsds.comQueue.comQueueDepth,33554432,['0', '1']
2026-03-01T14:40:15.023636,(2(0)-1772394015:23636),ComCcsds.comQueue.buffQueueDepth,33554433,['0']
2026-03-01T14:40:16.028217,(2(0)-1772394016:28217),GncDeployment.systemResources.CPU_03,268509192,38.00 percent
2026-03-01T14:40:16.028237,(2(0)-1772394016:28237),GncDeployment.systemResources.CPU_04,268509193,15.00 percent
2026-03-01T14:40:16.028255,(2(0)-1772394016:28255),GncDeployment.systemResources.CPU_05,268509194,13.00 percent
2026-03-01T14:40:16.028272,(2(0)-1772394016:28272),GncDeployment.systemResources.CPU_06,268509195,11.00 percent
2026-03-01T14:40:16.028288,(2(0)-1772394016:28288),GncDeployment.systemResources.CPU_07,268509196,1.98 percent
2026-03-01T14:40:16.028290,(2(0)-1772394016:28290),GncDeployment.systemResources.CPU,268509188,25.68 percent
2026-03-01T14:40:16.028302,(2(0)-1772394016:28302),GncDeployment.systemResources.MEMORY_TOTAL,268509184,4461808 KB
2026-03-01T14:40:16.028304,(2(0)-1772394016:28304),GncDeployment.systemResources.MEMORY_USED,268509185,4345680 KB
2026-03-01T14:40:16.028320,(2(0)-1772394016:28320),GncDeployment.systemResources.NON_VOLATILE_FREE,268509187,136015596 KB
2026-03-01T14:40:16.028321,(2(0)-1772394016:28321),GncDeployment.systemResources.NON_VOLATILE_TOTAL,268509186,239362496 KB
2026-03-01T14:40:16.028352,(2(0)-1772394016:28352),ComCcsds.comQueue.comQueueDepth,33554432,['0', '0']
2026-03-01T14:40:16.028355,(2(0)-1772394016:28355),ComCcsds.comQueue.buffQueueDepth,33554433,['0']
2026-03-01T14:40:18.035850,(2(0)-1772394018:35850),GncDeployment.systemResources.CPU_00,268509189,45.00 percent
2026-03-01T14:40:18.035884,(2(0)-1772394018:35884),GncDeployment.systemResources.CPU_01,268509190,44.44 percent
2026-03-01T14:40:18.035939,(2(0)-1772394018:35939),GncDeployment.systemResources.CPU_02,268509191,41.00 percent
2026-03-01T14:40:18.035962,(2(0)-1772394018:35962),GncDeployment.systemResources.CPU_03,268509192,40.00 percent
2026-03-01T14:40:18.035981,(2(0)-1772394018:35981),GncDeployment.systemResources.CPU_04,268509193,18.18 percent
2026-03-01T14:40:18.036001,(2(0)-1772394018:36001),GncDeployment.systemResources.CPU_05,268509194,20.79 percent
2026-03-01T14:40:18.036028,(2(0)-1772394018:36028),GncDeployment.systemResources.CPU_06,268509195,9.90 percent
2026-03-01T14:40:18.036046,(2(0)-1772394018:36046),GncDeployment.systemResources.CPU_07,268509196,4.00 percent
2026-03-01T14:40:18.036048,(2(0)-1772394018:36048),GncDeployment.systemResources.CPU,268509188,27.91 percent
2026-03-01T14:40:18.036062,(2(0)-1772394018:36062),GncDeployment.systemResources.MEMORY_TOTAL,268509184,4136816 KB
2026-03-01T14:40:18.036064,(2(0)-1772394018:36064),GncDeployment.systemResources.MEMORY_USED,268509185,3965584 KB
2026-03-01T14:40:17.030879,(2(0)-1772394017:30879),GncDeployment.systemResources.NON_VOLATILE_FREE,268509187,136013644 KB
2026-03-01T14:40:17.030879,(2(0)-1772394017:30879),GncDeployment.systemResources.NON_VOLATILE_TOTAL,268509186,239362496 KB
2026-03-01T14:40:17.030888,(2(0)-1772394017:30888),ComCcsds.comQueue.comQueueDepth,33554432,['0', '1']
2026-03-01T14:40:17.030889,(2(0)-1772394017:30889),ComCcsds.comQueue.buffQueueDepth,33554433,['0']
2026-03-01T14:40:18.036031,(2(0)-1772394018:36031),ComCcsds.commsBufferManager.HiBuffs,33562626,2
2026-03-01T14:40:18.036068,(2(0)-1772394018:36068),GncDeployment.rateGroup3.RgMaxTime,268447744,357 us
2026-03-01T14:40:18.036098,(2(0)-1772394018:36098),GncDeployment.systemResources.NON_VOLATILE_FREE,268509187,136013576 KB
2026-03-01T14:40:18.036170,(2(0)-1772394018:36170),GncDeployment.systemResources.NON_VOLATILE_TOTAL,268509186,239362496 KB
2026-03-01T14:40:18.036191,(2(0)-1772394018:36191),GncDeployment.rateGroup1.RgMaxTime,268439552,480 us
2026-03-01T14:40:18.036207,(2(0)-1772394018:36207),ComCcsds.comQueue.comQueueDepth,33554432,['0', '0']
2026-03-01T14:40:18.036209,(2(0)-1772394018:36209),ComCcsds.comQueue.buffQueueDepth,33554433,['0']
2026-03-01T14:40:19.039487,(2(0)-1772394019:39487),GncDeployment.systemResources.CPU_00,268509189,37.00 percent
2026-03-01T14:40:19.039505,(2(0)-1772394019:39505),GncDeployment.systemResources.CPU_01,268509190,32.00 percent
2026-03-01T14:40:19.039519,(2(0)-1772394019:39519),GncDeployment.systemResources.CPU_02,268509191,31.00 percent
2026-03-01T14:40:19.039533,(2(0)-1772394019:39533),GncDeployment.systemResources.CPU_03,268509192,24.75 percent
2026-03-01T14:40:19.039545,(2(0)-1772394019:39545),GncDeployment.systemResources.CPU_04,268509193,18.81 percent
2026-03-01T14:40:19.039558,(2(0)-1772394019:39558),GncDeployment.systemResources.CPU_05,268509194,7.00 percent
2026-03-01T14:40:19.039570,(2(0)-1772394019:39570),GncDeployment.systemResources.CPU_06,268509195,2.97 percent
2026-03-01T14:40:19.039582,(2(0)-1772394019:39582),GncDeployment.systemResources.CPU_07,268509196,1.00 percent
2026-03-01T14:40:19.039583,(2(0)-1772394019:39583),GncDeployment.systemResources.CPU,268509188,19.32 percent
2026-03-01T14:40:19.039591,(2(0)-1772394019:39591),GncDeployment.systemResources.MEMORY_TOTAL,268509184,4160560 KB
2026-03-01T14:40:19.039592,(2(0)-1772394019:39592),GncDeployment.systemResources.MEMORY_USED,268509185,3977376 KB
2026-03-01T14:40:19.039610,(2(0)-1772394019:39610),GncDeployment.systemResources.NON_VOLATILE_FREE,268509187,136013576 KB
2026-03-01T14:40:19.039611,(2(0)-1772394019:39611),GncDeployment.systemResources.NON_VOLATILE_TOTAL,268509186,239362496 KB
2026-03-01T14:40:19.039659,(2(0)-1772394019:39659),ComCcsds.comQueue.comQueueDepth,33554432,['0', '1']
2026-03-01T14:40:19.039663,(2(0)-1772394019:39663),ComCcsds.comQueue.buffQueueDepth,33554433,['0']
2026-03-01T14:40:20.043618,(2(0)-1772394020:43618),GncDeployment.systemResources.CPU_00,268509189,28.28 percent
2026-03-01T14:40:20.043626,(2(0)-1772394020:43626),GncDeployment.systemResources.CPU_01,268509190,26.26 percent
2026-03-01T14:40:20.043633,(2(0)-1772394020:43633),GncDeployment.systemResources.CPU_02,268509191,22.22 percent
2026-03-01T14:40:20.043640,(2(0)-1772394020:43640),GncDeployment.systemResources.CPU_03,268509192,25.25 percent
2026-03-01T14:40:20.043646,(2(0)-1772394020:43646),GncDeployment.systemResources.CPU_04,268509193,26.00 percent
2026-03-01T14:40:20.043652,(2(0)-1772394020:43652),GncDeployment.systemResources.CPU_05,268509194,26.73 percent
2026-03-01T14:40:20.043658,(2(0)-1772394020:43658),GncDeployment.systemResources.CPU_06,268509195,10.00 percent
2026-03-01T14:40:20.043664,(2(0)-1772394020:43664),GncDeployment.systemResources.CPU_07,268509196,8.91 percent
2026-03-01T14:40:20.043665,(2(0)-1772394020:43665),GncDeployment.systemResources.CPU,268509188,21.71 percent
2026-03-01T14:40:20.043669,(2(0)-1772394020:43669),GncDeployment.systemResources.MEMORY_TOTAL,268509184,4198240 KB
2026-03-01T14:40:20.043670,(2(0)-1772394020:43670),GncDeployment.systemResources.MEMORY_USED,268509185,4041712 KB
2026-03-01T14:40:20.043676,(2(0)-1772394020:43676),GncDeployment.systemResources.NON_VOLATILE_FREE,268509187,136013568 KB
2026-03-01T14:40:20.043677,(2(0)-1772394020:43677),GncDeployment.systemResources.NON_VOLATILE_TOTAL,268509186,239362496 KB
2026-03-01T14:40:20.043689,(2(0)-1772394020:43689),ComCcsds.comQueue.comQueueDepth,33554432,['0', '1']
2026-03-01T14:40:20.043691,(2(0)-1772394020:43691),ComCcsds.comQueue.buffQueueDepth,33554433,['0']
2026-03-01T14:40:21.044775,(2(0)-1772394021:44775),GncDeployment.systemResources.CPU_00,268509189,28.28 percent
2026-03-01T14:40:21.044790,(2(0)-1772394021:44790),GncDeployment.systemResources.CPU_01,268509190,29.70 percent
2026-03-01T14:40:21.044801,(2(0)-1772394021:44801),GncDeployment.systemResources.CPU_02,268509191,24.00 percent
2026-03-01T14:40:21.044812,(2(0)-1772394021:44812),GncDeployment.systemResources.CPU_03,268509192,22.22 percent
2026-03-01T14:40:21.044822,(2(0)-1772394021:44822),GncDeployment.systemResources.CPU_04,268509193,22.22 percent
2026-03-01T14:40:21.044832,(2(0)-1772394021:44832),GncDeployment.systemResources.CPU_05,268509194,13.27 percent
2026-03-01T14:40:21.044842,(2(0)-1772394021:44842),GncDeployment.systemResources.CPU_06,268509195,8.00 percent
2026-03-01T14:40:21.044852,(2(0)-1772394021:44852),GncDeployment.systemResources.CPU_07,268509196,4.00 percent
2026-03-01T14:40:21.044853,(2(0)-1772394021:44853),GncDeployment.systemResources.CPU,268509188,18.96 percent
2026-03-01T14:40:21.044860,(2(0)-1772394021:44860),GncDeployment.systemResources.MEMORY_TOTAL,268509184,4197904 KB
2026-03-01T14:40:21.044861,(2(0)-1772394021:44861),GncDeployment.systemResources.MEMORY_USED,268509185,4085424 KB
2026-03-01T14:40:21.044875,(2(0)-1772394021:44875),GncDeployment.systemResources.NON_VOLATILE_FREE,268509187,136013492 KB
2026-03-01T14:40:21.044876,(2(0)-1772394021:44876),GncDeployment.systemResources.NON_VOLATILE_TOTAL,268509186,239362496 KB
2026-03-01T14:40:21.044898,(2(0)-1772394021:44898),ComCcsds.comQueue.comQueueDepth,33554432,['0', '1']
2026-03-01T14:40:21.044901,(2(0)-1772394021:44901),ComCcsds.comQueue.buffQueueDepth,33554433,['0']
2026-03-01T14:40:22.049789,(2(0)-1772394022:49789),GncDeployment.systemResources.CPU_00,268509189,29.00 percent
2026-03-01T14:40:22.049808,(2(0)-1772394022:49808),GncDeployment.systemResources.CPU_01,268509190,25.25 percent
2026-03-01T14:40:22.049825,(2(0)-1772394022:49825),GncDeployment.systemResources.CPU_02,268509191,21.78 percent
2026-03-01T14:40:22.049841,(2(0)-1772394022:49841),GncDeployment.systemResources.CPU_03,268509192,19.80 percent
2026-03-01T14:40:22.049858,(2(0)-1772394022:49858),GncDeployment.systemResources.CPU_04,268509193,22.22 percent
2026-03-01T14:40:22.049874,(2(0)-1772394022:49874),GncDeployment.systemResources.CPU_05,268509194,15.84 percent
2026-03-01T14:40:22.049886,(2(0)-1772394022:49886),GncDeployment.systemResources.CPU_06,268509195,9.00 percent
2026-03-01T14:40:22.049900,(2(0)-1772394022:49900),GncDeployment.systemResources.CPU_07,268509196,7.00 percent
2026-03-01T14:40:22.049901,(2(0)-1772394022:49901),GncDeployment.systemResources.CPU,268509188,18.74 percent
2026-03-01T14:40:22.049914,(2(0)-1772394022:49914),GncDeployment.systemResources.MEMORY_TOTAL,268509184,4208464 KB
2026-03-01T14:40:22.049915,(2(0)-1772394022:49915),GncDeployment.systemResources.MEMORY_USED,268509185,4100416 KB
2026-03-01T14:40:22.049940,(2(0)-1772394022:49940),GncDeployment.systemResources.NON_VOLATILE_FREE,268509187,136013468 KB
2026-03-01T14:40:22.049941,(2(0)-1772394022:49941),GncDeployment.systemResources.NON_VOLATILE_TOTAL,268509186,239362496 KB
2026-03-01T14:40:22.049965,(2(0)-1772394022:49965),ComCcsds.comQueue.comQueueDepth,33554432,['0', '1']
2026-03-01T14:40:22.049967,(2(0)-1772394022:49967),ComCcsds.comQueue.buffQueueDepth,33554433,['0']
2026-03-01T14:40:23.054842,(2(0)-1772394023:54842),GncDeployment.systemResources.CPU_00,268509189,27.00 percent
2026-03-01T14:40:23.054872,(2(0)-1772394023:54872),GncDeployment.systemResources.CPU_01,268509190,24.24 percent
2026-03-01T14:40:23.054889,(2(0)-1772394023:54889),GncDeployment.systemResources.CPU_02,268509191,21.43 percent
2026-03-01T14:40:23.054906,(2(0)-1772394023:54906),GncDeployment.systemResources.CPU_03,268509192,19.00 percent
2026-03-01T14:40:23.054923,(2(0)-1772394023:54923),GncDeployment.systemResources.CPU_04,268509193,25.74 percent
2026-03-01T14:40:23.054953,(2(0)-1772394023:54953),GncDeployment.systemResources.CPU_05,268509194,16.00 percent
2026-03-01T14:40:23.054988,(2(0)-1772394023:54988),GncDeployment.systemResources.CPU_06,268509195,8.00 percent
2026-03-01T14:40:23.055049,(2(0)-1772394023:55049),GncDeployment.systemResources.CPU_07,268509196,4.95 percent
2026-03-01T14:40:23.055051,(2(0)-1772394023:55051),GncDeployment.systemResources.CPU,268509188,18.30 percent
2026-03-01T14:40:23.055069,(2(0)-1772394023:55069),GncDeployment.systemResources.MEMORY_TOTAL,268509184,4191920 KB
2026-03-01T14:40:23.055070,(2(0)-1772394023:55070),GncDeployment.systemResources.MEMORY_USED,268509185,4098448 KB
2026-03-01T14:40:23.055099,(2(0)-1772394023:55099),GncDeployment.systemResources.NON_VOLATILE_FREE,268509187,136013468 KB
2026-03-01T14:40:23.055101,(2(0)-1772394023:55101),GncDeployment.systemResources.NON_VOLATILE_TOTAL,268509186,239362496 KB
2026-03-01T14:40:23.055122,(2(0)-1772394023:55122),ComCcsds.comQueue.comQueueDepth,33554432,['0', '1']
2026-03-01T14:40:23.055125,(2(0)-1772394023:55125),ComCcsds.comQueue.buffQueueDepth,33554433,['0']
2026-03-01T14:40:24.055314,(2(0)-1772394024:55314),GncDeployment.systemResources.CPU_00,268509189,34.34 percent
2026-03-01T14:40:24.055368,(2(0)-1772394024:55368),GncDeployment.systemResources.CPU_01,268509190,30.00 percent
2026-03-01T14:40:24.055386,(2(0)-1772394024:55386),GncDeployment.systemResources.CPU_02,268509191,27.72 percent
2026-03-01T14:40:24.055403,(2(0)-1772394024:55403),GncDeployment.systemResources.CPU_03,268509192,29.00 percent
2026-03-01T14:40:24.055422,(2(0)-1772394024:55422),GncDeployment.systemResources.CPU_04,268509193,18.18 percent
2026-03-01T14:40:24.055442,(2(0)-1772394024:55442),GncDeployment.systemResources.CPU_05,268509194,8.00 percent
2026-03-01T14:40:24.055457,(2(0)-1772394024:55457),GncDeployment.systemResources.CPU_06,268509195,4.00 percent
2026-03-01T14:40:24.055471,(2(0)-1772394024:55471),GncDeployment.systemResources.CPU_07,268509196,1.01 percent
2026-03-01T14:40:24.055473,(2(0)-1772394024:55473),GncDeployment.systemResources.CPU,268509188,19.03 percent
2026-03-01T14:40:24.055489,(2(0)-1772394024:55489),GncDeployment.systemResources.MEMORY_TOTAL,268509184,4206128 KB
2026-03-01T14:40:24.055490,(2(0)-1772394024:55490),GncDeployment.systemResources.MEMORY_USED,268509185,4111056 KB
2026-03-01T14:40:24.055512,(2(0)-1772394024:55512),GncDeployment.systemResources.NON_VOLATILE_FREE,268509187,136014036 KB
2026-03-01T14:40:24.055513,(2(0)-1772394024:55513),GncDeployment.systemResources.NON_VOLATILE_TOTAL,268509186,239362496 KB
2026-03-01T14:40:24.055588,(2(0)-1772394024:55588),ComCcsds.comQueue.comQueueDepth,33554432,['0', '1']
2026-03-01T14:40:24.055591,(2(0)-1772394024:55591),ComCcsds.comQueue.buffQueueDepth,33554433,['0']
2026-03-01T14:40:26.059533,(2(0)-1772394026:59533),GncDeployment.rateGroup2.RgMaxTime,268443648,135 us
2026-03-01T14:40:25.059436,(2(0)-1772394025:59436),GncDeployment.systemResources.CPU_00,268509189,38.00 percent
2026-03-01T14:40:25.059471,(2(0)-1772394025:59471),GncDeployment.systemResources.CPU_01,268509190,34.34 percent
2026-03-01T14:40:25.059501,(2(0)-1772394025:59501),GncDeployment.systemResources.CPU_02,268509191,31.63 percent
2026-03-01T14:40:25.059530,(2(0)-1772394025:59530),GncDeployment.systemResources.CPU_03,268509192,28.28 percent
2026-03-01T14:40:25.059552,(2(0)-1772394025:59552),GncDeployment.systemResources.CPU_04,268509193,11.00 percent
2026-03-01T14:40:25.059573,(2(0)-1772394025:59573),GncDeployment.systemResources.CPU_05,268509194,7.00 percent
2026-03-01T14:40:25.059598,(2(0)-1772394025:59598),GncDeployment.systemResources.CPU_06,268509195,3.00 percent
2026-03-01T14:40:25.059645,(2(0)-1772394025:59645),GncDeployment.systemResources.CPU_07,268509196,2.97 percent
2026-03-01T14:40:25.059648,(2(0)-1772394025:59648),GncDeployment.systemResources.CPU,268509188,19.53 percent
2026-03-01T14:40:25.059666,(2(0)-1772394025:59666),GncDeployment.systemResources.MEMORY_TOTAL,268509184,4196368 KB
2026-03-01T14:40:25.059668,(2(0)-1772394025:59668),GncDeployment.systemResources.MEMORY_USED,268509185,4090336 KB
2026-03-01T14:40:25.059712,(2(0)-1772394025:59712),GncDeployment.systemResources.NON_VOLATILE_FREE,268509187,136013156 KB
2026-03-01T14:40:25.059714,(2(0)-1772394025:59714),GncDeployment.systemResources.NON_VOLATILE_TOTAL,268509186,239362496 KB
2026-03-01T14:40:25.059847,(2(0)-1772394025:59847),ComCcsds.comQueue.comQueueDepth,33554432,['0', '1']
2026-03-01T14:40:25.059852,(2(0)-1772394025:59852),ComCcsds.comQueue.buffQueueDepth,33554433,['0']
2026-03-01T14:40:26.059625,(2(0)-1772394026:59625),GncDeployment.systemResources.CPU_00,268509189,31.63 percent
2026-03-01T14:40:26.059684,(2(0)-1772394026:59684),GncDeployment.systemResources.CPU_01,268509190,29.29 percent
2026-03-01T14:40:26.059704,(2(0)-1772394026:59704),GncDeployment.systemResources.CPU_02,268509191,26.00 percent
2026-03-01T14:40:26.059727,(2(0)-1772394026:59727),GncDeployment.systemResources.CPU_03,268509192,21.21 percent
2026-03-01T14:40:26.059750,(2(0)-1772394026:59750),GncDeployment.rateGroup3.RgMaxTime,268447744,363 us
2026-03-01T14:40:26.059748,(2(0)-1772394026:59748),GncDeployment.systemResources.CPU_04,268509193,8.91 percent
2026-03-01T14:40:26.059774,(2(0)-1772394026:59774),GncDeployment.systemResources.CPU_05,268509194,2.00 percent
2026-03-01T14:40:26.059801,(2(0)-1772394026:59801),GncDeployment.systemResources.CPU_06,268509195,2.97 percent
2026-03-01T14:40:26.059824,(2(0)-1772394026:59824),GncDeployment.systemResources.CPU_07,268509196,2.00 percent
2026-03-01T14:40:26.059827,(2(0)-1772394026:59827),GncDeployment.systemResources.CPU,268509188,15.50 percent
2026-03-01T14:40:26.059846,(2(0)-1772394026:59846),GncDeployment.systemResources.MEMORY_TOTAL,268509184,4216704 KB
2026-03-01T14:40:26.059848,(2(0)-1772394026:59848),GncDeployment.systemResources.MEMORY_USED,268509185,4114096 KB
2026-03-01T14:40:26.059901,(2(0)-1772394026:59901),GncDeployment.systemResources.NON_VOLATILE_FREE,268509187,136012116 KB
2026-03-01T14:40:26.059902,(2(0)-1772394026:59902),GncDeployment.systemResources.NON_VOLATILE_TOTAL,268509186,239362496 KB
2026-03-01T14:40:26.059917,(2(0)-1772394026:59917),GncDeployment.rateGroup1.RgMaxTime,268439552,530 us
2026-03-01T14:40:26.059920,(2(0)-1772394026:59920),ComCcsds.comQueue.comQueueDepth,33554432,['0', '1']
2026-03-01T14:40:26.059924,(2(0)-1772394026:59924),ComCcsds.comQueue.buffQueueDepth,33554433,['0']
2026-03-01T14:40:27.064662,(2(0)-1772394027:64662),GncDeployment.systemResources.CPU_00,268509189,33.00 percent
2026-03-01T14:40:27.064692,(2(0)-1772394027:64692),GncDeployment.systemResources.CPU_01,268509190,30.69 percent
2026-03-01T14:40:27.064716,(2(0)-1772394027:64716),GncDeployment.systemResources.CPU_02,268509191,25.74 percent
2026-03-01T14:40:27.064738,(2(0)-1772394027:64738),GncDeployment.systemResources.CPU_03,268509192,22.00 percent
2026-03-01T14:40:27.064761,(2(0)-1772394027:64761),GncDeployment.systemResources.CPU_04,268509193,11.11 percent
2026-03-01T14:40:27.064782,(2(0)-1772394027:64782),GncDeployment.systemResources.CPU_05,268509194,4.95 percent
2026-03-01T14:40:27.064803,(2(0)-1772394027:64803),GncDeployment.systemResources.CPU_06,268509195,1.01 percent
2026-03-01T14:40:27.064823,(2(0)-1772394027:64823),GncDeployment.systemResources.CPU_07,268509196,1.00 percent
2026-03-01T14:40:27.064825,(2(0)-1772394027:64825),GncDeployment.systemResources.CPU,268509188,16.19 percent
2026-03-01T14:40:27.064840,(2(0)-1772394027:64840),GncDeployment.systemResources.MEMORY_TOTAL,268509184,4223632 KB
2026-03-01T14:40:27.064842,(2(0)-1772394027:64842),GncDeployment.systemResources.MEMORY_USED,268509185,4114800 KB
2026-03-01T14:40:27.064867,(2(0)-1772394027:64867),GncDeployment.systemResources.NON_VOLATILE_FREE,268509187,136012600 KB
2026-03-01T14:40:27.064869,(2(0)-1772394027:64869),GncDeployment.systemResources.NON_VOLATILE_TOTAL,268509186,239362496 KB
2026-03-01T14:40:27.064894,(2(0)-1772394027:64894),ComCcsds.comQueue.comQueueDepth,33554432,['0', '1']
2026-03-01T14:40:27.064897,(2(0)-1772394027:64897),ComCcsds.comQueue.buffQueueDepth,33554433,['0']
2026-03-01T14:40:28.068145,(2(0)-1772394028:68145),GncDeployment.systemResources.CPU_00,268509189,28.28 percent
2026-03-01T14:40:28.068172,(2(0)-1772394028:68172),GncDeployment.systemResources.CPU_01,268509190,28.00 percent
2026-03-01T14:40:28.068193,(2(0)-1772394028:68193),GncDeployment.systemResources.CPU_02,268509191,27.27 percent
2026-03-01T14:40:28.068220,(2(0)-1772394028:68220),GncDeployment.systemResources.CPU_03,268509192,20.00 percent
2026-03-01T14:40:28.068240,(2(0)-1772394028:68240),GncDeployment.systemResources.CPU_04,268509193,6.93 percent
2026-03-01T14:40:28.068261,(2(0)-1772394028:68261),GncDeployment.systemResources.CPU_05,268509194,4.04 percent
2026-03-01T14:40:28.068285,(2(0)-1772394028:68285),GncDeployment.systemResources.CPU_06,268509195,2.00 percent
2026-03-01T14:40:28.068312,(2(0)-1772394028:68312),GncDeployment.systemResources.CPU_07,268509196,1.00 percent
2026-03-01T14:40:28.068316,(2(0)-1772394028:68316),GncDeployment.systemResources.CPU,268509188,14.69 percent
2026-03-01T14:40:28.068335,(2(0)-1772394028:68335),GncDeployment.systemResources.MEMORY_TOTAL,268509184,4191872 KB
2026-03-01T14:40:28.068337,(2(0)-1772394028:68337),GncDeployment.systemResources.MEMORY_USED,268509185,4097280 KB
2026-03-01T14:40:28.068377,(2(0)-1772394028:68377),GncDeployment.systemResources.NON_VOLATILE_FREE,268509187,136012576 KB
2026-03-01T14:40:28.068379,(2(0)-1772394028:68379),GncDeployment.systemResources.NON_VOLATILE_TOTAL,268509186,239362496 KB
2026-03-01T14:40:28.068398,(2(0)-1772394028:68398),ComCcsds.comQueue.comQueueDepth,33554432,['0', '1']
2026-03-01T14:40:28.068402,(2(0)-1772394028:68402),ComCcsds.comQueue.buffQueueDepth,33554433,['0']
2026-03-01T14:40:30.071998,(2(0)-1772394030:71998),GncDeployment.systemResources.CPU_00,268509189,25.00 percent
2026-03-01T14:40:30.072018,(2(0)-1772394030:72018),GncDeployment.systemResources.CPU_01,268509190,23.23 percent
2026-03-01T14:40:29.071449,(2(0)-1772394029:71449),GncDeployment.systemResources.CPU_02,268509191,27.27 percent
2026-03-01T14:40:29.071467,(2(0)-1772394029:71467),GncDeployment.systemResources.CPU_03,268509192,21.78 percent
2026-03-01T14:40:29.071486,(2(0)-1772394029:71486),GncDeployment.systemResources.CPU_04,268509193,13.00 percent
2026-03-01T14:40:29.071505,(2(0)-1772394029:71505),GncDeployment.systemResources.CPU_05,268509194,7.00 percent
2026-03-01T14:40:29.071521,(2(0)-1772394029:71521),GncDeployment.systemResources.CPU_06,268509195,2.97 percent
2026-03-01T14:40:29.071537,(2(0)-1772394029:71537),GncDeployment.systemResources.CPU_07,268509196,1.98 percent
2026-03-01T14:40:29.071538,(2(0)-1772394029:71538),GncDeployment.systemResources.CPU,268509188,16.79 percent
2026-03-01T14:40:29.071554,(2(0)-1772394029:71554),GncDeployment.systemResources.MEMORY_TOTAL,268509184,4194880 KB
2026-03-01T14:40:29.071555,(2(0)-1772394029:71555),GncDeployment.systemResources.MEMORY_USED,268509185,4100112 KB
2026-03-01T14:40:29.071583,(2(0)-1772394029:71583),GncDeployment.systemResources.NON_VOLATILE_FREE,268509187,136012568 KB
2026-03-01T14:40:29.071584,(2(0)-1772394029:71584),GncDeployment.systemResources.NON_VOLATILE_TOTAL,268509186,239362496 KB
2026-03-01T14:40:29.071606,(2(0)-1772394029:71606),ComCcsds.comQueue.comQueueDepth,33554432,['0', '1']
2026-03-01T14:40:29.071609,(2(0)-1772394029:71609),ComCcsds.comQueue.buffQueueDepth,33554433,['0']
2026-03-01T14:40:30.072034,(2(0)-1772394030:72034),GncDeployment.systemResources.CPU_02,268509191,18.81 percent
2026-03-01T14:40:30.072091,(2(0)-1772394030:72091),GncDeployment.systemResources.CPU_03,268509192,22.22 percent
2026-03-01T14:40:30.072108,(2(0)-1772394030:72108),GncDeployment.systemResources.CPU_04,268509193,13.00 percent
2026-03-01T14:40:30.072123,(2(0)-1772394030:72123),GncDeployment.systemResources.CPU_05,268509194,5.94 percent
2026-03-01T14:40:30.072136,(2(0)-1772394030:72136),GncDeployment.systemResources.CPU_06,268509195,4.00 percent
2026-03-01T14:40:30.072150,(2(0)-1772394030:72150),GncDeployment.systemResources.CPU_07,268509196,2.02 percent
2026-03-01T14:40:30.072151,(2(0)-1772394030:72151),GncDeployment.systemResources.CPU,268509188,14.28 percent
2026-03-01T14:40:30.072161,(2(0)-1772394030:72161),GncDeployment.systemResources.MEMORY_TOTAL,268509184,4196736 KB
2026-03-01T14:40:30.072162,(2(0)-1772394030:72162),GncDeployment.systemResources.MEMORY_USED,268509185,4096560 KB
2026-03-01T14:40:30.072200,(2(0)-1772394030:72200),GncDeployment.systemResources.NON_VOLATILE_FREE,268509187,136012524 KB
2026-03-01T14:40:30.072202,(2(0)-1772394030:72202),GncDeployment.systemResources.NON_VOLATILE_TOTAL,268509186,239362496 KB
2026-03-01T14:40:30.072226,(2(0)-1772394030:72226),ComCcsds.comQueue.comQueueDepth,33554432,['0', '1']
2026-03-01T14:40:30.072228,(2(0)-1772394030:72228),ComCcsds.comQueue.buffQueueDepth,33554433,['0']
2026-03-01T14:40:31.077084,(2(0)-1772394031:77084),GncDeployment.systemResources.CPU_00,268509189,24.24 percent
2026-03-01T14:40:31.077111,(2(0)-1772394031:77111),GncDeployment.systemResources.CPU_01,268509190,25.00 percent
2026-03-01T14:40:31.077127,(2(0)-1772394031:77127),GncDeployment.systemResources.CPU_02,268509191,21.21 percent
2026-03-01T14:40:31.077143,(2(0)-1772394031:77143),GncDeployment.systemResources.CPU_03,268509192,16.00 percent
2026-03-01T14:40:31.077158,(2(0)-1772394031:77158),GncDeployment.systemResources.CPU_04,268509193,23.00 percent
2026-03-01T14:40:31.077176,(2(0)-1772394031:77176),GncDeployment.systemResources.CPU_05,268509194,14.14 percent
2026-03-01T14:40:31.077190,(2(0)-1772394031:77190),GncDeployment.systemResources.CPU_06,268509195,7.00 percent
2026-03-01T14:40:31.077207,(2(0)-1772394031:77207),GncDeployment.systemResources.CPU_07,268509196,3.96 percent
2026-03-01T14:40:31.077209,(2(0)-1772394031:77209),GncDeployment.systemResources.CPU,268509188,16.82 percent
2026-03-01T14:40:31.077227,(2(0)-1772394031:77227),GncDeployment.systemResources.MEMORY_TOTAL,268509184,4202944 KB
2026-03-01T14:40:31.077229,(2(0)-1772394031:77229),GncDeployment.systemResources.MEMORY_USED,268509185,4092512 KB
2026-03-01T14:40:31.077267,(2(0)-1772394031:77267),GncDeployment.systemResources.NON_VOLATILE_FREE,268509187,136012524 KB
2026-03-01T14:40:31.077267,(2(0)-1772394031:77267),GncDeployment.systemResources.NON_VOLATILE_TOTAL,268509186,239362496 KB
2026-03-01T14:40:31.077284,(2(0)-1772394031:77284),ComCcsds.comQueue.comQueueDepth,33554432,['0', '1']
2026-03-01T14:40:31.077287,(2(0)-1772394031:77287),ComCcsds.comQueue.buffQueueDepth,33554433,['0']
2026-03-01T14:40:33.079397,(2(0)-1772394033:79397),GncDeployment.systemResources.CPU_00,268509189,26.26 percent
2026-03-01T14:40:33.079437,(2(0)-1772394033:79437),GncDeployment.systemResources.CPU_01,268509190,25.00 percent
2026-03-01T14:40:33.079468,(2(0)-1772394033:79468),GncDeployment.systemResources.CPU_02,268509191,20.20 percent
2026-03-01T14:40:33.079498,(2(0)-1772394033:79498),GncDeployment.systemResources.CPU_03,268509192,23.00 percent
2026-03-01T14:40:33.079529,(2(0)-1772394033:79529),GncDeployment.systemResources.CPU_04,268509193,8.00 percent
2026-03-01T14:40:33.079561,(2(0)-1772394033:79561),GncDeployment.systemResources.CPU_05,268509194,3.00 percent
2026-03-01T14:40:33.079587,(2(0)-1772394033:79587),GncDeployment.systemResources.CPU_06,268509195,1.98 percent
2026-03-01T14:40:32.077638,(2(0)-1772394032:77638),GncDeployment.systemResources.CPU_07,268509196,1.98 percent
2026-03-01T14:40:32.077643,(2(0)-1772394032:77643),GncDeployment.systemResources.CPU,268509188,15.70 percent
2026-03-01T14:40:32.077671,(2(0)-1772394032:77671),GncDeployment.systemResources.MEMORY_TOTAL,268509184,4205296 KB
2026-03-01T14:40:32.077674,(2(0)-1772394032:77674),GncDeployment.systemResources.MEMORY_USED,268509185,4107872 KB
2026-03-01T14:40:32.077715,(2(0)-1772394032:77715),GncDeployment.systemResources.NON_VOLATILE_FREE,268509187,136012508 KB
2026-03-01T14:40:32.077718,(2(0)-1772394032:77718),GncDeployment.systemResources.NON_VOLATILE_TOTAL,268509186,239362496 KB
2026-03-01T14:40:32.077741,(2(0)-1772394032:77741),GncDeployment.rateGroup1.RgMaxTime,268439552,547 us
2026-03-01T14:40:32.077747,(2(0)-1772394032:77747),ComCcsds.comQueue.comQueueDepth,33554432,['0', '1']
2026-03-01T14:40:32.077753,(2(0)-1772394032:77753),ComCcsds.comQueue.buffQueueDepth,33554433,['0']
2026-03-01T14:40:34.084315,(2(0)-1772394034:84315),GncDeployment.systemResources.CPU_00,268509189,38.00 percent
2026-03-01T14:40:34.084339,(2(0)-1772394034:84339),GncDeployment.systemResources.CPU_01,268509190,36.00 percent
2026-03-01T14:40:34.084357,(2(0)-1772394034:84357),GncDeployment.systemResources.CPU_02,268509191,32.00 percent
2026-03-01T14:40:33.079627,(2(0)-1772394033:79627),GncDeployment.systemResources.CPU_07,268509196,0.00 percent
2026-03-01T14:40:33.079675,(2(0)-1772394033:79675),GncDeployment.systemResources.CPU,268509188,13.43 percent
2026-03-01T14:40:33.079702,(2(0)-1772394033:79702),GncDeployment.systemResources.MEMORY_TOTAL,268509184,4204480 KB
2026-03-01T14:40:33.079706,(2(0)-1772394033:79706),GncDeployment.systemResources.MEMORY_USED,268509185,4108592 KB
2026-03-01T14:40:33.079733,(2(0)-1772394033:79733),GncDeployment.systemResources.NON_VOLATILE_FREE,268509187,136012508 KB
2026-03-01T14:40:33.079735,(2(0)-1772394033:79735),GncDeployment.systemResources.NON_VOLATILE_TOTAL,268509186,239362496 KB
2026-03-01T14:40:33.079768,(2(0)-1772394033:79768),GncDeployment.rateGroup1.RgMaxTime,268439552,571 us
2026-03-01T14:40:33.079775,(2(0)-1772394033:79775),ComCcsds.comQueue.comQueueDepth,33554432,['0', '0']
2026-03-01T14:40:33.079781,(2(0)-1772394033:79781),ComCcsds.comQueue.buffQueueDepth,33554433,['0']
2026-03-01T14:40:34.084374,(2(0)-1772394034:84374),GncDeployment.systemResources.CPU_03,268509192,23.00 percent
2026-03-01T14:40:34.084442,(2(0)-1772394034:84442),GncDeployment.systemResources.CPU_04,268509193,13.13 percent
2026-03-01T14:40:34.084460,(2(0)-1772394034:84460),GncDeployment.systemResources.CPU_05,268509194,12.87 percent
2026-03-01T14:40:34.084478,(2(0)-1772394034:84478),GncDeployment.systemResources.CPU_06,268509195,7.00 percent
2026-03-01T14:40:34.084497,(2(0)-1772394034:84497),GncDeployment.systemResources.CPU_07,268509196,3.00 percent
2026-03-01T14:40:34.084499,(2(0)-1772394034:84499),GncDeployment.systemResources.CPU,268509188,20.63 percent
2026-03-01T14:40:34.084509,(2(0)-1772394034:84509),GncDeployment.systemResources.MEMORY_TOTAL,268509184,4217328 KB
2026-03-01T14:40:34.084511,(2(0)-1772394034:84511),GncDeployment.systemResources.MEMORY_USED,268509185,4105280 KB
2026-03-01T14:40:34.084532,(2(0)-1772394034:84532),GncDeployment.systemResources.NON_VOLATILE_FREE,268509187,136012496 KB
2026-03-01T14:40:34.084533,(2(0)-1772394034:84533),GncDeployment.systemResources.NON_VOLATILE_TOTAL,268509186,239362496 KB
2026-03-01T14:40:34.084549,(2(0)-1772394034:84549),ComCcsds.comQueue.comQueueDepth,33554432,['0', '1']
2026-03-01T14:40:34.084552,(2(0)-1772394034:84552),ComCcsds.comQueue.buffQueueDepth,33554433,['0']
2026-03-01T14:40:35.089395,(2(0)-1772394035:89395),GncDeployment.systemResources.CPU_00,268509189,35.00 percent
2026-03-01T14:40:35.089424,(2(0)-1772394035:89424),GncDeployment.systemResources.CPU_01,268509190,28.28 percent
2026-03-01T14:40:35.089448,(2(0)-1772394035:89448),GncDeployment.systemResources.CPU_02,268509191,23.00 percent
2026-03-01T14:40:35.089472,(2(0)-1772394035:89472),GncDeployment.systemResources.CPU_03,268509192,23.00 percent
2026-03-01T14:40:35.089540,(2(0)-1772394035:89540),GncDeployment.systemResources.CPU_04,268509193,29.70 percent
2026-03-01T14:40:35.089583,(2(0)-1772394035:89583),GncDeployment.systemResources.CPU_05,268509194,11.00 percent
2026-03-01T14:40:35.089613,(2(0)-1772394035:89613),GncDeployment.systemResources.CPU_06,268509195,3.96 percent
2026-03-01T14:40:35.089646,(2(0)-1772394035:89646),GncDeployment.systemResources.CPU_07,268509196,2.97 percent
2026-03-01T14:40:35.089649,(2(0)-1772394035:89649),GncDeployment.systemResources.CPU,268509188,19.61 percent
2026-03-01T14:40:35.089666,(2(0)-1772394035:89666),GncDeployment.systemResources.MEMORY_TOTAL,268509184,4160320 KB
2026-03-01T14:40:35.089668,(2(0)-1772394035:89668),GncDeployment.systemResources.MEMORY_USED,268509185,4030752 KB
2026-03-01T14:40:35.089702,(2(0)-1772394035:89702),GncDeployment.systemResources.NON_VOLATILE_FREE,268509187,136011432 KB
2026-03-01T14:40:35.089704,(2(0)-1772394035:89704),GncDeployment.systemResources.NON_VOLATILE_TOTAL,268509186,239362496 KB
2026-03-01T14:40:35.089738,(2(0)-1772394035:89738),ComCcsds.comQueue.comQueueDepth,33554432,['0', '1']
2026-03-01T14:40:35.089741,(2(0)-1772394035:89741),ComCcsds.comQueue.buffQueueDepth,33554433,['0']
2026-03-01T14:40:36.094469,(2(0)-1772394036:94469),GncDeployment.systemResources.CPU_00,268509189,34.00 percent
2026-03-01T14:40:36.094507,(2(0)-1772394036:94507),GncDeployment.systemResources.CPU_01,268509190,30.00 percent
2026-03-01T14:40:36.094541,(2(0)-1772394036:94541),GncDeployment.systemResources.CPU_02,268509191,25.00 percent
2026-03-01T14:40:36.094574,(2(0)-1772394036:94574),GncDeployment.systemResources.CPU_03,268509192,24.75 percent
2026-03-01T14:40:36.094606,(2(0)-1772394036:94606),GncDeployment.systemResources.CPU_04,268509193,4.00 percent
2026-03-01T14:40:36.094636,(2(0)-1772394036:94636),GncDeployment.systemResources.CPU_05,268509194,2.97 percent
2026-03-01T14:40:36.094661,(2(0)-1772394036:94661),GncDeployment.systemResources.CPU_06,268509195,1.00 percent
2026-03-01T14:40:36.094688,(2(0)-1772394036:94688),GncDeployment.systemResources.CPU_07,268509196,0.00 percent
2026-03-01T14:40:36.094691,(2(0)-1772394036:94691),GncDeployment.systemResources.CPU,268509188,15.22 percent
2026-03-01T14:40:36.094711,(2(0)-1772394036:94711),GncDeployment.systemResources.MEMORY_TOTAL,268509184,4174960 KB
2026-03-01T14:40:36.094714,(2(0)-1772394036:94714),GncDeployment.systemResources.MEMORY_USED,268509185,4050208 KB
2026-03-01T14:40:36.094754,(2(0)-1772394036:94754),GncDeployment.systemResources.NON_VOLATILE_FREE,268509187,136011428 KB
2026-03-01T14:40:36.094756,(2(0)-1772394036:94756),GncDeployment.systemResources.NON_VOLATILE_TOTAL,268509186,239362496 KB
2026-03-01T14:40:36.094777,(2(0)-1772394036:94777),ComCcsds.comQueue.comQueueDepth,33554432,['0', '1']
2026-03-01T14:40:36.094781,(2(0)-1772394036:94781),ComCcsds.comQueue.buffQueueDepth,33554433,['0']
2026-03-01T14:40:37.099474,(2(0)-1772394037:99474),GncDeployment.systemResources.CPU_00,268509189,35.35 percent
2026-03-01T14:40:37.099512,(2(0)-1772394037:99512),GncDeployment.systemResources.CPU_01,268509190,32.00 percent
2026-03-01T14:40:37.099540,(2(0)-1772394037:99540),GncDeployment.systemResources.CPU_02,268509191,28.00 percent
2026-03-01T14:40:37.099564,(2(0)-1772394037:99564),GncDeployment.systemResources.CPU_03,268509192,26.00 percent
2026-03-01T14:40:37.099585,(2(0)-1772394037:99585),GncDeployment.systemResources.CPU_04,268509193,32.00 percent
2026-03-01T14:40:37.099608,(2(0)-1772394037:99608),GncDeployment.systemResources.CPU_05,268509194,17.17 percent
2026-03-01T14:40:37.099632,(2(0)-1772394037:99632),GncDeployment.systemResources.CPU_06,268509195,11.00 percent
2026-03-01T14:40:37.099653,(2(0)-1772394037:99653),GncDeployment.systemResources.CPU_07,268509196,8.91 percent
2026-03-01T14:40:37.099656,(2(0)-1772394037:99656),GncDeployment.systemResources.CPU,268509188,23.80 percent
2026-03-01T14:40:37.099677,(2(0)-1772394037:99677),GncDeployment.systemResources.MEMORY_TOTAL,268509184,4151600 KB
2026-03-01T14:40:37.099680,(2(0)-1772394037:99680),GncDeployment.systemResources.MEMORY_USED,268509185,3971328 KB
2026-03-01T14:40:37.099716,(2(0)-1772394037:99716),GncDeployment.systemResources.NON_VOLATILE_FREE,268509187,136010232 KB
2026-03-01T14:40:37.099717,(2(0)-1772394037:99717),GncDeployment.systemResources.NON_VOLATILE_TOTAL,268509186,239362496 KB
2026-03-01T14:40:37.099736,(2(0)-1772394037:99736),ComCcsds.comQueue.comQueueDepth,33554432,['0', '1']
2026-03-01T14:40:37.099739,(2(0)-1772394037:99739),ComCcsds.comQueue.buffQueueDepth,33554433,['0']
2026-03-01T14:40:39.110629,(2(0)-1772394039:110629),GncDeployment.systemResources.CPU_00,268509189,36.00 percent
2026-03-01T14:40:39.110643,(2(0)-1772394039:110643),GncDeployment.systemResources.CPU_01,268509190,32.00 percent
2026-03-01T14:40:39.110653,(2(0)-1772394039:110653),GncDeployment.systemResources.CPU_02,268509191,31.00 percent
2026-03-01T14:40:39.110663,(2(0)-1772394039:110663),GncDeployment.systemResources.CPU_03,268509192,26.73 percent
2026-03-01T14:40:39.110672,(2(0)-1772394039:110672),GncDeployment.systemResources.CPU_04,268509193,31.00 percent
2026-03-01T14:40:38.104571,(2(0)-1772394038:104571),GncDeployment.systemResources.CPU_05,268509194,21.78 percent
2026-03-01T14:40:38.104597,(2(0)-1772394038:104597),GncDeployment.systemResources.CPU_06,268509195,9.00 percent
2026-03-01T14:40:38.104618,(2(0)-1772394038:104618),GncDeployment.systemResources.CPU_07,268509196,3.03 percent
2026-03-01T14:40:38.104620,(2(0)-1772394038:104620),GncDeployment.systemResources.CPU,268509188,26.07 percent
2026-03-01T14:40:38.104634,(2(0)-1772394038:104634),GncDeployment.systemResources.MEMORY_TOTAL,268509184,4138080 KB
2026-03-01T14:40:38.104636,(2(0)-1772394038:104636),GncDeployment.systemResources.MEMORY_USED,268509185,3940128 KB
2026-03-01T14:40:38.104666,(2(0)-1772394038:104666),GncDeployment.systemResources.NON_VOLATILE_FREE,268509187,136008836 KB
2026-03-01T14:40:38.104668,(2(0)-1772394038:104668),GncDeployment.systemResources.NON_VOLATILE_TOTAL,268509186,239362496 KB
2026-03-01T14:40:38.104690,(2(0)-1772394038:104690),ComCcsds.comQueue.comQueueDepth,33554432,['0', '1']
2026-03-01T14:40:38.104693,(2(0)-1772394038:104693),ComCcsds.comQueue.buffQueueDepth,33554433,['0']
2026-03-01T14:40:40.113780,(2(0)-1772394040:113780),GncDeployment.systemResources.CPU_00,268509189,34.34 percent
2026-03-01T14:40:39.110794,(2(0)-1772394039:110794),GncDeployment.systemResources.CPU_05,268509194,14.00 percent
2026-03-01T14:40:39.110848,(2(0)-1772394039:110848),GncDeployment.systemResources.CPU_06,268509195,6.93 percent
2026-03-01T14:40:39.110868,(2(0)-1772394039:110868),GncDeployment.systemResources.CPU_07,268509196,4.95 percent
2026-03-01T14:40:39.110882,(2(0)-1772394039:110882),GncDeployment.systemResources.CPU,268509188,22.83 percent
2026-03-01T14:40:39.110895,(2(0)-1772394039:110895),GncDeployment.systemResources.MEMORY_TOTAL,268509184,4166432 KB
2026-03-01T14:40:39.110897,(2(0)-1772394039:110897),GncDeployment.systemResources.MEMORY_USED,268509185,4009808 KB
2026-03-01T14:40:39.110922,(2(0)-1772394039:110922),GncDeployment.systemResources.NON_VOLATILE_FREE,268509187,136008696 KB
2026-03-01T14:40:39.110923,(2(0)-1772394039:110923),GncDeployment.systemResources.NON_VOLATILE_TOTAL,268509186,239362496 KB
2026-03-01T14:40:39.111016,(2(0)-1772394039:111016),ComCcsds.comQueue.comQueueDepth,33554432,['0', '1']
2026-03-01T14:40:39.111036,(2(0)-1772394039:111036),ComCcsds.comQueue.buffQueueDepth,33554433,['0']
2026-03-01T14:40:40.113795,(2(0)-1772394040:113795),GncDeployment.systemResources.CPU_01,268509190,31.00 percent
2026-03-01T14:40:40.113810,(2(0)-1772394040:113810),GncDeployment.systemResources.CPU_02,268509191,28.00 percent
2026-03-01T14:40:40.113821,(2(0)-1772394040:113821),GncDeployment.systemResources.CPU_03,268509192,23.23 percent
2026-03-01T14:40:40.113832,(2(0)-1772394040:113832),GncDeployment.systemResources.CPU_04,268509193,40.40 percent
2026-03-01T14:40:40.113846,(2(0)-1772394040:113846),GncDeployment.systemResources.CPU_05,268509194,31.00 percent
2026-03-01T14:40:40.113855,(2(0)-1772394040:113855),GncDeployment.systemResources.CPU_06,268509195,25.25 percent
2026-03-01T14:40:40.113865,(2(0)-1772394040:113865),GncDeployment.systemResources.CPU_07,268509196,16.00 percent
2026-03-01T14:40:40.113867,(2(0)-1772394040:113867),GncDeployment.systemResources.CPU,268509188,28.65 percent
2026-03-01T14:40:40.113874,(2(0)-1772394040:113874),GncDeployment.systemResources.MEMORY_TOTAL,268509184,4203600 KB
2026-03-01T14:40:40.113875,(2(0)-1772394040:113875),GncDeployment.systemResources.MEMORY_USED,268509185,4085152 KB
2026-03-01T14:40:40.113890,(2(0)-1772394040:113890),GncDeployment.systemResources.NON_VOLATILE_FREE,268509187,136008448 KB
2026-03-01T14:40:40.113890,(2(0)-1772394040:113890),GncDeployment.systemResources.NON_VOLATILE_TOTAL,268509186,239362496 KB
2026-03-01T14:40:40.113903,(2(0)-1772394040:113903),ComCcsds.comQueue.comQueueDepth,33554432,['0', '1']
2026-03-01T14:40:40.113906,(2(0)-1772394040:113906),ComCcsds.comQueue.buffQueueDepth,33554433,['0']
2026-03-01T14:40:42.122965,(2(0)-1772394042:122965),GncDeployment.systemResources.CPU_00,268509189,37.00 percent
2026-03-01T14:40:42.122997,(2(0)-1772394042:122997),GncDeployment.systemResources.CPU_01,268509190,34.34 percent
2026-03-01T14:40:42.123012,(2(0)-1772394042:123012),GncDeployment.systemResources.CPU_02,268509191,32.00 percent
2026-03-01T14:40:42.123028,(2(0)-1772394042:123028),GncDeployment.systemResources.CPU_03,268509192,29.70 percent
2026-03-01T14:40:42.123041,(2(0)-1772394042:123041),GncDeployment.systemResources.CPU_04,268509193,37.62 percent
2026-03-01T14:40:42.123055,(2(0)-1772394042:123055),GncDeployment.systemResources.CPU_05,268509194,33.33 percent
2026-03-01T14:40:42.123069,(2(0)-1772394042:123069),GncDeployment.systemResources.CPU_06,268509195,22.77 percent
2026-03-01T14:40:42.123082,(2(0)-1772394042:123082),GncDeployment.systemResources.CPU_07,268509196,17.00 percent
2026-03-01T14:40:42.123084,(2(0)-1772394042:123084),GncDeployment.systemResources.CPU,268509188,30.47 percent
2026-03-01T14:40:42.123095,(2(0)-1772394042:123095),GncDeployment.systemResources.MEMORY_TOTAL,268509184,4314448 KB
2026-03-01T14:40:42.123096,(2(0)-1772394042:123096),GncDeployment.systemResources.MEMORY_USED,268509185,4163536 KB
2026-03-01T14:40:42.123127,(2(0)-1772394042:123127),GncDeployment.systemResources.NON_VOLATILE_FREE,268509187,136008416 KB
2026-03-01T14:40:42.123128,(2(0)-1772394042:123128),GncDeployment.systemResources.NON_VOLATILE_TOTAL,268509186,239362496 KB
2026-03-01T14:40:42.123269,(2(0)-1772394042:123269),ComCcsds.comQueue.comQueueDepth,33554432,['0', '0']
2026-03-01T14:40:42.123272,(2(0)-1772394042:123272),ComCcsds.comQueue.buffQueueDepth,33554433,['0']
2026-03-01T14:40:43.127019,(2(0)-1772394043:127019),GncDeployment.systemResources.CPU_00,268509189,24.00 percent
2026-03-01T14:40:43.127044,(2(0)-1772394043:127044),GncDeployment.systemResources.CPU_01,268509190,21.21 percent
2026-03-01T14:40:43.127061,(2(0)-1772394043:127061),GncDeployment.systemResources.CPU_02,268509191,15.00 percent
2026-03-01T14:40:43.127077,(2(0)-1772394043:127077),GncDeployment.systemResources.CPU_03,268509192,13.00 percent
2026-03-01T14:40:43.127097,(2(0)-1772394043:127097),GncDeployment.systemResources.CPU_04,268509193,26.00 percent
2026-03-01T14:40:43.127110,(2(0)-1772394043:127110),GncDeployment.systemResources.CPU_05,268509194,23.76 percent
2026-03-01T14:40:43.127126,(2(0)-1772394043:127126),GncDeployment.systemResources.CPU_06,268509195,15.00 percent
2026-03-01T14:40:43.127143,(2(0)-1772394043:127143),GncDeployment.systemResources.CPU_07,268509196,7.00 percent
2026-03-01T14:40:43.127144,(2(0)-1772394043:127144),GncDeployment.systemResources.CPU,268509188,18.12 percent
2026-03-01T14:40:43.127159,(2(0)-1772394043:127159),GncDeployment.systemResources.MEMORY_TOTAL,268509184,4327616 KB
2026-03-01T14:40:43.127160,(2(0)-1772394043:127160),GncDeployment.systemResources.MEMORY_USED,268509185,4191024 KB
2026-03-01T14:40:43.127174,(2(0)-1772394043:127174),GncDeployment.systemResources.NON_VOLATILE_FREE,268509187,136008416 KB
2026-03-01T14:40:43.127176,(2(0)-1772394043:127176),GncDeployment.systemResources.NON_VOLATILE_TOTAL,268509186,239362496 KB
2026-03-01T14:40:43.127297,(2(0)-1772394043:127297),ComCcsds.comQueue.comQueueDepth,33554432,['0', '1']
2026-03-01T14:40:43.127300,(2(0)-1772394043:127300),ComCcsds.comQueue.buffQueueDepth,33554433,['0']
2026-03-01T14:40:44.130728,(2(0)-1772394044:130728),GncDeployment.systemResources.CPU_00,268509189,45.92 percent
2026-03-01T14:40:44.130765,(2(0)-1772394044:130765),GncDeployment.systemResources.CPU_01,268509190,41.00 percent
2026-03-01T14:40:44.130793,(2(0)-1772394044:130793),GncDeployment.systemResources.CPU_02,268509191,35.35 percent
2026-03-01T14:40:44.130822,(2(0)-1772394044:130822),GncDeployment.systemResources.CPU_03,268509192,33.33 percent
2026-03-01T14:40:44.130849,(2(0)-1772394044:130849),GncDeployment.systemResources.CPU_04,268509193,24.24 percent
2026-03-01T14:40:44.130876,(2(0)-1772394044:130876),GncDeployment.systemResources.CPU_05,268509194,12.00 percent
2026-03-01T14:40:44.130904,(2(0)-1772394044:130904),GncDeployment.systemResources.CPU_06,268509195,8.00 percent
2026-03-01T14:40:44.130930,(2(0)-1772394044:130930),GncDeployment.systemResources.CPU_07,268509196,4.00 percent
2026-03-01T14:40:44.130934,(2(0)-1772394044:130934),GncDeployment.systemResources.CPU,268509188,25.48 percent
2026-03-01T14:40:44.130959,(2(0)-1772394044:130959),GncDeployment.systemResources.MEMORY_TOTAL,268509184,4304272 KB
2026-03-01T14:40:44.130962,(2(0)-1772394044:130962),GncDeployment.systemResources.MEMORY_USED,268509185,4176064 KB
2026-03-01T14:40:44.130990,(2(0)-1772394044:130990),GncDeployment.systemResources.NON_VOLATILE_FREE,268509187,136008676 KB
2026-03-01T14:40:44.130992,(2(0)-1772394044:130992),GncDeployment.systemResources.NON_VOLATILE_TOTAL,268509186,239362496 KB
2026-03-01T14:40:44.131028,(2(0)-1772394044:131028),ComCcsds.comQueue.comQueueDepth,33554432,['0', '1']
2026-03-01T14:40:44.131032,(2(0)-1772394044:131032),ComCcsds.comQueue.buffQueueDepth,33554433,['0']
2026-03-01T14:40:45.132001,(2(0)-1772394045:132001),GncDeployment.systemResources.CPU_00,268509189,34.00 percent
2026-03-01T14:40:45.132026,(2(0)-1772394045:132026),GncDeployment.systemResources.CPU_01,268509190,32.32 percent
2026-03-01T14:40:45.132040,(2(0)-1772394045:132040),GncDeployment.systemResources.CPU_02,268509191,28.00 percent
2026-03-01T14:40:45.132053,(2(0)-1772394045:132053),GncDeployment.systemResources.CPU_03,268509192,23.23 percent
2026-03-01T14:40:45.132066,(2(0)-1772394045:132066),GncDeployment.systemResources.CPU_04,268509193,54.46 percent
2026-03-01T14:40:45.132082,(2(0)-1772394045:132082),GncDeployment.systemResources.CPU_05,268509194,6.00 percent
2026-03-01T14:40:45.132095,(2(0)-1772394045:132095),GncDeployment.systemResources.CPU_06,268509195,21.00 percent
2026-03-01T14:40:45.132108,(2(0)-1772394045:132108),GncDeployment.systemResources.CPU_07,268509196,4.95 percent
2026-03-01T14:40:45.132109,(2(0)-1772394045:132109),GncDeployment.systemResources.CPU,268509188,25.50 percent
2026-03-01T14:40:45.132119,(2(0)-1772394045:132119),GncDeployment.systemResources.MEMORY_TOTAL,268509184,4307616 KB
2026-03-01T14:40:45.132120,(2(0)-1772394045:132120),GncDeployment.systemResources.MEMORY_USED,268509185,4184224 KB
2026-03-01T14:40:45.132137,(2(0)-1772394045:132137),GncDeployment.systemResources.NON_VOLATILE_FREE,268509187,136008196 KB
2026-03-01T14:40:45.132138,(2(0)-1772394045:132138),GncDeployment.systemResources.NON_VOLATILE_TOTAL,268509186,239362496 KB
2026-03-01T14:40:45.132163,(2(0)-1772394045:132163),ComCcsds.comQueue.comQueueDepth,33554432,['0', '1']
2026-03-01T14:40:45.132165,(2(0)-1772394045:132165),ComCcsds.comQueue.buffQueueDepth,33554433,['0']
2026-03-01T14:40:47.136006,(2(0)-1772394047:136006),GncDeployment.systemResources.CPU_00,268509189,39.00 percent
2026-03-01T14:40:47.136034,(2(0)-1772394047:136034),GncDeployment.systemResources.CPU_01,268509190,34.00 percent
2026-03-01T14:40:47.136052,(2(0)-1772394047:136052),GncDeployment.systemResources.CPU_02,268509191,30.00 percent
2026-03-01T14:40:47.136072,(2(0)-1772394047:136072),GncDeployment.systemResources.CPU_03,268509192,24.00 percent
2026-03-01T14:40:47.136089,(2(0)-1772394047:136089),GncDeployment.systemResources.CPU_04,268509193,11.00 percent
2026-03-01T14:40:47.136107,(2(0)-1772394047:136107),GncDeployment.systemResources.CPU_05,268509194,6.00 percent
2026-03-01T14:40:47.136125,(2(0)-1772394047:136125),GncDeployment.systemResources.CPU_06,268509195,2.97 percent
2026-03-01T14:40:47.136141,(2(0)-1772394047:136141),GncDeployment.systemResources.CPU_07,268509196,1.00 percent
2026-03-01T14:40:47.136143,(2(0)-1772394047:136143),GncDeployment.systemResources.CPU,268509188,18.50 percent
2026-03-01T14:40:47.136158,(2(0)-1772394047:136158),GncDeployment.systemResources.MEMORY_TOTAL,268509184,4302016 KB
2026-03-01T14:40:47.136160,(2(0)-1772394047:136160),GncDeployment.systemResources.MEMORY_USED,268509185,4186384 KB
2026-03-01T14:40:47.136189,(2(0)-1772394047:136189),GncDeployment.systemResources.NON_VOLATILE_FREE,268509187,136008616 KB
2026-03-01T14:40:47.136190,(2(0)-1772394047:136190),GncDeployment.systemResources.NON_VOLATILE_TOTAL,268509186,239362496 KB
2026-03-01T14:40:47.136441,(2(0)-1772394047:136441),ComCcsds.comQueue.comQueueDepth,33554432,['0', '0']
2026-03-01T14:40:47.136444,(2(0)-1772394047:136444),ComCcsds.comQueue.buffQueueDepth,33554433,['0']
2026-03-01T14:40:49.144762,(2(0)-1772394049:144762),GncDeployment.systemResources.CPU_00,268509189,25.25 percent
2026-03-01T14:40:49.144791,(2(0)-1772394049:144791),GncDeployment.systemResources.CPU_01,268509190,24.24 percent
2026-03-01T14:40:49.144811,(2(0)-1772394049:144811),GncDeployment.systemResources.CPU_02,268509191,19.19 percent
2026-03-01T14:40:49.144829,(2(0)-1772394049:144829),GncDeployment.systemResources.CPU_03,268509192,16.83 percent
2026-03-01T14:40:49.144848,(2(0)-1772394049:144848),GncDeployment.systemResources.CPU_04,268509193,33.00 percent
2026-03-01T14:40:49.144867,(2(0)-1772394049:144867),GncDeployment.systemResources.CPU_05,268509194,20.00 percent
2026-03-01T14:40:49.144887,(2(0)-1772394049:144887),GncDeployment.systemResources.CPU_06,268509195,13.00 percent
2026-03-01T14:40:49.144904,(2(0)-1772394049:144904),GncDeployment.systemResources.CPU_07,268509196,8.82 percent
2026-03-01T14:40:49.144907,(2(0)-1772394049:144907),GncDeployment.systemResources.CPU,268509188,20.04 percent
2026-03-01T14:40:48.141415,(2(0)-1772394048:141415),GncDeployment.systemResources.MEMORY_TOTAL,268509184,4331104 KB
2026-03-01T14:40:48.141420,(2(0)-1772394048:141420),GncDeployment.systemResources.MEMORY_USED,268509185,4216560 KB
2026-03-01T14:40:48.141474,(2(0)-1772394048:141474),GncDeployment.systemResources.NON_VOLATILE_FREE,268509187,136008600 KB
2026-03-01T14:40:48.141476,(2(0)-1772394048:141476),GncDeployment.systemResources.NON_VOLATILE_TOTAL,268509186,239362496 KB
2026-03-01T14:40:48.141509,(2(0)-1772394048:141509),GncDeployment.rateGroup1.RgMaxTime,268439552,584 us
2026-03-01T14:40:48.141511,(2(0)-1772394048:141511),ComCcsds.comQueue.comQueueDepth,33554432,['0', '1']
2026-03-01T14:40:48.141517,(2(0)-1772394048:141517),ComCcsds.comQueue.buffQueueDepth,33554433,['0']
2026-03-01T14:40:50.146948,(2(0)-1772394050:146948),GncDeployment.systemResources.CPU_00,268509189,34.34 percent
2026-03-01T14:40:50.146985,(2(0)-1772394050:146985),GncDeployment.systemResources.CPU_01,268509190,34.34 percent
2026-03-01T14:40:50.147006,(2(0)-1772394050:147006),GncDeployment.systemResources.CPU_02,268509191,28.71 percent
2026-03-01T14:40:49.144918,(2(0)-1772394049:144918),GncDeployment.systemResources.MEMORY_TOTAL,268509184,4367008 KB
2026-03-01T14:40:49.144948,(2(0)-1772394049:144948),GncDeployment.systemResources.MEMORY_USED,268509185,4278896 KB
2026-03-01T14:40:49.144971,(2(0)-1772394049:144971),GncDeployment.systemResources.NON_VOLATILE_FREE,268509187,136008564 KB
2026-03-01T14:40:49.144972,(2(0)-1772394049:144972),GncDeployment.systemResources.NON_VOLATILE_TOTAL,268509186,239362496 KB
2026-03-01T14:40:49.145002,(2(0)-1772394049:145002),ComCcsds.comQueue.comQueueDepth,33554432,['0', '0']
2026-03-01T14:40:49.145005,(2(0)-1772394049:145005),ComCcsds.comQueue.buffQueueDepth,33554433,['0']
2026-03-01T14:40:50.147041,(2(0)-1772394050:147041),GncDeployment.systemResources.CPU_03,268509192,24.24 percent
2026-03-01T14:40:50.147222,(2(0)-1772394050:147222),GncDeployment.systemResources.CPU_04,268509193,30.00 percent
2026-03-01T14:40:50.147250,(2(0)-1772394050:147250),GncDeployment.systemResources.CPU_05,268509194,26.00 percent
2026-03-01T14:40:50.147276,(2(0)-1772394050:147276),GncDeployment.systemResources.CPU_06,268509195,15.15 percent
2026-03-01T14:40:50.147330,(2(0)-1772394050:147330),GncDeployment.systemResources.CPU_07,268509196,11.11 percent
2026-03-01T14:40:50.147333,(2(0)-1772394050:147333),GncDeployment.systemResources.CPU,268509188,25.49 percent
2026-03-01T14:40:50.147351,(2(0)-1772394050:147351),GncDeployment.systemResources.MEMORY_TOTAL,268509184,4247728 KB
2026-03-01T14:40:50.147353,(2(0)-1772394050:147353),GncDeployment.systemResources.MEMORY_USED,268509185,4170032 KB
2026-03-01T14:40:50.147389,(2(0)-1772394050:147389),GncDeployment.systemResources.NON_VOLATILE_FREE,268509187,136008304 KB
2026-03-01T14:40:50.147391,(2(0)-1772394050:147391),GncDeployment.systemResources.NON_VOLATILE_TOTAL,268509186,239362496 KB
2026-03-01T14:40:50.147426,(2(0)-1772394050:147426),GncDeployment.rateGroup1.RgMaxTime,268439552,680 us
2026-03-01T14:40:50.147483,(2(0)-1772394050:147483),ComCcsds.comQueue.comQueueDepth,33554432,['0', '1']
2026-03-01T14:40:50.147487,(2(0)-1772394050:147487),ComCcsds.comQueue.buffQueueDepth,33554433,['0']
2026-03-01T14:40:51.150151,(2(0)-1772394051:150151),GncDeployment.systemResources.CPU_00,268509189,37.37 percent
2026-03-01T14:40:51.150223,(2(0)-1772394051:150223),GncDeployment.systemResources.CPU_01,268509190,32.00 percent
2026-03-01T14:40:51.150247,(2(0)-1772394051:150247),GncDeployment.systemResources.CPU_02,268509191,28.28 percent
2026-03-01T14:40:51.150271,(2(0)-1772394051:150271),GncDeployment.systemResources.CPU_03,268509192,25.25 percent
2026-03-01T14:40:51.150289,(2(0)-1772394051:150289),GncDeployment.systemResources.CPU_04,268509193,33.33 percent
2026-03-01T14:40:51.150308,(2(0)-1772394051:150308),GncDeployment.systemResources.CPU_05,268509194,24.24 percent
2026-03-01T14:40:51.150327,(2(0)-1772394051:150327),GncDeployment.systemResources.CPU_06,268509195,14.85 percent
2026-03-01T14:40:51.150345,(2(0)-1772394051:150345),GncDeployment.systemResources.CPU_07,268509196,9.00 percent
2026-03-01T14:40:51.150347,(2(0)-1772394051:150347),GncDeployment.systemResources.CPU,268509188,25.54 percent
2026-03-01T14:40:51.150359,(2(0)-1772394051:150359),GncDeployment.systemResources.MEMORY_TOTAL,268509184,4232448 KB
2026-03-01T14:40:51.150361,(2(0)-1772394051:150361),GncDeployment.systemResources.MEMORY_USED,268509185,4150080 KB
2026-03-01T14:40:51.150382,(2(0)-1772394051:150382),GncDeployment.systemResources.NON_VOLATILE_FREE,268509187,136008300 KB
2026-03-01T14:40:51.150384,(2(0)-1772394051:150384),GncDeployment.systemResources.NON_VOLATILE_TOTAL,268509186,239362496 KB
2026-03-01T14:40:51.150410,(2(0)-1772394051:150410),ComCcsds.comQueue.comQueueDepth,33554432,['0', '1']
2026-03-01T14:40:51.150413,(2(0)-1772394051:150413),ComCcsds.comQueue.buffQueueDepth,33554433,['0']
2026-03-01T14:40:52.155151,(2(0)-1772394052:155151),GncDeployment.systemResources.CPU_00,268509189,33.00 percent
2026-03-01T14:40:52.155171,(2(0)-1772394052:155171),GncDeployment.systemResources.CPU_01,268509190,28.00 percent
2026-03-01T14:40:52.155186,(2(0)-1772394052:155186),GncDeployment.systemResources.CPU_02,268509191,22.22 percent
2026-03-01T14:40:52.155200,(2(0)-1772394052:155200),GncDeployment.systemResources.CPU_03,268509192,21.00 percent
2026-03-01T14:40:52.155212,(2(0)-1772394052:155212),GncDeployment.systemResources.CPU_04,268509193,27.00 percent
2026-03-01T14:40:52.155229,(2(0)-1772394052:155229),GncDeployment.systemResources.CPU_05,268509194,15.84 percent
2026-03-01T14:40:52.155244,(2(0)-1772394052:155244),GncDeployment.systemResources.CPU_06,268509195,7.07 percent
2026-03-01T14:40:52.155260,(2(0)-1772394052:155260),GncDeployment.systemResources.CPU_07,268509196,4.95 percent
2026-03-01T14:40:52.155261,(2(0)-1772394052:155261),GncDeployment.systemResources.CPU,268509188,19.89 percent
2026-03-01T14:40:52.155274,(2(0)-1772394052:155274),GncDeployment.systemResources.MEMORY_TOTAL,268509184,4248896 KB
2026-03-01T14:40:52.155276,(2(0)-1772394052:155276),GncDeployment.systemResources.MEMORY_USED,268509185,4159728 KB
2026-03-01T14:40:52.155304,(2(0)-1772394052:155304),GncDeployment.systemResources.NON_VOLATILE_FREE,268509187,136008288 KB
2026-03-01T14:40:52.155305,(2(0)-1772394052:155305),GncDeployment.systemResources.NON_VOLATILE_TOTAL,268509186,239362496 KB
2026-03-01T14:40:52.155322,(2(0)-1772394052:155322),ComCcsds.comQueue.comQueueDepth,33554432,['0', '1']
2026-03-01T14:40:52.155324,(2(0)-1772394052:155324),ComCcsds.comQueue.buffQueueDepth,33554433,['0']
2026-03-01T14:40:53.160270,(2(0)-1772394053:160270),GncDeployment.systemResources.CPU_00,268509189,33.00 percent
2026-03-01T14:40:53.160298,(2(0)-1772394053:160298),GncDeployment.systemResources.CPU_01,268509190,31.00 percent
2026-03-01T14:40:53.160321,(2(0)-1772394053:160321),GncDeployment.systemResources.CPU_02,268509191,26.73 percent
2026-03-01T14:40:53.160340,(2(0)-1772394053:160340),GncDeployment.systemResources.CPU_03,268509192,23.76 percent
2026-03-01T14:40:53.160362,(2(0)-1772394053:160362),GncDeployment.systemResources.CPU_04,268509193,36.63 percent
2026-03-01T14:40:53.160382,(2(0)-1772394053:160382),GncDeployment.systemResources.CPU_05,268509194,24.00 percent
2026-03-01T14:40:53.160401,(2(0)-1772394053:160401),GncDeployment.systemResources.CPU_06,268509195,14.85 percent
2026-03-01T14:40:53.160421,(2(0)-1772394053:160421),GncDeployment.systemResources.CPU_07,268509196,9.90 percent
2026-03-01T14:40:53.160423,(2(0)-1772394053:160423),GncDeployment.systemResources.CPU,268509188,24.99 percent
2026-03-01T14:40:53.160439,(2(0)-1772394053:160439),GncDeployment.systemResources.MEMORY_TOTAL,268509184,4234320 KB
2026-03-01T14:40:53.160441,(2(0)-1772394053:160441),GncDeployment.systemResources.MEMORY_USED,268509185,4159536 KB
2026-03-01T14:40:53.160468,(2(0)-1772394053:160468),GncDeployment.systemResources.NON_VOLATILE_FREE,268509187,136008432 KB
2026-03-01T14:40:53.160469,(2(0)-1772394053:160469),GncDeployment.systemResources.NON_VOLATILE_TOTAL,268509186,239362496 KB
2026-03-01T14:40:53.160496,(2(0)-1772394053:160496),ComCcsds.comQueue.comQueueDepth,33554432,['0', '1']
2026-03-01T14:40:53.160499,(2(0)-1772394053:160499),ComCcsds.comQueue.buffQueueDepth,33554433,['0']
2026-03-01T14:40:54.161351,(2(0)-1772394054:161351),GncDeployment.systemResources.CPU_00,268509189,36.00 percent
2026-03-01T14:40:54.161377,(2(0)-1772394054:161377),GncDeployment.systemResources.CPU_01,268509190,30.30 percent
2026-03-01T14:40:54.161404,(2(0)-1772394054:161404),GncDeployment.systemResources.CPU_02,268509191,27.27 percent
2026-03-01T14:40:54.161430,(2(0)-1772394054:161430),GncDeployment.systemResources.CPU_03,268509192,25.25 percent
2026-03-01T14:40:54.161448,(2(0)-1772394054:161448),GncDeployment.systemResources.CPU_04,268509193,21.21 percent
2026-03-01T14:40:54.161467,(2(0)-1772394054:161467),GncDeployment.systemResources.CPU_05,268509194,13.00 percent
2026-03-01T14:40:54.161497,(2(0)-1772394054:161497),GncDeployment.systemResources.CPU_06,268509195,7.00 percent
2026-03-01T14:40:54.161530,(2(0)-1772394054:161530),GncDeployment.systemResources.CPU_07,268509196,4.04 percent
2026-03-01T14:40:54.161532,(2(0)-1772394054:161532),GncDeployment.systemResources.CPU,268509188,20.51 percent
2026-03-01T14:40:54.161543,(2(0)-1772394054:161543),GncDeployment.systemResources.MEMORY_TOTAL,268509184,4225328 KB
2026-03-01T14:40:54.161545,(2(0)-1772394054:161545),GncDeployment.systemResources.MEMORY_USED,268509185,4129008 KB
2026-03-01T14:40:54.161567,(2(0)-1772394054:161567),GncDeployment.systemResources.NON_VOLATILE_FREE,268509187,136008408 KB
2026-03-01T14:40:54.161568,(2(0)-1772394054:161568),GncDeployment.systemResources.NON_VOLATILE_TOTAL,268509186,239362496 KB
2026-03-01T14:40:54.161603,(2(0)-1772394054:161603),ComCcsds.comQueue.comQueueDepth,33554432,['0', '1']
2026-03-01T14:40:54.161607,(2(0)-1772394054:161607),ComCcsds.comQueue.buffQueueDepth,33554433,['0']
2026-03-01T14:40:55.163230,(2(0)-1772394055:163230),GncDeployment.systemResources.CPU_00,268509189,33.33 percent
2026-03-01T14:40:55.163257,(2(0)-1772394055:163257),GncDeployment.systemResources.CPU_01,268509190,30.30 percent
2026-03-01T14:40:55.163411,(2(0)-1772394055:163411),GncDeployment.systemResources.CPU_02,268509191,27.00 percent
2026-03-01T14:40:55.163435,(2(0)-1772394055:163435),GncDeployment.systemResources.CPU_03,268509192,22.00 percent
2026-03-01T14:40:55.163458,(2(0)-1772394055:163458),GncDeployment.systemResources.CPU_04,268509193,21.00 percent
2026-03-01T14:40:55.163482,(2(0)-1772394055:163482),GncDeployment.systemResources.CPU_05,268509194,17.17 percent
2026-03-01T14:40:55.163509,(2(0)-1772394055:163509),GncDeployment.systemResources.CPU_06,268509195,8.00 percent
2026-03-01T14:40:55.163532,(2(0)-1772394055:163532),GncDeployment.systemResources.CPU_07,268509196,4.04 percent
2026-03-01T14:40:55.163534,(2(0)-1772394055:163534),GncDeployment.systemResources.CPU,268509188,20.36 percent
2026-03-01T14:40:55.163549,(2(0)-1772394055:163549),GncDeployment.systemResources.MEMORY_TOTAL,268509184,4212640 KB
2026-03-01T14:40:55.163551,(2(0)-1772394055:163551),GncDeployment.systemResources.MEMORY_USED,268509185,4137712 KB
2026-03-01T14:40:55.163577,(2(0)-1772394055:163577),GncDeployment.systemResources.NON_VOLATILE_FREE,268509187,136008240 KB
2026-03-01T14:40:55.163579,(2(0)-1772394055:163579),GncDeployment.systemResources.NON_VOLATILE_TOTAL,268509186,239362496 KB
2026-03-01T14:40:55.163605,(2(0)-1772394055:163605),ComCcsds.comQueue.comQueueDepth,33554432,['0', '1']
2026-03-01T14:40:55.163608,(2(0)-1772394055:163608),ComCcsds.comQueue.buffQueueDepth,33554433,['0']
2026-03-01T14:40:56.167904,(2(0)-1772394056:167904),GncDeployment.systemResources.CPU_00,268509189,33.33 percent
2026-03-01T14:40:56.167934,(2(0)-1772394056:167934),GncDeployment.systemResources.CPU_01,268509190,26.00 percent
2026-03-01T14:40:56.167952,(2(0)-1772394056:167952),GncDeployment.systemResources.CPU_02,268509191,30.00 percent
2026-03-01T14:40:56.167970,(2(0)-1772394056:167970),GncDeployment.systemResources.CPU_03,268509192,22.00 percent
2026-03-01T14:40:56.167995,(2(0)-1772394056:167995),GncDeployment.systemResources.CPU_04,268509193,14.00 percent
2026-03-01T14:40:56.168015,(2(0)-1772394056:168015),GncDeployment.systemResources.CPU_05,268509194,7.00 percent
2026-03-01T14:40:56.168036,(2(0)-1772394056:168036),GncDeployment.systemResources.CPU_06,268509195,3.00 percent
2026-03-01T14:40:56.168053,(2(0)-1772394056:168053),GncDeployment.systemResources.CPU_07,268509196,2.97 percent
2026-03-01T14:40:56.168055,(2(0)-1772394056:168055),GncDeployment.systemResources.CPU,268509188,17.29 percent
2026-03-01T14:40:56.168075,(2(0)-1772394056:168075),GncDeployment.systemResources.MEMORY_TOTAL,268509184,4252992 KB
2026-03-01T14:40:56.168077,(2(0)-1772394056:168077),GncDeployment.systemResources.MEMORY_USED,268509185,4170672 KB
2026-03-01T14:40:56.168114,(2(0)-1772394056:168114),GncDeployment.systemResources.NON_VOLATILE_FREE,268509187,136008324 KB
2026-03-01T14:40:56.168116,(2(0)-1772394056:168116),GncDeployment.systemResources.NON_VOLATILE_TOTAL,268509186,239362496 KB
2026-03-01T14:40:56.168132,(2(0)-1772394056:168132),ComCcsds.comQueue.comQueueDepth,33554432,['0', '1']
2026-03-01T14:40:56.168135,(2(0)-1772394056:168135),ComCcsds.comQueue.buffQueueDepth,33554433,['0']
2026-03-01T14:40:57.168627,(2(0)-1772394057:168627),GncDeployment.systemResources.CPU_00,268509189,40.00 percent
2026-03-01T14:40:57.168667,(2(0)-1772394057:168667),GncDeployment.systemResources.CPU_01,268509190,34.34 percent
2026-03-01T14:40:57.168684,(2(0)-1772394057:168684),GncDeployment.systemResources.CPU_02,268509191,31.00 percent
2026-03-01T14:40:57.168700,(2(0)-1772394057:168700),GncDeployment.systemResources.CPU_03,268509192,23.23 percent
2026-03-01T14:40:57.168723,(2(0)-1772394057:168723),GncDeployment.systemResources.CPU_04,268509193,26.26 percent
2026-03-01T14:40:57.168737,(2(0)-1772394057:168737),GncDeployment.systemResources.CPU_05,268509194,20.00 percent
2026-03-01T14:40:57.168751,(2(0)-1772394057:168751),GncDeployment.systemResources.CPU_06,268509195,10.89 percent
2026-03-01T14:40:57.168765,(2(0)-1772394057:168765),GncDeployment.systemResources.CPU_07,268509196,8.00 percent
2026-03-01T14:40:57.168766,(2(0)-1772394057:168766),GncDeployment.systemResources.CPU,268509188,24.22 percent
2026-03-01T14:40:57.168781,(2(0)-1772394057:168781),GncDeployment.systemResources.MEMORY_TOTAL,268509184,4260448 KB
2026-03-01T14:40:57.168784,(2(0)-1772394057:168784),GncDeployment.systemResources.MEMORY_USED,268509185,4181584 KB
2026-03-01T14:40:57.168825,(2(0)-1772394057:168825),GncDeployment.systemResources.NON_VOLATILE_FREE,268509187,136008272 KB
2026-03-01T14:40:57.168826,(2(0)-1772394057:168826),GncDeployment.systemResources.NON_VOLATILE_TOTAL,268509186,239362496 KB
2026-03-01T14:40:57.168863,(2(0)-1772394057:168863),ComCcsds.comQueue.comQueueDepth,33554432,['0', '1']
2026-03-01T14:40:57.168865,(2(0)-1772394057:168865),ComCcsds.comQueue.buffQueueDepth,33554433,['0']
2026-03-01T14:40:58.172189,(2(0)-1772394058:172189),GncDeployment.systemResources.CPU_00,268509189,32.32 percent
2026-03-01T14:40:58.172211,(2(0)-1772394058:172211),GncDeployment.systemResources.CPU_01,268509190,30.00 percent
2026-03-01T14:40:58.172228,(2(0)-1772394058:172228),GncDeployment.systemResources.CPU_02,268509191,22.22 percent
2026-03-01T14:40:58.172243,(2(0)-1772394058:172243),GncDeployment.systemResources.CPU_03,268509192,22.00 percent
2026-03-01T14:40:58.172263,(2(0)-1772394058:172263),GncDeployment.systemResources.CPU_04,268509193,7.92 percent
2026-03-01T14:40:58.172277,(2(0)-1772394058:172277),GncDeployment.systemResources.CPU_05,268509194,5.00 percent
2026-03-01T14:40:58.172291,(2(0)-1772394058:172291),GncDeployment.systemResources.CPU_06,268509195,1.01 percent
2026-03-01T14:40:58.172304,(2(0)-1772394058:172304),GncDeployment.systemResources.CPU_07,268509196,0.99 percent
2026-03-01T14:40:58.172306,(2(0)-1772394058:172306),GncDeployment.systemResources.CPU,268509188,15.18 percent
2026-03-01T14:40:58.172316,(2(0)-1772394058:172316),GncDeployment.systemResources.MEMORY_TOTAL,268509184,4261504 KB
2026-03-01T14:40:58.172317,(2(0)-1772394058:172317),GncDeployment.systemResources.MEMORY_USED,268509185,4164576 KB
2026-03-01T14:40:58.172336,(2(0)-1772394058:172336),GncDeployment.systemResources.NON_VOLATILE_FREE,268509187,136008260 KB
2026-03-01T14:40:58.172338,(2(0)-1772394058:172338),GncDeployment.systemResources.NON_VOLATILE_TOTAL,268509186,239362496 KB
2026-03-01T14:40:58.172357,(2(0)-1772394058:172357),ComCcsds.comQueue.comQueueDepth,33554432,['0', '1']
2026-03-01T14:40:58.172360,(2(0)-1772394058:172360),ComCcsds.comQueue.buffQueueDepth,33554433,['0']
2026-03-01T14:40:59.177277,(2(0)-1772394059:177277),GncDeployment.systemResources.CPU_00,268509189,28.00 percent
2026-03-01T14:40:59.177305,(2(0)-1772394059:177305),GncDeployment.systemResources.CPU_01,268509190,29.29 percent
2026-03-01T14:40:59.177329,(2(0)-1772394059:177329),GncDeployment.systemResources.CPU_02,268509191,21.21 percent
2026-03-01T14:40:59.177352,(2(0)-1772394059:177352),GncDeployment.systemResources.CPU_03,268509192,21.00 percent
2026-03-01T14:40:59.177375,(2(0)-1772394059:177375),GncDeployment.systemResources.CPU_04,268509193,20.00 percent
2026-03-01T14:40:59.177393,(2(0)-1772394059:177393),GncDeployment.systemResources.CPU_05,268509194,9.90 percent
2026-03-01T14:40:59.177411,(2(0)-1772394059:177411),GncDeployment.systemResources.CPU_06,268509195,4.95 percent
2026-03-01T14:40:59.177430,(2(0)-1772394059:177430),GncDeployment.systemResources.CPU_07,268509196,2.02 percent
2026-03-01T14:40:59.177432,(2(0)-1772394059:177432),GncDeployment.systemResources.CPU,268509188,17.05 percent
2026-03-01T14:40:59.177447,(2(0)-1772394059:177447),GncDeployment.systemResources.MEMORY_TOTAL,268509184,4283472 KB
2026-03-01T14:40:59.177449,(2(0)-1772394059:177449),GncDeployment.systemResources.MEMORY_USED,268509185,4191456 KB
2026-03-01T14:40:59.177478,(2(0)-1772394059:177478),GncDeployment.systemResources.NON_VOLATILE_FREE,268509187,136008212 KB
2026-03-01T14:40:59.177480,(2(0)-1772394059:177480),GncDeployment.systemResources.NON_VOLATILE_TOTAL,268509186,239362496 KB
2026-03-01T14:40:59.177497,(2(0)-1772394059:177497),ComCcsds.comQueue.comQueueDepth,33554432,['0', '1']
2026-03-01T14:40:59.177500,(2(0)-1772394059:177500),ComCcsds.comQueue.buffQueueDepth,33554433,['0']
2026-03-01T14:41:00.182426,(2(0)-1772394060:182426),GncDeployment.systemResources.CPU_00,268509189,39.39 percent
2026-03-01T14:41:00.182543,(2(0)-1772394060:182543),GncDeployment.systemResources.CPU_01,268509190,36.00 percent
2026-03-01T14:41:00.182569,(2(0)-1772394060:182569),GncDeployment.systemResources.CPU_02,268509191,35.64 percent
2026-03-01T14:41:00.182593,(2(0)-1772394060:182593),GncDeployment.systemResources.CPU_03,268509192,33.00 percent
2026-03-01T14:41:00.182616,(2(0)-1772394060:182616),GncDeployment.systemResources.CPU_04,268509193,38.00 percent
2026-03-01T14:41:00.182643,(2(0)-1772394060:182643),GncDeployment.systemResources.CPU_05,268509194,32.00 percent
2026-03-01T14:41:00.182662,(2(0)-1772394060:182662),GncDeployment.systemResources.CPU_06,268509195,21.00 percent
2026-03-01T14:41:00.182686,(2(0)-1772394060:182686),GncDeployment.systemResources.CPU_07,268509196,17.82 percent
2026-03-01T14:41:00.182688,(2(0)-1772394060:182688),GncDeployment.systemResources.CPU,268509188,31.61 percent
2026-03-01T14:41:00.182705,(2(0)-1772394060:182705),GncDeployment.systemResources.MEMORY_TOTAL,268509184,4266784 KB
2026-03-01T14:41:00.182708,(2(0)-1772394060:182708),GncDeployment.systemResources.MEMORY_USED,268509185,4179024 KB
2026-03-01T14:41:00.182740,(2(0)-1772394060:182740),GncDeployment.systemResources.NON_VOLATILE_FREE,268509187,136007076 KB
2026-03-01T14:41:00.182741,(2(0)-1772394060:182741),GncDeployment.systemResources.NON_VOLATILE_TOTAL,268509186,239362496 KB
2026-03-01T14:41:00.182755,(2(0)-1772394060:182755),ComCcsds.comQueue.comQueueDepth,33554432,['0', '1']
2026-03-01T14:41:00.182758,(2(0)-1772394060:182758),ComCcsds.comQueue.buffQueueDepth,33554433,['0']
2026-03-01T14:41:01.187353,(2(0)-1772394061:187353),GncDeployment.systemResources.CPU_00,268509189,37.00 percent
2026-03-01T14:41:01.187420,(2(0)-1772394061:187420),GncDeployment.systemResources.CPU_01,268509190,35.64 percent
2026-03-01T14:41:01.187438,(2(0)-1772394061:187438),GncDeployment.systemResources.CPU_02,268509191,29.29 percent
2026-03-01T14:41:01.187453,(2(0)-1772394061:187453),GncDeployment.systemResources.CPU_03,268509192,28.00 percent
2026-03-01T14:41:01.187469,(2(0)-1772394061:187469),GncDeployment.systemResources.CPU_04,268509193,27.00 percent
2026-03-01T14:41:01.187484,(2(0)-1772394061:187484),GncDeployment.systemResources.CPU_05,268509194,26.00 percent
2026-03-01T14:41:01.187500,(2(0)-1772394061:187500),GncDeployment.systemResources.CPU_06,268509195,21.78 percent
2026-03-01T14:41:01.187517,(2(0)-1772394061:187517),GncDeployment.systemResources.CPU_07,268509196,13.86 percent
2026-03-01T14:41:01.187519,(2(0)-1772394061:187519),GncDeployment.systemResources.CPU,268509188,27.32 percent
2026-03-01T14:41:01.187532,(2(0)-1772394061:187532),GncDeployment.systemResources.MEMORY_TOTAL,268509184,4243552 KB
2026-03-01T14:41:01.187534,(2(0)-1772394061:187534),GncDeployment.systemResources.MEMORY_USED,268509185,4151632 KB
2026-03-01T14:41:01.187557,(2(0)-1772394061:187557),GncDeployment.systemResources.NON_VOLATILE_FREE,268509187,136007064 KB
2026-03-01T14:41:01.187559,(2(0)-1772394061:187559),GncDeployment.systemResources.NON_VOLATILE_TOTAL,268509186,239362496 KB
2026-03-01T14:41:01.187586,(2(0)-1772394061:187586),ComCcsds.comQueue.comQueueDepth,33554432,['0', '1']
2026-03-01T14:41:01.187590,(2(0)-1772394061:187590),ComCcsds.comQueue.buffQueueDepth,33554433,['0']
2026-03-01T14:41:02.192359,(2(0)-1772394062:192359),GncDeployment.systemResources.CPU_00,268509189,34.00 percent
2026-03-01T14:41:02.192380,(2(0)-1772394062:192380),GncDeployment.systemResources.CPU_01,268509190,29.00 percent
2026-03-01T14:41:02.192396,(2(0)-1772394062:192396),GncDeployment.systemResources.CPU_02,268509191,24.00 percent
2026-03-01T14:41:02.192412,(2(0)-1772394062:192412),GncDeployment.systemResources.CPU_03,268509192,19.00 percent
2026-03-01T14:41:02.192430,(2(0)-1772394062:192430),GncDeployment.systemResources.CPU_04,268509193,44.00 percent
2026-03-01T14:41:02.192449,(2(0)-1772394062:192449),GncDeployment.systemResources.CPU_05,268509194,37.00 percent
2026-03-01T14:41:02.192465,(2(0)-1772394062:192465),GncDeployment.systemResources.CPU_06,268509195,21.21 percent
2026-03-01T14:41:02.192481,(2(0)-1772394062:192481),GncDeployment.systemResources.CPU_07,268509196,19.00 percent
2026-03-01T14:41:02.192483,(2(0)-1772394062:192483),GncDeployment.systemResources.CPU,268509188,28.40 percent
2026-03-01T14:41:02.192496,(2(0)-1772394062:192496),GncDeployment.systemResources.MEMORY_TOTAL,268509184,4251120 KB
2026-03-01T14:41:02.192497,(2(0)-1772394062:192497),GncDeployment.systemResources.MEMORY_USED,268509185,4170752 KB
2026-03-01T14:41:02.192518,(2(0)-1772394062:192518),GncDeployment.systemResources.NON_VOLATILE_FREE,268509187,136007028 KB
2026-03-01T14:41:02.192519,(2(0)-1772394062:192519),GncDeployment.systemResources.NON_VOLATILE_TOTAL,268509186,239362496 KB
2026-03-01T14:41:02.192538,(2(0)-1772394062:192538),ComCcsds.comQueue.comQueueDepth,33554432,['0', '1']
2026-03-01T14:41:02.192540,(2(0)-1772394062:192540),ComCcsds.comQueue.buffQueueDepth,33554433,['0']
2026-03-01T14:41:03.194680,(2(0)-1772394063:194680),GncDeployment.systemResources.CPU_00,268509189,19.00 percent
2026-03-01T14:41:03.194703,(2(0)-1772394063:194703),GncDeployment.systemResources.CPU_01,268509190,17.17 percent
2026-03-01T14:41:03.194735,(2(0)-1772394063:194735),GncDeployment.systemResources.CPU_02,268509191,12.00 percent
2026-03-01T14:41:03.194750,(2(0)-1772394063:194750),GncDeployment.systemResources.CPU_03,268509192,13.00 percent
2026-03-01T14:41:03.194764,(2(0)-1772394063:194764),GncDeployment.systemResources.CPU_04,268509193,27.00 percent
2026-03-01T14:41:03.194777,(2(0)-1772394063:194777),GncDeployment.systemResources.CPU_05,268509194,21.00 percent
2026-03-01T14:41:03.194792,(2(0)-1772394063:194792),GncDeployment.systemResources.CPU_06,268509195,9.00 percent
2026-03-01T14:41:03.194806,(2(0)-1772394063:194806),GncDeployment.systemResources.CPU_07,268509196,4.95 percent
2026-03-01T14:41:03.194807,(2(0)-1772394063:194807),GncDeployment.systemResources.CPU,268509188,15.39 percent
2026-03-01T14:41:03.194821,(2(0)-1772394063:194821),GncDeployment.systemResources.MEMORY_TOTAL,268509184,4247408 KB
2026-03-01T14:41:03.194822,(2(0)-1772394063:194822),GncDeployment.systemResources.MEMORY_USED,268509185,4158752 KB
2026-03-01T14:41:03.194847,(2(0)-1772394063:194847),GncDeployment.systemResources.NON_VOLATILE_FREE,268509187,136007028 KB
2026-03-01T14:41:03.194848,(2(0)-1772394063:194848),GncDeployment.systemResources.NON_VOLATILE_TOTAL,268509186,239362496 KB
2026-03-01T14:41:03.194872,(2(0)-1772394063:194872),ComCcsds.comQueue.comQueueDepth,33554432,['0', '1']
2026-03-01T14:41:03.194874,(2(0)-1772394063:194874),ComCcsds.comQueue.buffQueueDepth,33554433,['0']
2026-03-01T14:41:04.198292,(2(0)-1772394064:198292),GncDeployment.systemResources.CPU_00,268509189,23.23 percent
2026-03-01T14:41:04.198317,(2(0)-1772394064:198317),GncDeployment.systemResources.CPU_01,268509190,19.00 percent
2026-03-01T14:41:04.198340,(2(0)-1772394064:198340),GncDeployment.systemResources.CPU_02,268509191,11.11 percent
2026-03-01T14:41:04.198364,(2(0)-1772394064:198364),GncDeployment.systemResources.CPU_03,268509192,11.11 percent
2026-03-01T14:41:04.198386,(2(0)-1772394064:198386),GncDeployment.systemResources.CPU_04,268509193,23.23 percent
2026-03-01T14:41:04.198406,(2(0)-1772394064:198406),GncDeployment.systemResources.CPU_05,268509194,15.00 percent
2026-03-01T14:41:04.198427,(2(0)-1772394064:198427),GncDeployment.systemResources.CPU_06,268509195,7.92 percent
2026-03-01T14:41:04.198452,(2(0)-1772394064:198452),GncDeployment.systemResources.CPU_07,268509196,3.00 percent
2026-03-01T14:41:04.198454,(2(0)-1772394064:198454),GncDeployment.systemResources.CPU,268509188,14.20 percent
2026-03-01T14:41:04.198468,(2(0)-1772394064:198468),GncDeployment.systemResources.MEMORY_TOTAL,268509184,4279344 KB
2026-03-01T14:41:04.198470,(2(0)-1772394064:198470),GncDeployment.systemResources.MEMORY_USED,268509185,4179568 KB
2026-03-01T14:41:04.198513,(2(0)-1772394064:198513),GncDeployment.systemResources.NON_VOLATILE_FREE,268509187,136007024 KB
2026-03-01T14:41:04.198514,(2(0)-1772394064:198514),GncDeployment.systemResources.NON_VOLATILE_TOTAL,268509186,239362496 KB
2026-03-01T14:41:04.198529,(2(0)-1772394064:198529),ComCcsds.comQueue.comQueueDepth,33554432,['0', '1']
2026-03-01T14:41:04.198532,(2(0)-1772394064:198532),ComCcsds.comQueue.buffQueueDepth,33554433,['0']
2026-03-01T14:41:05.203330,(2(0)-1772394065:203330),GncDeployment.systemResources.CPU_00,268509189,30.69 percent
2026-03-01T14:41:05.203360,(2(0)-1772394065:203360),GncDeployment.systemResources.CPU_01,268509190,29.00 percent
2026-03-01T14:41:05.203382,(2(0)-1772394065:203382),GncDeployment.systemResources.CPU_02,268509191,19.61 percent
2026-03-01T14:41:05.203405,(2(0)-1772394065:203405),GncDeployment.systemResources.CPU_03,268509192,14.71 percent
2026-03-01T14:41:05.203423,(2(0)-1772394065:203423),GncDeployment.systemResources.CPU_04,268509193,10.89 percent
2026-03-01T14:41:05.203441,(2(0)-1772394065:203441),GncDeployment.systemResources.CPU_05,268509194,5.00 percent
2026-03-01T14:41:05.203459,(2(0)-1772394065:203459),GncDeployment.systemResources.CPU_06,268509195,1.00 percent
2026-03-01T14:41:05.203478,(2(0)-1772394065:203478),GncDeployment.systemResources.CPU_07,268509196,0.00 percent
2026-03-01T14:41:05.203480,(2(0)-1772394065:203480),GncDeployment.systemResources.CPU,268509188,13.86 percent
2026-03-01T14:41:05.203498,(2(0)-1772394065:203498),GncDeployment.systemResources.MEMORY_TOTAL,268509184,4315664 KB
2026-03-01T14:41:05.203500,(2(0)-1772394065:203500),GncDeployment.systemResources.MEMORY_USED,268509185,4247648 KB
2026-03-01T14:41:05.203539,(2(0)-1772394065:203539),GncDeployment.systemResources.NON_VOLATILE_FREE,268509187,136006944 KB
2026-03-01T14:41:05.203540,(2(0)-1772394065:203540),GncDeployment.systemResources.NON_VOLATILE_TOTAL,268509186,239362496 KB
2026-03-01T14:41:05.203563,(2(0)-1772394065:203563),ComCcsds.comQueue.comQueueDepth,33554432,['0', '1']
2026-03-01T14:41:05.203566,(2(0)-1772394065:203566),ComCcsds.comQueue.buffQueueDepth,33554433,['0']
2026-03-01T14:41:06.205865,(2(0)-1772394066:205865),GncDeployment.systemResources.CPU_00,268509189,22.22 percent
2026-03-01T14:41:06.205966,(2(0)-1772394066:205966),GncDeployment.systemResources.CPU_01,268509190,17.17 percent
2026-03-01T14:41:06.206000,(2(0)-1772394066:206000),GncDeployment.systemResources.CPU_02,268509191,13.13 percent
2026-03-01T14:41:06.206034,(2(0)-1772394066:206034),GncDeployment.systemResources.CPU_03,268509192,12.12 percent
2026-03-01T14:41:06.206060,(2(0)-1772394066:206060),GncDeployment.systemResources.CPU_04,268509193,22.00 percent
2026-03-01T14:41:06.206087,(2(0)-1772394066:206087),GncDeployment.systemResources.CPU_05,268509194,13.86 percent
2026-03-01T14:41:06.206114,(2(0)-1772394066:206114),GncDeployment.systemResources.CPU_06,268509195,5.00 percent
2026-03-01T14:41:06.206142,(2(0)-1772394066:206142),GncDeployment.systemResources.CPU_07,268509196,2.00 percent
2026-03-01T14:41:06.206145,(2(0)-1772394066:206145),GncDeployment.systemResources.CPU,268509188,13.44 percent
2026-03-01T14:41:06.206163,(2(0)-1772394066:206163),GncDeployment.systemResources.MEMORY_TOTAL,268509184,4328656 KB
2026-03-01T14:41:06.206166,(2(0)-1772394066:206166),GncDeployment.systemResources.MEMORY_USED,268509185,4264416 KB
2026-03-01T14:41:06.206191,(2(0)-1772394066:206191),GncDeployment.systemResources.NON_VOLATILE_FREE,268509187,136006940 KB
2026-03-01T14:41:06.206193,(2(0)-1772394066:206193),GncDeployment.systemResources.NON_VOLATILE_TOTAL,268509186,239362496 KB
2026-03-01T14:41:06.206228,(2(0)-1772394066:206228),ComCcsds.comQueue.comQueueDepth,33554432,['0', '1']
2026-03-01T14:41:06.206232,(2(0)-1772394066:206232),ComCcsds.comQueue.buffQueueDepth,33554433,['0']
2026-03-01T14:41:08.211319,(2(0)-1772394068:211319),GncDeployment.rateGroup2.RgMaxTime,268443648,160 us
2026-03-01T14:41:07.209953,(2(0)-1772394067:209953),GncDeployment.systemResources.CPU_00,268509189,18.18 percent
2026-03-01T14:41:07.209991,(2(0)-1772394067:209991),GncDeployment.systemResources.CPU_01,268509190,15.00 percent
2026-03-01T14:41:07.210025,(2(0)-1772394067:210025),GncDeployment.systemResources.CPU_02,268509191,11.88 percent
2026-03-01T14:41:07.210053,(2(0)-1772394067:210053),GncDeployment.systemResources.CPU_03,268509192,11.00 percent
2026-03-01T14:41:07.210081,(2(0)-1772394067:210081),GncDeployment.systemResources.CPU_04,268509193,31.31 percent
2026-03-01T14:41:07.210107,(2(0)-1772394067:210107),GncDeployment.systemResources.CPU_05,268509194,20.20 percent
2026-03-01T14:41:07.210133,(2(0)-1772394067:210133),GncDeployment.systemResources.CPU_06,268509195,13.00 percent
2026-03-01T14:41:07.210161,(2(0)-1772394067:210161),GncDeployment.systemResources.CPU_07,268509196,4.00 percent
2026-03-01T14:41:07.210164,(2(0)-1772394067:210164),GncDeployment.systemResources.CPU,268509188,15.57 percent
2026-03-01T14:41:07.210181,(2(0)-1772394067:210181),GncDeployment.systemResources.MEMORY_TOTAL,268509184,4309792 KB
2026-03-01T14:41:07.210183,(2(0)-1772394067:210183),GncDeployment.systemResources.MEMORY_USED,268509185,4233120 KB
2026-03-01T14:41:07.210216,(2(0)-1772394067:210216),GncDeployment.systemResources.NON_VOLATILE_FREE,268509187,136006940 KB
2026-03-01T14:41:07.210218,(2(0)-1772394067:210218),GncDeployment.systemResources.NON_VOLATILE_TOTAL,268509186,239362496 KB
2026-03-01T14:41:07.210256,(2(0)-1772394067:210256),ComCcsds.comQueue.comQueueDepth,33554432,['0', '1']
2026-03-01T14:41:07.210261,(2(0)-1772394067:210261),ComCcsds.comQueue.buffQueueDepth,33554433,['0']
