2026-03-01T16:00:51.385621,(2(0)-1772398851:385621),GncDeployment.proximityDriver.Z_Distance,268455936,0.5
2026-03-01T16:00:51.385627,(2(0)-1772398851:385627),GncDeployment.proximityDriver.Signal_Strength,268455937,17386.669921875
2026-03-01T16:00:51.385628,(2(0)-1772398851:385628),GncDeployment.proximityDriver.X_Error,268455938,-13968.900390625
2026-03-01T16:00:51.385629,(2(0)-1772398851:385629),GncDeployment.proximityDriver.Y_Error,268455939,-18.450000762939453
2026-03-01T16:00:50.436832,(2(0)-1772398850:436832),GncDeployment.systemResources.CPU_00,268509189,28.00 percent
2026-03-01T16:00:50.436851,(2(0)-1772398850:436851),GncDeployment.systemResources.CPU_01,268509190,24.24 percent
2026-03-01T16:00:50.436865,(2(0)-1772398850:436865),GncDeployment.systemResources.CPU_02,268509191,20.00 percent
2026-03-01T16:00:50.436879,(2(0)-1772398850:436879),GncDeployment.systemResources.CPU_03,268509192,18.00 percent
2026-03-01T16:00:50.436892,(2(0)-1772398850:436892),GncDeployment.systemResources.CPU_04,268509193,17.82 percent
2026-03-01T16:00:50.436908,(2(0)-1772398850:436908),GncDeployment.systemResources.CPU_05,268509194,8.91 percent
2026-03-01T16:00:50.436921,(2(0)-1772398850:436921),GncDeployment.systemResources.CPU_06,268509195,3.03 percent
2026-03-01T16:00:50.436934,(2(0)-1772398850:436934),GncDeployment.systemResources.CPU_07,268509196,1.98 percent
2026-03-01T16:00:50.436936,(2(0)-1772398850:436936),GncDeployment.systemResources.CPU,268509188,15.25 percent
2026-03-01T16:00:50.436945,(2(0)-1772398850:436945),GncDeployment.systemResources.MEMORY_TOTAL,268509184,4953232 KB
2026-03-01T16:00:50.436946,(2(0)-1772398850:436946),GncDeployment.systemResources.MEMORY_USED,268509185,4884048 KB
2026-03-01T16:00:50.436968,(2(0)-1772398850:436968),GncDeployment.systemResources.NON_VOLATILE_FREE,268509187,135874348 KB
2026-03-01T16:00:50.436969,(2(0)-1772398850:436969),GncDeployment.systemResources.NON_VOLATILE_TOTAL,268509186,239362496 KB
2026-03-01T16:00:50.436994,(2(0)-1772398850:436994),ComCcsds.comQueue.comQueueDepth,33554432,['0', '1']
2026-03-01T16:00:50.436997,(2(0)-1772398850:436997),ComCcsds.comQueue.buffQueueDepth,33554433,['0']
2026-03-01T16:00:51.439427,(2(0)-1772398851:439427),GncDeployment.systemResources.CPU_01,268509190,18.00 percent
2026-03-01T16:00:51.439450,(2(0)-1772398851:439450),GncDeployment.systemResources.CPU_02,268509191,15.00 percent
2026-03-01T16:00:51.439472,(2(0)-1772398851:439472),GncDeployment.systemResources.CPU_03,268509192,17.00 percent
2026-03-01T16:00:51.439496,(2(0)-1772398851:439496),GncDeployment.systemResources.CPU_04,268509193,22.00 percent
2026-03-01T16:00:51.439512,(2(0)-1772398851:439512),GncDeployment.systemResources.CPU_05,268509194,14.14 percent
2026-03-01T16:00:51.439530,(2(0)-1772398851:439530),GncDeployment.systemResources.CPU_06,268509195,9.00 percent
2026-03-01T16:00:51.439549,(2(0)-1772398851:439549),GncDeployment.systemResources.CPU_07,268509196,4.04 percent
2026-03-01T16:00:51.439551,(2(0)-1772398851:439551),GncDeployment.systemResources.CPU,268509188,15.05 percent
2026-03-01T16:00:51.439565,(2(0)-1772398851:439565),GncDeployment.systemResources.MEMORY_TOTAL,268509184,4937280 KB
2026-03-01T16:00:51.439568,(2(0)-1772398851:439568),GncDeployment.systemResources.MEMORY_USED,268509185,4850000 KB
2026-03-01T16:00:51.439599,(2(0)-1772398851:439599),GncDeployment.systemResources.NON_VOLATILE_FREE,268509187,135874260 KB
2026-03-01T16:00:51.439601,(2(0)-1772398851:439601),GncDeployment.systemResources.NON_VOLATILE_TOTAL,268509186,239362496 KB
2026-03-01T16:00:51.439624,(2(0)-1772398851:439624),ComCcsds.comQueue.comQueueDepth,33554432,['0', '1']
2026-03-01T16:00:51.439627,(2(0)-1772398851:439627),ComCcsds.comQueue.buffQueueDepth,33554433,['0']
2026-03-01T16:00:52.385638,(2(0)-1772398852:385638),GncDeployment.proximityDriver.Z_Distance,268455936,0.5
2026-03-01T16:00:52.385655,(2(0)-1772398852:385655),GncDeployment.proximityDriver.Signal_Strength,268455937,17392.609375
2026-03-01T16:00:52.385658,(2(0)-1772398852:385658),GncDeployment.proximityDriver.X_Error,268455938,-13967.0302734375
2026-03-01T16:00:52.385661,(2(0)-1772398852:385661),GncDeployment.proximityDriver.Y_Error,268455939,-21.829999923706055
2026-03-01T16:00:51.439403,(2(0)-1772398851:439403),GncDeployment.systemResources.CPU_00,268509189,21.21 percent
2026-03-01T16:00:53.385643,(2(0)-1772398853:385643),GncDeployment.proximityDriver.Z_Distance,268455936,0.5
2026-03-01T16:00:53.385660,(2(0)-1772398853:385660),GncDeployment.proximityDriver.Signal_Strength,268455937,17391.830078125
2026-03-01T16:00:53.385662,(2(0)-1772398853:385662),GncDeployment.proximityDriver.X_Error,268455938,-13968.1201171875
2026-03-01T16:00:53.385665,(2(0)-1772398853:385665),GncDeployment.proximityDriver.Y_Error,268455939,-20.649999618530273
2026-03-01T16:00:52.444530,(2(0)-1772398852:444530),GncDeployment.systemResources.CPU_00,268509189,32.00 percent
2026-03-01T16:00:52.444576,(2(0)-1772398852:444576),GncDeployment.systemResources.CPU_01,268509190,23.23 percent
2026-03-01T16:00:52.444616,(2(0)-1772398852:444616),GncDeployment.systemResources.CPU_02,268509191,22.00 percent
2026-03-01T16:00:52.444652,(2(0)-1772398852:444652),GncDeployment.systemResources.CPU_03,268509192,18.00 percent
2026-03-01T16:00:52.444679,(2(0)-1772398852:444679),GncDeployment.systemResources.CPU_04,268509193,5.05 percent
2026-03-01T16:00:52.444710,(2(0)-1772398852:444710),GncDeployment.systemResources.CPU_05,268509194,7.00 percent
2026-03-01T16:00:52.444744,(2(0)-1772398852:444744),GncDeployment.systemResources.CPU_06,268509195,0.99 percent
2026-03-01T16:00:52.444776,(2(0)-1772398852:444776),GncDeployment.systemResources.CPU_07,268509196,0.99 percent
2026-03-01T16:00:52.444779,(2(0)-1772398852:444779),GncDeployment.systemResources.CPU,268509188,13.66 percent
2026-03-01T16:00:52.444806,(2(0)-1772398852:444806),GncDeployment.systemResources.MEMORY_TOTAL,268509184,4938560 KB
2026-03-01T16:00:52.444810,(2(0)-1772398852:444810),GncDeployment.systemResources.MEMORY_USED,268509185,4866096 KB
2026-03-01T16:00:52.444850,(2(0)-1772398852:444850),GncDeployment.systemResources.NON_VOLATILE_FREE,268509187,135874244 KB
2026-03-01T16:00:52.444853,(2(0)-1772398852:444853),GncDeployment.systemResources.NON_VOLATILE_TOTAL,268509186,239362496 KB
2026-03-01T16:00:52.444882,(2(0)-1772398852:444882),ComCcsds.comQueue.comQueueDepth,33554432,['0', '1']
2026-03-01T16:00:52.444888,(2(0)-1772398852:444888),ComCcsds.comQueue.buffQueueDepth,33554433,['0']
2026-03-01T16:00:53.449626,(2(0)-1772398853:449626),GncDeployment.systemResources.CPU_01,268509190,14.00 percent
2026-03-01T16:00:53.449663,(2(0)-1772398853:449663),GncDeployment.systemResources.CPU_02,268509191,11.00 percent
2026-03-01T16:00:53.449698,(2(0)-1772398853:449698),GncDeployment.systemResources.CPU_03,268509192,8.08 percent
2026-03-01T16:00:53.449734,(2(0)-1772398853:449734),GncDeployment.systemResources.CPU_04,268509193,2.94 percent
2026-03-01T16:00:53.449768,(2(0)-1772398853:449768),GncDeployment.systemResources.CPU_05,268509194,0.99 percent
2026-03-01T16:00:53.449800,(2(0)-1772398853:449800),GncDeployment.systemResources.CPU_06,268509195,0.00 percent
2026-03-01T16:00:53.449833,(2(0)-1772398853:449833),GncDeployment.systemResources.CPU_07,268509196,0.00 percent
2026-03-01T16:00:53.449837,(2(0)-1772398853:449837),GncDeployment.systemResources.CPU,268509188,6.75 percent
2026-03-01T16:00:53.449860,(2(0)-1772398853:449860),GncDeployment.systemResources.MEMORY_TOTAL,268509184,4939856 KB
2026-03-01T16:00:53.449864,(2(0)-1772398853:449864),GncDeployment.systemResources.MEMORY_USED,268509185,4868224 KB
2026-03-01T16:00:53.449908,(2(0)-1772398853:449908),GncDeployment.systemResources.NON_VOLATILE_FREE,268509187,135874240 KB
2026-03-01T16:00:53.449911,(2(0)-1772398853:449911),GncDeployment.systemResources.NON_VOLATILE_TOTAL,268509186,239362496 KB
2026-03-01T16:00:53.449938,(2(0)-1772398853:449938),ComCcsds.comQueue.comQueueDepth,33554432,['0', '1']
2026-03-01T16:00:53.449945,(2(0)-1772398853:449945),ComCcsds.comQueue.buffQueueDepth,33554433,['0']
2026-03-01T16:00:54.385504,(2(0)-1772398854:385504),GncDeployment.proximityDriver.Z_Distance,268455936,0.5
2026-03-01T16:00:54.385519,(2(0)-1772398854:385519),GncDeployment.proximityDriver.Signal_Strength,268455937,17392.19921875
2026-03-01T16:00:54.385522,(2(0)-1772398854:385522),GncDeployment.proximityDriver.X_Error,268455938,-13965.5400390625
2026-03-01T16:00:54.385524,(2(0)-1772398854:385524),GncDeployment.proximityDriver.Y_Error,268455939,-20.3799991607666
2026-03-01T16:00:53.449581,(2(0)-1772398853:449581),GncDeployment.systemResources.CPU_00,268509189,17.00 percent
2026-03-01T16:00:55.385373,(2(0)-1772398855:385373),GncDeployment.proximityDriver.Z_Distance,268455936,0.5
2026-03-01T16:00:55.385380,(2(0)-1772398855:385380),GncDeployment.proximityDriver.Signal_Strength,268455937,17390.3203125
2026-03-01T16:00:55.385382,(2(0)-1772398855:385382),GncDeployment.proximityDriver.X_Error,268455938,-13968.51953125
2026-03-01T16:00:55.385384,(2(0)-1772398855:385384),GncDeployment.proximityDriver.Y_Error,268455939,-22.81999969482422
2026-03-01T16:00:54.453668,(2(0)-1772398854:453668),GncDeployment.systemResources.CPU_00,268509189,21.21 percent
2026-03-01T16:00:54.453717,(2(0)-1772398854:453717),GncDeployment.systemResources.CPU_01,268509190,21.00 percent
2026-03-01T16:00:54.453750,(2(0)-1772398854:453750),GncDeployment.systemResources.CPU_02,268509191,14.00 percent
2026-03-01T16:00:54.453782,(2(0)-1772398854:453782),GncDeployment.systemResources.CPU_03,268509192,11.88 percent
2026-03-01T16:00:54.453812,(2(0)-1772398854:453812),GncDeployment.systemResources.CPU_04,268509193,7.07 percent
2026-03-01T16:00:54.453846,(2(0)-1772398854:453846),GncDeployment.systemResources.CPU_05,268509194,2.00 percent
2026-03-01T16:00:54.453876,(2(0)-1772398854:453876),GncDeployment.systemResources.CPU_06,268509195,0.98 percent
2026-03-01T16:00:54.453904,(2(0)-1772398854:453904),GncDeployment.systemResources.CPU_07,268509196,0.00 percent
2026-03-01T16:00:54.453909,(2(0)-1772398854:453909),GncDeployment.systemResources.CPU,268509188,9.77 percent
2026-03-01T16:00:54.453931,(2(0)-1772398854:453931),GncDeployment.systemResources.MEMORY_TOTAL,268509184,4944832 KB
2026-03-01T16:00:54.453934,(2(0)-1772398854:453934),GncDeployment.systemResources.MEMORY_USED,268509185,4869872 KB
2026-03-01T16:00:54.453977,(2(0)-1772398854:453977),GncDeployment.systemResources.NON_VOLATILE_FREE,268509187,135874216 KB
2026-03-01T16:00:54.453980,(2(0)-1772398854:453980),GncDeployment.systemResources.NON_VOLATILE_TOTAL,268509186,239362496 KB
2026-03-01T16:00:54.454016,(2(0)-1772398854:454016),ComCcsds.comQueue.comQueueDepth,33554432,['0', '1']
2026-03-01T16:00:54.454021,(2(0)-1772398854:454021),ComCcsds.comQueue.buffQueueDepth,33554433,['0']
2026-03-01T16:00:56.459166,(2(0)-1772398856:459166),GncDeployment.systemResources.CPU_01,268509190,24.00 percent
2026-03-01T16:00:56.459203,(2(0)-1772398856:459203),GncDeployment.systemResources.CPU_02,268509191,19.19 percent
2026-03-01T16:00:56.459239,(2(0)-1772398856:459239),GncDeployment.systemResources.CPU_03,268509192,20.00 percent
2026-03-01T16:00:55.458753,(2(0)-1772398855:458753),GncDeployment.systemResources.CPU_04,268509193,36.00 percent
2026-03-01T16:00:55.458779,(2(0)-1772398855:458779),GncDeployment.systemResources.CPU_05,268509194,2.00 percent
2026-03-01T16:00:55.458805,(2(0)-1772398855:458805),GncDeployment.systemResources.CPU_06,268509195,20.00 percent
2026-03-01T16:00:55.458831,(2(0)-1772398855:458831),GncDeployment.systemResources.CPU_07,268509196,0.00 percent
2026-03-01T16:00:55.458834,(2(0)-1772398855:458834),GncDeployment.systemResources.CPU,268509188,17.73 percent
2026-03-01T16:00:55.458850,(2(0)-1772398855:458850),GncDeployment.systemResources.MEMORY_TOTAL,268509184,4934448 KB
2026-03-01T16:00:55.458852,(2(0)-1772398855:458852),GncDeployment.systemResources.MEMORY_USED,268509185,4842576 KB
2026-03-01T16:00:55.458872,(2(0)-1772398855:458872),GncDeployment.systemResources.NON_VOLATILE_FREE,268509187,135872972 KB
2026-03-01T16:00:55.458874,(2(0)-1772398855:458874),GncDeployment.systemResources.NON_VOLATILE_TOTAL,268509186,239362496 KB
2026-03-01T16:00:55.458899,(2(0)-1772398855:458899),ComCcsds.comQueue.comQueueDepth,33554432,['0', '1']
2026-03-01T16:00:55.458904,(2(0)-1772398855:458904),ComCcsds.comQueue.buffQueueDepth,33554433,['0']
2026-03-01T16:00:56.385498,(2(0)-1772398856:385498),GncDeployment.proximityDriver.Z_Distance,268455936,0.5
2026-03-01T16:00:56.385515,(2(0)-1772398856:385515),GncDeployment.proximityDriver.Signal_Strength,268455937,17390.060546875
2026-03-01T16:00:56.385519,(2(0)-1772398856:385519),GncDeployment.proximityDriver.X_Error,268455938,-13965.509765625
2026-03-01T16:00:56.385522,(2(0)-1772398856:385522),GncDeployment.proximityDriver.Y_Error,268455939,-21.350000381469727
2026-03-01T16:00:56.459104,(2(0)-1772398856:459104),GncDeployment.systemResources.CPU_00,268509189,26.00 percent
2026-03-01T16:00:57.385462,(2(0)-1772398857:385462),GncDeployment.proximityDriver.Z_Distance,268455936,0.5
2026-03-01T16:00:57.385470,(2(0)-1772398857:385470),GncDeployment.proximityDriver.Signal_Strength,268455937,17391.109375
2026-03-01T16:00:57.385472,(2(0)-1772398857:385472),GncDeployment.proximityDriver.X_Error,268455938,-13970.2998046875
2026-03-01T16:00:57.385474,(2(0)-1772398857:385474),GncDeployment.proximityDriver.Y_Error,268455939,-21.5
2026-03-01T16:00:56.459269,(2(0)-1772398856:459269),GncDeployment.systemResources.CPU_04,268509193,3.96 percent
2026-03-01T16:00:56.459334,(2(0)-1772398856:459334),GncDeployment.systemResources.CPU_05,268509194,1.98 percent
2026-03-01T16:00:56.459370,(2(0)-1772398856:459370),GncDeployment.systemResources.CPU_06,268509195,14.00 percent
2026-03-01T16:00:56.459400,(2(0)-1772398856:459400),GncDeployment.systemResources.CPU_07,268509196,4.95 percent
2026-03-01T16:00:56.459404,(2(0)-1772398856:459404),GncDeployment.systemResources.CPU,268509188,14.26 percent
2026-03-01T16:00:56.459429,(2(0)-1772398856:459429),GncDeployment.systemResources.MEMORY_TOTAL,268509184,4913248 KB
2026-03-01T16:00:56.459432,(2(0)-1772398856:459432),GncDeployment.systemResources.MEMORY_USED,268509185,4821360 KB
2026-03-01T16:00:56.459474,(2(0)-1772398856:459474),GncDeployment.systemResources.NON_VOLATILE_FREE,268509187,135873248 KB
2026-03-01T16:00:56.459476,(2(0)-1772398856:459476),GncDeployment.systemResources.NON_VOLATILE_TOTAL,268509186,239362496 KB
2026-03-01T16:00:56.459501,(2(0)-1772398856:459501),GncDeployment.rateGroup1.RgMaxTime,268439552,670 us
2026-03-01T16:00:56.459545,(2(0)-1772398856:459545),ComCcsds.comQueue.comQueueDepth,33554432,['0', '1']
2026-03-01T16:00:56.459553,(2(0)-1772398856:459553),ComCcsds.comQueue.buffQueueDepth,33554433,['0']
2026-03-01T16:00:57.464454,(2(0)-1772398857:464454),GncDeployment.systemResources.CPU_01,268509190,12.12 percent
2026-03-01T16:00:57.464486,(2(0)-1772398857:464486),GncDeployment.systemResources.CPU_02,268509191,9.00 percent
2026-03-01T16:00:57.464520,(2(0)-1772398857:464520),GncDeployment.systemResources.CPU_03,268509192,8.91 percent
2026-03-01T16:00:57.464551,(2(0)-1772398857:464551),GncDeployment.systemResources.CPU_04,268509193,1.00 percent
2026-03-01T16:00:57.464586,(2(0)-1772398857:464586),GncDeployment.systemResources.CPU_05,268509194,5.00 percent
2026-03-01T16:00:57.464617,(2(0)-1772398857:464617),GncDeployment.systemResources.CPU_06,268509195,0.00 percent
2026-03-01T16:00:57.464656,(2(0)-1772398857:464656),GncDeployment.systemResources.CPU_07,268509196,0.00 percent
2026-03-01T16:00:57.464661,(2(0)-1772398857:464661),GncDeployment.systemResources.CPU,268509188,6.63 percent
2026-03-01T16:00:57.464691,(2(0)-1772398857:464691),GncDeployment.systemResources.MEMORY_TOTAL,268509184,4916848 KB
2026-03-01T16:00:57.464694,(2(0)-1772398857:464694),GncDeployment.systemResources.MEMORY_USED,268509185,4821296 KB
2026-03-01T16:00:57.464730,(2(0)-1772398857:464730),GncDeployment.systemResources.NON_VOLATILE_FREE,268509187,135873236 KB
2026-03-01T16:00:57.464734,(2(0)-1772398857:464734),GncDeployment.systemResources.NON_VOLATILE_TOTAL,268509186,239362496 KB
2026-03-01T16:00:57.464761,(2(0)-1772398857:464761),ComCcsds.comQueue.comQueueDepth,33554432,['0', '1']
2026-03-01T16:00:57.464768,(2(0)-1772398857:464768),ComCcsds.comQueue.buffQueueDepth,33554433,['0']
2026-03-01T16:00:58.385524,(2(0)-1772398858:385524),GncDeployment.proximityDriver.Z_Distance,268455936,0.5
2026-03-01T16:00:58.385544,(2(0)-1772398858:385544),GncDeployment.proximityDriver.Signal_Strength,268455937,17393.669921875
2026-03-01T16:00:58.385548,(2(0)-1772398858:385548),GncDeployment.proximityDriver.X_Error,268455938,-13967.7802734375
2026-03-01T16:00:58.385551,(2(0)-1772398858:385551),GncDeployment.proximityDriver.Y_Error,268455939,-22.84000015258789
2026-03-01T16:00:57.464414,(2(0)-1772398857:464414),GncDeployment.systemResources.CPU_00,268509189,17.00 percent
2026-03-01T16:00:59.385443,(2(0)-1772398859:385443),GncDeployment.proximityDriver.Z_Distance,268455936,0.5
2026-03-01T16:00:59.385457,(2(0)-1772398859:385457),GncDeployment.proximityDriver.Signal_Strength,268455937,17393.58984375
2026-03-01T16:00:59.385458,(2(0)-1772398859:385458),GncDeployment.proximityDriver.X_Error,268455938,-13962.6904296875
2026-03-01T16:00:59.385460,(2(0)-1772398859:385460),GncDeployment.proximityDriver.Y_Error,268455939,-20.829999923706055
2026-03-01T16:00:58.469515,(2(0)-1772398858:469515),GncDeployment.systemResources.CPU_00,268509189,13.00 percent
2026-03-01T16:00:58.469565,(2(0)-1772398858:469565),GncDeployment.systemResources.CPU_01,268509190,12.87 percent
2026-03-01T16:00:58.469602,(2(0)-1772398858:469602),GncDeployment.systemResources.CPU_02,268509191,9.00 percent
2026-03-01T16:00:58.469639,(2(0)-1772398858:469639),GncDeployment.systemResources.CPU_03,268509192,7.07 percent
2026-03-01T16:00:58.469683,(2(0)-1772398858:469683),GncDeployment.systemResources.CPU_04,268509193,3.96 percent
2026-03-01T16:00:58.469720,(2(0)-1772398858:469720),GncDeployment.systemResources.CPU_05,268509194,1.98 percent
2026-03-01T16:00:58.469759,(2(0)-1772398858:469759),GncDeployment.systemResources.CPU_06,268509195,0.00 percent
2026-03-01T16:00:58.469794,(2(0)-1772398858:469794),GncDeployment.systemResources.CPU_07,268509196,0.00 percent
2026-03-01T16:00:58.469797,(2(0)-1772398858:469797),GncDeployment.systemResources.CPU,268509188,5.99 percent
2026-03-01T16:00:58.469825,(2(0)-1772398858:469825),GncDeployment.systemResources.MEMORY_TOTAL,268509184,4918144 KB
2026-03-01T16:00:58.469828,(2(0)-1772398858:469828),GncDeployment.systemResources.MEMORY_USED,268509185,4826400 KB
2026-03-01T16:00:58.469862,(2(0)-1772398858:469862),GncDeployment.systemResources.NON_VOLATILE_FREE,268509187,135873292 KB
2026-03-01T16:00:58.469865,(2(0)-1772398858:469865),GncDeployment.systemResources.NON_VOLATILE_TOTAL,268509186,239362496 KB
2026-03-01T16:00:58.469893,(2(0)-1772398858:469893),ComCcsds.comQueue.comQueueDepth,33554432,['0', '1']
2026-03-01T16:00:58.469900,(2(0)-1772398858:469900),ComCcsds.comQueue.buffQueueDepth,33554433,['0']
2026-03-01T16:00:59.472819,(2(0)-1772398859:472819),GncDeployment.systemResources.CPU_01,268509190,15.00 percent
2026-03-01T16:00:59.472848,(2(0)-1772398859:472848),GncDeployment.systemResources.CPU_02,268509191,11.88 percent
2026-03-01T16:00:59.472877,(2(0)-1772398859:472877),GncDeployment.systemResources.CPU_03,268509192,9.00 percent
2026-03-01T16:00:59.472906,(2(0)-1772398859:472906),GncDeployment.systemResources.CPU_04,268509193,4.00 percent
2026-03-01T16:00:59.472934,(2(0)-1772398859:472934),GncDeployment.systemResources.CPU_05,268509194,0.00 percent
2026-03-01T16:00:59.472961,(2(0)-1772398859:472961),GncDeployment.systemResources.CPU_06,268509195,0.99 percent
2026-03-01T16:00:59.472989,(2(0)-1772398859:472989),GncDeployment.systemResources.CPU_07,268509196,0.00 percent
2026-03-01T16:00:59.472992,(2(0)-1772398859:472992),GncDeployment.systemResources.CPU,268509188,7.23 percent
2026-03-01T16:00:59.473011,(2(0)-1772398859:473011),GncDeployment.systemResources.MEMORY_TOTAL,268509184,4918704 KB
2026-03-01T16:00:59.473016,(2(0)-1772398859:473016),GncDeployment.systemResources.MEMORY_USED,268509185,4827424 KB
2026-03-01T16:00:59.473049,(2(0)-1772398859:473049),GncDeployment.systemResources.NON_VOLATILE_FREE,268509187,135873244 KB
2026-03-01T16:00:59.473052,(2(0)-1772398859:473052),GncDeployment.systemResources.NON_VOLATILE_TOTAL,268509186,239362496 KB
2026-03-01T16:00:59.473170,(2(0)-1772398859:473170),ComCcsds.comQueue.comQueueDepth,33554432,['0', '1']
2026-03-01T16:00:59.473175,(2(0)-1772398859:473175),ComCcsds.comQueue.buffQueueDepth,33554433,['0']
2026-03-01T16:01:00.385405,(2(0)-1772398860:385405),GncDeployment.proximityDriver.Z_Distance,268455936,0.5
2026-03-01T16:01:00.385423,(2(0)-1772398860:385423),GncDeployment.proximityDriver.Signal_Strength,268455937,17395.109375
2026-03-01T16:01:00.385427,(2(0)-1772398860:385427),GncDeployment.proximityDriver.X_Error,268455938,-13959.7998046875
2026-03-01T16:01:00.385430,(2(0)-1772398860:385430),GncDeployment.proximityDriver.Y_Error,268455939,-22.149999618530273
2026-03-01T16:00:59.472782,(2(0)-1772398859:472782),GncDeployment.systemResources.CPU_00,268509189,17.00 percent
2026-03-01T16:01:01.385378,(2(0)-1772398861:385378),GncDeployment.proximityDriver.Z_Distance,268455936,0.5
2026-03-01T16:01:01.385395,(2(0)-1772398861:385395),GncDeployment.proximityDriver.Signal_Strength,268455937,17392.2890625
2026-03-01T16:01:01.385398,(2(0)-1772398861:385398),GncDeployment.proximityDriver.X_Error,268455938,-13966.6904296875
2026-03-01T16:01:01.385401,(2(0)-1772398861:385401),GncDeployment.proximityDriver.Y_Error,268455939,-19.219999313354492
2026-03-01T16:01:00.477931,(2(0)-1772398860:477931),GncDeployment.systemResources.CPU_00,268509189,18.18 percent
2026-03-01T16:01:00.477975,(2(0)-1772398860:477975),GncDeployment.systemResources.CPU_01,268509190,17.00 percent
2026-03-01T16:01:00.478015,(2(0)-1772398860:478015),GncDeployment.systemResources.CPU_02,268509191,13.13 percent
2026-03-01T16:01:00.478044,(2(0)-1772398860:478044),GncDeployment.systemResources.CPU_03,268509192,12.00 percent
2026-03-01T16:01:00.478079,(2(0)-1772398860:478079),GncDeployment.systemResources.CPU_04,268509193,6.00 percent
2026-03-01T16:01:00.478116,(2(0)-1772398860:478116),GncDeployment.systemResources.CPU_05,268509194,2.00 percent
2026-03-01T16:01:00.478149,(2(0)-1772398860:478149),GncDeployment.systemResources.CPU_06,268509195,0.00 percent
2026-03-01T16:01:00.478183,(2(0)-1772398860:478183),GncDeployment.systemResources.CPU_07,268509196,0.00 percent
2026-03-01T16:01:00.478187,(2(0)-1772398860:478187),GncDeployment.systemResources.CPU,268509188,8.54 percent
2026-03-01T16:01:00.478215,(2(0)-1772398860:478215),GncDeployment.systemResources.MEMORY_TOTAL,268509184,4921280 KB
2026-03-01T16:01:00.478218,(2(0)-1772398860:478218),GncDeployment.systemResources.MEMORY_USED,268509185,4831024 KB
2026-03-01T16:01:00.478263,(2(0)-1772398860:478263),GncDeployment.systemResources.NON_VOLATILE_FREE,268509187,135873228 KB
2026-03-01T16:01:00.478265,(2(0)-1772398860:478265),GncDeployment.systemResources.NON_VOLATILE_TOTAL,268509186,239362496 KB
2026-03-01T16:01:00.478297,(2(0)-1772398860:478297),ComCcsds.comQueue.comQueueDepth,33554432,['0', '1']
2026-03-01T16:01:00.478302,(2(0)-1772398860:478302),ComCcsds.comQueue.buffQueueDepth,33554433,['0']
2026-03-01T16:01:01.482906,(2(0)-1772398861:482906),GncDeployment.systemResources.CPU_01,268509190,23.00 percent
2026-03-01T16:01:01.482921,(2(0)-1772398861:482921),GncDeployment.systemResources.CPU_02,268509191,19.00 percent
2026-03-01T16:01:01.482935,(2(0)-1772398861:482935),GncDeployment.systemResources.CPU_03,268509192,16.00 percent
2026-03-01T16:01:01.482948,(2(0)-1772398861:482948),GncDeployment.systemResources.CPU_04,268509193,16.83 percent
2026-03-01T16:01:01.482961,(2(0)-1772398861:482961),GncDeployment.systemResources.CPU_05,268509194,8.91 percent
2026-03-01T16:01:01.482975,(2(0)-1772398861:482975),GncDeployment.systemResources.CPU_06,268509195,7.92 percent
2026-03-01T16:01:01.482987,(2(0)-1772398861:482987),GncDeployment.systemResources.CPU_07,268509196,5.05 percent
2026-03-01T16:01:01.482989,(2(0)-1772398861:482989),GncDeployment.systemResources.CPU,268509188,14.96 percent
2026-03-01T16:01:01.482998,(2(0)-1772398861:482998),GncDeployment.systemResources.MEMORY_TOTAL,268509184,4924752 KB
2026-03-01T16:01:01.483000,(2(0)-1772398861:483000),GncDeployment.systemResources.MEMORY_USED,268509185,4854752 KB
2026-03-01T16:01:01.483015,(2(0)-1772398861:483015),GncDeployment.systemResources.NON_VOLATILE_FREE,268509187,135873088 KB
2026-03-01T16:01:01.483016,(2(0)-1772398861:483016),GncDeployment.systemResources.NON_VOLATILE_TOTAL,268509186,239362496 KB
2026-03-01T16:01:01.483032,(2(0)-1772398861:483032),ComCcsds.comQueue.comQueueDepth,33554432,['0', '1']
2026-03-01T16:01:01.483035,(2(0)-1772398861:483035),ComCcsds.comQueue.buffQueueDepth,33554433,['0']
2026-03-01T16:01:02.385394,(2(0)-1772398862:385394),GncDeployment.proximityDriver.Z_Distance,268455936,0.5
2026-03-01T16:01:02.385412,(2(0)-1772398862:385412),GncDeployment.proximityDriver.Signal_Strength,268455937,17391.0
2026-03-01T16:01:02.385416,(2(0)-1772398862:385416),GncDeployment.proximityDriver.X_Error,268455938,-13964.5400390625
2026-03-01T16:01:02.385420,(2(0)-1772398862:385420),GncDeployment.proximityDriver.Y_Error,268455939,-21.969999313354492
2026-03-01T16:01:01.482885,(2(0)-1772398861:482885),GncDeployment.systemResources.CPU_00,268509189,23.00 percent
2026-03-01T16:01:03.385329,(2(0)-1772398863:385329),GncDeployment.proximityDriver.Z_Distance,268455936,0.5
2026-03-01T16:01:03.385342,(2(0)-1772398863:385342),GncDeployment.proximityDriver.Signal_Strength,268455937,17389.099609375
2026-03-01T16:01:03.385344,(2(0)-1772398863:385344),GncDeployment.proximityDriver.X_Error,268455938,-13963.830078125
2026-03-01T16:01:03.385347,(2(0)-1772398863:385347),GncDeployment.proximityDriver.Y_Error,268455939,-22.709999084472656
2026-03-01T16:01:02.488028,(2(0)-1772398862:488028),GncDeployment.systemResources.CPU_00,268509189,25.00 percent
2026-03-01T16:01:02.488064,(2(0)-1772398862:488064),GncDeployment.systemResources.CPU_01,268509190,22.22 percent
2026-03-01T16:01:02.488088,(2(0)-1772398862:488088),GncDeployment.systemResources.CPU_02,268509191,19.19 percent
2026-03-01T16:01:02.488112,(2(0)-1772398862:488112),GncDeployment.systemResources.CPU_03,268509192,17.82 percent
2026-03-01T16:01:02.488136,(2(0)-1772398862:488136),GncDeployment.systemResources.CPU_04,268509193,18.18 percent
2026-03-01T16:01:02.488155,(2(0)-1772398862:488155),GncDeployment.systemResources.CPU_05,268509194,10.89 percent
2026-03-01T16:01:02.488180,(2(0)-1772398862:488180),GncDeployment.systemResources.CPU_06,268509195,5.94 percent
2026-03-01T16:01:02.488211,(2(0)-1772398862:488211),GncDeployment.systemResources.CPU_07,268509196,2.97 percent
2026-03-01T16:01:02.488214,(2(0)-1772398862:488214),GncDeployment.systemResources.CPU,268509188,15.28 percent
2026-03-01T16:01:02.488239,(2(0)-1772398862:488239),GncDeployment.systemResources.MEMORY_TOTAL,268509184,4929888 KB
2026-03-01T16:01:02.488241,(2(0)-1772398862:488241),GncDeployment.systemResources.MEMORY_USED,268509185,4849632 KB
2026-03-01T16:01:02.488285,(2(0)-1772398862:488285),GncDeployment.systemResources.NON_VOLATILE_FREE,268509187,135873084 KB
2026-03-01T16:01:02.488287,(2(0)-1772398862:488287),GncDeployment.systemResources.NON_VOLATILE_TOTAL,268509186,239362496 KB
2026-03-01T16:01:02.488316,(2(0)-1772398862:488316),ComCcsds.comQueue.comQueueDepth,33554432,['0', '1']
2026-03-01T16:01:02.488321,(2(0)-1772398862:488321),ComCcsds.comQueue.buffQueueDepth,33554433,['0']
2026-03-01T16:01:03.492584,(2(0)-1772398863:492584),GncDeployment.systemResources.CPU_01,268509190,24.00 percent
2026-03-01T16:01:03.492617,(2(0)-1772398863:492617),GncDeployment.systemResources.CPU_02,268509191,20.79 percent
2026-03-01T16:01:03.492647,(2(0)-1772398863:492647),GncDeployment.systemResources.CPU_03,268509192,17.00 percent
2026-03-01T16:01:03.492681,(2(0)-1772398863:492681),GncDeployment.systemResources.CPU_04,268509193,8.91 percent
2026-03-01T16:01:03.492711,(2(0)-1772398863:492711),GncDeployment.systemResources.CPU_05,268509194,4.00 percent
2026-03-01T16:01:03.492746,(2(0)-1772398863:492746),GncDeployment.systemResources.CPU_06,268509195,1.00 percent
2026-03-01T16:01:03.492779,(2(0)-1772398863:492779),GncDeployment.systemResources.CPU_07,268509196,0.99 percent
2026-03-01T16:01:03.492785,(2(0)-1772398863:492785),GncDeployment.systemResources.CPU,268509188,12.71 percent
2026-03-01T16:01:03.492811,(2(0)-1772398863:492811),GncDeployment.systemResources.MEMORY_TOTAL,268509184,4930320 KB
2026-03-01T16:01:03.492814,(2(0)-1772398863:492814),GncDeployment.systemResources.MEMORY_USED,268509185,4862384 KB
2026-03-01T16:01:03.492852,(2(0)-1772398863:492852),GncDeployment.systemResources.NON_VOLATILE_FREE,268509187,135873036 KB
2026-03-01T16:01:03.492854,(2(0)-1772398863:492854),GncDeployment.systemResources.NON_VOLATILE_TOTAL,268509186,239362496 KB
2026-03-01T16:01:03.492882,(2(0)-1772398863:492882),ComCcsds.comQueue.comQueueDepth,33554432,['0', '1']
2026-03-01T16:01:03.492888,(2(0)-1772398863:492888),ComCcsds.comQueue.buffQueueDepth,33554433,['0']
2026-03-01T16:01:04.385227,(2(0)-1772398864:385227),GncDeployment.proximityDriver.Z_Distance,268455936,0.5
2026-03-01T16:01:04.385246,(2(0)-1772398864:385246),GncDeployment.proximityDriver.Signal_Strength,268455937,17387.7109375
2026-03-01T16:01:04.385249,(2(0)-1772398864:385249),GncDeployment.proximityDriver.X_Error,268455938,-13963.4697265625
2026-03-01T16:01:04.385251,(2(0)-1772398864:385251),GncDeployment.proximityDriver.Y_Error,268455939,-23.489999771118164
2026-03-01T16:01:03.492545,(2(0)-1772398863:492545),GncDeployment.systemResources.CPU_00,268509189,25.00 percent
2026-03-01T16:01:05.385229,(2(0)-1772398865:385229),GncDeployment.proximityDriver.Z_Distance,268455936,0.5
2026-03-01T16:01:05.385245,(2(0)-1772398865:385245),GncDeployment.proximityDriver.Signal_Strength,268455937,17385.919921875
2026-03-01T16:01:05.385248,(2(0)-1772398865:385248),GncDeployment.proximityDriver.X_Error,268455938,-13957.26953125
2026-03-01T16:01:05.385251,(2(0)-1772398865:385251),GncDeployment.proximityDriver.Y_Error,268455939,-23.1299991607666
2026-03-01T16:01:04.496161,(2(0)-1772398864:496161),GncDeployment.systemResources.CPU_00,268509189,30.30 percent
2026-03-01T16:01:04.496183,(2(0)-1772398864:496183),GncDeployment.systemResources.CPU_01,268509190,27.27 percent
2026-03-01T16:01:04.496202,(2(0)-1772398864:496202),GncDeployment.systemResources.CPU_02,268509191,24.24 percent
2026-03-01T16:01:04.496220,(2(0)-1772398864:496220),GncDeployment.systemResources.CPU_03,268509192,19.19 percent
2026-03-01T16:01:04.496238,(2(0)-1772398864:496238),GncDeployment.systemResources.CPU_04,268509193,11.11 percent
2026-03-01T16:01:04.496260,(2(0)-1772398864:496260),GncDeployment.systemResources.CPU_05,268509194,7.92 percent
2026-03-01T16:01:04.496271,(2(0)-1772398864:496271),GncDeployment.systemResources.CPU_06,268509195,4.00 percent
2026-03-01T16:01:04.496286,(2(0)-1772398864:496286),GncDeployment.systemResources.CPU_07,268509196,4.00 percent
2026-03-01T16:01:04.496287,(2(0)-1772398864:496287),GncDeployment.systemResources.CPU,268509188,16.01 percent
2026-03-01T16:01:04.496296,(2(0)-1772398864:496296),GncDeployment.systemResources.MEMORY_TOTAL,268509184,4954448 KB
2026-03-01T16:01:04.496297,(2(0)-1772398864:496297),GncDeployment.systemResources.MEMORY_USED,268509185,4878576 KB
2026-03-01T16:01:04.496322,(2(0)-1772398864:496322),GncDeployment.systemResources.NON_VOLATILE_FREE,268509187,135873096 KB
2026-03-01T16:01:04.496323,(2(0)-1772398864:496323),GncDeployment.systemResources.NON_VOLATILE_TOTAL,268509186,239362496 KB
2026-03-01T16:01:04.496345,(2(0)-1772398864:496345),ComCcsds.comQueue.comQueueDepth,33554432,['0', '1']
2026-03-01T16:01:04.496346,(2(0)-1772398864:496346),ComCcsds.comQueue.buffQueueDepth,33554433,['0']
2026-03-01T16:01:05.501281,(2(0)-1772398865:501281),GncDeployment.systemResources.CPU_01,268509190,18.00 percent
2026-03-01T16:01:05.501514,(2(0)-1772398865:501514),GncDeployment.systemResources.CPU_02,268509191,14.00 percent
2026-03-01T16:01:05.501552,(2(0)-1772398865:501552),GncDeployment.systemResources.CPU_03,268509192,12.87 percent
2026-03-01T16:01:05.501589,(2(0)-1772398865:501589),GncDeployment.systemResources.CPU_04,268509193,7.92 percent
2026-03-01T16:01:05.501338,(2(0)-1772398865:501338),GncDeployment.rateGroup3.RgMaxTime,268447744,279 us
2026-03-01T16:01:05.501628,(2(0)-1772398865:501628),GncDeployment.systemResources.CPU_05,268509194,4.00 percent
2026-03-01T16:01:05.501669,(2(0)-1772398865:501669),GncDeployment.systemResources.CPU_06,268509195,2.00 percent
2026-03-01T16:01:05.501707,(2(0)-1772398865:501707),GncDeployment.systemResources.CPU_07,268509196,2.00 percent
2026-03-01T16:01:05.501712,(2(0)-1772398865:501712),GncDeployment.systemResources.CPU,268509188,10.22 percent
2026-03-01T16:01:05.501735,(2(0)-1772398865:501735),GncDeployment.systemResources.MEMORY_TOTAL,268509184,4953712 KB
2026-03-01T16:01:05.501738,(2(0)-1772398865:501738),GncDeployment.systemResources.MEMORY_USED,268509185,4880384 KB
2026-03-01T16:01:05.501785,(2(0)-1772398865:501785),GncDeployment.systemResources.NON_VOLATILE_FREE,268509187,135873084 KB
2026-03-01T16:01:05.501788,(2(0)-1772398865:501788),GncDeployment.systemResources.NON_VOLATILE_TOTAL,268509186,239362496 KB
2026-03-01T16:01:05.501810,(2(0)-1772398865:501810),GncDeployment.rateGroup1.RgMaxTime,268439552,751 us
2026-03-01T16:01:05.501821,(2(0)-1772398865:501821),ComCcsds.comQueue.comQueueDepth,33554432,['0', '1']
2026-03-01T16:01:05.501827,(2(0)-1772398865:501827),ComCcsds.comQueue.buffQueueDepth,33554433,['0']
2026-03-01T16:01:06.385252,(2(0)-1772398866:385252),GncDeployment.proximityDriver.Z_Distance,268455936,0.5
2026-03-01T16:01:06.385268,(2(0)-1772398866:385268),GncDeployment.proximityDriver.Signal_Strength,268455937,17388.0703125
2026-03-01T16:01:06.385272,(2(0)-1772398866:385272),GncDeployment.proximityDriver.X_Error,268455938,-13958.9296875
2026-03-01T16:01:06.385275,(2(0)-1772398866:385275),GncDeployment.proximityDriver.Y_Error,268455939,-24.1200008392334
2026-03-01T16:01:05.501241,(2(0)-1772398865:501241),GncDeployment.systemResources.CPU_00,268509189,21.00 percent
2026-03-01T16:01:07.385199,(2(0)-1772398867:385199),GncDeployment.proximityDriver.Z_Distance,268455936,0.5
2026-03-01T16:01:07.385215,(2(0)-1772398867:385215),GncDeployment.proximityDriver.Signal_Strength,268455937,17388.9296875
2026-03-01T16:01:07.385219,(2(0)-1772398867:385219),GncDeployment.proximityDriver.X_Error,268455938,-13958.1904296875
2026-03-01T16:01:07.385221,(2(0)-1772398867:385221),GncDeployment.proximityDriver.Y_Error,268455939,-20.219999313354492
2026-03-01T16:01:06.506335,(2(0)-1772398866:506335),GncDeployment.systemResources.CPU_00,268509189,20.00 percent
2026-03-01T16:01:06.506376,(2(0)-1772398866:506376),GncDeployment.systemResources.CPU_01,268509190,17.00 percent
2026-03-01T16:01:06.506406,(2(0)-1772398866:506406),GncDeployment.systemResources.CPU_02,268509191,14.85 percent
2026-03-01T16:01:06.506439,(2(0)-1772398866:506439),GncDeployment.systemResources.CPU_03,268509192,13.00 percent
2026-03-01T16:01:06.506470,(2(0)-1772398866:506470),GncDeployment.systemResources.CPU_04,268509193,4.95 percent
2026-03-01T16:01:06.506499,(2(0)-1772398866:506499),GncDeployment.systemResources.CPU_05,268509194,2.00 percent
2026-03-01T16:01:06.506534,(2(0)-1772398866:506534),GncDeployment.systemResources.CPU_06,268509195,0.00 percent
2026-03-01T16:01:06.506565,(2(0)-1772398866:506565),GncDeployment.systemResources.CPU_07,268509196,0.00 percent
2026-03-01T16:01:06.506568,(2(0)-1772398866:506568),GncDeployment.systemResources.CPU,268509188,8.98 percent
2026-03-01T16:01:06.506588,(2(0)-1772398866:506588),GncDeployment.systemResources.MEMORY_TOTAL,268509184,4953856 KB
2026-03-01T16:01:06.506591,(2(0)-1772398866:506591),GncDeployment.systemResources.MEMORY_USED,268509185,4884000 KB
2026-03-01T16:01:06.506611,(2(0)-1772398866:506611),GncDeployment.systemResources.NON_VOLATILE_FREE,268509187,135873072 KB
2026-03-01T16:01:06.506614,(2(0)-1772398866:506614),GncDeployment.systemResources.NON_VOLATILE_TOTAL,268509186,239362496 KB
2026-03-01T16:01:06.506646,(2(0)-1772398866:506646),ComCcsds.comQueue.comQueueDepth,33554432,['0', '1']
2026-03-01T16:01:06.506652,(2(0)-1772398866:506652),ComCcsds.comQueue.buffQueueDepth,33554433,['0']
2026-03-01T16:01:07.511374,(2(0)-1772398867:511374),GncDeployment.systemResources.CPU_01,268509190,15.00 percent
2026-03-01T16:01:07.511406,(2(0)-1772398867:511406),GncDeployment.systemResources.CPU_02,268509191,12.00 percent
2026-03-01T16:01:07.511440,(2(0)-1772398867:511440),GncDeployment.systemResources.CPU_03,268509192,10.00 percent
2026-03-01T16:01:07.511472,(2(0)-1772398867:511472),GncDeployment.systemResources.CPU_04,268509193,4.00 percent
2026-03-01T16:01:07.511506,(2(0)-1772398867:511506),GncDeployment.systemResources.CPU_05,268509194,1.00 percent
2026-03-01T16:01:07.511541,(2(0)-1772398867:511541),GncDeployment.systemResources.CPU_06,268509195,0.00 percent
2026-03-01T16:01:07.511575,(2(0)-1772398867:511575),GncDeployment.systemResources.CPU_07,268509196,0.00 percent
2026-03-01T16:01:07.511579,(2(0)-1772398867:511579),GncDeployment.systemResources.CPU,268509188,7.27 percent
2026-03-01T16:01:07.511604,(2(0)-1772398867:511604),GncDeployment.systemResources.MEMORY_TOTAL,268509184,4956304 KB
2026-03-01T16:01:07.511607,(2(0)-1772398867:511607),GncDeployment.systemResources.MEMORY_USED,268509185,4864432 KB
2026-03-01T16:01:07.511640,(2(0)-1772398867:511640),GncDeployment.systemResources.NON_VOLATILE_FREE,268509187,135873052 KB
2026-03-01T16:01:07.511643,(2(0)-1772398867:511643),GncDeployment.systemResources.NON_VOLATILE_TOTAL,268509186,239362496 KB
2026-03-01T16:01:07.511677,(2(0)-1772398867:511677),ComCcsds.comQueue.comQueueDepth,33554432,['0', '1']
2026-03-01T16:01:07.511682,(2(0)-1772398867:511682),ComCcsds.comQueue.buffQueueDepth,33554433,['0']
2026-03-01T16:01:08.385088,(2(0)-1772398868:385088),GncDeployment.proximityDriver.Z_Distance,268455936,0.5
2026-03-01T16:01:08.385103,(2(0)-1772398868:385103),GncDeployment.proximityDriver.Signal_Strength,268455937,17388.509765625
2026-03-01T16:01:08.385106,(2(0)-1772398868:385106),GncDeployment.proximityDriver.X_Error,268455938,-13960.8603515625
2026-03-01T16:01:08.385108,(2(0)-1772398868:385108),GncDeployment.proximityDriver.Y_Error,268455939,-21.540000915527344
2026-03-01T16:01:07.511334,(2(0)-1772398867:511334),GncDeployment.systemResources.CPU_00,268509189,16.16 percent
2026-03-01T16:01:09.385090,(2(0)-1772398869:385090),GncDeployment.proximityDriver.Z_Distance,268455936,0.5
2026-03-01T16:01:09.385097,(2(0)-1772398869:385097),GncDeployment.proximityDriver.Signal_Strength,268455937,17388.75
2026-03-01T16:01:09.385098,(2(0)-1772398869:385098),GncDeployment.proximityDriver.X_Error,268455938,-13963.8095703125
2026-03-01T16:01:09.385099,(2(0)-1772398869:385099),GncDeployment.proximityDriver.Y_Error,268455939,-20.530000686645508
2026-03-01T16:01:09.514968,(2(0)-1772398869:514968),GncDeployment.systemResources.CPU_00,268509189,26.26 percent
2026-03-01T16:01:09.515005,(2(0)-1772398869:515005),GncDeployment.systemResources.CPU_01,268509190,24.24 percent
2026-03-01T16:01:09.515041,(2(0)-1772398869:515041),GncDeployment.systemResources.CPU_02,268509191,22.22 percent
2026-03-01T16:01:09.515063,(2(0)-1772398869:515063),GncDeployment.systemResources.CPU_03,268509192,19.00 percent
2026-03-01T16:01:08.514130,(2(0)-1772398868:514130),GncDeployment.systemResources.CPU_04,268509193,3.96 percent
2026-03-01T16:01:08.514160,(2(0)-1772398868:514160),GncDeployment.systemResources.CPU_05,268509194,2.00 percent
2026-03-01T16:01:08.514194,(2(0)-1772398868:514194),GncDeployment.systemResources.CPU_06,268509195,0.00 percent
2026-03-01T16:01:08.514225,(2(0)-1772398868:514225),GncDeployment.systemResources.CPU_07,268509196,0.00 percent
2026-03-01T16:01:08.514228,(2(0)-1772398868:514228),GncDeployment.systemResources.CPU,268509188,8.11 percent
2026-03-01T16:01:08.514248,(2(0)-1772398868:514248),GncDeployment.systemResources.MEMORY_TOTAL,268509184,4956400 KB
2026-03-01T16:01:08.514251,(2(0)-1772398868:514251),GncDeployment.systemResources.MEMORY_USED,268509185,4871392 KB
2026-03-01T16:01:08.514291,(2(0)-1772398868:514291),GncDeployment.systemResources.NON_VOLATILE_FREE,268509187,135873052 KB
2026-03-01T16:01:08.514293,(2(0)-1772398868:514293),GncDeployment.systemResources.NON_VOLATILE_TOTAL,268509186,239362496 KB
2026-03-01T16:01:08.514322,(2(0)-1772398868:514322),ComCcsds.comQueue.comQueueDepth,33554432,['0', '1']
2026-03-01T16:01:08.514327,(2(0)-1772398868:514327),ComCcsds.comQueue.buffQueueDepth,33554433,['0']
2026-03-01T16:01:09.515088,(2(0)-1772398869:515088),GncDeployment.systemResources.CPU_04,268509193,20.20 percent
2026-03-01T16:01:09.515109,(2(0)-1772398869:515109),GncDeployment.systemResources.CPU_05,268509194,14.85 percent
2026-03-01T16:01:09.515130,(2(0)-1772398869:515130),GncDeployment.systemResources.CPU_06,268509195,9.90 percent
2026-03-01T16:01:09.515154,(2(0)-1772398869:515154),GncDeployment.systemResources.CPU_07,268509196,6.00 percent
2026-03-01T16:01:09.515157,(2(0)-1772398869:515157),GncDeployment.systemResources.CPU,268509188,17.84 percent
2026-03-01T16:01:09.515171,(2(0)-1772398869:515171),GncDeployment.systemResources.MEMORY_TOTAL,268509184,4955328 KB
2026-03-01T16:01:09.515174,(2(0)-1772398869:515174),GncDeployment.systemResources.MEMORY_USED,268509185,4888112 KB
2026-03-01T16:01:09.515231,(2(0)-1772398869:515231),GncDeployment.systemResources.NON_VOLATILE_FREE,268509187,135871928 KB
2026-03-01T16:01:09.515234,(2(0)-1772398869:515234),GncDeployment.systemResources.NON_VOLATILE_TOTAL,268509186,239362496 KB
2026-03-01T16:01:09.515261,(2(0)-1772398869:515261),ComCcsds.comQueue.comQueueDepth,33554432,['0', '1']
2026-03-01T16:01:09.515265,(2(0)-1772398869:515265),ComCcsds.comQueue.buffQueueDepth,33554433,['0']
2026-03-01T16:01:10.385044,(2(0)-1772398870:385044),GncDeployment.proximityDriver.Z_Distance,268455936,0.5
2026-03-01T16:01:10.385055,(2(0)-1772398870:385055),GncDeployment.proximityDriver.Signal_Strength,268455937,17389.240234375
2026-03-01T16:01:10.385057,(2(0)-1772398870:385057),GncDeployment.proximityDriver.X_Error,268455938,-13964.76953125
2026-03-01T16:01:10.385059,(2(0)-1772398870:385059),GncDeployment.proximityDriver.Y_Error,268455939,-23.020000457763672
2026-03-01T16:01:11.385033,(2(0)-1772398871:385033),GncDeployment.proximityDriver.Z_Distance,268455936,0.5
2026-03-01T16:01:11.385041,(2(0)-1772398871:385041),GncDeployment.proximityDriver.Signal_Strength,268455937,17391.349609375
2026-03-01T16:01:11.385044,(2(0)-1772398871:385044),GncDeployment.proximityDriver.X_Error,268455938,-13968.1103515625
2026-03-01T16:01:11.385046,(2(0)-1772398871:385046),GncDeployment.proximityDriver.Y_Error,268455939,-22.719999313354492
2026-03-01T16:01:10.520118,(2(0)-1772398870:520118),GncDeployment.systemResources.CPU_00,268509189,25.74 percent
2026-03-01T16:01:10.520154,(2(0)-1772398870:520154),GncDeployment.systemResources.CPU_01,268509190,23.00 percent
2026-03-01T16:01:10.520184,(2(0)-1772398870:520184),GncDeployment.systemResources.CPU_02,268509191,20.00 percent
2026-03-01T16:01:10.520212,(2(0)-1772398870:520212),GncDeployment.systemResources.CPU_03,268509192,17.00 percent
2026-03-01T16:01:10.520241,(2(0)-1772398870:520241),GncDeployment.systemResources.CPU_04,268509193,12.00 percent
2026-03-01T16:01:10.520271,(2(0)-1772398870:520271),GncDeployment.systemResources.CPU_05,268509194,5.05 percent
2026-03-01T16:01:10.520307,(2(0)-1772398870:520307),GncDeployment.systemResources.CPU_06,268509195,3.96 percent
2026-03-01T16:01:10.520336,(2(0)-1772398870:520336),GncDeployment.systemResources.CPU_07,268509196,1.00 percent
2026-03-01T16:01:10.520339,(2(0)-1772398870:520339),GncDeployment.systemResources.CPU,268509188,13.47 percent
2026-03-01T16:01:10.520361,(2(0)-1772398870:520361),GncDeployment.systemResources.MEMORY_TOTAL,268509184,4968128 KB
2026-03-01T16:01:10.520364,(2(0)-1772398870:520364),GncDeployment.systemResources.MEMORY_USED,268509185,4899536 KB
2026-03-01T16:01:10.520408,(2(0)-1772398870:520408),GncDeployment.systemResources.NON_VOLATILE_FREE,268509187,135871924 KB
2026-03-01T16:01:10.520411,(2(0)-1772398870:520411),GncDeployment.systemResources.NON_VOLATILE_TOTAL,268509186,239362496 KB
2026-03-01T16:01:10.520433,(2(0)-1772398870:520433),ComCcsds.comQueue.comQueueDepth,33554432,['0', '1']
2026-03-01T16:01:10.520437,(2(0)-1772398870:520437),ComCcsds.comQueue.buffQueueDepth,33554433,['0']
2026-03-01T16:01:12.526389,(2(0)-1772398872:526389),GncDeployment.systemResources.CPU_01,268509190,17.17 percent
2026-03-01T16:01:12.526409,(2(0)-1772398872:526409),GncDeployment.systemResources.CPU_02,268509191,14.00 percent
2026-03-01T16:01:12.526466,(2(0)-1772398872:526466),GncDeployment.systemResources.CPU_03,268509192,13.00 percent
2026-03-01T16:01:12.526491,(2(0)-1772398872:526491),GncDeployment.systemResources.CPU_04,268509193,11.11 percent
2026-03-01T16:01:12.526509,(2(0)-1772398872:526509),GncDeployment.systemResources.CPU_05,268509194,6.00 percent
2026-03-01T16:01:12.526529,(2(0)-1772398872:526529),GncDeployment.systemResources.CPU_06,268509195,3.00 percent
2026-03-01T16:01:12.526564,(2(0)-1772398872:526564),GncDeployment.systemResources.CPU_07,268509196,1.98 percent
2026-03-01T16:01:12.526567,(2(0)-1772398872:526567),GncDeployment.systemResources.CPU,268509188,10.58 percent
2026-03-01T16:01:12.526598,(2(0)-1772398872:526598),GncDeployment.systemResources.MEMORY_TOTAL,268509184,4969872 KB
2026-03-01T16:01:12.526602,(2(0)-1772398872:526602),GncDeployment.systemResources.MEMORY_USED,268509185,4897376 KB
2026-03-01T16:01:12.526631,(2(0)-1772398872:526631),GncDeployment.systemResources.NON_VOLATILE_FREE,268509187,135871980 KB
2026-03-01T16:01:12.526632,(2(0)-1772398872:526632),GncDeployment.systemResources.NON_VOLATILE_TOTAL,268509186,239362496 KB
2026-03-01T16:01:11.525442,(2(0)-1772398871:525442),ComCcsds.comQueue.comQueueDepth,33554432,['0', '1']
2026-03-01T16:01:11.525447,(2(0)-1772398871:525447),ComCcsds.comQueue.buffQueueDepth,33554433,['0']
2026-03-01T16:01:12.385083,(2(0)-1772398872:385083),GncDeployment.proximityDriver.Z_Distance,268455936,0.5
2026-03-01T16:01:12.385101,(2(0)-1772398872:385101),GncDeployment.proximityDriver.Signal_Strength,268455937,17391.25
2026-03-01T16:01:12.385105,(2(0)-1772398872:385105),GncDeployment.proximityDriver.X_Error,268455938,-13969.91015625
2026-03-01T16:01:12.385107,(2(0)-1772398872:385107),GncDeployment.proximityDriver.Y_Error,268455939,-19.969999313354492
2026-03-01T16:01:12.526336,(2(0)-1772398872:526336),GncDeployment.systemResources.CPU_00,268509189,18.37 percent
2026-03-01T16:01:13.384939,(2(0)-1772398873:384939),GncDeployment.proximityDriver.Z_Distance,268455936,0.5
2026-03-01T16:01:13.384950,(2(0)-1772398873:384950),GncDeployment.proximityDriver.Signal_Strength,268455937,17390.30078125
2026-03-01T16:01:13.384952,(2(0)-1772398873:384952),GncDeployment.proximityDriver.X_Error,268455938,-13963.099609375
2026-03-01T16:01:13.384954,(2(0)-1772398873:384954),GncDeployment.proximityDriver.Y_Error,268455939,-20.84000015258789
2026-03-01T16:01:13.526908,(2(0)-1772398873:526908),GncDeployment.systemResources.CPU_00,268509189,24.00 percent
2026-03-01T16:01:13.526935,(2(0)-1772398873:526935),GncDeployment.systemResources.CPU_01,268509190,24.24 percent
2026-03-01T16:01:12.526690,(2(0)-1772398872:526690),ComCcsds.comQueue.comQueueDepth,33554432,['0', '0']
2026-03-01T16:01:12.526721,(2(0)-1772398872:526721),ComCcsds.comQueue.buffQueueDepth,33554433,['0']
2026-03-01T16:01:13.526957,(2(0)-1772398873:526957),GncDeployment.systemResources.CPU_02,268509191,23.23 percent
2026-03-01T16:01:13.526984,(2(0)-1772398873:526984),GncDeployment.systemResources.CPU_03,268509192,17.17 percent
2026-03-01T16:01:13.527005,(2(0)-1772398873:527005),GncDeployment.systemResources.CPU_04,268509193,7.92 percent
2026-03-01T16:01:13.527023,(2(0)-1772398873:527023),GncDeployment.systemResources.CPU_05,268509194,1.01 percent
2026-03-01T16:01:13.527040,(2(0)-1772398873:527040),GncDeployment.systemResources.CPU_06,268509195,1.98 percent
2026-03-01T16:01:13.527057,(2(0)-1772398873:527057),GncDeployment.systemResources.CPU_07,268509196,1.00 percent
2026-03-01T16:01:13.527059,(2(0)-1772398873:527059),GncDeployment.systemResources.CPU,268509188,12.57 percent
2026-03-01T16:01:13.527073,(2(0)-1772398873:527073),GncDeployment.systemResources.MEMORY_TOTAL,268509184,4971104 KB
2026-03-01T16:01:13.527076,(2(0)-1772398873:527076),GncDeployment.systemResources.MEMORY_USED,268509185,4905856 KB
2026-03-01T16:01:13.527102,(2(0)-1772398873:527102),GncDeployment.systemResources.NON_VOLATILE_FREE,268509187,135872064 KB
2026-03-01T16:01:13.527104,(2(0)-1772398873:527104),GncDeployment.systemResources.NON_VOLATILE_TOTAL,268509186,239362496 KB
2026-03-01T16:01:13.527118,(2(0)-1772398873:527118),ComCcsds.comQueue.comQueueDepth,33554432,['0', '1']
2026-03-01T16:01:13.527129,(2(0)-1772398873:527129),ComCcsds.comQueue.buffQueueDepth,33554433,['0']
2026-03-01T16:01:14.384925,(2(0)-1772398874:384925),GncDeployment.proximityDriver.Z_Distance,268455936,0.5
2026-03-01T16:01:14.384939,(2(0)-1772398874:384939),GncDeployment.proximityDriver.Signal_Strength,268455937,17392.7109375
2026-03-01T16:01:14.384942,(2(0)-1772398874:384942),GncDeployment.proximityDriver.X_Error,268455938,-13962.0595703125
2026-03-01T16:01:14.384945,(2(0)-1772398874:384945),GncDeployment.proximityDriver.Y_Error,268455939,-20.049999237060547
2026-03-01T16:01:15.384848,(2(0)-1772398875:384848),GncDeployment.proximityDriver.Z_Distance,268455936,0.5
2026-03-01T16:01:15.384859,(2(0)-1772398875:384859),GncDeployment.proximityDriver.Signal_Strength,268455937,17393.9609375
2026-03-01T16:01:15.384861,(2(0)-1772398875:384861),GncDeployment.proximityDriver.X_Error,268455938,-13958.51953125
2026-03-01T16:01:15.384862,(2(0)-1772398875:384862),GncDeployment.proximityDriver.Y_Error,268455939,-21.850000381469727
2026-03-01T16:01:14.532088,(2(0)-1772398874:532088),GncDeployment.systemResources.CPU_00,268509189,21.00 percent
2026-03-01T16:01:14.532135,(2(0)-1772398874:532135),GncDeployment.systemResources.CPU_01,268509190,19.00 percent
2026-03-01T16:01:14.532176,(2(0)-1772398874:532176),GncDeployment.systemResources.CPU_02,268509191,13.86 percent
2026-03-01T16:01:14.532212,(2(0)-1772398874:532212),GncDeployment.systemResources.CPU_03,268509192,12.87 percent
2026-03-01T16:01:14.532250,(2(0)-1772398874:532250),GncDeployment.systemResources.CPU_04,268509193,4.00 percent
2026-03-01T16:01:14.532287,(2(0)-1772398874:532287),GncDeployment.systemResources.CPU_05,268509194,1.98 percent
2026-03-01T16:01:14.532323,(2(0)-1772398874:532323),GncDeployment.systemResources.CPU_06,268509195,1.00 percent
2026-03-01T16:01:14.532361,(2(0)-1772398874:532361),GncDeployment.systemResources.CPU_07,268509196,0.00 percent
2026-03-01T16:01:14.532366,(2(0)-1772398874:532366),GncDeployment.systemResources.CPU,268509188,9.21 percent
2026-03-01T16:01:14.532391,(2(0)-1772398874:532391),GncDeployment.systemResources.MEMORY_TOTAL,268509184,4984416 KB
2026-03-01T16:01:14.532394,(2(0)-1772398874:532394),GncDeployment.systemResources.MEMORY_USED,268509185,4919520 KB
2026-03-01T16:01:14.532439,(2(0)-1772398874:532439),GncDeployment.systemResources.NON_VOLATILE_FREE,268509187,135872004 KB
2026-03-01T16:01:14.532442,(2(0)-1772398874:532442),GncDeployment.systemResources.NON_VOLATILE_TOTAL,268509186,239362496 KB
2026-03-01T16:01:14.532471,(2(0)-1772398874:532471),ComCcsds.comQueue.comQueueDepth,33554432,['0', '1']
2026-03-01T16:01:14.532477,(2(0)-1772398874:532477),ComCcsds.comQueue.buffQueueDepth,33554433,['0']
