2026-03-01T14:42:40.657964,(2(0)-1772394160:657964),CdhCore.version.FrameworkVersion,16789504,v4.1.1
2026-03-01T14:42:40.657978,(2(0)-1772394160:657978),CdhCore.version.ProjectVersion,16789505,ef106fd-dirty
2026-03-01T14:42:41.663180,(2(0)-1772394161:663180),GncDeployment.rateGroup2.RgMaxTime,268443648,56 us
2026-03-01T14:42:41.663225,(2(0)-1772394161:663225),GncDeployment.systemResources.CPU_00,268509189,21.80 percent
2026-03-01T14:42:41.663238,(2(0)-1772394161:663238),ComCcsds.commsBufferManager.HiBuffs,33562626,1
2026-03-01T14:42:41.663240,(2(0)-1772394161:663240),ComCcsds.commsBufferManager.CurrBuffs,33562625,1
2026-03-01T14:42:41.663241,(2(0)-1772394161:663241),ComCcsds.commsBufferManager.TotalBuffs,33562624,50
2026-03-01T14:42:41.663242,(2(0)-1772394161:663242),ComCcsds.commsBufferManager.NoBuffs,33562627,0
2026-03-01T14:42:41.663242,(2(0)-1772394161:663242),GncDeployment.systemResources.CPU_01,268509190,20.34 percent
2026-03-01T14:42:41.663243,(2(0)-1772394161:663243),ComCcsds.commsBufferManager.EmptyBuffs,33562628,0
2026-03-01T14:42:41.663249,(2(0)-1772394161:663249),DataProducts.dpBufferManager.HiBuffs,67121154,0
2026-03-01T14:42:41.663258,(2(0)-1772394161:663258),DataProducts.dpBufferManager.CurrBuffs,67121153,0
2026-03-01T14:42:41.663258,(2(0)-1772394161:663258),DataProducts.dpBufferManager.TotalBuffs,67121152,10
2026-03-01T14:42:41.663259,(2(0)-1772394161:663259),DataProducts.dpBufferManager.NoBuffs,67121155,0
2026-03-01T14:42:41.663260,(2(0)-1772394161:663260),DataProducts.dpBufferManager.EmptyBuffs,67121156,0
2026-03-01T14:42:41.663260,(2(0)-1772394161:663260),GncDeployment.systemResources.CPU_02,268509191,17.20 percent
2026-03-01T14:42:41.663306,(2(0)-1772394161:663306),DataProducts.dpWriter.NumBuffersReceived,67117056,0
2026-03-01T14:42:41.663274,(2(0)-1772394161:663274),GncDeployment.rateGroup3.RgMaxTime,268447744,156 us
2026-03-01T14:42:41.663316,(2(0)-1772394161:663316),DataProducts.dpWriter.NumBytesWritten,67117057,0
2026-03-01T14:42:41.663317,(2(0)-1772394161:663317),DataProducts.dpWriter.NumSuccessfulWrites,67117058,0
2026-03-01T14:42:41.663318,(2(0)-1772394161:663318),DataProducts.dpWriter.NumFailedWrites,67117059,0
2026-03-01T14:42:41.663319,(2(0)-1772394161:663319),DataProducts.dpWriter.NumErrors,67117060,0
2026-03-01T14:42:41.663275,(2(0)-1772394161:663275),GncDeployment.systemResources.CPU_03,268509192,15.01 percent
2026-03-01T14:42:41.663289,(2(0)-1772394161:663289),DataProducts.dpMgr.NumSuccessfulAllocations,67112960,0
2026-03-01T14:42:41.663331,(2(0)-1772394161:663331),DataProducts.dpMgr.NumFailedAllocations,67112961,0
2026-03-01T14:42:41.663333,(2(0)-1772394161:663333),DataProducts.dpMgr.NumDataProducts,67112962,0
2026-03-01T14:42:41.663334,(2(0)-1772394161:663334),DataProducts.dpMgr.NumBytes,67112963,0
2026-03-01T14:42:41.663350,(2(0)-1772394161:663350),GncDeployment.systemResources.CPU_04,268509193,10.27 percent
2026-03-01T14:42:41.663364,(2(0)-1772394161:663364),GncDeployment.systemResources.CPU_05,268509194,8.21 percent
2026-03-01T14:42:41.663377,(2(0)-1772394161:663377),GncDeployment.systemResources.CPU_06,268509195,4.90 percent
2026-03-01T14:42:41.663391,(2(0)-1772394161:663391),GncDeployment.systemResources.CPU_07,268509196,3.70 percent
2026-03-01T14:42:41.663392,(2(0)-1772394161:663392),GncDeployment.systemResources.CPU,268509188,12.68 percent
2026-03-01T14:42:41.663400,(2(0)-1772394161:663400),GncDeployment.systemResources.MEMORY_TOTAL,268509184,4448112 KB
2026-03-01T14:42:41.663401,(2(0)-1772394161:663401),GncDeployment.systemResources.MEMORY_USED,268509185,4346608 KB
2026-03-01T14:42:41.663420,(2(0)-1772394161:663420),GncDeployment.systemResources.NON_VOLATILE_FREE,268509187,136001116 KB
2026-03-01T14:42:41.663421,(2(0)-1772394161:663421),GncDeployment.systemResources.NON_VOLATILE_TOTAL,268509186,239362496 KB
2026-03-01T14:42:41.663427,(2(0)-1772394161:663427),GncDeployment.rateGroup1.RgMaxTime,268439552,309 us
2026-03-01T14:42:41.663428,(2(0)-1772394161:663428),ComCcsds.comQueue.comQueueDepth,33554432,['2', '1']
2026-03-01T14:42:41.663430,(2(0)-1772394161:663430),ComCcsds.comQueue.buffQueueDepth,33554433,['0']
2026-03-01T14:42:42.668205,(2(0)-1772394162:668205),GncDeployment.systemResources.CPU_00,268509189,42.42 percent
2026-03-01T14:42:42.668214,(2(0)-1772394162:668214),GncDeployment.systemResources.CPU_01,268509190,40.00 percent
2026-03-01T14:42:42.668220,(2(0)-1772394162:668220),GncDeployment.systemResources.CPU_02,268509191,33.33 percent
2026-03-01T14:42:42.668227,(2(0)-1772394162:668227),GncDeployment.systemResources.CPU_03,268509192,33.66 percent
2026-03-01T14:42:42.668234,(2(0)-1772394162:668234),GncDeployment.systemResources.CPU_04,268509193,16.00 percent
2026-03-01T14:42:42.668242,(2(0)-1772394162:668242),GncDeployment.systemResources.CPU_05,268509194,12.87 percent
2026-03-01T14:42:42.668248,(2(0)-1772394162:668248),GncDeployment.systemResources.CPU_06,268509195,13.00 percent
2026-03-01T14:42:42.668254,(2(0)-1772394162:668254),GncDeployment.systemResources.CPU_07,268509196,7.92 percent
2026-03-01T14:42:42.668255,(2(0)-1772394162:668255),GncDeployment.systemResources.CPU,268509188,24.90 percent
2026-03-01T14:42:42.668259,(2(0)-1772394162:668259),GncDeployment.systemResources.MEMORY_TOTAL,268509184,4424816 KB
2026-03-01T14:42:42.668260,(2(0)-1772394162:668260),GncDeployment.systemResources.MEMORY_USED,268509185,4328304 KB
2026-03-01T14:42:42.668267,(2(0)-1772394162:668267),GncDeployment.systemResources.NON_VOLATILE_FREE,268509187,136001096 KB
2026-03-01T14:42:42.668268,(2(0)-1772394162:668268),GncDeployment.systemResources.NON_VOLATILE_TOTAL,268509186,239362496 KB
2026-03-01T14:42:42.668281,(2(0)-1772394162:668281),ComCcsds.comQueue.comQueueDepth,33554432,['0', '1']
2026-03-01T14:42:42.668283,(2(0)-1772394162:668283),ComCcsds.comQueue.buffQueueDepth,33554433,['0']
2026-03-01T14:42:43.672025,(2(0)-1772394163:672025),GncDeployment.systemResources.CPU_03,268509192,44.90 percent
2026-03-01T14:42:43.672030,(2(0)-1772394163:672030),GncDeployment.systemResources.CPU_04,268509193,25.00 percent
2026-03-01T14:42:43.672036,(2(0)-1772394163:672036),GncDeployment.systemResources.CPU_05,268509194,26.26 percent
2026-03-01T14:42:43.672041,(2(0)-1772394163:672041),GncDeployment.systemResources.CPU_06,268509195,16.83 percent
2026-03-01T14:42:43.672047,(2(0)-1772394163:672047),GncDeployment.systemResources.CPU_07,268509196,12.00 percent
2026-03-01T14:42:43.672047,(2(0)-1772394163:672047),GncDeployment.systemResources.CPU,268509188,34.62 percent
2026-03-01T14:42:43.672052,(2(0)-1772394163:672052),GncDeployment.systemResources.MEMORY_TOTAL,268509184,4363888 KB
2026-03-01T14:42:43.672052,(2(0)-1772394163:672052),GncDeployment.systemResources.MEMORY_USED,268509185,4235696 KB
2026-03-01T14:42:43.672060,(2(0)-1772394163:672060),GncDeployment.systemResources.NON_VOLATILE_FREE,268509187,136000752 KB
2026-03-01T14:42:43.672061,(2(0)-1772394163:672061),GncDeployment.systemResources.NON_VOLATILE_TOTAL,268509186,239362496 KB
2026-03-01T14:42:43.672081,(2(0)-1772394163:672081),ComCcsds.comQueue.comQueueDepth,33554432,['0', '1']
2026-03-01T14:42:43.672082,(2(0)-1772394163:672082),ComCcsds.comQueue.buffQueueDepth,33554433,['0']
2026-03-01T14:42:43.672003,(2(0)-1772394163:672003),GncDeployment.systemResources.CPU_00,268509189,54.46 percent
2026-03-01T14:42:43.672012,(2(0)-1772394163:672012),GncDeployment.systemResources.CPU_01,268509190,50.50 percent
2026-03-01T14:42:43.672018,(2(0)-1772394163:672018),GncDeployment.systemResources.CPU_02,268509191,47.00 percent
2026-03-01T14:42:43.672038,(2(0)-1772394163:672038),GncDeployment.rateGroup2.RgMaxTime,268443648,90 us
2026-03-01T14:42:45.679949,(2(0)-1772394165:679949),GncDeployment.systemResources.CPU_00,268509189,37.76 percent
2026-03-01T14:42:45.680026,(2(0)-1772394165:680026),ComCcsds.commsBufferManager.HiBuffs,33562626,2
2026-03-01T14:42:45.679973,(2(0)-1772394165:679973),GncDeployment.systemResources.CPU_01,268509190,33.66 percent
2026-03-01T14:42:45.679991,(2(0)-1772394165:679991),GncDeployment.systemResources.CPU_02,268509191,28.00 percent
2026-03-01T14:42:45.680008,(2(0)-1772394165:680008),GncDeployment.systemResources.CPU_03,268509192,29.00 percent
2026-03-01T14:42:45.680024,(2(0)-1772394165:680024),GncDeployment.systemResources.CPU_04,268509193,11.88 percent
2026-03-01T14:42:45.680039,(2(0)-1772394165:680039),GncDeployment.systemResources.CPU_05,268509194,4.95 percent
2026-03-01T14:42:45.680057,(2(0)-1772394165:680057),GncDeployment.systemResources.CPU_06,268509195,4.95 percent
2026-03-01T14:42:45.680071,(2(0)-1772394165:680071),GncDeployment.systemResources.CPU_07,268509196,0.99 percent
2026-03-01T14:42:45.680073,(2(0)-1772394165:680073),GncDeployment.systemResources.CPU,268509188,18.90 percent
2026-03-01T14:42:45.680087,(2(0)-1772394165:680087),GncDeployment.systemResources.MEMORY_TOTAL,268509184,4178176 KB
2026-03-01T14:42:45.680089,(2(0)-1772394165:680089),GncDeployment.systemResources.MEMORY_USED,268509185,4066720 KB
2026-03-01T14:42:45.680124,(2(0)-1772394165:680124),GncDeployment.systemResources.NON_VOLATILE_FREE,268509187,136000380 KB
2026-03-01T14:42:45.680126,(2(0)-1772394165:680126),GncDeployment.systemResources.NON_VOLATILE_TOTAL,268509186,239362496 KB
2026-03-01T14:42:45.680158,(2(0)-1772394165:680158),ComCcsds.comQueue.comQueueDepth,33554432,['0', '0']
2026-03-01T14:42:45.680161,(2(0)-1772394165:680161),ComCcsds.comQueue.buffQueueDepth,33554433,['0']
2026-03-01T14:42:45.680059,(2(0)-1772394165:680059),GncDeployment.rateGroup3.RgMaxTime,268447744,242 us
2026-03-01T14:42:45.680146,(2(0)-1772394165:680146),GncDeployment.rateGroup1.RgMaxTime,268439552,329 us
2026-03-01T14:42:46.685154,(2(0)-1772394166:685154),GncDeployment.systemResources.CPU_00,268509189,32.67 percent
2026-03-01T14:42:46.685168,(2(0)-1772394166:685168),GncDeployment.systemResources.CPU_01,268509190,31.00 percent
2026-03-01T14:42:46.685178,(2(0)-1772394166:685178),GncDeployment.systemResources.CPU_02,268509191,24.24 percent
2026-03-01T14:42:46.685187,(2(0)-1772394166:685187),GncDeployment.systemResources.CPU_03,268509192,23.00 percent
2026-03-01T14:42:46.685196,(2(0)-1772394166:685196),GncDeployment.systemResources.CPU_04,268509193,18.18 percent
2026-03-01T14:42:46.685206,(2(0)-1772394166:685206),GncDeployment.systemResources.CPU_05,268509194,10.00 percent
2026-03-01T14:42:46.685214,(2(0)-1772394166:685214),GncDeployment.systemResources.CPU_06,268509195,6.93 percent
2026-03-01T14:42:46.685225,(2(0)-1772394166:685225),GncDeployment.systemResources.CPU_07,268509196,4.00 percent
2026-03-01T14:42:46.685226,(2(0)-1772394166:685226),GncDeployment.systemResources.CPU,268509188,18.75 percent
2026-03-01T14:42:46.685232,(2(0)-1772394166:685232),GncDeployment.systemResources.MEMORY_TOTAL,268509184,4188736 KB
2026-03-01T14:42:46.685233,(2(0)-1772394166:685233),GncDeployment.systemResources.MEMORY_USED,268509185,4060544 KB
2026-03-01T14:42:46.685247,(2(0)-1772394166:685247),GncDeployment.systemResources.NON_VOLATILE_FREE,268509187,136000372 KB
2026-03-01T14:42:46.685249,(2(0)-1772394166:685249),GncDeployment.systemResources.NON_VOLATILE_TOTAL,268509186,239362496 KB
2026-03-01T14:42:46.685268,(2(0)-1772394166:685268),ComCcsds.comQueue.comQueueDepth,33554432,['0', '1']
2026-03-01T14:42:46.685269,(2(0)-1772394166:685269),ComCcsds.comQueue.buffQueueDepth,33554433,['0']
2026-03-01T14:42:47.688787,(2(0)-1772394167:688787),GncDeployment.systemResources.CPU_03,268509192,23.00 percent
2026-03-01T14:42:47.688809,(2(0)-1772394167:688809),GncDeployment.systemResources.CPU_04,268509193,28.71 percent
2026-03-01T14:42:47.688825,(2(0)-1772394167:688825),GncDeployment.systemResources.CPU_05,268509194,28.00 percent
2026-03-01T14:42:47.688843,(2(0)-1772394167:688843),GncDeployment.systemResources.CPU_06,268509195,14.14 percent
2026-03-01T14:42:47.688860,(2(0)-1772394167:688860),GncDeployment.systemResources.CPU_07,268509196,8.00 percent
2026-03-01T14:42:47.688863,(2(0)-1772394167:688863),GncDeployment.systemResources.CPU,268509188,24.06 percent
2026-03-01T14:42:47.688873,(2(0)-1772394167:688873),GncDeployment.systemResources.MEMORY_TOTAL,268509184,4188672 KB
2026-03-01T14:42:47.688874,(2(0)-1772394167:688874),GncDeployment.systemResources.MEMORY_USED,268509185,4046608 KB
2026-03-01T14:42:47.688892,(2(0)-1772394167:688892),GncDeployment.systemResources.NON_VOLATILE_FREE,268509187,136000232 KB
2026-03-01T14:42:47.688894,(2(0)-1772394167:688894),GncDeployment.systemResources.NON_VOLATILE_TOTAL,268509186,239362496 KB
2026-03-01T14:42:47.688930,(2(0)-1772394167:688930),ComCcsds.comQueue.comQueueDepth,33554432,['0', '1']
2026-03-01T14:42:47.688934,(2(0)-1772394167:688934),ComCcsds.comQueue.buffQueueDepth,33554433,['0']
2026-03-01T14:42:47.688730,(2(0)-1772394167:688730),GncDeployment.systemResources.CPU_00,268509189,34.34 percent
2026-03-01T14:42:47.688753,(2(0)-1772394167:688753),GncDeployment.systemResources.CPU_01,268509190,30.30 percent
2026-03-01T14:42:47.688770,(2(0)-1772394167:688770),GncDeployment.systemResources.CPU_02,268509191,26.00 percent
2026-03-01T14:42:49.696416,(2(0)-1772394169:696416),GncDeployment.rateGroup2.RgMaxTime,268443648,100 us
2026-03-01T14:42:49.696480,(2(0)-1772394169:696480),GncDeployment.systemResources.CPU_00,268509189,47.47 percent
2026-03-01T14:42:49.696512,(2(0)-1772394169:696512),GncDeployment.systemResources.CPU_01,268509190,39.39 percent
2026-03-01T14:42:49.696538,(2(0)-1772394169:696538),GncDeployment.systemResources.CPU_02,268509191,38.00 percent
2026-03-01T14:42:49.696561,(2(0)-1772394169:696561),GncDeployment.systemResources.CPU_03,268509192,32.00 percent
2026-03-01T14:42:49.696587,(2(0)-1772394169:696587),GncDeployment.systemResources.CPU_04,268509193,10.89 percent
2026-03-01T14:42:49.696612,(2(0)-1772394169:696612),GncDeployment.systemResources.CPU_05,268509194,9.00 percent
2026-03-01T14:42:49.696635,(2(0)-1772394169:696635),GncDeployment.systemResources.CPU_06,268509195,2.97 percent
2026-03-01T14:42:49.696659,(2(0)-1772394169:696659),GncDeployment.systemResources.CPU_07,268509196,0.00 percent
2026-03-01T14:42:49.696662,(2(0)-1772394169:696662),GncDeployment.systemResources.CPU,268509188,22.47 percent
2026-03-01T14:42:48.693963,(2(0)-1772394168:693963),GncDeployment.systemResources.MEMORY_TOTAL,268509184,4200224 KB
2026-03-01T14:42:48.693965,(2(0)-1772394168:693965),GncDeployment.systemResources.MEMORY_USED,268509185,4064624 KB
2026-03-01T14:42:48.693999,(2(0)-1772394168:693999),GncDeployment.systemResources.NON_VOLATILE_FREE,268509187,136000232 KB
2026-03-01T14:42:48.694001,(2(0)-1772394168:694001),GncDeployment.systemResources.NON_VOLATILE_TOTAL,268509186,239362496 KB
2026-03-01T14:42:48.694030,(2(0)-1772394168:694030),ComCcsds.comQueue.comQueueDepth,33554432,['0', '1']
2026-03-01T14:42:48.694033,(2(0)-1772394168:694033),ComCcsds.comQueue.buffQueueDepth,33554433,['0']
2026-03-01T14:42:49.696616,(2(0)-1772394169:696616),GncDeployment.rateGroup3.RgMaxTime,268447744,314 us
2026-03-01T14:42:48.694018,(2(0)-1772394168:694018),GncDeployment.rateGroup1.RgMaxTime,268439552,386 us
2026-03-01T14:42:50.700174,(2(0)-1772394170:700174),GncDeployment.systemResources.CPU_03,268509192,28.00 percent
2026-03-01T14:42:50.700203,(2(0)-1772394170:700203),GncDeployment.systemResources.CPU_04,268509193,24.00 percent
2026-03-01T14:42:50.700225,(2(0)-1772394170:700225),GncDeployment.systemResources.CPU_05,268509194,14.00 percent
2026-03-01T14:42:50.700243,(2(0)-1772394170:700243),GncDeployment.systemResources.CPU_06,268509195,8.00 percent
2026-03-01T14:42:50.700270,(2(0)-1772394170:700270),GncDeployment.systemResources.CPU_07,268509196,6.93 percent
2026-03-01T14:42:50.700272,(2(0)-1772394170:700272),GncDeployment.systemResources.CPU,268509188,23.36 percent
2026-03-01T14:42:50.700281,(2(0)-1772394170:700281),GncDeployment.systemResources.MEMORY_TOTAL,268509184,4238192 KB
2026-03-01T14:42:50.700283,(2(0)-1772394170:700283),GncDeployment.systemResources.MEMORY_USED,268509185,4151216 KB
2026-03-01T14:42:50.700296,(2(0)-1772394170:700296),GncDeployment.systemResources.NON_VOLATILE_FREE,268509187,136000184 KB
2026-03-01T14:42:50.700297,(2(0)-1772394170:700297),GncDeployment.systemResources.NON_VOLATILE_TOTAL,268509186,239362496 KB
2026-03-01T14:42:49.696768,(2(0)-1772394169:696768),GncDeployment.rateGroup1.RgMaxTime,268439552,466 us
2026-03-01T14:42:49.696773,(2(0)-1772394169:696773),ComCcsds.comQueue.comQueueDepth,33554432,['0', '0']
2026-03-01T14:42:49.696777,(2(0)-1772394169:696777),ComCcsds.comQueue.buffQueueDepth,33554433,['0']
2026-03-01T14:42:50.700029,(2(0)-1772394170:700029),GncDeployment.systemResources.CPU_00,268509189,38.61 percent
2026-03-01T14:42:50.700053,(2(0)-1772394170:700053),GncDeployment.systemResources.CPU_01,268509190,34.34 percent
2026-03-01T14:42:50.700071,(2(0)-1772394170:700071),GncDeployment.systemResources.CPU_02,268509191,33.00 percent
2026-03-01T14:42:50.700324,(2(0)-1772394170:700324),ComCcsds.comQueue.comQueueDepth,33554432,['0', '1']
2026-03-01T14:42:50.700345,(2(0)-1772394170:700345),ComCcsds.comQueue.buffQueueDepth,33554433,['0']
2026-03-01T14:42:51.700812,(2(0)-1772394171:700812),GncDeployment.systemResources.CPU_03,268509192,24.00 percent
2026-03-01T14:42:51.700825,(2(0)-1772394171:700825),GncDeployment.systemResources.CPU_04,268509193,35.35 percent
2026-03-01T14:42:51.700841,(2(0)-1772394171:700841),GncDeployment.systemResources.CPU_05,268509194,30.30 percent
2026-03-01T14:42:51.700855,(2(0)-1772394171:700855),GncDeployment.systemResources.CPU_06,268509195,19.19 percent
2026-03-01T14:42:51.700869,(2(0)-1772394171:700869),GncDeployment.systemResources.CPU_07,268509196,12.12 percent
2026-03-01T14:42:51.700872,(2(0)-1772394171:700872),GncDeployment.systemResources.CPU,268509188,26.66 percent
2026-03-01T14:42:51.700883,(2(0)-1772394171:700883),GncDeployment.systemResources.MEMORY_TOTAL,268509184,4226176 KB
2026-03-01T14:42:51.700885,(2(0)-1772394171:700885),GncDeployment.systemResources.MEMORY_USED,268509185,4136464 KB
2026-03-01T14:42:51.700907,(2(0)-1772394171:700907),GncDeployment.systemResources.NON_VOLATILE_FREE,268509187,136000688 KB
2026-03-01T14:42:51.700909,(2(0)-1772394171:700909),GncDeployment.systemResources.NON_VOLATILE_TOTAL,268509186,239362496 KB
2026-03-01T14:42:51.700931,(2(0)-1772394171:700931),ComCcsds.comQueue.comQueueDepth,33554432,['0', '1']
2026-03-01T14:42:51.700933,(2(0)-1772394171:700933),ComCcsds.comQueue.buffQueueDepth,33554433,['0']
2026-03-01T14:42:51.700762,(2(0)-1772394171:700762),GncDeployment.systemResources.CPU_00,268509189,33.33 percent
2026-03-01T14:42:51.700783,(2(0)-1772394171:700783),GncDeployment.systemResources.CPU_01,268509190,31.00 percent
2026-03-01T14:42:51.700798,(2(0)-1772394171:700798),GncDeployment.systemResources.CPU_02,268509191,28.00 percent
2026-03-01T14:42:53.710879,(2(0)-1772394173:710879),GncDeployment.rateGroup2.RgMaxTime,268443648,135 us
2026-03-01T14:42:53.710945,(2(0)-1772394173:710945),GncDeployment.systemResources.CPU_00,268509189,63.37 percent
2026-03-01T14:42:53.710984,(2(0)-1772394173:710984),GncDeployment.systemResources.CPU_01,268509190,62.00 percent
2026-03-01T14:42:53.711057,(2(0)-1772394173:711057),GncDeployment.systemResources.CPU_02,268509191,54.00 percent
2026-03-01T14:42:53.711099,(2(0)-1772394173:711099),GncDeployment.systemResources.CPU_03,268509192,53.00 percent
2026-03-01T14:42:53.711211,(2(0)-1772394173:711211),GncDeployment.systemResources.CPU_04,268509193,15.00 percent
2026-03-01T14:42:53.711619,(2(0)-1772394173:711619),GncDeployment.systemResources.CPU_05,268509194,19.00 percent
2026-03-01T14:42:53.711730,(2(0)-1772394173:711730),GncDeployment.systemResources.CPU_06,268509195,6.00 percent
2026-03-01T14:42:52.706071,(2(0)-1772394172:706071),GncDeployment.systemResources.CPU_07,268509196,15.69 percent
2026-03-01T14:42:52.706072,(2(0)-1772394172:706072),GncDeployment.systemResources.CPU,268509188,30.78 percent
2026-03-01T14:42:52.706081,(2(0)-1772394172:706081),GncDeployment.systemResources.MEMORY_TOTAL,268509184,4313088 KB
2026-03-01T14:42:52.706082,(2(0)-1772394172:706082),GncDeployment.systemResources.MEMORY_USED,268509185,4225504 KB
2026-03-01T14:42:52.706097,(2(0)-1772394172:706097),GncDeployment.systemResources.NON_VOLATILE_FREE,268509187,136000952 KB
2026-03-01T14:42:52.706098,(2(0)-1772394172:706098),GncDeployment.systemResources.NON_VOLATILE_TOTAL,268509186,239362496 KB
2026-03-01T14:42:52.706136,(2(0)-1772394172:706136),ComCcsds.comQueue.comQueueDepth,33554432,['0', '1']
2026-03-01T14:42:52.706138,(2(0)-1772394172:706138),ComCcsds.comQueue.buffQueueDepth,33554433,['0']
2026-03-01T14:42:53.711713,(2(0)-1772394173:711713),GncDeployment.rateGroup3.RgMaxTime,268447744,978 us
2026-03-01T14:42:53.712737,(2(0)-1772394173:712737),GncDeployment.systemResources.CPU_07,268509196,3.96 percent
2026-03-01T14:42:53.713928,(2(0)-1772394173:713928),GncDeployment.systemResources.CPU,268509188,34.54 percent
2026-03-01T14:42:53.713953,(2(0)-1772394173:713953),GncDeployment.systemResources.MEMORY_TOTAL,268509184,4304128 KB
2026-03-01T14:42:53.713955,(2(0)-1772394173:713955),GncDeployment.systemResources.MEMORY_USED,268509185,4211280 KB
2026-03-01T14:42:53.713982,(2(0)-1772394173:713982),GncDeployment.systemResources.NON_VOLATILE_FREE,268509187,136000584 KB
2026-03-01T14:42:53.713983,(2(0)-1772394173:713983),GncDeployment.systemResources.NON_VOLATILE_TOTAL,268509186,239362496 KB
2026-03-01T14:42:53.714010,(2(0)-1772394173:714010),GncDeployment.rateGroup1.RgMaxTime,268439552,3275 us
2026-03-01T14:42:53.714041,(2(0)-1772394173:714041),ComCcsds.comQueue.comQueueDepth,33554432,['0', '0']
2026-03-01T14:42:53.714043,(2(0)-1772394173:714043),ComCcsds.comQueue.buffQueueDepth,33554433,['0']
2026-03-01T14:42:54.714107,(2(0)-1772394174:714107),GncDeployment.systemResources.CPU_00,268509189,33.67 percent
2026-03-01T14:42:54.714162,(2(0)-1772394174:714162),GncDeployment.systemResources.CPU_01,268509190,31.00 percent
2026-03-01T14:42:54.714191,(2(0)-1772394174:714191),GncDeployment.systemResources.CPU_02,268509191,29.00 percent
2026-03-01T14:42:54.714220,(2(0)-1772394174:714220),GncDeployment.systemResources.CPU_03,268509192,22.00 percent
2026-03-01T14:42:54.714254,(2(0)-1772394174:714254),GncDeployment.systemResources.CPU_04,268509193,11.88 percent
2026-03-01T14:42:54.714286,(2(0)-1772394174:714286),GncDeployment.systemResources.CPU_05,268509194,3.96 percent
2026-03-01T14:42:54.714320,(2(0)-1772394174:714320),GncDeployment.systemResources.CPU_06,268509195,2.00 percent
2026-03-01T14:42:54.714349,(2(0)-1772394174:714349),GncDeployment.systemResources.CPU_07,268509196,1.00 percent
2026-03-01T14:42:54.714352,(2(0)-1772394174:714352),GncDeployment.systemResources.CPU,268509188,16.81 percent
2026-03-01T14:42:54.714380,(2(0)-1772394174:714380),GncDeployment.systemResources.MEMORY_TOTAL,268509184,4318352 KB
2026-03-01T14:42:54.714382,(2(0)-1772394174:714382),GncDeployment.systemResources.MEMORY_USED,268509185,4216448 KB
2026-03-01T14:42:54.714436,(2(0)-1772394174:714436),GncDeployment.systemResources.NON_VOLATILE_FREE,268509187,136000508 KB
2026-03-01T14:42:54.714439,(2(0)-1772394174:714439),GncDeployment.systemResources.NON_VOLATILE_TOTAL,268509186,239362496 KB
2026-03-01T14:42:54.714472,(2(0)-1772394174:714472),ComCcsds.comQueue.comQueueDepth,33554432,['0', '1']
2026-03-01T14:42:54.714478,(2(0)-1772394174:714478),ComCcsds.comQueue.buffQueueDepth,33554433,['0']
2026-03-01T14:42:55.718360,(2(0)-1772394175:718360),GncDeployment.systemResources.CPU_03,268509192,16.83 percent
2026-03-01T14:42:55.718377,(2(0)-1772394175:718377),GncDeployment.systemResources.CPU_04,268509193,14.00 percent
2026-03-01T14:42:55.718396,(2(0)-1772394175:718396),GncDeployment.systemResources.CPU_05,268509194,8.00 percent
2026-03-01T14:42:55.718417,(2(0)-1772394175:718417),GncDeployment.systemResources.CPU_06,268509195,4.00 percent
2026-03-01T14:42:55.718436,(2(0)-1772394175:718436),GncDeployment.systemResources.CPU_07,268509196,1.02 percent
2026-03-01T14:42:55.718440,(2(0)-1772394175:718440),GncDeployment.systemResources.CPU,268509188,14.28 percent
2026-03-01T14:42:55.718459,(2(0)-1772394175:718459),GncDeployment.systemResources.MEMORY_TOTAL,268509184,4312064 KB
2026-03-01T14:42:55.718461,(2(0)-1772394175:718461),GncDeployment.systemResources.MEMORY_USED,268509185,4223296 KB
2026-03-01T14:42:55.718511,(2(0)-1772394175:718511),GncDeployment.systemResources.NON_VOLATILE_FREE,268509187,136000496 KB
2026-03-01T14:42:55.718512,(2(0)-1772394175:718512),GncDeployment.systemResources.NON_VOLATILE_TOTAL,268509186,239362496 KB
2026-03-01T14:42:55.718531,(2(0)-1772394175:718531),ComCcsds.comQueue.comQueueDepth,33554432,['0', '1']
2026-03-01T14:42:55.718535,(2(0)-1772394175:718535),ComCcsds.comQueue.buffQueueDepth,33554433,['0']
2026-03-01T14:42:55.718291,(2(0)-1772394175:718291),GncDeployment.systemResources.CPU_00,268509189,26.73 percent
2026-03-01T14:42:55.718319,(2(0)-1772394175:718319),GncDeployment.systemResources.CPU_01,268509190,22.45 percent
2026-03-01T14:42:55.718339,(2(0)-1772394175:718339),GncDeployment.systemResources.CPU_02,268509191,21.21 percent
2026-03-01T14:42:56.722132,(2(0)-1772394176:722132),GncDeployment.systemResources.CPU_00,268509189,30.00 percent
2026-03-01T14:42:56.722166,(2(0)-1772394176:722166),GncDeployment.systemResources.CPU_01,268509190,26.73 percent
2026-03-01T14:42:56.722192,(2(0)-1772394176:722192),GncDeployment.systemResources.CPU_02,268509191,25.74 percent
2026-03-01T14:42:56.722217,(2(0)-1772394176:722217),GncDeployment.systemResources.CPU_03,268509192,17.17 percent
2026-03-01T14:42:56.722239,(2(0)-1772394176:722239),GncDeployment.systemResources.CPU_04,268509193,10.89 percent
2026-03-01T14:42:56.722265,(2(0)-1772394176:722265),GncDeployment.systemResources.CPU_05,268509194,4.00 percent
2026-03-01T14:42:56.722287,(2(0)-1772394176:722287),GncDeployment.systemResources.CPU_06,268509195,2.97 percent
2026-03-01T14:42:56.722308,(2(0)-1772394176:722308),GncDeployment.systemResources.CPU_07,268509196,1.96 percent
2026-03-01T14:42:56.722311,(2(0)-1772394176:722311),GncDeployment.systemResources.CPU,268509188,14.93 percent
2026-03-01T14:42:56.722327,(2(0)-1772394176:722327),GncDeployment.systemResources.MEMORY_TOTAL,268509184,4321600 KB
2026-03-01T14:42:56.722328,(2(0)-1772394176:722328),GncDeployment.systemResources.MEMORY_USED,268509185,4237552 KB
2026-03-01T14:42:56.722368,(2(0)-1772394176:722368),GncDeployment.systemResources.NON_VOLATILE_FREE,268509187,136000444 KB
2026-03-01T14:42:56.722370,(2(0)-1772394176:722370),GncDeployment.systemResources.NON_VOLATILE_TOTAL,268509186,239362496 KB
2026-03-01T14:42:56.722407,(2(0)-1772394176:722407),ComCcsds.comQueue.comQueueDepth,33554432,['0', '1']
2026-03-01T14:42:56.722411,(2(0)-1772394176:722411),ComCcsds.comQueue.buffQueueDepth,33554433,['0']
2026-03-01T14:42:57.727230,(2(0)-1772394177:727230),GncDeployment.systemResources.CPU_03,268509192,18.81 percent
2026-03-01T14:42:57.727251,(2(0)-1772394177:727251),GncDeployment.systemResources.CPU_04,268509193,10.00 percent
2026-03-01T14:42:57.727270,(2(0)-1772394177:727270),GncDeployment.systemResources.CPU_05,268509194,6.93 percent
2026-03-01T14:42:57.727287,(2(0)-1772394177:727287),GncDeployment.systemResources.CPU_06,268509195,4.95 percent
2026-03-01T14:42:57.727314,(2(0)-1772394177:727314),GncDeployment.systemResources.CPU_07,268509196,2.00 percent
2026-03-01T14:42:57.727318,(2(0)-1772394177:727318),GncDeployment.systemResources.CPU,268509188,15.57 percent
2026-03-01T14:42:57.727335,(2(0)-1772394177:727335),GncDeployment.systemResources.MEMORY_TOTAL,268509184,4357296 KB
2026-03-01T14:42:57.727336,(2(0)-1772394177:727336),GncDeployment.systemResources.MEMORY_USED,268509185,4272768 KB
2026-03-01T14:42:57.727372,(2(0)-1772394177:727372),GncDeployment.systemResources.NON_VOLATILE_FREE,268509187,136000520 KB
2026-03-01T14:42:57.727374,(2(0)-1772394177:727374),GncDeployment.systemResources.NON_VOLATILE_TOTAL,268509186,239362496 KB
2026-03-01T14:42:57.727391,(2(0)-1772394177:727391),ComCcsds.comQueue.comQueueDepth,33554432,['0', '1']
2026-03-01T14:42:57.727394,(2(0)-1772394177:727394),ComCcsds.comQueue.buffQueueDepth,33554433,['0']
2026-03-01T14:42:57.727156,(2(0)-1772394177:727156),GncDeployment.systemResources.CPU_00,268509189,28.57 percent
2026-03-01T14:42:57.727189,(2(0)-1772394177:727189),GncDeployment.systemResources.CPU_01,268509190,27.00 percent
2026-03-01T14:42:57.727211,(2(0)-1772394177:727211),GncDeployment.systemResources.CPU_02,268509191,26.26 percent
2026-03-01T14:42:58.731386,(2(0)-1772394178:731386),GncDeployment.systemResources.CPU_00,268509189,35.64 percent
2026-03-01T14:42:58.731425,(2(0)-1772394178:731425),GncDeployment.systemResources.CPU_01,268509190,31.31 percent
2026-03-01T14:42:58.731449,(2(0)-1772394178:731449),GncDeployment.systemResources.CPU_02,268509191,27.72 percent
2026-03-01T14:42:58.731476,(2(0)-1772394178:731476),GncDeployment.systemResources.CPU_03,268509192,23.00 percent
2026-03-01T14:42:58.731500,(2(0)-1772394178:731500),GncDeployment.systemResources.CPU_04,268509193,8.08 percent
2026-03-01T14:42:58.731534,(2(0)-1772394178:731534),GncDeployment.systemResources.CPU_05,268509194,5.05 percent
2026-03-01T14:42:58.731559,(2(0)-1772394178:731559),GncDeployment.systemResources.CPU_06,268509195,2.02 percent
2026-03-01T14:42:58.731580,(2(0)-1772394178:731580),GncDeployment.systemResources.CPU_07,268509196,1.98 percent
2026-03-01T14:42:58.731583,(2(0)-1772394178:731583),GncDeployment.systemResources.CPU,268509188,16.85 percent
2026-03-01T14:42:58.731605,(2(0)-1772394178:731605),GncDeployment.systemResources.MEMORY_TOTAL,268509184,4378992 KB
2026-03-01T14:42:58.731607,(2(0)-1772394178:731607),GncDeployment.systemResources.MEMORY_USED,268509185,4299856 KB
2026-03-01T14:42:58.731643,(2(0)-1772394178:731643),GncDeployment.systemResources.NON_VOLATILE_FREE,268509187,136000424 KB
2026-03-01T14:42:58.731645,(2(0)-1772394178:731645),GncDeployment.systemResources.NON_VOLATILE_TOTAL,268509186,239362496 KB
2026-03-01T14:42:58.731667,(2(0)-1772394178:731667),ComCcsds.comQueue.comQueueDepth,33554432,['0', '1']
2026-03-01T14:42:58.731671,(2(0)-1772394178:731671),ComCcsds.comQueue.buffQueueDepth,33554433,['0']
2026-03-01T14:42:59.733574,(2(0)-1772394179:733574),GncDeployment.systemResources.CPU_03,268509192,24.24 percent
2026-03-01T14:42:59.733603,(2(0)-1772394179:733603),GncDeployment.systemResources.CPU_04,268509193,10.00 percent
2026-03-01T14:42:59.733635,(2(0)-1772394179:733635),GncDeployment.systemResources.CPU_05,268509194,3.96 percent
2026-03-01T14:42:59.733669,(2(0)-1772394179:733669),GncDeployment.systemResources.CPU_06,268509195,3.00 percent
2026-03-01T14:42:59.733697,(2(0)-1772394179:733697),GncDeployment.systemResources.CPU_07,268509196,0.00 percent
2026-03-01T14:42:59.733700,(2(0)-1772394179:733700),GncDeployment.systemResources.CPU,268509188,17.06 percent
2026-03-01T14:42:59.733719,(2(0)-1772394179:733719),GncDeployment.systemResources.MEMORY_TOTAL,268509184,4371856 KB
2026-03-01T14:42:59.733721,(2(0)-1772394179:733721),GncDeployment.systemResources.MEMORY_USED,268509185,4283776 KB
2026-03-01T14:42:59.733760,(2(0)-1772394179:733760),GncDeployment.systemResources.NON_VOLATILE_FREE,268509187,136000376 KB
2026-03-01T14:42:59.733762,(2(0)-1772394179:733762),GncDeployment.systemResources.NON_VOLATILE_TOTAL,268509186,239362496 KB
2026-03-01T14:42:59.733791,(2(0)-1772394179:733791),ComCcsds.comQueue.comQueueDepth,33554432,['0', '1']
2026-03-01T14:42:59.733795,(2(0)-1772394179:733795),ComCcsds.comQueue.buffQueueDepth,33554433,['0']
2026-03-01T14:42:59.733465,(2(0)-1772394179:733465),GncDeployment.systemResources.CPU_00,268509189,34.00 percent
2026-03-01T14:42:59.733506,(2(0)-1772394179:733506),GncDeployment.systemResources.CPU_01,268509190,32.00 percent
2026-03-01T14:42:59.733541,(2(0)-1772394179:733541),GncDeployment.systemResources.CPU_02,268509191,29.29 percent
2026-03-01T14:43:00.736197,(2(0)-1772394180:736197),GncDeployment.systemResources.CPU_00,268509189,32.32 percent
2026-03-01T14:43:00.736232,(2(0)-1772394180:736232),GncDeployment.systemResources.CPU_01,268509190,33.66 percent
2026-03-01T14:43:00.736261,(2(0)-1772394180:736261),GncDeployment.systemResources.CPU_02,268509191,29.29 percent
2026-03-01T14:43:00.736288,(2(0)-1772394180:736288),GncDeployment.systemResources.CPU_03,268509192,21.00 percent
2026-03-01T14:43:00.736345,(2(0)-1772394180:736345),GncDeployment.systemResources.CPU_04,268509193,16.83 percent
2026-03-01T14:43:00.736378,(2(0)-1772394180:736378),GncDeployment.systemResources.CPU_05,268509194,10.10 percent
2026-03-01T14:43:00.736405,(2(0)-1772394180:736405),GncDeployment.systemResources.CPU_06,268509195,11.00 percent
2026-03-01T14:43:00.736435,(2(0)-1772394180:736435),GncDeployment.systemResources.CPU_07,268509196,8.91 percent
2026-03-01T14:43:00.736438,(2(0)-1772394180:736438),GncDeployment.systemResources.CPU,268509188,20.39 percent
2026-03-01T14:43:00.736458,(2(0)-1772394180:736458),GncDeployment.systemResources.MEMORY_TOTAL,268509184,4378352 KB
2026-03-01T14:43:00.736460,(2(0)-1772394180:736460),GncDeployment.systemResources.MEMORY_USED,268509185,4290320 KB
2026-03-01T14:43:00.736483,(2(0)-1772394180:736483),GncDeployment.systemResources.NON_VOLATILE_FREE,268509187,136000348 KB
2026-03-01T14:43:00.736485,(2(0)-1772394180:736485),GncDeployment.systemResources.NON_VOLATILE_TOTAL,268509186,239362496 KB
2026-03-01T14:43:00.736531,(2(0)-1772394180:736531),ComCcsds.comQueue.comQueueDepth,33554432,['0', '0']
2026-03-01T14:43:00.736534,(2(0)-1772394180:736534),ComCcsds.comQueue.buffQueueDepth,33554433,['0']
2026-03-01T14:43:01.737213,(2(0)-1772394181:737213),GncDeployment.systemResources.CPU_03,268509192,15.00 percent
2026-03-01T14:43:01.737243,(2(0)-1772394181:737243),GncDeployment.systemResources.CPU_04,268509193,18.00 percent
2026-03-01T14:43:01.737268,(2(0)-1772394181:737268),GncDeployment.systemResources.CPU_05,268509194,11.00 percent
2026-03-01T14:43:01.737295,(2(0)-1772394181:737295),GncDeployment.systemResources.CPU_06,268509195,4.95 percent
2026-03-01T14:43:01.737327,(2(0)-1772394181:737327),GncDeployment.systemResources.CPU_07,268509196,3.00 percent
2026-03-01T14:43:01.737330,(2(0)-1772394181:737330),GncDeployment.systemResources.CPU,268509188,14.53 percent
2026-03-01T14:43:01.737346,(2(0)-1772394181:737346),GncDeployment.systemResources.MEMORY_TOTAL,268509184,4381232 KB
2026-03-01T14:43:01.737348,(2(0)-1772394181:737348),GncDeployment.systemResources.MEMORY_USED,268509185,4283040 KB
2026-03-01T14:43:01.737373,(2(0)-1772394181:737373),GncDeployment.systemResources.NON_VOLATILE_FREE,268509187,136000348 KB
2026-03-01T14:43:01.737376,(2(0)-1772394181:737376),GncDeployment.systemResources.NON_VOLATILE_TOTAL,268509186,239362496 KB
2026-03-01T14:43:01.737408,(2(0)-1772394181:737408),ComCcsds.comQueue.comQueueDepth,33554432,['0', '1']
2026-03-01T14:43:01.737412,(2(0)-1772394181:737412),ComCcsds.comQueue.buffQueueDepth,33554433,['0']
2026-03-01T14:43:01.737065,(2(0)-1772394181:737065),GncDeployment.systemResources.CPU_00,268509189,24.24 percent
2026-03-01T14:43:01.737156,(2(0)-1772394181:737156),GncDeployment.systemResources.CPU_01,268509190,23.23 percent
2026-03-01T14:43:01.737186,(2(0)-1772394181:737186),GncDeployment.systemResources.CPU_02,268509191,16.83 percent
2026-03-01T14:43:02.740973,(2(0)-1772394182:740973),GncDeployment.systemResources.CPU_00,268509189,29.00 percent
2026-03-01T14:43:02.740998,(2(0)-1772394182:740998),GncDeployment.systemResources.CPU_01,268509190,29.00 percent
2026-03-01T14:43:02.741019,(2(0)-1772394182:741019),GncDeployment.systemResources.CPU_02,268509191,25.25 percent
2026-03-01T14:43:02.741040,(2(0)-1772394182:741040),GncDeployment.systemResources.CPU_03,268509192,21.00 percent
2026-03-01T14:43:02.741059,(2(0)-1772394182:741059),GncDeployment.systemResources.CPU_04,268509193,44.00 percent
2026-03-01T14:43:02.741077,(2(0)-1772394182:741077),GncDeployment.systemResources.CPU_05,268509194,29.00 percent
2026-03-01T14:43:02.741094,(2(0)-1772394182:741094),GncDeployment.systemResources.CPU_06,268509195,30.00 percent
2026-03-01T14:43:02.741112,(2(0)-1772394182:741112),GncDeployment.systemResources.CPU_07,268509196,19.00 percent
2026-03-01T14:43:02.741113,(2(0)-1772394182:741113),GncDeployment.systemResources.CPU,268509188,28.28 percent
2026-03-01T14:43:02.741124,(2(0)-1772394182:741124),GncDeployment.systemResources.MEMORY_TOTAL,268509184,4352016 KB
2026-03-01T14:43:02.741125,(2(0)-1772394182:741125),GncDeployment.systemResources.MEMORY_USED,268509185,4265952 KB
2026-03-01T14:43:02.741148,(2(0)-1772394182:741148),GncDeployment.systemResources.NON_VOLATILE_FREE,268509187,136000320 KB
2026-03-01T14:43:02.741150,(2(0)-1772394182:741150),GncDeployment.systemResources.NON_VOLATILE_TOTAL,268509186,239362496 KB
2026-03-01T14:43:02.741179,(2(0)-1772394182:741179),ComCcsds.comQueue.comQueueDepth,33554432,['0', '1']
2026-03-01T14:43:02.741182,(2(0)-1772394182:741182),ComCcsds.comQueue.buffQueueDepth,33554433,['0']
2026-03-01T14:43:03.741112,(2(0)-1772394183:741112),GncDeployment.systemResources.CPU_03,268509192,17.17 percent
2026-03-01T14:43:03.741138,(2(0)-1772394183:741138),GncDeployment.systemResources.CPU_04,268509193,17.00 percent
2026-03-01T14:43:03.741171,(2(0)-1772394183:741171),GncDeployment.systemResources.CPU_05,268509194,11.88 percent
2026-03-01T14:43:03.741198,(2(0)-1772394183:741198),GncDeployment.systemResources.CPU_06,268509195,7.00 percent
2026-03-01T14:43:03.741225,(2(0)-1772394183:741225),GncDeployment.systemResources.CPU_07,268509196,3.00 percent
2026-03-01T14:43:03.741228,(2(0)-1772394183:741228),GncDeployment.systemResources.CPU,268509188,14.94 percent
2026-03-01T14:43:03.741245,(2(0)-1772394183:741245),GncDeployment.systemResources.MEMORY_TOTAL,268509184,4361008 KB
2026-03-01T14:43:03.741248,(2(0)-1772394183:741248),GncDeployment.systemResources.MEMORY_USED,268509185,4262480 KB
2026-03-01T14:43:03.741268,(2(0)-1772394183:741268),GncDeployment.systemResources.NON_VOLATILE_FREE,268509187,136000320 KB
2026-03-01T14:43:03.741271,(2(0)-1772394183:741271),GncDeployment.systemResources.NON_VOLATILE_TOTAL,268509186,239362496 KB
2026-03-01T14:43:03.741298,(2(0)-1772394183:741298),ComCcsds.comQueue.comQueueDepth,33554432,['0', '1']
2026-03-01T14:43:03.741303,(2(0)-1772394183:741303),ComCcsds.comQueue.buffQueueDepth,33554433,['0']
2026-03-01T14:43:03.741025,(2(0)-1772394183:741025),GncDeployment.systemResources.CPU_00,268509189,26.26 percent
2026-03-01T14:43:03.741059,(2(0)-1772394183:741059),GncDeployment.systemResources.CPU_01,268509190,21.21 percent
2026-03-01T14:43:03.741086,(2(0)-1772394183:741086),GncDeployment.systemResources.CPU_02,268509191,16.00 percent
2026-03-01T14:43:04.742244,(2(0)-1772394184:742244),GncDeployment.systemResources.CPU_00,268509189,21.00 percent
2026-03-01T14:43:04.742281,(2(0)-1772394184:742281),GncDeployment.systemResources.CPU_01,268509190,20.00 percent
2026-03-01T14:43:04.742313,(2(0)-1772394184:742313),GncDeployment.systemResources.CPU_02,268509191,16.16 percent
2026-03-01T14:43:04.742345,(2(0)-1772394184:742345),GncDeployment.systemResources.CPU_03,268509192,15.00 percent
2026-03-01T14:43:04.742382,(2(0)-1772394184:742382),GncDeployment.systemResources.CPU_04,268509193,30.30 percent
2026-03-01T14:43:04.742411,(2(0)-1772394184:742411),GncDeployment.systemResources.CPU_05,268509194,19.19 percent
2026-03-01T14:43:04.742439,(2(0)-1772394184:742439),GncDeployment.systemResources.CPU_06,268509195,10.00 percent
2026-03-01T14:43:04.742465,(2(0)-1772394184:742465),GncDeployment.systemResources.CPU_07,268509196,6.00 percent
2026-03-01T14:43:04.742469,(2(0)-1772394184:742469),GncDeployment.systemResources.CPU,268509188,17.21 percent
2026-03-01T14:43:04.742485,(2(0)-1772394184:742485),GncDeployment.systemResources.MEMORY_TOTAL,268509184,4386912 KB
2026-03-01T14:43:04.742488,(2(0)-1772394184:742488),GncDeployment.systemResources.MEMORY_USED,268509185,4323120 KB
2026-03-01T14:43:04.742550,(2(0)-1772394184:742550),GncDeployment.systemResources.NON_VOLATILE_FREE,268509187,136000312 KB
2026-03-01T14:43:04.742554,(2(0)-1772394184:742554),GncDeployment.systemResources.NON_VOLATILE_TOTAL,268509186,239362496 KB
2026-03-01T14:43:04.742674,(2(0)-1772394184:742674),ComCcsds.comQueue.comQueueDepth,33554432,['0', '1']
2026-03-01T14:43:04.742677,(2(0)-1772394184:742677),ComCcsds.comQueue.buffQueueDepth,33554433,['0']
2026-03-01T14:43:05.742470,(2(0)-1772394185:742470),GncDeployment.systemResources.CPU_03,268509192,37.00 percent
2026-03-01T14:43:05.742480,(2(0)-1772394185:742480),GncDeployment.systemResources.CPU_04,268509193,53.54 percent
2026-03-01T14:43:05.742488,(2(0)-1772394185:742488),GncDeployment.systemResources.CPU_05,268509194,53.00 percent
2026-03-01T14:43:05.742502,(2(0)-1772394185:742502),GncDeployment.systemResources.CPU_06,268509195,48.00 percent
2026-03-01T14:43:05.742508,(2(0)-1772394185:742508),GncDeployment.systemResources.CPU_07,268509196,36.00 percent
2026-03-01T14:43:05.742509,(2(0)-1772394185:742509),GncDeployment.systemResources.CPU,268509188,43.97 percent
2026-03-01T14:43:05.742513,(2(0)-1772394185:742513),GncDeployment.systemResources.MEMORY_TOTAL,268509184,4298912 KB
2026-03-01T14:43:05.742514,(2(0)-1772394185:742514),GncDeployment.systemResources.MEMORY_USED,268509185,4229376 KB
2026-03-01T14:43:05.742525,(2(0)-1772394185:742525),GncDeployment.systemResources.NON_VOLATILE_FREE,268509187,136000412 KB
2026-03-01T14:43:05.742526,(2(0)-1772394185:742526),GncDeployment.systemResources.NON_VOLATILE_TOTAL,268509186,239362496 KB
2026-03-01T14:43:05.742536,(2(0)-1772394185:742536),ComCcsds.comQueue.comQueueDepth,33554432,['0', '1']
2026-03-01T14:43:05.742537,(2(0)-1772394185:742537),ComCcsds.comQueue.buffQueueDepth,33554433,['0']
2026-03-01T14:43:05.742383,(2(0)-1772394185:742383),GncDeployment.systemResources.CPU_00,268509189,43.43 percent
2026-03-01T14:43:05.742450,(2(0)-1772394185:742450),GncDeployment.systemResources.CPU_01,268509190,40.82 percent
2026-03-01T14:43:05.742460,(2(0)-1772394185:742460),GncDeployment.systemResources.CPU_02,268509191,40.00 percent
